
> fixer-admin@0.1.0 build
> TSC_COMPILE_ON_ERROR=true DISABLE_ESLINT_PLUGIN=true NODE_OPTIONS=--max-old-space-size=8192 GENERATE_SOURCEMAP=false react-scripts build

(node:80384) [DEP0176] DeprecationWarning: fs.F_OK is deprecated, use fs.constants.F_OK instead
(Use `node --trace-deprecation ...` to show where the warning was created)
Creating an optimized production build...
Compiled with warnings.

TS2769: No overload matches this call.
  Overload 1 of 2, '(props: { component: ElementType<any, keyof IntrinsicElements>; } & GridBaseProps & { sx?: SxProps<Theme> | undefined; } & SystemProps<...> & Omit<...>): Element | null', gave the following error.
    Property 'component' is missing in type '{ children: Element; item: true; xs: number; md: number; }' but required in type '{ component: ElementType<any, keyof IntrinsicElements>; }'.
  Overload 2 of 2, '(props: DefaultComponentProps<GridTypeMap<{}, "div">>): Element | null', gave the following error.
    Type '{ children: Element; item: true; xs: number; md: number; }' is not assignable to type 'IntrinsicAttributes & GridBaseProps & { sx?: SxProps<Theme> | undefined; } & SystemProps<Theme> & Omit<...>'.
      Property 'item' does not exist on type 'IntrinsicAttributes & GridBaseProps & { sx?: SxProps<Theme> | undefined; } & SystemProps<Theme> & Omit<...>'.
    226 |         <Box mb={3}>
    227 |           <Grid container spacing={2}>
  > 228 |             <Grid item xs={12} md={6}>
        |             ^^^^^^^^^^^^^^^^^^^^^^^^^^
    229 |               <TextField
    230 |                 fullWidth
    231 |                 placeholder="Search by name or email..."

TS2769: No overload matches this call.
  Overload 1 of 2, '(props: { component: ElementType<any, keyof IntrinsicElements>; } & GridBaseProps & { sx?: SxProps<Theme> | undefined; } & SystemProps<...> & Omit<...>): Element | null', gave the following error.
    Property 'component' is missing in type '{ children: Element; item: true; xs: number; md: number; }' but required in type '{ component: ElementType<any, keyof IntrinsicElements>; }'.
  Overload 2 of 2, '(props: DefaultComponentProps<GridTypeMap<{}, "div">>): Element | null', gave the following error.
    Type '{ children: Element; item: true; xs: number; md: number; }' is not assignable to type 'IntrinsicAttributes & GridBaseProps & { sx?: SxProps<Theme> | undefined; } & SystemProps<Theme> & Omit<...>'.
      Property 'item' does not exist on type 'IntrinsicAttributes & GridBaseProps & { sx?: SxProps<Theme> | undefined; } & SystemProps<Theme> & Omit<...>'.
    241 |               />
    242 |             </Grid>
  > 243 |             <Grid item xs={12} md={2}>
        |             ^^^^^^^^^^^^^^^^^^^^^^^^^^
    244 |               <FormControl fullWidth>
    245 |                 <InputLabel>Category</InputLabel>
    246 |                 <Select

TS2769: No overload matches this call.
  Overload 1 of 2, '(props: { component: ElementType<any, keyof IntrinsicElements>; } & GridBaseProps & { sx?: SxProps<Theme> | undefined; } & SystemProps<...> & Omit<...>): Element | null', gave the following error.
    Property 'component' is missing in type '{ children: Element; item: true; xs: number; md: number; }' but required in type '{ component: ElementType<any, keyof IntrinsicElements>; }'.
  Overload 2 of 2, '(props: DefaultComponentProps<GridTypeMap<{}, "div">>): Element | null', gave the following error.
    Type '{ children: Element; item: true; xs: number; md: number; }' is not assignable to type 'IntrinsicAttributes & GridBaseProps & { sx?: SxProps<Theme> | undefined; } & SystemProps<Theme> & Omit<...>'.
      Property 'item' does not exist on type 'IntrinsicAttributes & GridBaseProps & { sx?: SxProps<Theme> | undefined; } & SystemProps<Theme> & Omit<...>'.
    259 |               </FormControl>
    260 |             </Grid>
  > 261 |             <Grid item xs={12} md={2}>
        |             ^^^^^^^^^^^^^^^^^^^^^^^^^^
    262 |               <FormControl fullWidth>
    263 |                 <InputLabel>Availability</InputLabel>
    264 |                 <Select

TS2769: No overload matches this call.
  Overload 1 of 2, '(props: { component: ElementType<any, keyof IntrinsicElements>; } & GridBaseProps & { sx?: SxProps<Theme> | undefined; } & SystemProps<...> & Omit<...>): Element | null', gave the following error.
    Property 'component' is missing in type '{ children: Element; item: true; xs: number; md: number; }' but required in type '{ component: ElementType<any, keyof IntrinsicElements>; }'.
  Overload 2 of 2, '(props: DefaultComponentProps<GridTypeMap<{}, "div">>): Element | null', gave the following error.
    Type '{ children: Element; item: true; xs: number; md: number; }' is not assignable to type 'IntrinsicAttributes & GridBaseProps & { sx?: SxProps<Theme> | undefined; } & SystemProps<Theme> & Omit<...>'.
      Property 'item' does not exist on type 'IntrinsicAttributes & GridBaseProps & { sx?: SxProps<Theme> | undefined; } & SystemProps<Theme> & Omit<...>'.
    274 |               </FormControl>
    275 |             </Grid>
  > 276 |             <Grid item xs={12} md={2}>
        |             ^^^^^^^^^^^^^^^^^^^^^^^^^^
    277 |               <FormControl fullWidth>
    278 |                 <InputLabel>Expertise</InputLabel>
    279 |                 <Select

TS2769: No overload matches this call.
  Overload 1 of 2, '(props: { component: ElementType<any, keyof IntrinsicElements>; } & GridBaseProps & { sx?: SxProps<Theme> | undefined; } & SystemProps<...> & Omit<...>): Element | null', gave the following error.
    Property 'component' is missing in type '{ children: Element; item: true; xs: number; sm: number; md: number; key: string; }' but required in type '{ component: ElementType<any, keyof IntrinsicElements>; }'.
  Overload 2 of 2, '(props: DefaultComponentProps<GridTypeMap<{}, "div">>): Element | null', gave the following error.
    Type '{ children: Element; item: true; xs: number; sm: number; md: number; key: string; }' is not assignable to type 'IntrinsicAttributes & GridBaseProps & { sx?: SxProps<Theme> | undefined; } & SystemProps<Theme> & Omit<...>'.
      Property 'item' does not exist on type 'IntrinsicAttributes & GridBaseProps & { sx?: SxProps<Theme> | undefined; } & SystemProps<Theme> & Omit<...>'.
    309 |           <Grid container spacing={2}>
    310 |             {filteredProfessionals.map((professional) => (
  > 311 |               <Grid item xs={12} sm={6} md={4} key={professional._id}>
        |               ^^^^^^^^^^^^^^^^^^^^^^^^^^^^^^^^^^^^^^^^^^^^^^^^^^^^^^^^
    312 |                 <Card variant="outlined">
    313 |                   <CardContent>
    314 |                     {/* Avatar & Name */}

TS2769: No overload matches this call.
  Overload 1 of 2, '(props: { component: "button"; } & ListItemOwnProps & CommonProps & Omit<DetailedHTMLProps<ButtonHTMLAttributes<HTMLButtonElement>, HTMLButtonElement>, "children" | ... 15 more ... | "secondaryAction">): Element | null', gave the following error.
    Type '{ children: Element[]; key: string; component: "button"; selected: boolean; onClick: () => void; sx: { borderRadius: number; mb: number; border: "1px solid"; borderColor: "divider" | "primary.main"; bgcolor: "transparent" | "primary.50"; '&:hover': { ...; }; }; }' is not assignable to type 'IntrinsicAttributes & { component: "button"; } & ListItemOwnProps & CommonProps & Omit<DetailedHTMLProps<ButtonHTMLAttributes<HTMLButtonElement>, HTMLButtonElement>, "children" | ... 15 more ... | "secondaryAction">'.
      Property 'selected' does not exist on type 'IntrinsicAttributes & { component: "button"; } & ListItemOwnProps & CommonProps & Omit<DetailedHTMLProps<ButtonHTMLAttributes<HTMLButtonElement>, HTMLButtonElement>, "children" | ... 15 more ... | "secondaryAction">'.
  Overload 2 of 2, '(props: DefaultComponentProps<ListItemTypeMap<{}, "li">>): Element | null', gave the following error.
    Type '{ children: Element[]; key: string; component: string; selected: boolean; onClick: () => void; sx: { borderRadius: number; mb: number; border: "1px solid"; borderColor: "divider" | "primary.main"; bgcolor: "transparent" | "primary.50"; '&:hover': { ...; }; }; }' is not assignable to type 'IntrinsicAttributes & ListItemOwnProps & CommonProps & Omit<DetailedHTMLProps<LiHTMLAttributes<HTMLLIElement>, HTMLLIElement>, "children" | ... 15 more ... | "secondaryAction">'.
      Property 'component' does not exist on type 'IntrinsicAttributes & ListItemOwnProps & CommonProps & Omit<DetailedHTMLProps<LiHTMLAttributes<HTMLLIElement>, HTMLLIElement>, "children" | ... 15 more ... | "secondaryAction">'. Did you mean 'components'?
    237 |           <List sx={{ maxHeight: 300, overflow: 'auto' }}>
    238 |             {filteredProviders.map((provider) => (
  > 239 |               <ListItem
        |               ^^^^^^^^^
  > 240 |                 key={provider.id}
        | ^^^^^^^^^^^^^^^^^^^^^^^^^^^^^^^^^
  > 241 |                 component="button"
        | ^^^^^^^^^^^^^^^^^^^^^^^^^^^^^^^^^
  > 242 |                 selected={selectedProvider === provider.id}
        | ^^^^^^^^^^^^^^^^^^^^^^^^^^^^^^^^^
  > 243 |                 onClick={() => setSelectedProvider(provider.id)}
        | ^^^^^^^^^^^^^^^^^^^^^^^^^^^^^^^^^
  > 244 |                 sx={{
        | ^^^^^^^^^^^^^^^^^^^^^^^^^^^^^^^^^
  > 245 |                   borderRadius: 1,
        | ^^^^^^^^^^^^^^^^^^^^^^^^^^^^^^^^^
  > 246 |                   mb: 1,
        | ^^^^^^^^^^^^^^^^^^^^^^^^^^^^^^^^^
  > 247 |                   border: '1px solid',
        | ^^^^^^^^^^^^^^^^^^^^^^^^^^^^^^^^^
  > 248 |                   borderColor:
        | ^^^^^^^^^^^^^^^^^^^^^^^^^^^^^^^^^
  > 249 |                     selectedProvider === provider.id
        | ^^^^^^^^^^^^^^^^^^^^^^^^^^^^^^^^^
  > 250 |                       ? 'primary.main'
        | ^^^^^^^^^^^^^^^^^^^^^^^^^^^^^^^^^
  > 251 |                       : 'divider',
        | ^^^^^^^^^^^^^^^^^^^^^^^^^^^^^^^^^
  > 252 |                   bgcolor:
        | ^^^^^^^^^^^^^^^^^^^^^^^^^^^^^^^^^
  > 253 |                     selectedProvider === provider.id
        | ^^^^^^^^^^^^^^^^^^^^^^^^^^^^^^^^^
  > 254 |                       ? 'primary.50'
        | ^^^^^^^^^^^^^^^^^^^^^^^^^^^^^^^^^
  > 255 |                       : 'transparent',
        | ^^^^^^^^^^^^^^^^^^^^^^^^^^^^^^^^^
  > 256 |                   '&:hover': {
        | ^^^^^^^^^^^^^^^^^^^^^^^^^^^^^^^^^
  > 257 |                     bgcolor:
        | ^^^^^^^^^^^^^^^^^^^^^^^^^^^^^^^^^
  > 258 |                       selectedProvider === provider.id
        | ^^^^^^^^^^^^^^^^^^^^^^^^^^^^^^^^^
  > 259 |                         ? 'primary.100'
        | ^^^^^^^^^^^^^^^^^^^^^^^^^^^^^^^^^
  > 260 |                         : 'action.hover',
        | ^^^^^^^^^^^^^^^^^^^^^^^^^^^^^^^^^
  > 261 |                   },
        | ^^^^^^^^^^^^^^^^^^^^^^^^^^^^^^^^^
  > 262 |                 }}
        | ^^^^^^^^^^^^^^^^^^^^^^^^^^^^^^^^^
  > 263 |               >
        | ^^^^^^^^^^^^^^^^
    264 |                 <ListItemAvatar>
    265 |                   <Avatar src={provider.avatar} sx={{ bgcolor: 'primary.main' }}>
    266 |                     {provider.businessName.charAt(0)}

TS2769: No overload matches this call.
  Overload 1 of 3, '(props: { href: string; } & ButtonOwnProps & Omit<ButtonBaseOwnProps, "classes"> & CommonProps & Omit<DetailedHTMLProps<AnchorHTMLAttributes<HTMLAnchorElement>, HTMLAnchorElement>, "children" | ... 27 more ... | "startIcon">): Element', gave the following error.
    Type '"success" | "error" | "warning" | "primary" | "secondary" | "default"' is not assignable to type '"success" | "error" | "warning" | "info" | "primary" | "secondary" | "inherit" | undefined'.
      Type '"default"' is not assignable to type '"success" | "error" | "warning" | "info" | "primary" | "secondary" | "inherit" | undefined'.
  Overload 2 of 3, '(props: { component: ElementType<any, keyof IntrinsicElements>; } & ButtonOwnProps & Omit<ButtonBaseOwnProps, "classes"> & CommonProps & Omit<...>): Element | null', gave the following error.
    Type '"success" | "error" | "warning" | "primary" | "secondary" | "default"' is not assignable to type '"success" | "error" | "warning" | "info" | "primary" | "secondary" | "inherit" | undefined'.
  Overload 3 of 3, '(props: DefaultComponentProps<ExtendButtonBaseTypeMap<ButtonTypeMap<{}, "button">>>): Element | null', gave the following error.
    Type '"success" | "error" | "warning" | "primary" | "secondary" | "default"' is not assignable to type '"success" | "error" | "warning" | "info" | "primary" | "secondary" | "inherit" | undefined'.
    279 |           disabled={selectedStatus === currentStatus || loading}
    280 |           variant="contained"
  > 281 |           color={statusConfig[selectedStatus]?.color === 'default' ? 'primary' : (statusConfig[selectedStatus]?.color || 'primary')}
        |           ^^^^^
    282 |           startIcon={loading ? <CircularProgress size={20} /> : null}
    283 |         >
    284 |           {loading ? 'Updating...' : 'Update Status'}

TS2769: No overload matches this call.
  Overload 1 of 2, '(props: { component: ElementType<any, keyof IntrinsicElements>; } & GridBaseProps & { sx?: SxProps<Theme> | undefined; } & SystemProps<...> & Omit<...>): Element | null', gave the following error.
    Property 'component' is missing in type '{ children: Element; item: true; xs: number; md: number; key: string; }' but required in type '{ component: ElementType<any, keyof IntrinsicElements>; }'.
  Overload 2 of 2, '(props: DefaultComponentProps<GridTypeMap<{}, "div">>): Element | null', gave the following error.
    Type '{ children: Element; item: true; xs: number; md: number; key: string; }' is not assignable to type 'IntrinsicAttributes & GridBaseProps & { sx?: SxProps<Theme> | undefined; } & SystemProps<Theme> & Omit<...>'.
      Property 'item' does not exist on type 'IntrinsicAttributes & GridBaseProps & { sx?: SxProps<Theme> | undefined; } & SystemProps<Theme> & Omit<...>'.
    75 |       <Grid container spacing={2}>
    76 |         {offers.map((offer) => (
  > 77 |           <Grid item xs={12} md={6} key={offer.id}>
       |           ^^^^^^^^^^^^^^^^^^^^^^^^^^^^^^^^^^^^^^^^^
    78 |             <Card 
    79 |               sx={{ 
    80 |                 height: '100%',

TS2769: No overload matches this call.
  Overload 1 of 2, '(props: { component: ElementType<any, keyof IntrinsicElements>; } & GridBaseProps & { sx?: SxProps<Theme> | undefined; } & SystemProps<...> & Omit<...>): Element | null', gave the following error.
    Property 'component' is missing in type '{ children: Element[]; item: true; xs: number; lg: number; }' but required in type '{ component: ElementType<any, keyof IntrinsicElements>; }'.
  Overload 2 of 2, '(props: DefaultComponentProps<GridTypeMap<{}, "div">>): Element | null', gave the following error.
    Type '{ children: Element[]; item: true; xs: number; lg: number; }' is not assignable to type 'IntrinsicAttributes & GridBaseProps & { sx?: SxProps<Theme> | undefined; } & SystemProps<Theme> & Omit<...>'.
      Property 'item' does not exist on type 'IntrinsicAttributes & GridBaseProps & { sx?: SxProps<Theme> | undefined; } & SystemProps<Theme> & Omit<...>'.
    170 |       <Grid container spacing={3}>
    171 |         {/* Order Items */}
  > 172 |         <Grid item xs={12} lg={8}>
        |         ^^^^^^^^^^^^^^^^^^^^^^^^^^
    173 |           <Card>
    174 |             <CardContent>
    175 |               <Typography variant="h6" sx={{ mb: 2, fontWeight: 600 }}>

TS2769: No overload matches this call.
  Overload 1 of 2, '(props: { component: ElementType<any, keyof IntrinsicElements>; } & GridBaseProps & { sx?: SxProps<Theme> | undefined; } & SystemProps<...> & Omit<...>): Element | null', gave the following error.
    Property 'component' is missing in type '{ children: Element[]; item: true; xs: number; lg: number; }' but required in type '{ component: ElementType<any, keyof IntrinsicElements>; }'.
  Overload 2 of 2, '(props: DefaultComponentProps<GridTypeMap<{}, "div">>): Element | null', gave the following error.
    Type '{ children: Element[]; item: true; xs: number; lg: number; }' is not assignable to type 'IntrinsicAttributes & GridBaseProps & { sx?: SxProps<Theme> | undefined; } & SystemProps<Theme> & Omit<...>'.
      Property 'item' does not exist on type 'IntrinsicAttributes & GridBaseProps & { sx?: SxProps<Theme> | undefined; } & SystemProps<Theme> & Omit<...>'.
    252 |
    253 |         {/* Order Details Sidebar */}
  > 254 |         <Grid item xs={12} lg={4}>
        |         ^^^^^^^^^^^^^^^^^^^^^^^^^^
    255 |           {/* Customer Information */}
    256 |           <Card>
    257 |             <CardContent>

TS2769: No overload matches this call.
  Overload 1 of 2, '(props: { component: ElementType<any, keyof IntrinsicElements>; } & GridBaseProps & { sx?: SxProps<Theme> | undefined; } & SystemProps<...> & Omit<...>): Element | null', gave the following error.
    Property 'component' is missing in type '{ children: Element; item: true; xs: number; md: number; }' but required in type '{ component: ElementType<any, keyof IntrinsicElements>; }'.
  Overload 2 of 2, '(props: DefaultComponentProps<GridTypeMap<{}, "div">>): Element | null', gave the following error.
    Type '{ children: Element; item: true; xs: number; md: number; }' is not assignable to type 'IntrinsicAttributes & GridBaseProps & { sx?: SxProps<Theme> | undefined; } & SystemProps<Theme> & Omit<...>'.
      Property 'item' does not exist on type 'IntrinsicAttributes & GridBaseProps & { sx?: SxProps<Theme> | undefined; } & SystemProps<Theme> & Omit<...>'.
    147 |       <Grid container spacing={3}>
    148 |         {/* Product Images */}
  > 149 |         <Grid item xs={12} md={6}>
        |         ^^^^^^^^^^^^^^^^^^^^^^^^^^
    150 |           <Card>
    151 |             <CardContent>
    152 |               <Typography variant="h6" sx={{ mb: 2, fontWeight: 600 }}>

TS2769: No overload matches this call.
  Overload 1 of 2, '(props: { component: ElementType<any, keyof IntrinsicElements>; } & GridBaseProps & { sx?: SxProps<Theme> | undefined; } & SystemProps<...> & Omit<...>): Element | null', gave the following error.
    Property 'component' is missing in type '{ children: Element; item: true; xs: number; sm: number; key: number; }' but required in type '{ component: ElementType<any, keyof IntrinsicElements>; }'.
  Overload 2 of 2, '(props: DefaultComponentProps<GridTypeMap<{}, "div">>): Element | null', gave the following error.
    Type '{ children: Element; item: true; xs: number; sm: number; key: number; }' is not assignable to type 'IntrinsicAttributes & GridBaseProps & { sx?: SxProps<Theme> | undefined; } & SystemProps<Theme> & Omit<...>'.
      Property 'item' does not exist on type 'IntrinsicAttributes & GridBaseProps & { sx?: SxProps<Theme> | undefined; } & SystemProps<Theme> & Omit<...>'.
    155 |               <Grid container spacing={2}>
    156 |                 {product.images.map((image, index) => (
  > 157 |                   <Grid item xs={6} sm={4} key={index}>
        |                   ^^^^^^^^^^^^^^^^^^^^^^^^^^^^^^^^^^^^^
    158 |                     <Avatar
    159 |                       src={image}
    160 |                       alt={`${product.name} ${index + 1}`}

TS2769: No overload matches this call.
  Overload 1 of 2, '(props: { component: ElementType<any, keyof IntrinsicElements>; } & GridBaseProps & { sx?: SxProps<Theme> | undefined; } & SystemProps<...> & Omit<...>): Element | null', gave the following error.
    Property 'component' is missing in type '{ children: Element; item: true; xs: number; md: number; }' but required in type '{ component: ElementType<any, keyof IntrinsicElements>; }'.
  Overload 2 of 2, '(props: DefaultComponentProps<GridTypeMap<{}, "div">>): Element | null', gave the following error.
    Type '{ children: Element; item: true; xs: number; md: number; }' is not assignable to type 'IntrinsicAttributes & GridBaseProps & { sx?: SxProps<Theme> | undefined; } & SystemProps<Theme> & Omit<...>'.
      Property 'item' does not exist on type 'IntrinsicAttributes & GridBaseProps & { sx?: SxProps<Theme> | undefined; } & SystemProps<Theme> & Omit<...>'.
    178 |
    179 |         {/* Product Details */}
  > 180 |         <Grid item xs={12} md={6}>
        |         ^^^^^^^^^^^^^^^^^^^^^^^^^^
    181 |           <Card>
    182 |             <CardContent>
    183 |               <Typography variant="h6" sx={{ mb: 2, fontWeight: 600 }}>

TS2769: No overload matches this call.
  Overload 1 of 2, '(props: { component: ElementType<any, keyof IntrinsicElements>; } & GridBaseProps & { sx?: SxProps<Theme> | undefined; } & SystemProps<...> & Omit<...>): Element | null', gave the following error.
    Property 'component' is missing in type '{ children: Element; item: true; xs: number; }' but required in type '{ component: ElementType<any, keyof IntrinsicElements>; }'.
  Overload 2 of 2, '(props: DefaultComponentProps<GridTypeMap<{}, "div">>): Element | null', gave the following error.
    Type '{ children: Element; item: true; xs: number; }' is not assignable to type 'IntrinsicAttributes & GridBaseProps & { sx?: SxProps<Theme> | undefined; } & SystemProps<Theme> & Omit<...>'.
      Property 'item' does not exist on type 'IntrinsicAttributes & GridBaseProps & { sx?: SxProps<Theme> | undefined; } & SystemProps<Theme> & Omit<...>'.
    293 |
    294 |         {/* Description */}
  > 295 |         <Grid item xs={12}>
        |         ^^^^^^^^^^^^^^^^^^^
    296 |           <Card>
    297 |             <CardContent>
    298 |               <Typography variant="h6" sx={{ mb: 2, fontWeight: 600 }}>

TS2769: No overload matches this call.
  Overload 1 of 2, '(props: { component: ElementType<any, keyof IntrinsicElements>; } & GridBaseProps & { sx?: SxProps<Theme> | undefined; } & SystemProps<...> & Omit<...>): Element | null', gave the following error.
    Property 'component' is missing in type '{ children: Element; item: true; xs: number; md: number; }' but required in type '{ component: ElementType<any, keyof IntrinsicElements>; }'.
  Overload 2 of 2, '(props: DefaultComponentProps<GridTypeMap<{}, "div">>): Element | null', gave the following error.
    Type '{ children: Element; item: true; xs: number; md: number; }' is not assignable to type 'IntrinsicAttributes & GridBaseProps & { sx?: SxProps<Theme> | undefined; } & SystemProps<Theme> & Omit<...>'.
      Property 'item' does not exist on type 'IntrinsicAttributes & GridBaseProps & { sx?: SxProps<Theme> | undefined; } & SystemProps<Theme> & Omit<...>'.
    308 |         {/* Specifications */}
    309 |         {product.specifications && Object.keys(product.specifications).length > 0 && (
  > 310 |           <Grid item xs={12} md={6}>
        |           ^^^^^^^^^^^^^^^^^^^^^^^^^^
    311 |             <Card>
    312 |               <CardContent>
    313 |                 <Typography variant="h6" sx={{ mb: 2, fontWeight: 600 }}>

TS2769: No overload matches this call.
  Overload 1 of 2, '(props: { component: ElementType<any, keyof IntrinsicElements>; } & GridBaseProps & { sx?: SxProps<Theme> | undefined; } & SystemProps<...> & Omit<...>): Element | null', gave the following error.
    Property 'component' is missing in type '{ children: Element; item: true; xs: number; md: number; }' but required in type '{ component: ElementType<any, keyof IntrinsicElements>; }'.
  Overload 2 of 2, '(props: DefaultComponentProps<GridTypeMap<{}, "div">>): Element | null', gave the following error.
    Type '{ children: Element; item: true; xs: number; md: number; }' is not assignable to type 'IntrinsicAttributes & GridBaseProps & { sx?: SxProps<Theme> | undefined; } & SystemProps<Theme> & Omit<...>'.
      Property 'item' does not exist on type 'IntrinsicAttributes & GridBaseProps & { sx?: SxProps<Theme> | undefined; } & SystemProps<Theme> & Omit<...>'.
    332 |
    333 |         {/* Product Dates */}
  > 334 |         <Grid item xs={12} md={6}>
        |         ^^^^^^^^^^^^^^^^^^^^^^^^^^
    335 |           <Card>
    336 |             <CardContent>
    337 |               <Typography variant="h6" sx={{ mb: 2, fontWeight: 600 }}>

TS2322: Type '"percentage" | "free_shipping" | "fixed_amount" | "bogo" | "first_order"' is not assignable to type '"percentage"'.
  Type '"free_shipping"' is not assignable to type '"percentage"'.
    152 |         name: coupon.name,
    153 |         description: coupon.description || '',
  > 154 |         type: coupon.type,
        |         ^^^^
    155 |         value: coupon.value,
    156 |         minimum_amount: coupon.minimum_amount,
    157 |         maximum_discount: coupon.maximum_discount || 0,

TS2322: Type '"all" | "services" | "products" | "bookings"' is not assignable to type '"all"'.
  Type '"services"' is not assignable to type '"all"'.
    161 |         starts_at: coupon.starts_at,
    162 |         expires_at: coupon.expires_at || '',
  > 163 |         applicable_to: coupon.applicable_to,
        |         ^^^^^^^^^^^^^
    164 |       });
    165 |     } else {
    166 |       setEditingCoupon(null);

TS2769: No overload matches this call.
  Overload 1 of 2, '(props: { component: ElementType<any, keyof IntrinsicElements>; } & GridBaseProps & { sx?: SxProps<Theme> | undefined; } & SystemProps<...> & Omit<...>): Element | null', gave the following error.
    Property 'component' is missing in type '{ children: Element; item: true; xs: number; sm: number; md: number; }' but required in type '{ component: ElementType<any, keyof IntrinsicElements>; }'.
  Overload 2 of 2, '(props: DefaultComponentProps<GridTypeMap<{}, "div">>): Element | null', gave the following error.
    Type '{ children: Element; item: true; xs: number; sm: number; md: number; }' is not assignable to type 'IntrinsicAttributes & GridBaseProps & { sx?: SxProps<Theme> | undefined; } & SystemProps<Theme> & Omit<...>'.
      Property 'item' does not exist on type 'IntrinsicAttributes & GridBaseProps & { sx?: SxProps<Theme> | undefined; } & SystemProps<Theme> & Omit<...>'.
    240 |         <CardContent>
    241 |           <Grid container spacing={3}>
  > 242 |             <Grid item xs={12} sm={6} md={3}>
        |             ^^^^^^^^^^^^^^^^^^^^^^^^^^^^^^^^^
    243 |               <Box sx={{ textAlign: 'center' }}>
    244 |                 <Typography variant="h4" color="primary">
    245 |                   {coupons.length}

TS2769: No overload matches this call.
  Overload 1 of 2, '(props: { component: ElementType<any, keyof IntrinsicElements>; } & GridBaseProps & { sx?: SxProps<Theme> | undefined; } & SystemProps<...> & Omit<...>): Element | null', gave the following error.
    Property 'component' is missing in type '{ children: Element; item: true; xs: number; sm: number; md: number; }' but required in type '{ component: ElementType<any, keyof IntrinsicElements>; }'.
  Overload 2 of 2, '(props: DefaultComponentProps<GridTypeMap<{}, "div">>): Element | null', gave the following error.
    Type '{ children: Element; item: true; xs: number; sm: number; md: number; }' is not assignable to type 'IntrinsicAttributes & GridBaseProps & { sx?: SxProps<Theme> | undefined; } & SystemProps<Theme> & Omit<...>'.
      Property 'item' does not exist on type 'IntrinsicAttributes & GridBaseProps & { sx?: SxProps<Theme> | undefined; } & SystemProps<Theme> & Omit<...>'.
    250 |               </Box>
    251 |             </Grid>
  > 252 |             <Grid item xs={12} sm={6} md={3}>
        |             ^^^^^^^^^^^^^^^^^^^^^^^^^^^^^^^^^
    253 |               <Box sx={{ textAlign: 'center' }}>
    254 |                 <Typography variant="h4" color="success.main">
    255 |                   {coupons.filter(c => c.is_active).length}

TS2769: No overload matches this call.
  Overload 1 of 2, '(props: { component: ElementType<any, keyof IntrinsicElements>; } & GridBaseProps & { sx?: SxProps<Theme> | undefined; } & SystemProps<...> & Omit<...>): Element | null', gave the following error.
    Property 'component' is missing in type '{ children: Element; item: true; xs: number; sm: number; md: number; }' but required in type '{ component: ElementType<any, keyof IntrinsicElements>; }'.
  Overload 2 of 2, '(props: DefaultComponentProps<GridTypeMap<{}, "div">>): Element | null', gave the following error.
    Type '{ children: Element; item: true; xs: number; sm: number; md: number; }' is not assignable to type 'IntrinsicAttributes & GridBaseProps & { sx?: SxProps<Theme> | undefined; } & SystemProps<Theme> & Omit<...>'.
      Property 'item' does not exist on type 'IntrinsicAttributes & GridBaseProps & { sx?: SxProps<Theme> | undefined; } & SystemProps<Theme> & Omit<...>'.
    260 |               </Box>
    261 |             </Grid>
  > 262 |             <Grid item xs={12} sm={6} md={3}>
        |             ^^^^^^^^^^^^^^^^^^^^^^^^^^^^^^^^^
    263 |               <Box sx={{ textAlign: 'center' }}>
    264 |                 <Typography variant="h4" color="info.main">
    265 |                   {coupons.reduce((sum, c) => sum + c.usage_count, 0)}

TS2769: No overload matches this call.
  Overload 1 of 2, '(props: { component: ElementType<any, keyof IntrinsicElements>; } & GridBaseProps & { sx?: SxProps<Theme> | undefined; } & SystemProps<...> & Omit<...>): Element | null', gave the following error.
    Property 'component' is missing in type '{ children: Element; item: true; xs: number; sm: number; md: number; }' but required in type '{ component: ElementType<any, keyof IntrinsicElements>; }'.
  Overload 2 of 2, '(props: DefaultComponentProps<GridTypeMap<{}, "div">>): Element | null', gave the following error.
    Type '{ children: Element; item: true; xs: number; sm: number; md: number; }' is not assignable to type 'IntrinsicAttributes & GridBaseProps & { sx?: SxProps<Theme> | undefined; } & SystemProps<Theme> & Omit<...>'.
      Property 'item' does not exist on type 'IntrinsicAttributes & GridBaseProps & { sx?: SxProps<Theme> | undefined; } & SystemProps<Theme> & Omit<...>'.
    270 |               </Box>
    271 |             </Grid>
  > 272 |             <Grid item xs={12} sm={6} md={3}>
        |             ^^^^^^^^^^^^^^^^^^^^^^^^^^^^^^^^^
    273 |               <Box sx={{ textAlign: 'center' }}>
    274 |                 <Typography variant="h4" color="warning.main">
    275 |                   {coupons.filter(c => c.expires_at && new Date(c.expires_at) < new Date()).length}

TS2769: No overload matches this call.
  Overload 1 of 2, '(props: { component: ElementType<any, keyof IntrinsicElements>; } & GridBaseProps & { sx?: SxProps<Theme> | undefined; } & SystemProps<...> & Omit<...>): Element | null', gave the following error.
    Property 'component' is missing in type '{ children: Element; item: true; xs: number; sm: number; }' but required in type '{ component: ElementType<any, keyof IntrinsicElements>; }'.
  Overload 2 of 2, '(props: DefaultComponentProps<GridTypeMap<{}, "div">>): Element | null', gave the following error.
    Type '{ children: Element; item: true; xs: number; sm: number; }' is not assignable to type 'IntrinsicAttributes & GridBaseProps & { sx?: SxProps<Theme> | undefined; } & SystemProps<Theme> & Omit<...>'.
      Property 'item' does not exist on type 'IntrinsicAttributes & GridBaseProps & { sx?: SxProps<Theme> | undefined; } & SystemProps<Theme> & Omit<...>'.
    472 |         <DialogContent>
    473 |           <Grid container spacing={2} sx={{ mt: 1 }}>
  > 474 |             <Grid item xs={12} sm={6}>
        |             ^^^^^^^^^^^^^^^^^^^^^^^^^^
    475 |               <TextField
    476 |                 fullWidth
    477 |                 label="Coupon Code"

TS2769: No overload matches this call.
  Overload 1 of 2, '(props: { component: ElementType<any, keyof IntrinsicElements>; } & GridBaseProps & { sx?: SxProps<Theme> | undefined; } & SystemProps<...> & Omit<...>): Element | null', gave the following error.
    Property 'component' is missing in type '{ children: Element; item: true; xs: number; sm: number; }' but required in type '{ component: ElementType<any, keyof IntrinsicElements>; }'.
  Overload 2 of 2, '(props: DefaultComponentProps<GridTypeMap<{}, "div">>): Element | null', gave the following error.
    Type '{ children: Element; item: true; xs: number; sm: number; }' is not assignable to type 'IntrinsicAttributes & GridBaseProps & { sx?: SxProps<Theme> | undefined; } & SystemProps<Theme> & Omit<...>'.
      Property 'item' does not exist on type 'IntrinsicAttributes & GridBaseProps & { sx?: SxProps<Theme> | undefined; } & SystemProps<Theme> & Omit<...>'.
    480 |               />
    481 |             </Grid>
  > 482 |             <Grid item xs={12} sm={6}>
        |             ^^^^^^^^^^^^^^^^^^^^^^^^^^
    483 |               <TextField
    484 |                 fullWidth
    485 |                 label="Coupon Name"

TS2769: No overload matches this call.
  Overload 1 of 2, '(props: { component: ElementType<any, keyof IntrinsicElements>; } & GridBaseProps & { sx?: SxProps<Theme> | undefined; } & SystemProps<...> & Omit<...>): Element | null', gave the following error.
    Property 'component' is missing in type '{ children: Element; item: true; xs: number; }' but required in type '{ component: ElementType<any, keyof IntrinsicElements>; }'.
  Overload 2 of 2, '(props: DefaultComponentProps<GridTypeMap<{}, "div">>): Element | null', gave the following error.
    Type '{ children: Element; item: true; xs: number; }' is not assignable to type 'IntrinsicAttributes & GridBaseProps & { sx?: SxProps<Theme> | undefined; } & SystemProps<Theme> & Omit<...>'.
      Property 'item' does not exist on type 'IntrinsicAttributes & GridBaseProps & { sx?: SxProps<Theme> | undefined; } & SystemProps<Theme> & Omit<...>'.
    488 |               />
    489 |             </Grid>
  > 490 |             <Grid item xs={12}>
        |             ^^^^^^^^^^^^^^^^^^^
    491 |               <TextField
    492 |                 fullWidth
    493 |                 label="Description"

TS2769: No overload matches this call.
  Overload 1 of 2, '(props: { component: ElementType<any, keyof IntrinsicElements>; } & GridBaseProps & { sx?: SxProps<Theme> | undefined; } & SystemProps<...> & Omit<...>): Element | null', gave the following error.
    Property 'component' is missing in type '{ children: Element; item: true; xs: number; sm: number; }' but required in type '{ component: ElementType<any, keyof IntrinsicElements>; }'.
  Overload 2 of 2, '(props: DefaultComponentProps<GridTypeMap<{}, "div">>): Element | null', gave the following error.
    Type '{ children: Element; item: true; xs: number; sm: number; }' is not assignable to type 'IntrinsicAttributes & GridBaseProps & { sx?: SxProps<Theme> | undefined; } & SystemProps<Theme> & Omit<...>'.
      Property 'item' does not exist on type 'IntrinsicAttributes & GridBaseProps & { sx?: SxProps<Theme> | undefined; } & SystemProps<Theme> & Omit<...>'.
    498 |               />
    499 |             </Grid>
  > 500 |             <Grid item xs={12} sm={6}>
        |             ^^^^^^^^^^^^^^^^^^^^^^^^^^
    501 |               <FormControl fullWidth>
    502 |                 <InputLabel>Type</InputLabel>
    503 |                 <Select

TS2769: No overload matches this call.
  Overload 1 of 2, '(props: { component: ElementType<any, keyof IntrinsicElements>; } & GridBaseProps & { sx?: SxProps<Theme> | undefined; } & SystemProps<...> & Omit<...>): Element | null', gave the following error.
    Property 'component' is missing in type '{ children: Element; item: true; xs: number; sm: number; }' but required in type '{ component: ElementType<any, keyof IntrinsicElements>; }'.
  Overload 2 of 2, '(props: DefaultComponentProps<GridTypeMap<{}, "div">>): Element | null', gave the following error.
    Type '{ children: Element; item: true; xs: number; sm: number; }' is not assignable to type 'IntrinsicAttributes & GridBaseProps & { sx?: SxProps<Theme> | undefined; } & SystemProps<Theme> & Omit<...>'.
      Property 'item' does not exist on type 'IntrinsicAttributes & GridBaseProps & { sx?: SxProps<Theme> | undefined; } & SystemProps<Theme> & Omit<...>'.
    513 |               </FormControl>
    514 |             </Grid>
  > 515 |             <Grid item xs={12} sm={6}>
        |             ^^^^^^^^^^^^^^^^^^^^^^^^^^
    516 |               <TextField
    517 |                 fullWidth
    518 |                 label="Value"

TS2769: No overload matches this call.
  Overload 1 of 2, '(props: { component: ElementType<any, keyof IntrinsicElements>; } & GridBaseProps & { sx?: SxProps<Theme> | undefined; } & SystemProps<...> & Omit<...>): Element | null', gave the following error.
    Property 'component' is missing in type '{ children: Element; item: true; xs: number; sm: number; }' but required in type '{ component: ElementType<any, keyof IntrinsicElements>; }'.
  Overload 2 of 2, '(props: DefaultComponentProps<GridTypeMap<{}, "div">>): Element | null', gave the following error.
    Type '{ children: Element; item: true; xs: number; sm: number; }' is not assignable to type 'IntrinsicAttributes & GridBaseProps & { sx?: SxProps<Theme> | undefined; } & SystemProps<Theme> & Omit<...>'.
      Property 'item' does not exist on type 'IntrinsicAttributes & GridBaseProps & { sx?: SxProps<Theme> | undefined; } & SystemProps<Theme> & Omit<...>'.
    522 |               />
    523 |             </Grid>
  > 524 |             <Grid item xs={12} sm={6}>
        |             ^^^^^^^^^^^^^^^^^^^^^^^^^^
    525 |               <TextField
    526 |                 fullWidth
    527 |                 label="Minimum Amount"

TS2769: No overload matches this call.
  Overload 1 of 2, '(props: { component: ElementType<any, keyof IntrinsicElements>; } & GridBaseProps & { sx?: SxProps<Theme> | undefined; } & SystemProps<...> & Omit<...>): Element | null', gave the following error.
    Property 'component' is missing in type '{ children: Element; item: true; xs: number; sm: number; }' but required in type '{ component: ElementType<any, keyof IntrinsicElements>; }'.
  Overload 2 of 2, '(props: DefaultComponentProps<GridTypeMap<{}, "div">>): Element | null', gave the following error.
    Type '{ children: Element; item: true; xs: number; sm: number; }' is not assignable to type 'IntrinsicAttributes & GridBaseProps & { sx?: SxProps<Theme> | undefined; } & SystemProps<Theme> & Omit<...>'.
      Property 'item' does not exist on type 'IntrinsicAttributes & GridBaseProps & { sx?: SxProps<Theme> | undefined; } & SystemProps<Theme> & Omit<...>'.
    531 |               />
    532 |             </Grid>
  > 533 |             <Grid item xs={12} sm={6}>
        |             ^^^^^^^^^^^^^^^^^^^^^^^^^^
    534 |               <TextField
    535 |                 fullWidth
    536 |                 label="Maximum Discount"

TS2769: No overload matches this call.
  Overload 1 of 2, '(props: { component: ElementType<any, keyof IntrinsicElements>; } & GridBaseProps & { sx?: SxProps<Theme> | undefined; } & SystemProps<...> & Omit<...>): Element | null', gave the following error.
    Property 'component' is missing in type '{ children: Element; item: true; xs: number; sm: number; }' but required in type '{ component: ElementType<any, keyof IntrinsicElements>; }'.
  Overload 2 of 2, '(props: DefaultComponentProps<GridTypeMap<{}, "div">>): Element | null', gave the following error.
    Type '{ children: Element; item: true; xs: number; sm: number; }' is not assignable to type 'IntrinsicAttributes & GridBaseProps & { sx?: SxProps<Theme> | undefined; } & SystemProps<Theme> & Omit<...>'.
      Property 'item' does not exist on type 'IntrinsicAttributes & GridBaseProps & { sx?: SxProps<Theme> | undefined; } & SystemProps<Theme> & Omit<...>'.
    540 |               />
    541 |             </Grid>
  > 542 |             <Grid item xs={12} sm={6}>
        |             ^^^^^^^^^^^^^^^^^^^^^^^^^^
    543 |               <TextField
    544 |                 fullWidth
    545 |                 label="Usage Limit"

TS2769: No overload matches this call.
  Overload 1 of 2, '(props: { component: ElementType<any, keyof IntrinsicElements>; } & GridBaseProps & { sx?: SxProps<Theme> | undefined; } & SystemProps<...> & Omit<...>): Element | null', gave the following error.
    Property 'component' is missing in type '{ children: Element; item: true; xs: number; sm: number; }' but required in type '{ component: ElementType<any, keyof IntrinsicElements>; }'.
  Overload 2 of 2, '(props: DefaultComponentProps<GridTypeMap<{}, "div">>): Element | null', gave the following error.
    Type '{ children: Element; item: true; xs: number; sm: number; }' is not assignable to type 'IntrinsicAttributes & GridBaseProps & { sx?: SxProps<Theme> | undefined; } & SystemProps<Theme> & Omit<...>'.
      Property 'item' does not exist on type 'IntrinsicAttributes & GridBaseProps & { sx?: SxProps<Theme> | undefined; } & SystemProps<Theme> & Omit<...>'.
    549 |               />
    550 |             </Grid>
  > 551 |             <Grid item xs={12} sm={6}>
        |             ^^^^^^^^^^^^^^^^^^^^^^^^^^
    552 |               <TextField
    553 |                 fullWidth
    554 |                 label="User Limit"

TS2769: No overload matches this call.
  Overload 1 of 2, '(props: { component: ElementType<any, keyof IntrinsicElements>; } & GridBaseProps & { sx?: SxProps<Theme> | undefined; } & SystemProps<...> & Omit<...>): Element | null', gave the following error.
    Property 'component' is missing in type '{ children: Element; item: true; xs: number; sm: number; }' but required in type '{ component: ElementType<any, keyof IntrinsicElements>; }'.
  Overload 2 of 2, '(props: DefaultComponentProps<GridTypeMap<{}, "div">>): Element | null', gave the following error.
    Type '{ children: Element; item: true; xs: number; sm: number; }' is not assignable to type 'IntrinsicAttributes & GridBaseProps & { sx?: SxProps<Theme> | undefined; } & SystemProps<Theme> & Omit<...>'.
      Property 'item' does not exist on type 'IntrinsicAttributes & GridBaseProps & { sx?: SxProps<Theme> | undefined; } & SystemProps<Theme> & Omit<...>'.
    558 |               />
    559 |             </Grid>
  > 560 |             <Grid item xs={12} sm={6}>
        |             ^^^^^^^^^^^^^^^^^^^^^^^^^^
    561 |               <TextField
    562 |                 fullWidth
    563 |                 label="Start Date"

TS2769: No overload matches this call.
  Overload 1 of 2, '(props: { component: ElementType<any, keyof IntrinsicElements>; } & GridBaseProps & { sx?: SxProps<Theme> | undefined; } & SystemProps<...> & Omit<...>): Element | null', gave the following error.
    Property 'component' is missing in type '{ children: Element; item: true; xs: number; sm: number; }' but required in type '{ component: ElementType<any, keyof IntrinsicElements>; }'.
  Overload 2 of 2, '(props: DefaultComponentProps<GridTypeMap<{}, "div">>): Element | null', gave the following error.
    Type '{ children: Element; item: true; xs: number; sm: number; }' is not assignable to type 'IntrinsicAttributes & GridBaseProps & { sx?: SxProps<Theme> | undefined; } & SystemProps<Theme> & Omit<...>'.
      Property 'item' does not exist on type 'IntrinsicAttributes & GridBaseProps & { sx?: SxProps<Theme> | undefined; } & SystemProps<Theme> & Omit<...>'.
    568 |               />
    569 |             </Grid>
  > 570 |             <Grid item xs={12} sm={6}>
        |             ^^^^^^^^^^^^^^^^^^^^^^^^^^
    571 |               <TextField
    572 |                 fullWidth
    573 |                 label="Expiry Date"

TS2769: No overload matches this call.
  Overload 1 of 2, '(props: { component: ElementType<any, keyof IntrinsicElements>; } & GridBaseProps & { sx?: SxProps<Theme> | undefined; } & SystemProps<...> & Omit<...>): Element | null', gave the following error.
    Property 'component' is missing in type '{ children: Element; item: true; xs: number; sm: number; }' but required in type '{ component: ElementType<any, keyof IntrinsicElements>; }'.
  Overload 2 of 2, '(props: DefaultComponentProps<GridTypeMap<{}, "div">>): Element | null', gave the following error.
    Type '{ children: Element; item: true; xs: number; sm: number; }' is not assignable to type 'IntrinsicAttributes & GridBaseProps & { sx?: SxProps<Theme> | undefined; } & SystemProps<Theme> & Omit<...>'.
      Property 'item' does not exist on type 'IntrinsicAttributes & GridBaseProps & { sx?: SxProps<Theme> | undefined; } & SystemProps<Theme> & Omit<...>'.
    578 |               />
    579 |             </Grid>
  > 580 |             <Grid item xs={12} sm={6}>
        |             ^^^^^^^^^^^^^^^^^^^^^^^^^^
    581 |               <FormControl fullWidth>
    582 |                 <InputLabel>Applicable To</InputLabel>
    583 |                 <Select

TS2769: No overload matches this call.
  Overload 1 of 2, '(props: { component: ElementType<any, keyof IntrinsicElements>; } & GridBaseProps & { sx?: SxProps<Theme> | undefined; } & SystemProps<...> & Omit<...>): Element | null', gave the following error.
    Property 'component' is missing in type '{ children: Element; item: true; xs: number; sm: number; }' but required in type '{ component: ElementType<any, keyof IntrinsicElements>; }'.
  Overload 2 of 2, '(props: DefaultComponentProps<GridTypeMap<{}, "div">>): Element | null', gave the following error.
    Type '{ children: Element; item: true; xs: number; sm: number; }' is not assignable to type 'IntrinsicAttributes & GridBaseProps & { sx?: SxProps<Theme> | undefined; } & SystemProps<Theme> & Omit<...>'.
      Property 'item' does not exist on type 'IntrinsicAttributes & GridBaseProps & { sx?: SxProps<Theme> | undefined; } & SystemProps<Theme> & Omit<...>'.
    592 |               </FormControl>
    593 |             </Grid>
  > 594 |             <Grid item xs={12} sm={6}>
        |             ^^^^^^^^^^^^^^^^^^^^^^^^^^
    595 |               <FormControlLabel
    596 |                 control={
    597 |                   <Switch

TS2322: Type 'number | ""' is not assignable to type 'string'.
  Type 'number' is not assignable to type 'string'.
    100 |     
    101 |     if (type === 'number') {
  > 102 |       newValue = event.target.value === '' ? '' : Number(event.target.value)
        |       ^^^^^^^^
    103 |     }
    104 |     
    105 |     if (maxLength && newValue.length > maxLength) {

TS2339: Property 'user' does not exist on type 'AuthState | undefined'.
    41 |   const isMobile = useMediaQuery(theme.breakpoints.down('md'))
    42 |   const { isDarkMode, toggleTheme } = useCustomTheme()
  > 43 |   const { user } = useAppSelector((state) => state.auth)
       |           ^^^^
    44 |   const dispatch = useAppDispatch()
    45 |   const { toggleSidebar } = useSidebar()
    46 |   const [anchorEl, setAnchorEl] = React.useState<null | HTMLElement>(null)

TS2339: Property 'user' does not exist on type 'AuthState | undefined'.
    228 |   const isMobile = useMediaQuery(theme.breakpoints.down('md'))
    229 |   const { isOpen: sidebarOpen } = useSidebar()
  > 230 |   const { user } = useAppSelector((state) => state.auth)
        |           ^^^^
    231 |   const [openSubmenus, setOpenSubmenus] = useState<{ [key: string]: boolean }>({
    232 |     'Website Content': false,
    233 |     'Marketing': false,

TS7006: Parameter 'item' implicitly has an 'any' type.
    388 |             {/* Group Items */}
    389 |             <List sx={{ px: 1 }}>
  > 390 |               {group.items.map((item) => {
        |                                 ^^^^
    391 |                 const isActive = location.pathname === item.href
    392 |                 const hasSubmenu = item.hasSubmenu
    393 |                 const isSubmenuOpen = openSubmenus[item.name] || false

TS7006: Parameter 'subItem' implicitly has an 'any' type.
    454 |                       <Collapse in={isSubmenuOpen} timeout="auto" unmountOnExit>
    455 |                         <List component="div" disablePadding sx={{ pl: 2 }}>
  > 456 |                           {item.subItems?.map((subItem) => {
        |                                                ^^^^^^^
    457 |                             const isSubActive = location.pathname === subItem.href
    458 |                             return (
    459 |                               <ListItem key={subItem.name} disablePadding>

TS7053: Element implicitly has an 'any' type because expression of type '"quote_accepted" | "booking_created" | "booking_confirmed" | "booking_cancelled" | "booking_completed" | "booking_assigned" | "status_changed" | "payment_received" | "review_received" | ... 10 more ... | "reminder"' can't be used to index type '{ quote_received: Element; quote_accepted: Element; booking_confirmed: Element; message_received: Element; order_placed: Element; order_updated: Element; ... 5 more ...; reminder: Element; }'.
  Property 'booking_created' does not exist on type '{ quote_received: Element; quote_accepted: Element; booking_confirmed: Element; message_received: Element; order_placed: Element; order_updated: Element; ... 5 more ...; reminder: Element; }'.
    156 |
    157 |   const getNotificationIcon = (type: PushNotification['type']) => {
  > 158 |     return notificationIcons[type] || <InfoIcon />;
        |            ^^^^^^^^^^^^^^^^^^^^^^^
    159 |   };
    160 |
    161 |   const getNotificationColor = (type: PushNotification['type']) => {

TS7053: Element implicitly has an 'any' type because expression of type '"quote_accepted" | "booking_created" | "booking_confirmed" | "booking_cancelled" | "booking_completed" | "booking_assigned" | "status_changed" | "payment_received" | "review_received" | ... 10 more ... | "reminder"' can't be used to index type '{ readonly quote_received: "primary"; readonly quote_accepted: "success"; readonly booking_confirmed: "info"; readonly message_received: "primary"; readonly order_placed: "primary"; ... 6 more ...; readonly reminder: "info"; }'.
  Property 'booking_created' does not exist on type '{ readonly quote_received: "primary"; readonly quote_accepted: "success"; readonly booking_confirmed: "info"; readonly message_received: "primary"; readonly order_placed: "primary"; ... 6 more ...; readonly reminder: "info"; }'.
    160 |
    161 |   const getNotificationColor = (type: PushNotification['type']) => {
  > 162 |     return notificationColors[type] || 'default';
        |            ^^^^^^^^^^^^^^^^^^^^^^^^
    163 |   };
    164 |
    165 |   const formatNotificationTime = (dateString: string) => {

TS2345: Argument of type 'string' is not assignable to parameter of type 'never'.
    344 |                   <Switch
    345 |                     checked={preferences.pushNotifications}
  > 346 |                     onChange={(e) => handlePreferenceChange('pushNotifications', e.target.checked)}
        |                                                             ^^^^^^^^^^^^^^^^^^^
    347 |                   />
    348 |                 }
    349 |                 label="Push Notifications"

TS2345: Argument of type 'string' is not assignable to parameter of type 'never'.
    353 |                   <Switch
    354 |                     checked={preferences.emailNotifications}
  > 355 |                     onChange={(e) => handlePreferenceChange('emailNotifications', e.target.checked)}
        |                                                             ^^^^^^^^^^^^^^^^^^^^
    356 |                   />
    357 |                 }
    358 |                 label="Email Notifications"

TS2345: Argument of type 'string' is not assignable to parameter of type 'never'.
    362 |                   <Switch
    363 |                     checked={preferences.smsNotifications}
  > 364 |                     onChange={(e) => handlePreferenceChange('smsNotifications', e.target.checked)}
        |                                                             ^^^^^^^^^^^^^^^^^^
    365 |                   />
    366 |                 }
    367 |                 label="SMS Notifications"

TS2345: Argument of type 'string' is not assignable to parameter of type 'never'.
    375 |                   <Switch
    376 |                     checked={preferences.orderNotifications}
  > 377 |                     onChange={(e) => handlePreferenceChange('orderNotifications', e.target.checked)}
        |                                                             ^^^^^^^^^^^^^^^^^^^^
    378 |                   />
    379 |                 }
    380 |                 label="Order Notifications"

TS2345: Argument of type 'string' is not assignable to parameter of type 'never'.
    384 |                   <Switch
    385 |                     checked={preferences.userNotifications}
  > 386 |                     onChange={(e) => handlePreferenceChange('userNotifications', e.target.checked)}
        |                                                             ^^^^^^^^^^^^^^^^^^^
    387 |                   />
    388 |                 }
    389 |                 label="User Management Notifications"

TS2345: Argument of type 'string' is not assignable to parameter of type 'never'.
    393 |                   <Switch
    394 |                     checked={preferences.systemNotifications}
  > 395 |                     onChange={(e) => handlePreferenceChange('systemNotifications', e.target.checked)}
        |                                                             ^^^^^^^^^^^^^^^^^^^^^
    396 |                   />
    397 |                 }
    398 |                 label="System Notifications"

TS2345: Argument of type 'string' is not assignable to parameter of type 'never'.
    402 |                   <Switch
    403 |                     checked={preferences.marketingNotifications}
  > 404 |                     onChange={(e) => handlePreferenceChange('marketingNotifications', e.target.checked)}
        |                                                             ^^^^^^^^^^^^^^^^^^^^^^^^
    405 |                   />
    406 |                 }
    407 |                 label="Marketing Notifications"

TS2769: No overload matches this call.
  Overload 1 of 2, '(props: { component: ElementType<any, keyof IntrinsicElements>; } & GridBaseProps & { sx?: SxProps<Theme> | undefined; } & SystemProps<...> & Omit<...>): Element | null', gave the following error.
    Property 'component' is missing in type '{ children: Element; item: true; xs: number; md: number; }' but required in type '{ component: ElementType<any, keyof IntrinsicElements>; }'.
  Overload 2 of 2, '(props: DefaultComponentProps<GridTypeMap<{}, "div">>): Element | null', gave the following error.
    Type '{ children: Element; item: true; xs: number; md: number; }' is not assignable to type 'IntrinsicAttributes & GridBaseProps & { sx?: SxProps<Theme> | undefined; } & SystemProps<Theme> & Omit<...>'.
      Property 'item' does not exist on type 'IntrinsicAttributes & GridBaseProps & { sx?: SxProps<Theme> | undefined; } & SystemProps<Theme> & Omit<...>'.
    143 |     <Grid container spacing={3}>
    144 |       {/* Stats Cards */}
  > 145 |       <Grid item xs={12} md={3}>
        |       ^^^^^^^^^^^^^^^^^^^^^^^^^^
    146 |         <Card>
    147 |           <CardContent>
    148 |             <Box sx={{ display: 'flex', alignItems: 'center' }}>

TS2769: No overload matches this call.
  Overload 1 of 2, '(props: { component: ElementType<any, keyof IntrinsicElements>; } & GridBaseProps & { sx?: SxProps<Theme> | undefined; } & SystemProps<...> & Omit<...>): Element | null', gave the following error.
    Property 'component' is missing in type '{ children: Element; item: true; xs: number; md: number; }' but required in type '{ component: ElementType<any, keyof IntrinsicElements>; }'.
  Overload 2 of 2, '(props: DefaultComponentProps<GridTypeMap<{}, "div">>): Element | null', gave the following error.
    Type '{ children: Element; item: true; xs: number; md: number; }' is not assignable to type 'IntrinsicAttributes & GridBaseProps & { sx?: SxProps<Theme> | undefined; } & SystemProps<Theme> & Omit<...>'.
      Property 'item' does not exist on type 'IntrinsicAttributes & GridBaseProps & { sx?: SxProps<Theme> | undefined; } & SystemProps<Theme> & Omit<...>'.
    161 |       </Grid>
    162 |
  > 163 |       <Grid item xs={12} md={3}>
        |       ^^^^^^^^^^^^^^^^^^^^^^^^^^
    164 |         <Card>
    165 |           <CardContent>
    166 |             <Box sx={{ display: 'flex', alignItems: 'center' }}>

TS2769: No overload matches this call.
  Overload 1 of 2, '(props: { component: ElementType<any, keyof IntrinsicElements>; } & GridBaseProps & { sx?: SxProps<Theme> | undefined; } & SystemProps<...> & Omit<...>): Element | null', gave the following error.
    Property 'component' is missing in type '{ children: Element; item: true; xs: number; md: number; }' but required in type '{ component: ElementType<any, keyof IntrinsicElements>; }'.
  Overload 2 of 2, '(props: DefaultComponentProps<GridTypeMap<{}, "div">>): Element | null', gave the following error.
    Type '{ children: Element; item: true; xs: number; md: number; }' is not assignable to type 'IntrinsicAttributes & GridBaseProps & { sx?: SxProps<Theme> | undefined; } & SystemProps<Theme> & Omit<...>'.
      Property 'item' does not exist on type 'IntrinsicAttributes & GridBaseProps & { sx?: SxProps<Theme> | undefined; } & SystemProps<Theme> & Omit<...>'.
    179 |       </Grid>
    180 |
  > 181 |       <Grid item xs={12} md={3}>
        |       ^^^^^^^^^^^^^^^^^^^^^^^^^^
    182 |         <Card>
    183 |           <CardContent>
    184 |             <Box sx={{ display: 'flex', alignItems: 'center' }}>

TS2769: No overload matches this call.
  Overload 1 of 2, '(props: { component: ElementType<any, keyof IntrinsicElements>; } & GridBaseProps & { sx?: SxProps<Theme> | undefined; } & SystemProps<...> & Omit<...>): Element | null', gave the following error.
    Property 'component' is missing in type '{ children: Element; item: true; xs: number; md: number; }' but required in type '{ component: ElementType<any, keyof IntrinsicElements>; }'.
  Overload 2 of 2, '(props: DefaultComponentProps<GridTypeMap<{}, "div">>): Element | null', gave the following error.
    Type '{ children: Element; item: true; xs: number; md: number; }' is not assignable to type 'IntrinsicAttributes & GridBaseProps & { sx?: SxProps<Theme> | undefined; } & SystemProps<Theme> & Omit<...>'.
      Property 'item' does not exist on type 'IntrinsicAttributes & GridBaseProps & { sx?: SxProps<Theme> | undefined; } & SystemProps<Theme> & Omit<...>'.
    197 |       </Grid>
    198 |
  > 199 |       <Grid item xs={12} md={3}>
        |       ^^^^^^^^^^^^^^^^^^^^^^^^^^
    200 |         <Card>
    201 |           <CardContent>
    202 |             <Box sx={{ display: 'flex', alignItems: 'center' }}>

TS2769: No overload matches this call.
  Overload 1 of 2, '(props: { component: ElementType<any, keyof IntrinsicElements>; } & GridBaseProps & { sx?: SxProps<Theme> | undefined; } & SystemProps<...> & Omit<...>): Element | null', gave the following error.
    Property 'component' is missing in type '{ children: Element; item: true; xs: number; md: number; }' but required in type '{ component: ElementType<any, keyof IntrinsicElements>; }'.
  Overload 2 of 2, '(props: DefaultComponentProps<GridTypeMap<{}, "div">>): Element | null', gave the following error.
    Type '{ children: Element; item: true; xs: number; md: number; }' is not assignable to type 'IntrinsicAttributes & GridBaseProps & { sx?: SxProps<Theme> | undefined; } & SystemProps<Theme> & Omit<...>'.
      Property 'item' does not exist on type 'IntrinsicAttributes & GridBaseProps & { sx?: SxProps<Theme> | undefined; } & SystemProps<Theme> & Omit<...>'.
    216 |
    217 |       {/* Quick Actions */}
  > 218 |       <Grid item xs={12} md={6}>
        |       ^^^^^^^^^^^^^^^^^^^^^^^^^^
    219 |         <Card>
    220 |           <CardContent>
    221 |             <Typography variant="h6" gutterBottom>

TS2769: No overload matches this call.
  Overload 1 of 2, '(props: { component: ElementType<any, keyof IntrinsicElements>; } & GridBaseProps & { sx?: SxProps<Theme> | undefined; } & SystemProps<...> & Omit<...>): Element | null', gave the following error.
    Property 'component' is missing in type '{ children: Element; item: true; xs: number; md: number; }' but required in type '{ component: ElementType<any, keyof IntrinsicElements>; }'.
  Overload 2 of 2, '(props: DefaultComponentProps<GridTypeMap<{}, "div">>): Element | null', gave the following error.
    Type '{ children: Element; item: true; xs: number; md: number; }' is not assignable to type 'IntrinsicAttributes & GridBaseProps & { sx?: SxProps<Theme> | undefined; } & SystemProps<Theme> & Omit<...>'.
      Property 'item' does not exist on type 'IntrinsicAttributes & GridBaseProps & { sx?: SxProps<Theme> | undefined; } & SystemProps<Theme> & Omit<...>'.
    253 |
    254 |       {/* Recent Notifications */}
  > 255 |       <Grid item xs={12} md={6}>
        |       ^^^^^^^^^^^^^^^^^^^^^^^^^^
    256 |         <Card>
    257 |           <CardContent>
    258 |             <Box sx={{ display: 'flex', justifyContent: 'space-between', alignItems: 'center', mb: 2 }}>

TS2769: No overload matches this call.
  Overload 1 of 2, '(props: { component: ElementType<any, keyof IntrinsicElements>; } & GridBaseProps & { sx?: SxProps<Theme> | undefined; } & SystemProps<...> & Omit<...>): Element | null', gave the following error.
    Property 'component' is missing in type '{ children: Element; item: true; xs: number; md: number; }' but required in type '{ component: ElementType<any, keyof IntrinsicElements>; }'.
  Overload 2 of 2, '(props: DefaultComponentProps<GridTypeMap<{}, "div">>): Element | null', gave the following error.
    Type '{ children: Element; item: true; xs: number; md: number; }' is not assignable to type 'IntrinsicAttributes & GridBaseProps & { sx?: SxProps<Theme> | undefined; } & SystemProps<Theme> & Omit<...>'.
      Property 'item' does not exist on type 'IntrinsicAttributes & GridBaseProps & { sx?: SxProps<Theme> | undefined; } & SystemProps<Theme> & Omit<...>'.
    61 |       <Grid container spacing={2} alignItems="center">
    62 |         {/* Search */}
  > 63 |         <Grid item xs={12} md={4}>
       |         ^^^^^^^^^^^^^^^^^^^^^^^^^^
    64 |           <TextField
    65 |             fullWidth
    66 |             placeholder="Search by name, email, phone..."

TS2769: No overload matches this call.
  Overload 1 of 2, '(props: { component: ElementType<any, keyof IntrinsicElements>; } & GridBaseProps & { sx?: SxProps<Theme> | undefined; } & SystemProps<...> & Omit<...>): Element | null', gave the following error.
    Property 'component' is missing in type '{ children: Element; item: true; xs: number; sm: number; md: number; }' but required in type '{ component: ElementType<any, keyof IntrinsicElements>; }'.
  Overload 2 of 2, '(props: DefaultComponentProps<GridTypeMap<{}, "div">>): Element | null', gave the following error.
    Type '{ children: Element; item: true; xs: number; sm: number; md: number; }' is not assignable to type 'IntrinsicAttributes & GridBaseProps & { sx?: SxProps<Theme> | undefined; } & SystemProps<Theme> & Omit<...>'.
      Property 'item' does not exist on type 'IntrinsicAttributes & GridBaseProps & { sx?: SxProps<Theme> | undefined; } & SystemProps<Theme> & Omit<...>'.
    83 |
    84 |         {/* Availability Filter */}
  > 85 |         <Grid item xs={12} sm={6} md={2}>
       |         ^^^^^^^^^^^^^^^^^^^^^^^^^^^^^^^^^
    86 |           <FormControl fullWidth>
    87 |             <InputLabel>Availability</InputLabel>
    88 |             <Select

TS2769: No overload matches this call.
  Overload 1 of 2, '(props: { component: ElementType<any, keyof IntrinsicElements>; } & GridBaseProps & { sx?: SxProps<Theme> | undefined; } & SystemProps<...> & Omit<...>): Element | null', gave the following error.
    Property 'component' is missing in type '{ children: Element; item: true; xs: number; sm: number; md: number; }' but required in type '{ component: ElementType<any, keyof IntrinsicElements>; }'.
  Overload 2 of 2, '(props: DefaultComponentProps<GridTypeMap<{}, "div">>): Element | null', gave the following error.
    Type '{ children: Element; item: true; xs: number; sm: number; md: number; }' is not assignable to type 'IntrinsicAttributes & GridBaseProps & { sx?: SxProps<Theme> | undefined; } & SystemProps<Theme> & Omit<...>'.
      Property 'item' does not exist on type 'IntrinsicAttributes & GridBaseProps & { sx?: SxProps<Theme> | undefined; } & SystemProps<Theme> & Omit<...>'.
    101 |
    102 |         {/* Expertise Filter */}
  > 103 |         <Grid item xs={12} sm={6} md={2}>
        |         ^^^^^^^^^^^^^^^^^^^^^^^^^^^^^^^^^
    104 |           <FormControl fullWidth>
    105 |             <InputLabel>Expertise</InputLabel>
    106 |             <Select

TS2769: No overload matches this call.
  Overload 1 of 2, '(props: { component: ElementType<any, keyof IntrinsicElements>; } & GridBaseProps & { sx?: SxProps<Theme> | undefined; } & SystemProps<...> & Omit<...>): Element | null', gave the following error.
    Property 'component' is missing in type '{ children: Element; item: true; xs: number; sm: number; md: number; }' but required in type '{ component: ElementType<any, keyof IntrinsicElements>; }'.
  Overload 2 of 2, '(props: DefaultComponentProps<GridTypeMap<{}, "div">>): Element | null', gave the following error.
    Type '{ children: Element; item: true; xs: number; sm: number; md: number; }' is not assignable to type 'IntrinsicAttributes & GridBaseProps & { sx?: SxProps<Theme> | undefined; } & SystemProps<Theme> & Omit<...>'.
      Property 'item' does not exist on type 'IntrinsicAttributes & GridBaseProps & { sx?: SxProps<Theme> | undefined; } & SystemProps<Theme> & Omit<...>'.
    119 |
    120 |         {/* Verification Filter */}
  > 121 |         <Grid item xs={12} sm={6} md={2}>
        |         ^^^^^^^^^^^^^^^^^^^^^^^^^^^^^^^^^
    122 |           <FormControl fullWidth>
    123 |             <InputLabel>Verification</InputLabel>
    124 |             <Select

TS2769: No overload matches this call.
  Overload 1 of 2, '(props: { component: ElementType<any, keyof IntrinsicElements>; } & GridBaseProps & { sx?: SxProps<Theme> | undefined; } & SystemProps<...> & Omit<...>): Element | null', gave the following error.
    Property 'component' is missing in type '{ children: Element; item: true; xs: number; md: number; }' but required in type '{ component: ElementType<any, keyof IntrinsicElements>; }'.
  Overload 2 of 2, '(props: DefaultComponentProps<GridTypeMap<{}, "div">>): Element | null', gave the following error.
    Type '{ children: Element; item: true; xs: number; md: number; }' is not assignable to type 'IntrinsicAttributes & GridBaseProps & { sx?: SxProps<Theme> | undefined; } & SystemProps<Theme> & Omit<...>'.
      Property 'item' does not exist on type 'IntrinsicAttributes & GridBaseProps & { sx?: SxProps<Theme> | undefined; } & SystemProps<Theme> & Omit<...>'.
    137 |
    138 |         {/* Action Buttons */}
  > 139 |         <Grid item xs={12} md={2}>
        |         ^^^^^^^^^^^^^^^^^^^^^^^^^^
    140 |           <Box sx={{ display: 'flex', gap: 1 }}>
    141 |             <Button
    142 |               variant="outlined"

TS2769: No overload matches this call.
  Overload 1 of 2, '(props: { component: ElementType<any, keyof IntrinsicElements>; } & GridBaseProps & { sx?: SxProps<Theme> | undefined; } & SystemProps<...> & Omit<...>): Element | null', gave the following error.
    Property 'component' is missing in type '{ children: Element; item: true; xs: number; sm: number; md: number; key: number; }' but required in type '{ component: ElementType<any, keyof IntrinsicElements>; }'.
  Overload 2 of 2, '(props: DefaultComponentProps<GridTypeMap<{}, "div">>): Element | null', gave the following error.
    Type '{ children: Element; item: true; xs: number; sm: number; md: number; key: number; }' is not assignable to type 'IntrinsicAttributes & GridBaseProps & { sx?: SxProps<Theme> | undefined; } & SystemProps<Theme> & Omit<...>'.
      Property 'item' does not exist on type 'IntrinsicAttributes & GridBaseProps & { sx?: SxProps<Theme> | undefined; } & SystemProps<Theme> & Omit<...>'.
    93 |           const Icon = stat.icon
    94 |           return (
  > 95 |             <Grid item xs={12} sm={6} md={3} key={index}>
       |             ^^^^^^^^^^^^^^^^^^^^^^^^^^^^^^^^^^^^^^^^^^^^^
    96 |               <Card
    97 |                 sx={{
    98 |                   borderRadius: 2,

TS2339: Property 'isLoading' does not exist on type 'UIState | undefined'.
    4 |
    5 | export function LoadingProvider() {
  > 6 |   const { isLoading, loadingMessage } = useAppSelector((state) => state.ui)
      |           ^^^^^^^^^
    7 |
    8 |   return (
    9 |     <Backdrop

TS2339: Property 'loadingMessage' does not exist on type 'UIState | undefined'.
    4 |
    5 | export function LoadingProvider() {
  > 6 |   const { isLoading, loadingMessage } = useAppSelector((state) => state.ui)
      |                      ^^^^^^^^^^^^^^
    7 |
    8 |   return (
    9 |     <Backdrop

TS2769: No overload matches this call.
  Overload 1 of 2, '(props: { component: ElementType<any, keyof IntrinsicElements>; } & GridBaseProps & { sx?: SxProps<Theme> | undefined; } & SystemProps<...> & Omit<...>): Element | null', gave the following error.
    Property 'component' is missing in type '{ children: Element; item: true; xs: number; }' but required in type '{ component: ElementType<any, keyof IntrinsicElements>; }'.
  Overload 2 of 2, '(props: DefaultComponentProps<GridTypeMap<{}, "div">>): Element | null', gave the following error.
    Type '{ children: Element; item: true; xs: number; }' is not assignable to type 'IntrinsicAttributes & GridBaseProps & { sx?: SxProps<Theme> | undefined; } & SystemProps<Theme> & Omit<...>'.
      Property 'item' does not exist on type 'IntrinsicAttributes & GridBaseProps & { sx?: SxProps<Theme> | undefined; } & SystemProps<Theme> & Omit<...>'.
    125 |         <Grid container spacing={3}>
    126 |           {/* Status and Rating */}
  > 127 |           <Grid item xs={12}>
        |           ^^^^^^^^^^^^^^^^^^^
    128 |             <Box sx={{ display: 'flex', gap: 2, mb: 2 }}>
    129 |               <Chip
    130 |                 icon={getStatusIcon(provider.verification_status)}

TS2769: No overload matches this call.
  Overload 1 of 2, '(props: { component: ElementType<any, keyof IntrinsicElements>; } & ChipOwnProps & ChipSlotsAndSlotProps & CommonProps & Omit<...>): Element | null', gave the following error.
    Type 'Element | null' is not assignable to type 'ReactElement<unknown, string | JSXElementConstructor<any>> | undefined'.
  Overload 2 of 2, '(props: DefaultComponentProps<ChipTypeMap<{}, "div">>): Element | null', gave the following error.
    Type 'Element | null' is not assignable to type 'ReactElement<unknown, string | JSXElementConstructor<any>> | undefined'.
    128 |             <Box sx={{ display: 'flex', gap: 2, mb: 2 }}>
    129 |               <Chip
  > 130 |                 icon={getStatusIcon(provider.verification_status)}
        |                 ^^^^
    131 |                 label={provider.verification_status?.charAt(0).toUpperCase() + provider.verification_status?.slice(1) || 'Unknown'}
    132 |                 color={getStatusColor(provider.verification_status) as any}
    133 |                 sx={{ fontWeight: 500 }}

TS2769: No overload matches this call.
  Overload 1 of 2, '(props: { component: ElementType<any, keyof IntrinsicElements>; } & GridBaseProps & { sx?: SxProps<Theme> | undefined; } & SystemProps<...> & Omit<...>): Element | null', gave the following error.
    Property 'component' is missing in type '{ children: Element[]; item: true; xs: number; }' but required in type '{ component: ElementType<any, keyof IntrinsicElements>; }'.
  Overload 2 of 2, '(props: DefaultComponentProps<GridTypeMap<{}, "div">>): Element | null', gave the following error.
    Type '{ children: Element[]; item: true; xs: number; }' is not assignable to type 'IntrinsicAttributes & GridBaseProps & { sx?: SxProps<Theme> | undefined; } & SystemProps<Theme> & Omit<...>'.
      Property 'item' does not exist on type 'IntrinsicAttributes & GridBaseProps & { sx?: SxProps<Theme> | undefined; } & SystemProps<Theme> & Omit<...>'.
    143 |
    144 |           {/* Contact Information */}
  > 145 |           <Grid item xs={12}>
        |           ^^^^^^^^^^^^^^^^^^^
    146 |             <Typography variant="h6" color="primary" gutterBottom>
    147 |               Contact Information
    148 |             </Typography>

TS2769: No overload matches this call.
  Overload 1 of 2, '(props: { component: ElementType<any, keyof IntrinsicElements>; } & GridBaseProps & { sx?: SxProps<Theme> | undefined; } & SystemProps<...> & Omit<...>): Element | null', gave the following error.
    Property 'component' is missing in type '{ children: Element; item: true; xs: number; md: number; }' but required in type '{ component: ElementType<any, keyof IntrinsicElements>; }'.
  Overload 2 of 2, '(props: DefaultComponentProps<GridTypeMap<{}, "div">>): Element | null', gave the following error.
    Type '{ children: Element; item: true; xs: number; md: number; }' is not assignable to type 'IntrinsicAttributes & GridBaseProps & { sx?: SxProps<Theme> | undefined; } & SystemProps<Theme> & Omit<...>'.
      Property 'item' does not exist on type 'IntrinsicAttributes & GridBaseProps & { sx?: SxProps<Theme> | undefined; } & SystemProps<Theme> & Omit<...>'.
    150 |           </Grid>
    151 |
  > 152 |           <Grid item xs={12} md={6}>
        |           ^^^^^^^^^^^^^^^^^^^^^^^^^^
    153 |             <Paper sx={{ p: 2, borderRadius: 2 }}>
    154 |               <Box sx={{ display: 'flex', alignItems: 'center', gap: 1, mb: 1 }}>
    155 |                 <EmailIcon color="action" />

TS2769: No overload matches this call.
  Overload 1 of 2, '(props: { component: ElementType<any, keyof IntrinsicElements>; } & GridBaseProps & { sx?: SxProps<Theme> | undefined; } & SystemProps<...> & Omit<...>): Element | null', gave the following error.
    Property 'component' is missing in type '{ children: Element; item: true; xs: number; md: number; }' but required in type '{ component: ElementType<any, keyof IntrinsicElements>; }'.
  Overload 2 of 2, '(props: DefaultComponentProps<GridTypeMap<{}, "div">>): Element | null', gave the following error.
    Type '{ children: Element; item: true; xs: number; md: number; }' is not assignable to type 'IntrinsicAttributes & GridBaseProps & { sx?: SxProps<Theme> | undefined; } & SystemProps<Theme> & Omit<...>'.
      Property 'item' does not exist on type 'IntrinsicAttributes & GridBaseProps & { sx?: SxProps<Theme> | undefined; } & SystemProps<Theme> & Omit<...>'.
    164 |           </Grid>
    165 |
  > 166 |           <Grid item xs={12} md={6}>
        |           ^^^^^^^^^^^^^^^^^^^^^^^^^^
    167 |             <Paper sx={{ p: 2, borderRadius: 2 }}>
    168 |               <Box sx={{ display: 'flex', alignItems: 'center', gap: 1, mb: 1 }}>
    169 |                 <PhoneIcon color="action" />

TS2769: No overload matches this call.
  Overload 1 of 2, '(props: { component: ElementType<any, keyof IntrinsicElements>; } & GridBaseProps & { sx?: SxProps<Theme> | undefined; } & SystemProps<...> & Omit<...>): Element | null', gave the following error.
    Property 'component' is missing in type '{ children: Element[]; item: true; xs: number; }' but required in type '{ component: ElementType<any, keyof IntrinsicElements>; }'.
  Overload 2 of 2, '(props: DefaultComponentProps<GridTypeMap<{}, "div">>): Element | null', gave the following error.
    Type '{ children: Element[]; item: true; xs: number; }' is not assignable to type 'IntrinsicAttributes & GridBaseProps & { sx?: SxProps<Theme> | undefined; } & SystemProps<Theme> & Omit<...>'.
      Property 'item' does not exist on type 'IntrinsicAttributes & GridBaseProps & { sx?: SxProps<Theme> | undefined; } & SystemProps<Theme> & Omit<...>'.
    179 |
    180 |           {/* Business Information */}
  > 181 |           <Grid item xs={12}>
        |           ^^^^^^^^^^^^^^^^^^^
    182 |             <Typography variant="h6" color="primary" gutterBottom sx={{ mt: 2 }}>
    183 |               Business Information
    184 |             </Typography>

TS2769: No overload matches this call.
  Overload 1 of 2, '(props: { component: ElementType<any, keyof IntrinsicElements>; } & GridBaseProps & { sx?: SxProps<Theme> | undefined; } & SystemProps<...> & Omit<...>): Element | null', gave the following error.
    Property 'component' is missing in type '{ children: Element; item: true; xs: number; md: number; }' but required in type '{ component: ElementType<any, keyof IntrinsicElements>; }'.
  Overload 2 of 2, '(props: DefaultComponentProps<GridTypeMap<{}, "div">>): Element | null', gave the following error.
    Type '{ children: Element; item: true; xs: number; md: number; }' is not assignable to type 'IntrinsicAttributes & GridBaseProps & { sx?: SxProps<Theme> | undefined; } & SystemProps<Theme> & Omit<...>'.
      Property 'item' does not exist on type 'IntrinsicAttributes & GridBaseProps & { sx?: SxProps<Theme> | undefined; } & SystemProps<Theme> & Omit<...>'.
    186 |           </Grid>
    187 |
  > 188 |           <Grid item xs={12} md={6}>
        |           ^^^^^^^^^^^^^^^^^^^^^^^^^^
    189 |             <Paper sx={{ p: 2, borderRadius: 2 }}>
    190 |               <Box sx={{ display: 'flex', alignItems: 'center', gap: 1, mb: 1 }}>
    191 |                 <WorkIcon color="action" />

TS2769: No overload matches this call.
  Overload 1 of 2, '(props: { component: ElementType<any, keyof IntrinsicElements>; } & GridBaseProps & { sx?: SxProps<Theme> | undefined; } & SystemProps<...> & Omit<...>): Element | null', gave the following error.
    Property 'component' is missing in type '{ children: Element; item: true; xs: number; md: number; }' but required in type '{ component: ElementType<any, keyof IntrinsicElements>; }'.
  Overload 2 of 2, '(props: DefaultComponentProps<GridTypeMap<{}, "div">>): Element | null', gave the following error.
    Type '{ children: Element; item: true; xs: number; md: number; }' is not assignable to type 'IntrinsicAttributes & GridBaseProps & { sx?: SxProps<Theme> | undefined; } & SystemProps<Theme> & Omit<...>'.
      Property 'item' does not exist on type 'IntrinsicAttributes & GridBaseProps & { sx?: SxProps<Theme> | undefined; } & SystemProps<Theme> & Omit<...>'.
    200 |           </Grid>
    201 |
  > 202 |           <Grid item xs={12} md={6}>
        |           ^^^^^^^^^^^^^^^^^^^^^^^^^^
    203 |             <Paper sx={{ p: 2, borderRadius: 2 }}>
    204 |               <Box sx={{ display: 'flex', alignItems: 'center', gap: 1, mb: 1 }}>
    205 |                 <CalendarIcon color="action" />

TS2769: No overload matches this call.
  Overload 1 of 2, '(props: { component: ElementType<any, keyof IntrinsicElements>; } & GridBaseProps & { sx?: SxProps<Theme> | undefined; } & SystemProps<...> & Omit<...>): Element | null', gave the following error.
    Property 'component' is missing in type '{ children: Element[]; item: true; xs: number; }' but required in type '{ component: ElementType<any, keyof IntrinsicElements>; }'.
  Overload 2 of 2, '(props: DefaultComponentProps<GridTypeMap<{}, "div">>): Element | null', gave the following error.
    Type '{ children: Element[]; item: true; xs: number; }' is not assignable to type 'IntrinsicAttributes & GridBaseProps & { sx?: SxProps<Theme> | undefined; } & SystemProps<Theme> & Omit<...>'.
      Property 'item' does not exist on type 'IntrinsicAttributes & GridBaseProps & { sx?: SxProps<Theme> | undefined; } & SystemProps<Theme> & Omit<...>'.
    215 |
    216 |           {/* Services Offered */}
  > 217 |           <Grid item xs={12}>
        |           ^^^^^^^^^^^^^^^^^^^
    218 |             <Typography variant="h6" color="primary" gutterBottom sx={{ mt: 2 }}>
    219 |               Services Offered
    220 |             </Typography>

TS2769: No overload matches this call.
  Overload 1 of 2, '(props: { component: ElementType<any, keyof IntrinsicElements>; } & GridBaseProps & { sx?: SxProps<Theme> | undefined; } & SystemProps<...> & Omit<...>): Element | null', gave the following error.
    Property 'component' is missing in type '{ children: Element; item: true; xs: number; }' but required in type '{ component: ElementType<any, keyof IntrinsicElements>; }'.
  Overload 2 of 2, '(props: DefaultComponentProps<GridTypeMap<{}, "div">>): Element | null', gave the following error.
    Type '{ children: Element; item: true; xs: number; }' is not assignable to type 'IntrinsicAttributes & GridBaseProps & { sx?: SxProps<Theme> | undefined; } & SystemProps<Theme> & Omit<...>'.
      Property 'item' does not exist on type 'IntrinsicAttributes & GridBaseProps & { sx?: SxProps<Theme> | undefined; } & SystemProps<Theme> & Omit<...>'.
    222 |           </Grid>
    223 |
  > 224 |           <Grid item xs={12}>
        |           ^^^^^^^^^^^^^^^^^^^
    225 |             <Box sx={{ display: 'flex', flexWrap: 'wrap', gap: 1 }}>
    226 |               {provider.services_offered?.map((service, index) => (
    227 |                 <Chip

TS2769: No overload matches this call.
  Overload 1 of 2, '(props: { component: ElementType<any, keyof IntrinsicElements>; } & GridBaseProps & { sx?: SxProps<Theme> | undefined; } & SystemProps<...> & Omit<...>): Element | null', gave the following error.
    Property 'component' is missing in type '{ children: Element[]; item: true; xs: number; }' but required in type '{ component: ElementType<any, keyof IntrinsicElements>; }'.
  Overload 2 of 2, '(props: DefaultComponentProps<GridTypeMap<{}, "div">>): Element | null', gave the following error.
    Type '{ children: Element[]; item: true; xs: number; }' is not assignable to type 'IntrinsicAttributes & GridBaseProps & { sx?: SxProps<Theme> | undefined; } & SystemProps<Theme> & Omit<...>'.
      Property 'item' does not exist on type 'IntrinsicAttributes & GridBaseProps & { sx?: SxProps<Theme> | undefined; } & SystemProps<Theme> & Omit<...>'.
    241 |
    242 |           {/* Service Areas */}
  > 243 |           <Grid item xs={12}>
        |           ^^^^^^^^^^^^^^^^^^^
    244 |             <Typography variant="h6" color="primary" gutterBottom sx={{ mt: 2 }}>
    245 |               Service Areas
    246 |             </Typography>

TS2769: No overload matches this call.
  Overload 1 of 2, '(props: { component: ElementType<any, keyof IntrinsicElements>; } & GridBaseProps & { sx?: SxProps<Theme> | undefined; } & SystemProps<...> & Omit<...>): Element | null', gave the following error.
    Property 'component' is missing in type '{ children: Element; item: true; xs: number; }' but required in type '{ component: ElementType<any, keyof IntrinsicElements>; }'.
  Overload 2 of 2, '(props: DefaultComponentProps<GridTypeMap<{}, "div">>): Element | null', gave the following error.
    Type '{ children: Element; item: true; xs: number; }' is not assignable to type 'IntrinsicAttributes & GridBaseProps & { sx?: SxProps<Theme> | undefined; } & SystemProps<Theme> & Omit<...>'.
      Property 'item' does not exist on type 'IntrinsicAttributes & GridBaseProps & { sx?: SxProps<Theme> | undefined; } & SystemProps<Theme> & Omit<...>'.
    248 |           </Grid>
    249 |
  > 250 |           <Grid item xs={12}>
        |           ^^^^^^^^^^^^^^^^^^^
    251 |             <Box sx={{ display: 'flex', flexWrap: 'wrap', gap: 1 }}>
    252 |               {provider.service_areas?.map((area, index) => (
    253 |                 <Chip

TS2769: No overload matches this call.
  Overload 1 of 2, '(props: { component: ElementType<any, keyof IntrinsicElements>; } & GridBaseProps & { sx?: SxProps<Theme> | undefined; } & SystemProps<...> & Omit<...>): Element | null', gave the following error.
    Property 'component' is missing in type '{ children: Element[]; item: true; xs: number; }' but required in type '{ component: ElementType<any, keyof IntrinsicElements>; }'.
  Overload 2 of 2, '(props: DefaultComponentProps<GridTypeMap<{}, "div">>): Element | null', gave the following error.
    Type '{ children: Element[]; item: true; xs: number; }' is not assignable to type 'IntrinsicAttributes & GridBaseProps & { sx?: SxProps<Theme> | undefined; } & SystemProps<Theme> & Omit<...>'.
      Property 'item' does not exist on type 'IntrinsicAttributes & GridBaseProps & { sx?: SxProps<Theme> | undefined; } & SystemProps<Theme> & Omit<...>'.
    269 |           {provider.bio && (
    270 |             <>
  > 271 |               <Grid item xs={12}>
        |               ^^^^^^^^^^^^^^^^^^^
    272 |                 <Typography variant="h6" color="primary" gutterBottom sx={{ mt: 2 }}>
    273 |                   About
    274 |                 </Typography>

TS2769: No overload matches this call.
  Overload 1 of 2, '(props: { component: ElementType<any, keyof IntrinsicElements>; } & GridBaseProps & { sx?: SxProps<Theme> | undefined; } & SystemProps<...> & Omit<...>): Element | null', gave the following error.
    Property 'component' is missing in type '{ children: Element; item: true; xs: number; }' but required in type '{ component: ElementType<any, keyof IntrinsicElements>; }'.
  Overload 2 of 2, '(props: DefaultComponentProps<GridTypeMap<{}, "div">>): Element | null', gave the following error.
    Type '{ children: Element; item: true; xs: number; }' is not assignable to type 'IntrinsicAttributes & GridBaseProps & { sx?: SxProps<Theme> | undefined; } & SystemProps<Theme> & Omit<...>'.
      Property 'item' does not exist on type 'IntrinsicAttributes & GridBaseProps & { sx?: SxProps<Theme> | undefined; } & SystemProps<Theme> & Omit<...>'.
    275 |                 <Divider sx={{ mb: 2 }} />
    276 |               </Grid>
  > 277 |               <Grid item xs={12}>
        |               ^^^^^^^^^^^^^^^^^^^
    278 |                 <Paper sx={{ p: 2, borderRadius: 2 }}>
    279 |                   <Typography variant="body2" color="text.secondary">
    280 |                     {provider.bio}

TS2769: No overload matches this call.
  Overload 1 of 2, '(props: { component: ElementType<any, keyof IntrinsicElements>; } & GridBaseProps & { sx?: SxProps<Theme> | undefined; } & SystemProps<...> & Omit<...>): Element | null', gave the following error.
    Property 'component' is missing in type '{ children: Element[]; item: true; xs: number; }' but required in type '{ component: ElementType<any, keyof IntrinsicElements>; }'.
  Overload 2 of 2, '(props: DefaultComponentProps<GridTypeMap<{}, "div">>): Element | null', gave the following error.
    Type '{ children: Element[]; item: true; xs: number; }' is not assignable to type 'IntrinsicAttributes & GridBaseProps & { sx?: SxProps<Theme> | undefined; } & SystemProps<Theme> & Omit<...>'.
      Property 'item' does not exist on type 'IntrinsicAttributes & GridBaseProps & { sx?: SxProps<Theme> | undefined; } & SystemProps<Theme> & Omit<...>'.
    286 |
    287 |           {/* Timestamps */}
  > 288 |           <Grid item xs={12}>
        |           ^^^^^^^^^^^^^^^^^^^
    289 |             <Typography variant="h6" color="primary" gutterBottom sx={{ mt: 2 }}>
    290 |               Account Information
    291 |             </Typography>

TS2769: No overload matches this call.
  Overload 1 of 2, '(props: { component: ElementType<any, keyof IntrinsicElements>; } & GridBaseProps & { sx?: SxProps<Theme> | undefined; } & SystemProps<...> & Omit<...>): Element | null', gave the following error.
    Property 'component' is missing in type '{ children: Element; item: true; xs: number; md: number; }' but required in type '{ component: ElementType<any, keyof IntrinsicElements>; }'.
  Overload 2 of 2, '(props: DefaultComponentProps<GridTypeMap<{}, "div">>): Element | null', gave the following error.
    Type '{ children: Element; item: true; xs: number; md: number; }' is not assignable to type 'IntrinsicAttributes & GridBaseProps & { sx?: SxProps<Theme> | undefined; } & SystemProps<Theme> & Omit<...>'.
      Property 'item' does not exist on type 'IntrinsicAttributes & GridBaseProps & { sx?: SxProps<Theme> | undefined; } & SystemProps<Theme> & Omit<...>'.
    293 |           </Grid>
    294 |
  > 295 |           <Grid item xs={12} md={6}>
        |           ^^^^^^^^^^^^^^^^^^^^^^^^^^
    296 |             <Paper sx={{ p: 2, borderRadius: 2 }}>
    297 |               <Typography variant="body2" fontWeight="500" gutterBottom>
    298 |                 Created

TS2769: No overload matches this call.
  Overload 1 of 2, '(props: { component: ElementType<any, keyof IntrinsicElements>; } & GridBaseProps & { sx?: SxProps<Theme> | undefined; } & SystemProps<...> & Omit<...>): Element | null', gave the following error.
    Property 'component' is missing in type '{ children: Element; item: true; xs: number; md: number; }' but required in type '{ component: ElementType<any, keyof IntrinsicElements>; }'.
  Overload 2 of 2, '(props: DefaultComponentProps<GridTypeMap<{}, "div">>): Element | null', gave the following error.
    Type '{ children: Element; item: true; xs: number; md: number; }' is not assignable to type 'IntrinsicAttributes & GridBaseProps & { sx?: SxProps<Theme> | undefined; } & SystemProps<Theme> & Omit<...>'.
      Property 'item' does not exist on type 'IntrinsicAttributes & GridBaseProps & { sx?: SxProps<Theme> | undefined; } & SystemProps<Theme> & Omit<...>'.
    304 |           </Grid>
    305 |
  > 306 |           <Grid item xs={12} md={6}>
        |           ^^^^^^^^^^^^^^^^^^^^^^^^^^
    307 |             <Paper sx={{ p: 2, borderRadius: 2 }}>
    308 |               <Typography variant="body2" fontWeight="500" gutterBottom>
    309 |                 Last Updated

TS2769: No overload matches this call.
  Overload 1 of 2, '(props: { component: ElementType<any, keyof IntrinsicElements>; } & GridBaseProps & { sx?: SxProps<Theme> | undefined; } & SystemProps<...> & Omit<...>): Element | null', gave the following error.
    Property 'component' is missing in type '{ children: Element; item: true; xs: number; md: number; }' but required in type '{ component: ElementType<any, keyof IntrinsicElements>; }'.
  Overload 2 of 2, '(props: DefaultComponentProps<GridTypeMap<{}, "div">>): Element | null', gave the following error.
    Type '{ children: Element; item: true; xs: number; md: number; }' is not assignable to type 'IntrinsicAttributes & GridBaseProps & { sx?: SxProps<Theme> | undefined; } & SystemProps<Theme> & Omit<...>'.
      Property 'item' does not exist on type 'IntrinsicAttributes & GridBaseProps & { sx?: SxProps<Theme> | undefined; } & SystemProps<Theme> & Omit<...>'.
    76 |
    77 |       <Grid container spacing={2} alignItems="center">
  > 78 |         <Grid item xs={12} md={4}>
       |         ^^^^^^^^^^^^^^^^^^^^^^^^^^
    79 |           <TextField
    80 |             fullWidth
    81 |             placeholder="Search providers..."

TS2769: No overload matches this call.
  Overload 1 of 2, '(props: { component: ElementType<any, keyof IntrinsicElements>; } & GridBaseProps & { sx?: SxProps<Theme> | undefined; } & SystemProps<...> & Omit<...>): Element | null', gave the following error.
    Property 'component' is missing in type '{ children: Element; item: true; xs: number; md: number; }' but required in type '{ component: ElementType<any, keyof IntrinsicElements>; }'.
  Overload 2 of 2, '(props: DefaultComponentProps<GridTypeMap<{}, "div">>): Element | null', gave the following error.
    Type '{ children: Element; item: true; xs: number; md: number; }' is not assignable to type 'IntrinsicAttributes & GridBaseProps & { sx?: SxProps<Theme> | undefined; } & SystemProps<Theme> & Omit<...>'.
      Property 'item' does not exist on type 'IntrinsicAttributes & GridBaseProps & { sx?: SxProps<Theme> | undefined; } & SystemProps<Theme> & Omit<...>'.
    93 |         </Grid>
    94 |
  > 95 |         <Grid item xs={12} md={3}>
       |         ^^^^^^^^^^^^^^^^^^^^^^^^^^
    96 |           <FormControl fullWidth>
    97 |             <InputLabel>Status</InputLabel>
    98 |             <Select

TS2769: No overload matches this call.
  Overload 1 of 2, '(props: { component: ElementType<any, keyof IntrinsicElements>; } & GridBaseProps & { sx?: SxProps<Theme> | undefined; } & SystemProps<...> & Omit<...>): Element | null', gave the following error.
    Property 'component' is missing in type '{ children: Element; item: true; xs: number; md: number; }' but required in type '{ component: ElementType<any, keyof IntrinsicElements>; }'.
  Overload 2 of 2, '(props: DefaultComponentProps<GridTypeMap<{}, "div">>): Element | null', gave the following error.
    Type '{ children: Element; item: true; xs: number; md: number; }' is not assignable to type 'IntrinsicAttributes & GridBaseProps & { sx?: SxProps<Theme> | undefined; } & SystemProps<Theme> & Omit<...>'.
      Property 'item' does not exist on type 'IntrinsicAttributes & GridBaseProps & { sx?: SxProps<Theme> | undefined; } & SystemProps<Theme> & Omit<...>'.
    111 |         </Grid>
    112 |
  > 113 |         <Grid item xs={12} md={3}>
        |         ^^^^^^^^^^^^^^^^^^^^^^^^^^
    114 |           <FormControl fullWidth>
    115 |             <InputLabel>Experience</InputLabel>
    116 |             <Select

TS2769: No overload matches this call.
  Overload 1 of 2, '(props: { component: ElementType<any, keyof IntrinsicElements>; } & GridBaseProps & { sx?: SxProps<Theme> | undefined; } & SystemProps<...> & Omit<...>): Element | null', gave the following error.
    Property 'component' is missing in type '{ children: Element; item: true; xs: number; md: number; }' but required in type '{ component: ElementType<any, keyof IntrinsicElements>; }'.
  Overload 2 of 2, '(props: DefaultComponentProps<GridTypeMap<{}, "div">>): Element | null', gave the following error.
    Type '{ children: Element; item: true; xs: number; md: number; }' is not assignable to type 'IntrinsicAttributes & GridBaseProps & { sx?: SxProps<Theme> | undefined; } & SystemProps<Theme> & Omit<...>'.
      Property 'item' does not exist on type 'IntrinsicAttributes & GridBaseProps & { sx?: SxProps<Theme> | undefined; } & SystemProps<Theme> & Omit<...>'.
    129 |         </Grid>
    130 |
  > 131 |         <Grid item xs={12} md={2}>
        |         ^^^^^^^^^^^^^^^^^^^^^^^^^^
    132 |           <Box sx={{ display: 'flex', gap: 1 }}>
    133 |             <Button
    134 |               variant="contained"

TS2769: No overload matches this call.
  Overload 1 of 2, '(props: { component: ElementType<any, keyof IntrinsicElements>; } & GridBaseProps & { sx?: SxProps<Theme> | undefined; } & SystemProps<...> & Omit<...>): Element | null', gave the following error.
    Property 'component' is missing in type '{ children: Element[]; item: true; xs: number; }' but required in type '{ component: ElementType<any, keyof IntrinsicElements>; }'.
  Overload 2 of 2, '(props: DefaultComponentProps<GridTypeMap<{}, "div">>): Element | null', gave the following error.
    Type '{ children: Element[]; item: true; xs: number; }' is not assignable to type 'IntrinsicAttributes & GridBaseProps & { sx?: SxProps<Theme> | undefined; } & SystemProps<Theme> & Omit<...>'.
      Property 'item' does not exist on type 'IntrinsicAttributes & GridBaseProps & { sx?: SxProps<Theme> | undefined; } & SystemProps<Theme> & Omit<...>'.
    206 |         <Grid container spacing={3}>
    207 |           {/* Basic Information */}
  > 208 |           <Grid item xs={12}>
        |           ^^^^^^^^^^^^^^^^^^^
    209 |             <Typography variant="h6" color="primary" gutterBottom>
    210 |               Basic Information
    211 |             </Typography>

TS2769: No overload matches this call.
  Overload 1 of 2, '(props: { component: ElementType<any, keyof IntrinsicElements>; } & GridBaseProps & { sx?: SxProps<Theme> | undefined; } & SystemProps<...> & Omit<...>): Element | null', gave the following error.
    Property 'component' is missing in type '{ children: Element; item: true; xs: number; md: number; }' but required in type '{ component: ElementType<any, keyof IntrinsicElements>; }'.
  Overload 2 of 2, '(props: DefaultComponentProps<GridTypeMap<{}, "div">>): Element | null', gave the following error.
    Type '{ children: Element; item: true; xs: number; md: number; }' is not assignable to type 'IntrinsicAttributes & GridBaseProps & { sx?: SxProps<Theme> | undefined; } & SystemProps<Theme> & Omit<...>'.
      Property 'item' does not exist on type 'IntrinsicAttributes & GridBaseProps & { sx?: SxProps<Theme> | undefined; } & SystemProps<Theme> & Omit<...>'.
    213 |           </Grid>
    214 |
  > 215 |           <Grid item xs={12} md={6}>
        |           ^^^^^^^^^^^^^^^^^^^^^^^^^^
    216 |             <TextField
    217 |               fullWidth
    218 |               label="Business Name"

TS2769: No overload matches this call.
  Overload 1 of 2, '(props: { component: ElementType<any, keyof IntrinsicElements>; } & GridBaseProps & { sx?: SxProps<Theme> | undefined; } & SystemProps<...> & Omit<...>): Element | null', gave the following error.
    Property 'component' is missing in type '{ children: Element; item: true; xs: number; md: number; }' but required in type '{ component: ElementType<any, keyof IntrinsicElements>; }'.
  Overload 2 of 2, '(props: DefaultComponentProps<GridTypeMap<{}, "div">>): Element | null', gave the following error.
    Type '{ children: Element; item: true; xs: number; md: number; }' is not assignable to type 'IntrinsicAttributes & GridBaseProps & { sx?: SxProps<Theme> | undefined; } & SystemProps<Theme> & Omit<...>'.
      Property 'item' does not exist on type 'IntrinsicAttributes & GridBaseProps & { sx?: SxProps<Theme> | undefined; } & SystemProps<Theme> & Omit<...>'.
    225 |           </Grid>
    226 |
  > 227 |           <Grid item xs={12} md={6}>
        |           ^^^^^^^^^^^^^^^^^^^^^^^^^^
    228 |             <TextField
    229 |               fullWidth
    230 |               label="Business License"

TS2769: No overload matches this call.
  Overload 1 of 2, '(props: { component: ElementType<any, keyof IntrinsicElements>; } & GridBaseProps & { sx?: SxProps<Theme> | undefined; } & SystemProps<...> & Omit<...>): Element | null', gave the following error.
    Property 'component' is missing in type '{ children: Element; item: true; xs: number; md: number; }' but required in type '{ component: ElementType<any, keyof IntrinsicElements>; }'.
  Overload 2 of 2, '(props: DefaultComponentProps<GridTypeMap<{}, "div">>): Element | null', gave the following error.
    Type '{ children: Element; item: true; xs: number; md: number; }' is not assignable to type 'IntrinsicAttributes & GridBaseProps & { sx?: SxProps<Theme> | undefined; } & SystemProps<Theme> & Omit<...>'.
      Property 'item' does not exist on type 'IntrinsicAttributes & GridBaseProps & { sx?: SxProps<Theme> | undefined; } & SystemProps<Theme> & Omit<...>'.
    235 |           </Grid>
    236 |
  > 237 |           <Grid item xs={12} md={6}>
        |           ^^^^^^^^^^^^^^^^^^^^^^^^^^
    238 |             <TextField
    239 |               fullWidth
    240 |               label="Years of Experience"

TS2769: No overload matches this call.
  Overload 1 of 2, '(props: { component: ElementType<any, keyof IntrinsicElements>; } & GridBaseProps & { sx?: SxProps<Theme> | undefined; } & SystemProps<...> & Omit<...>): Element | null', gave the following error.
    Property 'component' is missing in type '{ children: Element; item: true; xs: number; md: number; }' but required in type '{ component: ElementType<any, keyof IntrinsicElements>; }'.
  Overload 2 of 2, '(props: DefaultComponentProps<GridTypeMap<{}, "div">>): Element | null', gave the following error.
    Type '{ children: Element; item: true; xs: number; md: number; }' is not assignable to type 'IntrinsicAttributes & GridBaseProps & { sx?: SxProps<Theme> | undefined; } & SystemProps<Theme> & Omit<...>'.
      Property 'item' does not exist on type 'IntrinsicAttributes & GridBaseProps & { sx?: SxProps<Theme> | undefined; } & SystemProps<Theme> & Omit<...>'.
    246 |           </Grid>
    247 |
  > 248 |           <Grid item xs={12} md={6}>
        |           ^^^^^^^^^^^^^^^^^^^^^^^^^^
    249 |             <FormControl fullWidth>
    250 |               <InputLabel>Verification Status</InputLabel>
    251 |               <Select

TS2769: No overload matches this call.
  Overload 1 of 2, '(props: { component: ElementType<any, keyof IntrinsicElements>; } & GridBaseProps & { sx?: SxProps<Theme> | undefined; } & SystemProps<...> & Omit<...>): Element | null', gave the following error.
    Property 'component' is missing in type '{ children: Element[]; item: true; xs: number; }' but required in type '{ component: ElementType<any, keyof IntrinsicElements>; }'.
  Overload 2 of 2, '(props: DefaultComponentProps<GridTypeMap<{}, "div">>): Element | null', gave the following error.
    Type '{ children: Element[]; item: true; xs: number; }' is not assignable to type 'IntrinsicAttributes & GridBaseProps & { sx?: SxProps<Theme> | undefined; } & SystemProps<Theme> & Omit<...>'.
      Property 'item' does not exist on type 'IntrinsicAttributes & GridBaseProps & { sx?: SxProps<Theme> | undefined; } & SystemProps<Theme> & Omit<...>'.
    263 |
    264 |           {/* Services Offered */}
  > 265 |           <Grid item xs={12}>
        |           ^^^^^^^^^^^^^^^^^^^
    266 |             <Typography variant="h6" color="primary" gutterBottom sx={{ mt: 2 }}>
    267 |               Services Offered
    268 |             </Typography>

TS2769: No overload matches this call.
  Overload 1 of 2, '(props: { component: ElementType<any, keyof IntrinsicElements>; } & GridBaseProps & { sx?: SxProps<Theme> | undefined; } & SystemProps<...> & Omit<...>): Element | null', gave the following error.
    Property 'component' is missing in type '{ children: ("" | Element)[]; item: true; xs: number; }' but required in type '{ component: ElementType<any, keyof IntrinsicElements>; }'.
  Overload 2 of 2, '(props: DefaultComponentProps<GridTypeMap<{}, "div">>): Element | null', gave the following error.
    Type '{ children: ("" | Element)[]; item: true; xs: number; }' is not assignable to type 'IntrinsicAttributes & GridBaseProps & { sx?: SxProps<Theme> | undefined; } & SystemProps<Theme> & Omit<...>'.
      Property 'item' does not exist on type 'IntrinsicAttributes & GridBaseProps & { sx?: SxProps<Theme> | undefined; } & SystemProps<Theme> & Omit<...>'.
    270 |           </Grid>
    271 |
  > 272 |           <Grid item xs={12}>
        |           ^^^^^^^^^^^^^^^^^^^
    273 |             <Box sx={{ display: 'flex', gap: 1, mb: 2 }}>
    274 |               <TextField
    275 |                 fullWidth

TS2769: No overload matches this call.
  Overload 1 of 2, '(props: { component: ElementType<any, keyof IntrinsicElements>; } & GridBaseProps & { sx?: SxProps<Theme> | undefined; } & SystemProps<...> & Omit<...>): Element | null', gave the following error.
    Property 'component' is missing in type '{ children: Element[]; item: true; xs: number; }' but required in type '{ component: ElementType<any, keyof IntrinsicElements>; }'.
  Overload 2 of 2, '(props: DefaultComponentProps<GridTypeMap<{}, "div">>): Element | null', gave the following error.
    Type '{ children: Element[]; item: true; xs: number; }' is not assignable to type 'IntrinsicAttributes & GridBaseProps & { sx?: SxProps<Theme> | undefined; } & SystemProps<Theme> & Omit<...>'.
      Property 'item' does not exist on type 'IntrinsicAttributes & GridBaseProps & { sx?: SxProps<Theme> | undefined; } & SystemProps<Theme> & Omit<...>'.
    309 |
    310 |           {/* Service Areas */}
  > 311 |           <Grid item xs={12}>
        |           ^^^^^^^^^^^^^^^^^^^
    312 |             <Typography variant="h6" color="primary" gutterBottom sx={{ mt: 2 }}>
    313 |               Service Areas
    314 |             </Typography>

TS2769: No overload matches this call.
  Overload 1 of 2, '(props: { component: ElementType<any, keyof IntrinsicElements>; } & GridBaseProps & { sx?: SxProps<Theme> | undefined; } & SystemProps<...> & Omit<...>): Element | null', gave the following error.
    Property 'component' is missing in type '{ children: ("" | Element)[]; item: true; xs: number; }' but required in type '{ component: ElementType<any, keyof IntrinsicElements>; }'.
  Overload 2 of 2, '(props: DefaultComponentProps<GridTypeMap<{}, "div">>): Element | null', gave the following error.
    Type '{ children: ("" | Element)[]; item: true; xs: number; }' is not assignable to type 'IntrinsicAttributes & GridBaseProps & { sx?: SxProps<Theme> | undefined; } & SystemProps<Theme> & Omit<...>'.
      Property 'item' does not exist on type 'IntrinsicAttributes & GridBaseProps & { sx?: SxProps<Theme> | undefined; } & SystemProps<Theme> & Omit<...>'.
    316 |           </Grid>
    317 |
  > 318 |           <Grid item xs={12}>
        |           ^^^^^^^^^^^^^^^^^^^
    319 |             <Box sx={{ display: 'flex', gap: 1, mb: 2 }}>
    320 |               <TextField
    321 |                 fullWidth

TS2769: No overload matches this call.
  Overload 1 of 2, '(props: { component: ElementType<any, keyof IntrinsicElements>; } & GridBaseProps & { sx?: SxProps<Theme> | undefined; } & SystemProps<...> & Omit<...>): Element | null', gave the following error.
    Property 'component' is missing in type '{ children: Element[]; item: true; xs: number; }' but required in type '{ component: ElementType<any, keyof IntrinsicElements>; }'.
  Overload 2 of 2, '(props: DefaultComponentProps<GridTypeMap<{}, "div">>): Element | null', gave the following error.
    Type '{ children: Element[]; item: true; xs: number; }' is not assignable to type 'IntrinsicAttributes & GridBaseProps & { sx?: SxProps<Theme> | undefined; } & SystemProps<Theme> & Omit<...>'.
      Property 'item' does not exist on type 'IntrinsicAttributes & GridBaseProps & { sx?: SxProps<Theme> | undefined; } & SystemProps<Theme> & Omit<...>'.
    355 |
    356 |           {/* Bio */}
  > 357 |           <Grid item xs={12}>
        |           ^^^^^^^^^^^^^^^^^^^
    358 |             <Typography variant="h6" color="primary" gutterBottom sx={{ mt: 2 }}>
    359 |               Additional Information
    360 |             </Typography>

TS2769: No overload matches this call.
  Overload 1 of 2, '(props: { component: ElementType<any, keyof IntrinsicElements>; } & GridBaseProps & { sx?: SxProps<Theme> | undefined; } & SystemProps<...> & Omit<...>): Element | null', gave the following error.
    Property 'component' is missing in type '{ children: Element; item: true; xs: number; }' but required in type '{ component: ElementType<any, keyof IntrinsicElements>; }'.
  Overload 2 of 2, '(props: DefaultComponentProps<GridTypeMap<{}, "div">>): Element | null', gave the following error.
    Type '{ children: Element; item: true; xs: number; }' is not assignable to type 'IntrinsicAttributes & GridBaseProps & { sx?: SxProps<Theme> | undefined; } & SystemProps<Theme> & Omit<...>'.
      Property 'item' does not exist on type 'IntrinsicAttributes & GridBaseProps & { sx?: SxProps<Theme> | undefined; } & SystemProps<Theme> & Omit<...>'.
    362 |           </Grid>
    363 |
  > 364 |           <Grid item xs={12}>
        |           ^^^^^^^^^^^^^^^^^^^
    365 |             <TextField
    366 |               fullWidth
    367 |               label="Bio"

TS2769: No overload matches this call.
  Overload 1 of 2, '(props: { component: ElementType<any, keyof IntrinsicElements>; } & GridBaseProps & { sx?: SxProps<Theme> | undefined; } & SystemProps<...> & Omit<...>): Element | null', gave the following error.
    Property 'component' is missing in type '{ children: Element[]; item: true; xs: number; }' but required in type '{ component: ElementType<any, keyof IntrinsicElements>; }'.
  Overload 2 of 2, '(props: DefaultComponentProps<GridTypeMap<{}, "div">>): Element | null', gave the following error.
    Type '{ children: Element[]; item: true; xs: number; }' is not assignable to type 'IntrinsicAttributes & GridBaseProps & { sx?: SxProps<Theme> | undefined; } & SystemProps<Theme> & Omit<...>'.
      Property 'item' does not exist on type 'IntrinsicAttributes & GridBaseProps & { sx?: SxProps<Theme> | undefined; } & SystemProps<Theme> & Omit<...>'.
    376 |
    377 |           {/* Settings */}
  > 378 |           <Grid item xs={12}>
        |           ^^^^^^^^^^^^^^^^^^^
    379 |             <Typography variant="h6" color="primary" gutterBottom sx={{ mt: 2 }}>
    380 |               Settings
    381 |             </Typography>

TS2769: No overload matches this call.
  Overload 1 of 2, '(props: { component: ElementType<any, keyof IntrinsicElements>; } & GridBaseProps & { sx?: SxProps<Theme> | undefined; } & SystemProps<...> & Omit<...>): Element | null', gave the following error.
    Property 'component' is missing in type '{ children: Element; item: true; xs: number; }' but required in type '{ component: ElementType<any, keyof IntrinsicElements>; }'.
  Overload 2 of 2, '(props: DefaultComponentProps<GridTypeMap<{}, "div">>): Element | null', gave the following error.
    Type '{ children: Element; item: true; xs: number; }' is not assignable to type 'IntrinsicAttributes & GridBaseProps & { sx?: SxProps<Theme> | undefined; } & SystemProps<Theme> & Omit<...>'.
      Property 'item' does not exist on type 'IntrinsicAttributes & GridBaseProps & { sx?: SxProps<Theme> | undefined; } & SystemProps<Theme> & Omit<...>'.
    383 |           </Grid>
    384 |
  > 385 |           <Grid item xs={12}>
        |           ^^^^^^^^^^^^^^^^^^^
    386 |             <FormControlLabel
    387 |               control={
    388 |                 <Switch

TS2345: Argument of type 'ProviderStats' is not assignable to parameter of type 'SetStateAction<{ total_providers: number; verified_providers: number; pending_providers: number; rejected_providers: number; average_rating: number; total_services: number; total_bookings: number; }>'.
  Type 'ProviderStats' is not assignable to type '{ total_providers: number; verified_providers: number; pending_providers: number; rejected_providers: number; average_rating: number; total_services: number; total_bookings: number; }'.
    Types of property 'rejected_providers' are incompatible.
      Type 'number | undefined' is not assignable to type 'number'.
        Type 'undefined' is not assignable to type 'number'.
    106 |       
    107 |       if (response.data) {
  > 108 |         setStats(response.data)
        |                  ^^^^^^^^^^^^^
    109 |       }
    110 |     } catch (err: any) {
    111 |       console.error('Error fetching provider stats:', err)

TS2769: No overload matches this call.
  Overload 1 of 2, '(props: { component: ElementType<any, keyof IntrinsicElements>; } & GridBaseProps & { sx?: SxProps<Theme> | undefined; } & SystemProps<...> & Omit<...>): Element | null', gave the following error.
    Property 'component' is missing in type '{ children: Element; item: true; xs: number; sm: number; md: number; }' but required in type '{ component: ElementType<any, keyof IntrinsicElements>; }'.
  Overload 2 of 2, '(props: DefaultComponentProps<GridTypeMap<{}, "div">>): Element | null', gave the following error.
    Type '{ children: Element; item: true; xs: number; sm: number; md: number; }' is not assignable to type 'IntrinsicAttributes & GridBaseProps & { sx?: SxProps<Theme> | undefined; } & SystemProps<Theme> & Omit<...>'.
      Property 'item' does not exist on type 'IntrinsicAttributes & GridBaseProps & { sx?: SxProps<Theme> | undefined; } & SystemProps<Theme> & Omit<...>'.
    153 |     return (
    154 |       <Grid container spacing={3} sx={{ mb: 3 }}>
  > 155 |         <Grid item xs={12} sm={6} md={3}>
        |         ^^^^^^^^^^^^^^^^^^^^^^^^^^^^^^^^^
    156 |           <StatCardSkeleton />
    157 |         </Grid>
    158 |         <Grid item xs={12} sm={6} md={3}>

TS2769: No overload matches this call.
  Overload 1 of 2, '(props: { component: ElementType<any, keyof IntrinsicElements>; } & GridBaseProps & { sx?: SxProps<Theme> | undefined; } & SystemProps<...> & Omit<...>): Element | null', gave the following error.
    Property 'component' is missing in type '{ children: Element; item: true; xs: number; sm: number; md: number; }' but required in type '{ component: ElementType<any, keyof IntrinsicElements>; }'.
  Overload 2 of 2, '(props: DefaultComponentProps<GridTypeMap<{}, "div">>): Element | null', gave the following error.
    Type '{ children: Element; item: true; xs: number; sm: number; md: number; }' is not assignable to type 'IntrinsicAttributes & GridBaseProps & { sx?: SxProps<Theme> | undefined; } & SystemProps<Theme> & Omit<...>'.
      Property 'item' does not exist on type 'IntrinsicAttributes & GridBaseProps & { sx?: SxProps<Theme> | undefined; } & SystemProps<Theme> & Omit<...>'.
    156 |           <StatCardSkeleton />
    157 |         </Grid>
  > 158 |         <Grid item xs={12} sm={6} md={3}>
        |         ^^^^^^^^^^^^^^^^^^^^^^^^^^^^^^^^^
    159 |           <StatCardSkeleton />
    160 |         </Grid>
    161 |         <Grid item xs={12} sm={6} md={3}>

TS2769: No overload matches this call.
  Overload 1 of 2, '(props: { component: ElementType<any, keyof IntrinsicElements>; } & GridBaseProps & { sx?: SxProps<Theme> | undefined; } & SystemProps<...> & Omit<...>): Element | null', gave the following error.
    Property 'component' is missing in type '{ children: Element; item: true; xs: number; sm: number; md: number; }' but required in type '{ component: ElementType<any, keyof IntrinsicElements>; }'.
  Overload 2 of 2, '(props: DefaultComponentProps<GridTypeMap<{}, "div">>): Element | null', gave the following error.
    Type '{ children: Element; item: true; xs: number; sm: number; md: number; }' is not assignable to type 'IntrinsicAttributes & GridBaseProps & { sx?: SxProps<Theme> | undefined; } & SystemProps<Theme> & Omit<...>'.
      Property 'item' does not exist on type 'IntrinsicAttributes & GridBaseProps & { sx?: SxProps<Theme> | undefined; } & SystemProps<Theme> & Omit<...>'.
    159 |           <StatCardSkeleton />
    160 |         </Grid>
  > 161 |         <Grid item xs={12} sm={6} md={3}>
        |         ^^^^^^^^^^^^^^^^^^^^^^^^^^^^^^^^^
    162 |           <StatCardSkeleton />
    163 |         </Grid>
    164 |         <Grid item xs={12} sm={6} md={3}>

TS2769: No overload matches this call.
  Overload 1 of 2, '(props: { component: ElementType<any, keyof IntrinsicElements>; } & GridBaseProps & { sx?: SxProps<Theme> | undefined; } & SystemProps<...> & Omit<...>): Element | null', gave the following error.
    Property 'component' is missing in type '{ children: Element; item: true; xs: number; sm: number; md: number; }' but required in type '{ component: ElementType<any, keyof IntrinsicElements>; }'.
  Overload 2 of 2, '(props: DefaultComponentProps<GridTypeMap<{}, "div">>): Element | null', gave the following error.
    Type '{ children: Element; item: true; xs: number; sm: number; md: number; }' is not assignable to type 'IntrinsicAttributes & GridBaseProps & { sx?: SxProps<Theme> | undefined; } & SystemProps<Theme> & Omit<...>'.
      Property 'item' does not exist on type 'IntrinsicAttributes & GridBaseProps & { sx?: SxProps<Theme> | undefined; } & SystemProps<Theme> & Omit<...>'.
    162 |           <StatCardSkeleton />
    163 |         </Grid>
  > 164 |         <Grid item xs={12} sm={6} md={3}>
        |         ^^^^^^^^^^^^^^^^^^^^^^^^^^^^^^^^^
    165 |           <StatCardSkeleton />
    166 |         </Grid>
    167 |       </Grid>

TS2769: No overload matches this call.
  Overload 1 of 2, '(props: { component: ElementType<any, keyof IntrinsicElements>; } & GridBaseProps & { sx?: SxProps<Theme> | undefined; } & SystemProps<...> & Omit<...>): Element | null', gave the following error.
    Property 'component' is missing in type '{ children: Element; item: true; xs: number; sm: number; md: number; }' but required in type '{ component: ElementType<any, keyof IntrinsicElements>; }'.
  Overload 2 of 2, '(props: DefaultComponentProps<GridTypeMap<{}, "div">>): Element | null', gave the following error.
    Type '{ children: Element; item: true; xs: number; sm: number; md: number; }' is not assignable to type 'IntrinsicAttributes & GridBaseProps & { sx?: SxProps<Theme> | undefined; } & SystemProps<Theme> & Omit<...>'.
      Property 'item' does not exist on type 'IntrinsicAttributes & GridBaseProps & { sx?: SxProps<Theme> | undefined; } & SystemProps<Theme> & Omit<...>'.
    188 |   return (
    189 |     <Grid container spacing={3} sx={{ mb: 3 }}>
  > 190 |       <Grid item xs={12} sm={6} md={3}>
        |       ^^^^^^^^^^^^^^^^^^^^^^^^^^^^^^^^^
    191 |         <StatCard
    192 |           title="Total Providers"
    193 |           value={stats.total_providers}

TS2769: No overload matches this call.
  Overload 1 of 2, '(props: { component: ElementType<any, keyof IntrinsicElements>; } & GridBaseProps & { sx?: SxProps<Theme> | undefined; } & SystemProps<...> & Omit<...>): Element | null', gave the following error.
    Property 'component' is missing in type '{ children: Element; item: true; xs: number; sm: number; md: number; }' but required in type '{ component: ElementType<any, keyof IntrinsicElements>; }'.
  Overload 2 of 2, '(props: DefaultComponentProps<GridTypeMap<{}, "div">>): Element | null', gave the following error.
    Type '{ children: Element; item: true; xs: number; sm: number; md: number; }' is not assignable to type 'IntrinsicAttributes & GridBaseProps & { sx?: SxProps<Theme> | undefined; } & SystemProps<Theme> & Omit<...>'.
      Property 'item' does not exist on type 'IntrinsicAttributes & GridBaseProps & { sx?: SxProps<Theme> | undefined; } & SystemProps<Theme> & Omit<...>'.
    198 |       </Grid>
    199 |
  > 200 |       <Grid item xs={12} sm={6} md={3}>
        |       ^^^^^^^^^^^^^^^^^^^^^^^^^^^^^^^^^
    201 |         <StatCard
    202 |           title="Verified Providers"
    203 |           value={stats.verified_providers}

TS2769: No overload matches this call.
  Overload 1 of 2, '(props: { component: ElementType<any, keyof IntrinsicElements>; } & GridBaseProps & { sx?: SxProps<Theme> | undefined; } & SystemProps<...> & Omit<...>): Element | null', gave the following error.
    Property 'component' is missing in type '{ children: Element; item: true; xs: number; sm: number; md: number; }' but required in type '{ component: ElementType<any, keyof IntrinsicElements>; }'.
  Overload 2 of 2, '(props: DefaultComponentProps<GridTypeMap<{}, "div">>): Element | null', gave the following error.
    Type '{ children: Element; item: true; xs: number; sm: number; md: number; }' is not assignable to type 'IntrinsicAttributes & GridBaseProps & { sx?: SxProps<Theme> | undefined; } & SystemProps<Theme> & Omit<...>'.
      Property 'item' does not exist on type 'IntrinsicAttributes & GridBaseProps & { sx?: SxProps<Theme> | undefined; } & SystemProps<Theme> & Omit<...>'.
    208 |       </Grid>
    209 |
  > 210 |       <Grid item xs={12} sm={6} md={3}>
        |       ^^^^^^^^^^^^^^^^^^^^^^^^^^^^^^^^^
    211 |         <StatCard
    212 |           title="Pending Verification"
    213 |           value={stats.pending_providers}

TS2769: No overload matches this call.
  Overload 1 of 2, '(props: { component: ElementType<any, keyof IntrinsicElements>; } & GridBaseProps & { sx?: SxProps<Theme> | undefined; } & SystemProps<...> & Omit<...>): Element | null', gave the following error.
    Property 'component' is missing in type '{ children: Element; item: true; xs: number; sm: number; md: number; }' but required in type '{ component: ElementType<any, keyof IntrinsicElements>; }'.
  Overload 2 of 2, '(props: DefaultComponentProps<GridTypeMap<{}, "div">>): Element | null', gave the following error.
    Type '{ children: Element; item: true; xs: number; sm: number; md: number; }' is not assignable to type 'IntrinsicAttributes & GridBaseProps & { sx?: SxProps<Theme> | undefined; } & SystemProps<Theme> & Omit<...>'.
      Property 'item' does not exist on type 'IntrinsicAttributes & GridBaseProps & { sx?: SxProps<Theme> | undefined; } & SystemProps<Theme> & Omit<...>'.
    218 |       </Grid>
    219 |
  > 220 |       <Grid item xs={12} sm={6} md={3}>
        |       ^^^^^^^^^^^^^^^^^^^^^^^^^^^^^^^^^
    221 |         <StatCard
    222 |           title="Average Rating"
    223 |           value={averageRatingRaw !== null ? averageRatingRaw.toFixed(1) : '—'}

TS2769: No overload matches this call.
  Overload 1 of 2, '(props: { component: ElementType<any, keyof IntrinsicElements>; } & ChipOwnProps & ChipSlotsAndSlotProps & CommonProps & Omit<...>): Element | null', gave the following error.
    Type 'Element | null' is not assignable to type 'ReactElement<unknown, string | JSXElementConstructor<any>> | undefined'.
      Type 'null' is not assignable to type 'ReactElement<unknown, string | JSXElementConstructor<any>> | undefined'.
  Overload 2 of 2, '(props: DefaultComponentProps<ChipTypeMap<{}, "div">>): Element | null', gave the following error.
    Type 'Element | null' is not assignable to type 'ReactElement<unknown, string | JSXElementConstructor<any>> | undefined'.
    167 |                 <TableCell sx={{ py: 2 }}>
    168 |                   <Chip
  > 169 |                     icon={getStatusIcon(provider.verification_status)}
        |                     ^^^^
    170 |                     label={provider.verification_status?.charAt(0).toUpperCase() + provider.verification_status?.slice(1) || 'Unknown'}
    171 |                     color={getStatusColor(provider.verification_status) as any}
    172 |                     size="small"

TS18048: 'state.ui' is possibly 'undefined'.
     6 | export function ToastProvider() {
     7 |   const dispatch = useAppDispatch()
  >  8 |   const toasts = useAppSelector((state) => state.ui.toasts)
       |                                            ^^^^^^^^
     9 |
    10 |   const handleClose = (id: string) => {
    11 |     dispatch(removeToast(id))

TS2322: Type '"discount" | "credit" | "cashback" | "free_service"' is not assignable to type '"discount"'.
  Type '"credit"' is not assignable to type '"discount"'.
    133 |       setFormData({
    134 |         referral_code: referral.referral_code,
  > 135 |         reward_type: referral.reward_type,
        |         ^^^^^^^^^^^
    136 |         referrer_reward: referral.referrer_reward,
    137 |         referee_reward: referral.referee_reward,
    138 |         referrer_reward_currency: referral.referrer_reward_currency,

TS2769: No overload matches this call.
  Overload 1 of 2, '(props: { component: ElementType<any, keyof IntrinsicElements>; } & GridBaseProps & { sx?: SxProps<Theme> | undefined; } & SystemProps<...> & Omit<...>): Element | null', gave the following error.
    Property 'component' is missing in type '{ children: Element; item: true; xs: number; sm: number; md: number; }' but required in type '{ component: ElementType<any, keyof IntrinsicElements>; }'.
  Overload 2 of 2, '(props: DefaultComponentProps<GridTypeMap<{}, "div">>): Element | null', gave the following error.
    Type '{ children: Element; item: true; xs: number; sm: number; md: number; }' is not assignable to type 'IntrinsicAttributes & GridBaseProps & { sx?: SxProps<Theme> | undefined; } & SystemProps<Theme> & Omit<...>'.
      Property 'item' does not exist on type 'IntrinsicAttributes & GridBaseProps & { sx?: SxProps<Theme> | undefined; } & SystemProps<Theme> & Omit<...>'.
    220 |         <CardContent>
    221 |           <Grid container spacing={3}>
  > 222 |             <Grid item xs={12} sm={6} md={3}>
        |             ^^^^^^^^^^^^^^^^^^^^^^^^^^^^^^^^^
    223 |               <Box sx={{ textAlign: 'center' }}>
    224 |                 <Typography variant="h4" color="primary">
    225 |                   {referrals.length}

TS2769: No overload matches this call.
  Overload 1 of 2, '(props: { component: ElementType<any, keyof IntrinsicElements>; } & GridBaseProps & { sx?: SxProps<Theme> | undefined; } & SystemProps<...> & Omit<...>): Element | null', gave the following error.
    Property 'component' is missing in type '{ children: Element; item: true; xs: number; sm: number; md: number; }' but required in type '{ component: ElementType<any, keyof IntrinsicElements>; }'.
  Overload 2 of 2, '(props: DefaultComponentProps<GridTypeMap<{}, "div">>): Element | null', gave the following error.
    Type '{ children: Element; item: true; xs: number; sm: number; md: number; }' is not assignable to type 'IntrinsicAttributes & GridBaseProps & { sx?: SxProps<Theme> | undefined; } & SystemProps<Theme> & Omit<...>'.
      Property 'item' does not exist on type 'IntrinsicAttributes & GridBaseProps & { sx?: SxProps<Theme> | undefined; } & SystemProps<Theme> & Omit<...>'.
    230 |               </Box>
    231 |             </Grid>
  > 232 |             <Grid item xs={12} sm={6} md={3}>
        |             ^^^^^^^^^^^^^^^^^^^^^^^^^^^^^^^^^
    233 |               <Box sx={{ textAlign: 'center' }}>
    234 |                 <Typography variant="h4" color="success.main">
    235 |                   {referrals.filter(r => r.status === 'completed').length}

TS2769: No overload matches this call.
  Overload 1 of 2, '(props: { component: ElementType<any, keyof IntrinsicElements>; } & GridBaseProps & { sx?: SxProps<Theme> | undefined; } & SystemProps<...> & Omit<...>): Element | null', gave the following error.
    Property 'component' is missing in type '{ children: Element; item: true; xs: number; sm: number; md: number; }' but required in type '{ component: ElementType<any, keyof IntrinsicElements>; }'.
  Overload 2 of 2, '(props: DefaultComponentProps<GridTypeMap<{}, "div">>): Element | null', gave the following error.
    Type '{ children: Element; item: true; xs: number; sm: number; md: number; }' is not assignable to type 'IntrinsicAttributes & GridBaseProps & { sx?: SxProps<Theme> | undefined; } & SystemProps<Theme> & Omit<...>'.
      Property 'item' does not exist on type 'IntrinsicAttributes & GridBaseProps & { sx?: SxProps<Theme> | undefined; } & SystemProps<Theme> & Omit<...>'.
    240 |               </Box>
    241 |             </Grid>
  > 242 |             <Grid item xs={12} sm={6} md={3}>
        |             ^^^^^^^^^^^^^^^^^^^^^^^^^^^^^^^^^
    243 |               <Box sx={{ textAlign: 'center' }}>
    244 |                 <Typography variant="h4" color="warning.main">
    245 |                   {referrals.filter(r => r.status === 'pending').length}

TS2769: No overload matches this call.
  Overload 1 of 2, '(props: { component: ElementType<any, keyof IntrinsicElements>; } & GridBaseProps & { sx?: SxProps<Theme> | undefined; } & SystemProps<...> & Omit<...>): Element | null', gave the following error.
    Property 'component' is missing in type '{ children: Element; item: true; xs: number; sm: number; md: number; }' but required in type '{ component: ElementType<any, keyof IntrinsicElements>; }'.
  Overload 2 of 2, '(props: DefaultComponentProps<GridTypeMap<{}, "div">>): Element | null', gave the following error.
    Type '{ children: Element; item: true; xs: number; sm: number; md: number; }' is not assignable to type 'IntrinsicAttributes & GridBaseProps & { sx?: SxProps<Theme> | undefined; } & SystemProps<Theme> & Omit<...>'.
      Property 'item' does not exist on type 'IntrinsicAttributes & GridBaseProps & { sx?: SxProps<Theme> | undefined; } & SystemProps<Theme> & Omit<...>'.
    250 |               </Box>
    251 |             </Grid>
  > 252 |             <Grid item xs={12} sm={6} md={3}>
        |             ^^^^^^^^^^^^^^^^^^^^^^^^^^^^^^^^^
    253 |               <Box sx={{ textAlign: 'center' }}>
    254 |                 <Typography variant="h4" color="info.main">
    255 |                   ${referrals.reduce((sum, r) => sum + r.referrer_reward + r.referee_reward, 0)}

TS2769: No overload matches this call.
  Overload 1 of 2, '(props: { component: ElementType<any, keyof IntrinsicElements>; } & GridBaseProps & { sx?: SxProps<Theme> | undefined; } & SystemProps<...> & Omit<...>): Element | null', gave the following error.
    Property 'component' is missing in type '{ children: Element; item: true; xs: number; sm: number; }' but required in type '{ component: ElementType<any, keyof IntrinsicElements>; }'.
  Overload 2 of 2, '(props: DefaultComponentProps<GridTypeMap<{}, "div">>): Element | null', gave the following error.
    Type '{ children: Element; item: true; xs: number; sm: number; }' is not assignable to type 'IntrinsicAttributes & GridBaseProps & { sx?: SxProps<Theme> | undefined; } & SystemProps<Theme> & Omit<...>'.
      Property 'item' does not exist on type 'IntrinsicAttributes & GridBaseProps & { sx?: SxProps<Theme> | undefined; } & SystemProps<Theme> & Omit<...>'.
    467 |         <DialogContent>
    468 |           <Grid container spacing={2} sx={{ mt: 1 }}>
  > 469 |             <Grid item xs={12} sm={6}>
        |             ^^^^^^^^^^^^^^^^^^^^^^^^^^
    470 |               <TextField
    471 |                 fullWidth
    472 |                 label="Referral Code"

TS2769: No overload matches this call.
  Overload 1 of 2, '(props: { component: ElementType<any, keyof IntrinsicElements>; } & GridBaseProps & { sx?: SxProps<Theme> | undefined; } & SystemProps<...> & Omit<...>): Element | null', gave the following error.
    Property 'component' is missing in type '{ children: Element; item: true; xs: number; sm: number; }' but required in type '{ component: ElementType<any, keyof IntrinsicElements>; }'.
  Overload 2 of 2, '(props: DefaultComponentProps<GridTypeMap<{}, "div">>): Element | null', gave the following error.
    Type '{ children: Element; item: true; xs: number; sm: number; }' is not assignable to type 'IntrinsicAttributes & GridBaseProps & { sx?: SxProps<Theme> | undefined; } & SystemProps<Theme> & Omit<...>'.
      Property 'item' does not exist on type 'IntrinsicAttributes & GridBaseProps & { sx?: SxProps<Theme> | undefined; } & SystemProps<Theme> & Omit<...>'.
    475 |               />
    476 |             </Grid>
  > 477 |             <Grid item xs={12} sm={6}>
        |             ^^^^^^^^^^^^^^^^^^^^^^^^^^
    478 |               <FormControl fullWidth>
    479 |                 <InputLabel>Reward Type</InputLabel>
    480 |                 <Select

TS2769: No overload matches this call.
  Overload 1 of 2, '(props: { component: ElementType<any, keyof IntrinsicElements>; } & GridBaseProps & { sx?: SxProps<Theme> | undefined; } & SystemProps<...> & Omit<...>): Element | null', gave the following error.
    Property 'component' is missing in type '{ children: Element; item: true; xs: number; sm: number; }' but required in type '{ component: ElementType<any, keyof IntrinsicElements>; }'.
  Overload 2 of 2, '(props: DefaultComponentProps<GridTypeMap<{}, "div">>): Element | null', gave the following error.
    Type '{ children: Element; item: true; xs: number; sm: number; }' is not assignable to type 'IntrinsicAttributes & GridBaseProps & { sx?: SxProps<Theme> | undefined; } & SystemProps<Theme> & Omit<...>'.
      Property 'item' does not exist on type 'IntrinsicAttributes & GridBaseProps & { sx?: SxProps<Theme> | undefined; } & SystemProps<Theme> & Omit<...>'.
    489 |               </FormControl>
    490 |             </Grid>
  > 491 |             <Grid item xs={12} sm={6}>
        |             ^^^^^^^^^^^^^^^^^^^^^^^^^^
    492 |               <TextField
    493 |                 fullWidth
    494 |                 label="Referrer Reward"

TS2769: No overload matches this call.
  Overload 1 of 2, '(props: { component: ElementType<any, keyof IntrinsicElements>; } & GridBaseProps & { sx?: SxProps<Theme> | undefined; } & SystemProps<...> & Omit<...>): Element | null', gave the following error.
    Property 'component' is missing in type '{ children: Element; item: true; xs: number; sm: number; }' but required in type '{ component: ElementType<any, keyof IntrinsicElements>; }'.
  Overload 2 of 2, '(props: DefaultComponentProps<GridTypeMap<{}, "div">>): Element | null', gave the following error.
    Type '{ children: Element; item: true; xs: number; sm: number; }' is not assignable to type 'IntrinsicAttributes & GridBaseProps & { sx?: SxProps<Theme> | undefined; } & SystemProps<Theme> & Omit<...>'.
      Property 'item' does not exist on type 'IntrinsicAttributes & GridBaseProps & { sx?: SxProps<Theme> | undefined; } & SystemProps<Theme> & Omit<...>'.
    498 |               />
    499 |             </Grid>
  > 500 |             <Grid item xs={12} sm={6}>
        |             ^^^^^^^^^^^^^^^^^^^^^^^^^^
    501 |               <TextField
    502 |                 fullWidth
    503 |                 label="Referee Reward"

TS2769: No overload matches this call.
  Overload 1 of 2, '(props: { component: ElementType<any, keyof IntrinsicElements>; } & GridBaseProps & { sx?: SxProps<Theme> | undefined; } & SystemProps<...> & Omit<...>): Element | null', gave the following error.
    Property 'component' is missing in type '{ children: Element; item: true; xs: number; sm: number; }' but required in type '{ component: ElementType<any, keyof IntrinsicElements>; }'.
  Overload 2 of 2, '(props: DefaultComponentProps<GridTypeMap<{}, "div">>): Element | null', gave the following error.
    Type '{ children: Element; item: true; xs: number; sm: number; }' is not assignable to type 'IntrinsicAttributes & GridBaseProps & { sx?: SxProps<Theme> | undefined; } & SystemProps<Theme> & Omit<...>'.
      Property 'item' does not exist on type 'IntrinsicAttributes & GridBaseProps & { sx?: SxProps<Theme> | undefined; } & SystemProps<Theme> & Omit<...>'.
    507 |               />
    508 |             </Grid>
  > 509 |             <Grid item xs={12} sm={6}>
        |             ^^^^^^^^^^^^^^^^^^^^^^^^^^
    510 |               <FormControl fullWidth>
    511 |                 <InputLabel>Referrer Currency</InputLabel>
    512 |                 <Select

TS2769: No overload matches this call.
  Overload 1 of 2, '(props: { component: ElementType<any, keyof IntrinsicElements>; } & GridBaseProps & { sx?: SxProps<Theme> | undefined; } & SystemProps<...> & Omit<...>): Element | null', gave the following error.
    Property 'component' is missing in type '{ children: Element; item: true; xs: number; sm: number; }' but required in type '{ component: ElementType<any, keyof IntrinsicElements>; }'.
  Overload 2 of 2, '(props: DefaultComponentProps<GridTypeMap<{}, "div">>): Element | null', gave the following error.
    Type '{ children: Element; item: true; xs: number; sm: number; }' is not assignable to type 'IntrinsicAttributes & GridBaseProps & { sx?: SxProps<Theme> | undefined; } & SystemProps<Theme> & Omit<...>'.
      Property 'item' does not exist on type 'IntrinsicAttributes & GridBaseProps & { sx?: SxProps<Theme> | undefined; } & SystemProps<Theme> & Omit<...>'.
    520 |               </FormControl>
    521 |             </Grid>
  > 522 |             <Grid item xs={12} sm={6}>
        |             ^^^^^^^^^^^^^^^^^^^^^^^^^^
    523 |               <FormControl fullWidth>
    524 |                 <InputLabel>Referee Currency</InputLabel>
    525 |                 <Select

TS2769: No overload matches this call.
  Overload 1 of 2, '(props: { component: ElementType<any, keyof IntrinsicElements>; } & GridBaseProps & { sx?: SxProps<Theme> | undefined; } & SystemProps<...> & Omit<...>): Element | null', gave the following error.
    Property 'component' is missing in type '{ children: Element; item: true; xs: number; sm: number; }' but required in type '{ component: ElementType<any, keyof IntrinsicElements>; }'.
  Overload 2 of 2, '(props: DefaultComponentProps<GridTypeMap<{}, "div">>): Element | null', gave the following error.
    Type '{ children: Element; item: true; xs: number; sm: number; }' is not assignable to type 'IntrinsicAttributes & GridBaseProps & { sx?: SxProps<Theme> | undefined; } & SystemProps<Theme> & Omit<...>'.
      Property 'item' does not exist on type 'IntrinsicAttributes & GridBaseProps & { sx?: SxProps<Theme> | undefined; } & SystemProps<Theme> & Omit<...>'.
    533 |               </FormControl>
    534 |             </Grid>
  > 535 |             <Grid item xs={12} sm={6}>
        |             ^^^^^^^^^^^^^^^^^^^^^^^^^^
    536 |               <FormControl fullWidth>
    537 |                 <InputLabel>Completion Requirement</InputLabel>
    538 |                 <Select

TS2769: No overload matches this call.
  Overload 1 of 2, '(props: { component: ElementType<any, keyof IntrinsicElements>; } & GridBaseProps & { sx?: SxProps<Theme> | undefined; } & SystemProps<...> & Omit<...>): Element | null', gave the following error.
    Property 'component' is missing in type '{ children: Element; item: true; xs: number; sm: number; }' but required in type '{ component: ElementType<any, keyof IntrinsicElements>; }'.
  Overload 2 of 2, '(props: DefaultComponentProps<GridTypeMap<{}, "div">>): Element | null', gave the following error.
    Type '{ children: Element; item: true; xs: number; sm: number; }' is not assignable to type 'IntrinsicAttributes & GridBaseProps & { sx?: SxProps<Theme> | undefined; } & SystemProps<Theme> & Omit<...>'.
      Property 'item' does not exist on type 'IntrinsicAttributes & GridBaseProps & { sx?: SxProps<Theme> | undefined; } & SystemProps<Theme> & Omit<...>'.
    546 |               </FormControl>
    547 |             </Grid>
  > 548 |             <Grid item xs={12} sm={6}>
        |             ^^^^^^^^^^^^^^^^^^^^^^^^^^
    549 |               <TextField
    550 |                 fullWidth
    551 |                 label="Minimum Spend"

TS2769: No overload matches this call.
  Overload 1 of 2, '(props: { component: ElementType<any, keyof IntrinsicElements>; } & GridBaseProps & { sx?: SxProps<Theme> | undefined; } & SystemProps<...> & Omit<...>): Element | null', gave the following error.
    Property 'component' is missing in type '{ children: Element; item: true; xs: number; sm: number; }' but required in type '{ component: ElementType<any, keyof IntrinsicElements>; }'.
  Overload 2 of 2, '(props: DefaultComponentProps<GridTypeMap<{}, "div">>): Element | null', gave the following error.
    Type '{ children: Element; item: true; xs: number; sm: number; }' is not assignable to type 'IntrinsicAttributes & GridBaseProps & { sx?: SxProps<Theme> | undefined; } & SystemProps<Theme> & Omit<...>'.
      Property 'item' does not exist on type 'IntrinsicAttributes & GridBaseProps & { sx?: SxProps<Theme> | undefined; } & SystemProps<Theme> & Omit<...>'.
    555 |               />
    556 |             </Grid>
  > 557 |             <Grid item xs={12} sm={6}>
        |             ^^^^^^^^^^^^^^^^^^^^^^^^^^
    558 |               <TextField
    559 |                 fullWidth
    560 |                 label="Expiry Date"

TS2769: No overload matches this call.
  Overload 1 of 2, '(props: { component: ElementType<any, keyof IntrinsicElements>; } & GridBaseProps & { sx?: SxProps<Theme> | undefined; } & SystemProps<...> & Omit<...>): Element | null', gave the following error.
    Property 'component' is missing in type '{ children: Element; item: true; xs: number; sm: number; }' but required in type '{ component: ElementType<any, keyof IntrinsicElements>; }'.
  Overload 2 of 2, '(props: DefaultComponentProps<GridTypeMap<{}, "div">>): Element | null', gave the following error.
    Type '{ children: Element; item: true; xs: number; sm: number; }' is not assignable to type 'IntrinsicAttributes & GridBaseProps & { sx?: SxProps<Theme> | undefined; } & SystemProps<Theme> & Omit<...>'.
      Property 'item' does not exist on type 'IntrinsicAttributes & GridBaseProps & { sx?: SxProps<Theme> | undefined; } & SystemProps<Theme> & Omit<...>'.
    175 |           </Typography>
    176 |           <Grid container spacing={2}>
  > 177 |             <Grid item xs={12} sm={6}>
        |             ^^^^^^^^^^^^^^^^^^^^^^^^^^
    178 |               <Card variant="outlined">
    179 |                 <CardContent>
    180 |                   <Box sx={{ display: 'flex', alignItems: 'center', gap: 2 }}>

TS2769: No overload matches this call.
  Overload 1 of 2, '(props: { component: ElementType<any, keyof IntrinsicElements>; } & GridBaseProps & { sx?: SxProps<Theme> | undefined; } & SystemProps<...> & Omit<...>): Element | null', gave the following error.
    Property 'component' is missing in type '{ children: Element; item: true; xs: number; sm: number; }' but required in type '{ component: ElementType<any, keyof IntrinsicElements>; }'.
  Overload 2 of 2, '(props: DefaultComponentProps<GridTypeMap<{}, "div">>): Element | null', gave the following error.
    Type '{ children: Element; item: true; xs: number; sm: number; }' is not assignable to type 'IntrinsicAttributes & GridBaseProps & { sx?: SxProps<Theme> | undefined; } & SystemProps<Theme> & Omit<...>'.
      Property 'item' does not exist on type 'IntrinsicAttributes & GridBaseProps & { sx?: SxProps<Theme> | undefined; } & SystemProps<Theme> & Omit<...>'.
    192 |               </Card>
    193 |             </Grid>
  > 194 |             <Grid item xs={12} sm={6}>
        |             ^^^^^^^^^^^^^^^^^^^^^^^^^^
    195 |               <Card variant="outlined">
    196 |                 <CardContent>
    197 |                   <Box sx={{ display: 'flex', alignItems: 'center', gap: 2 }}>

TS2769: No overload matches this call.
  Overload 1 of 2, '(props: { component: ElementType<any, keyof IntrinsicElements>; } & GridBaseProps & { sx?: SxProps<Theme> | undefined; } & SystemProps<...> & Omit<...>): Element | null', gave the following error.
    Property 'component' is missing in type '{ children: Element; item: true; xs: number; }' but required in type '{ component: ElementType<any, keyof IntrinsicElements>; }'.
  Overload 2 of 2, '(props: DefaultComponentProps<GridTypeMap<{}, "div">>): Element | null', gave the following error.
    Type '{ children: Element; item: true; xs: number; }' is not assignable to type 'IntrinsicAttributes & GridBaseProps & { sx?: SxProps<Theme> | undefined; } & SystemProps<Theme> & Omit<...>'.
      Property 'item' does not exist on type 'IntrinsicAttributes & GridBaseProps & { sx?: SxProps<Theme> | undefined; } & SystemProps<Theme> & Omit<...>'.
    236 |               </Typography>
    237 |               <Grid container spacing={2}>
  > 238 |                 <Grid item xs={12}>
        |                 ^^^^^^^^^^^^^^^^^^^
    239 |                   <Card variant="outlined">
    240 |                     <CardContent>
    241 |                       <Box sx={{ display: 'flex', alignItems: 'center', gap: 2, mb: 2 }}>

TS2769: No overload matches this call.
  Overload 1 of 2, '(props: { component: ElementType<any, keyof IntrinsicElements>; } & GridBaseProps & { sx?: SxProps<Theme> | undefined; } & SystemProps<...> & Omit<...>): Element | null', gave the following error.
    Property 'component' is missing in type '{ children: Element[]; item: true; xs: number; sm: number; }' but required in type '{ component: ElementType<any, keyof IntrinsicElements>; }'.
  Overload 2 of 2, '(props: DefaultComponentProps<GridTypeMap<{}, "div">>): Element | null', gave the following error.
    Type '{ children: Element[]; item: true; xs: number; sm: number; }' is not assignable to type 'IntrinsicAttributes & GridBaseProps & { sx?: SxProps<Theme> | undefined; } & SystemProps<Theme> & Omit<...>'.
      Property 'item' does not exist on type 'IntrinsicAttributes & GridBaseProps & { sx?: SxProps<Theme> | undefined; } & SystemProps<Theme> & Omit<...>'.
    285 |         <Box>
    286 |           <Grid container spacing={2}>
  > 287 |             <Grid item xs={12} sm={6}>
        |             ^^^^^^^^^^^^^^^^^^^^^^^^^^
    288 |               <Typography variant="caption" color="text.secondary">
    289 |                 Created At
    290 |               </Typography>

TS2769: No overload matches this call.
  Overload 1 of 2, '(props: { component: ElementType<any, keyof IntrinsicElements>; } & GridBaseProps & { sx?: SxProps<Theme> | undefined; } & SystemProps<...> & Omit<...>): Element | null', gave the following error.
    Property 'component' is missing in type '{ children: Element[]; item: true; xs: number; sm: number; }' but required in type '{ component: ElementType<any, keyof IntrinsicElements>; }'.
  Overload 2 of 2, '(props: DefaultComponentProps<GridTypeMap<{}, "div">>): Element | null', gave the following error.
    Type '{ children: Element[]; item: true; xs: number; sm: number; }' is not assignable to type 'IntrinsicAttributes & GridBaseProps & { sx?: SxProps<Theme> | undefined; } & SystemProps<Theme> & Omit<...>'.
      Property 'item' does not exist on type 'IntrinsicAttributes & GridBaseProps & { sx?: SxProps<Theme> | undefined; } & SystemProps<Theme> & Omit<...>'.
    294 |             </Grid>
    295 |             {service.updatedAt && (
  > 296 |               <Grid item xs={12} sm={6}>
        |               ^^^^^^^^^^^^^^^^^^^^^^^^^^
    297 |                 <Typography variant="caption" color="text.secondary">
    298 |                   Last Updated
    299 |                 </Typography>

TS2769: No overload matches this call.
  Overload 1 of 2, '(props: { component: ElementType<any, keyof IntrinsicElements>; } & GridBaseProps & { sx?: SxProps<Theme> | undefined; } & SystemProps<...> & Omit<...>): Element | null', gave the following error.
    Property 'component' is missing in type '{ children: Element; item: true; xs: number; }' but required in type '{ component: ElementType<any, keyof IntrinsicElements>; }'.
  Overload 2 of 2, '(props: DefaultComponentProps<GridTypeMap<{}, "div">>): Element | null', gave the following error.
    Type '{ children: Element; item: true; xs: number; }' is not assignable to type 'IntrinsicAttributes & GridBaseProps & { sx?: SxProps<Theme> | undefined; } & SystemProps<Theme> & Omit<...>'.
      Property 'item' does not exist on type 'IntrinsicAttributes & GridBaseProps & { sx?: SxProps<Theme> | undefined; } & SystemProps<Theme> & Omit<...>'.
    499 |
    500 |             {/* Basic Information Section */}
  > 501 |             <Grid item xs={12}>
        |             ^^^^^^^^^^^^^^^^^^^
    502 |               <Card 
    503 |                 elevation={0}
    504 |                 sx={{

TS2769: No overload matches this call.
  Overload 1 of 2, '(props: { component: ElementType<any, keyof IntrinsicElements>; } & GridBaseProps & { sx?: SxProps<Theme> | undefined; } & SystemProps<...> & Omit<...>): Element | null', gave the following error.
    Property 'component' is missing in type '{ children: Element; item: true; xs: number; md: number; }' but required in type '{ component: ElementType<any, keyof IntrinsicElements>; }'.
  Overload 2 of 2, '(props: DefaultComponentProps<GridTypeMap<{}, "div">>): Element | null', gave the following error.
    Type '{ children: Element; item: true; xs: number; md: number; }' is not assignable to type 'IntrinsicAttributes & GridBaseProps & { sx?: SxProps<Theme> | undefined; } & SystemProps<Theme> & Omit<...>'.
      Property 'item' does not exist on type 'IntrinsicAttributes & GridBaseProps & { sx?: SxProps<Theme> | undefined; } & SystemProps<Theme> & Omit<...>'.
    537 |
    538 |                   <Grid container spacing={2.5}>
  > 539 |                     <Grid item xs={12} md={6}>
        |                     ^^^^^^^^^^^^^^^^^^^^^^^^^^
    540 |                       <TextField
    541 |                         fullWidth
    542 |                         label="Service Name"

TS2769: No overload matches this call.
  Overload 1 of 2, '(props: { component: ElementType<any, keyof IntrinsicElements>; } & GridBaseProps & { sx?: SxProps<Theme> | undefined; } & SystemProps<...> & Omit<...>): Element | null', gave the following error.
    Property 'component' is missing in type '{ children: Element; item: true; xs: number; md: number; }' but required in type '{ component: ElementType<any, keyof IntrinsicElements>; }'.
  Overload 2 of 2, '(props: DefaultComponentProps<GridTypeMap<{}, "div">>): Element | null', gave the following error.
    Type '{ children: Element; item: true; xs: number; md: number; }' is not assignable to type 'IntrinsicAttributes & GridBaseProps & { sx?: SxProps<Theme> | undefined; } & SystemProps<Theme> & Omit<...>'.
      Property 'item' does not exist on type 'IntrinsicAttributes & GridBaseProps & { sx?: SxProps<Theme> | undefined; } & SystemProps<Theme> & Omit<...>'.
    569 |                     </Grid>
    570 |
  > 571 |                     <Grid item xs={12} md={6}>
        |                     ^^^^^^^^^^^^^^^^^^^^^^^^^^
    572 |                       <TextField
    573 |                         fullWidth
    574 |                         label="URL Slug"

TS2769: No overload matches this call.
  Overload 1 of 2, '(props: { component: ElementType<any, keyof IntrinsicElements>; } & GridBaseProps & { sx?: SxProps<Theme> | undefined; } & SystemProps<...> & Omit<...>): Element | null', gave the following error.
    Property 'component' is missing in type '{ children: Element; item: true; xs: number; md: number; }' but required in type '{ component: ElementType<any, keyof IntrinsicElements>; }'.
  Overload 2 of 2, '(props: DefaultComponentProps<GridTypeMap<{}, "div">>): Element | null', gave the following error.
    Type '{ children: Element; item: true; xs: number; md: number; }' is not assignable to type 'IntrinsicAttributes & GridBaseProps & { sx?: SxProps<Theme> | undefined; } & SystemProps<Theme> & Omit<...>'.
      Property 'item' does not exist on type 'IntrinsicAttributes & GridBaseProps & { sx?: SxProps<Theme> | undefined; } & SystemProps<Theme> & Omit<...>'.
    593 |                     </Grid>
    594 |
  > 595 |                     <Grid item xs={12} md={6}>
        |                     ^^^^^^^^^^^^^^^^^^^^^^^^^^
    596 |                       <FormControl fullWidth error={!!errors.category}>
    597 |                         <InputLabel>Category *</InputLabel>
    598 |                         <Select

TS2769: No overload matches this call.
  Overload 1 of 2, '(props: { component: ElementType<any, keyof IntrinsicElements>; } & GridBaseProps & { sx?: SxProps<Theme> | undefined; } & SystemProps<...> & Omit<...>): Element | null', gave the following error.
    Property 'component' is missing in type '{ children: Element; item: true; xs: number; md: number; }' but required in type '{ component: ElementType<any, keyof IntrinsicElements>; }'.
  Overload 2 of 2, '(props: DefaultComponentProps<GridTypeMap<{}, "div">>): Element | null', gave the following error.
    Type '{ children: Element; item: true; xs: number; md: number; }' is not assignable to type 'IntrinsicAttributes & GridBaseProps & { sx?: SxProps<Theme> | undefined; } & SystemProps<Theme> & Omit<...>'.
      Property 'item' does not exist on type 'IntrinsicAttributes & GridBaseProps & { sx?: SxProps<Theme> | undefined; } & SystemProps<Theme> & Omit<...>'.
    646 |                     </Grid>
    647 |
  > 648 |                     <Grid item xs={12} md={6}>
        |                     ^^^^^^^^^^^^^^^^^^^^^^^^^^
    649 |                       <TextField
    650 |                         fullWidth
    651 |                         label="Short Description"

TS2769: No overload matches this call.
  Overload 1 of 2, '(props: { component: ElementType<any, keyof IntrinsicElements>; } & GridBaseProps & { sx?: SxProps<Theme> | undefined; } & SystemProps<...> & Omit<...>): Element | null', gave the following error.
    Property 'component' is missing in type '{ children: Element; item: true; xs: number; }' but required in type '{ component: ElementType<any, keyof IntrinsicElements>; }'.
  Overload 2 of 2, '(props: DefaultComponentProps<GridTypeMap<{}, "div">>): Element | null', gave the following error.
    Type '{ children: Element; item: true; xs: number; }' is not assignable to type 'IntrinsicAttributes & GridBaseProps & { sx?: SxProps<Theme> | undefined; } & SystemProps<Theme> & Omit<...>'.
      Property 'item' does not exist on type 'IntrinsicAttributes & GridBaseProps & { sx?: SxProps<Theme> | undefined; } & SystemProps<Theme> & Omit<...>'.
    670 |
    671 |             {/* Description Section */}
  > 672 |             <Grid item xs={12}>
        |             ^^^^^^^^^^^^^^^^^^^
    673 |               <Card 
    674 |                 elevation={0}
    675 |                 sx={{

TS2769: No overload matches this call.
  Overload 1 of 2, '(props: { component: ElementType<any, keyof IntrinsicElements>; } & GridBaseProps & { sx?: SxProps<Theme> | undefined; } & SystemProps<...> & Omit<...>): Element | null', gave the following error.
    Property 'component' is missing in type '{ children: Element; item: true; xs: number; }' but required in type '{ component: ElementType<any, keyof IntrinsicElements>; }'.
  Overload 2 of 2, '(props: DefaultComponentProps<GridTypeMap<{}, "div">>): Element | null', gave the following error.
    Type '{ children: Element; item: true; xs: number; }' is not assignable to type 'IntrinsicAttributes & GridBaseProps & { sx?: SxProps<Theme> | undefined; } & SystemProps<Theme> & Omit<...>'.
      Property 'item' does not exist on type 'IntrinsicAttributes & GridBaseProps & { sx?: SxProps<Theme> | undefined; } & SystemProps<Theme> & Omit<...>'.
    757 |
    758 |             {/* Pricing & Duration Section */}
  > 759 |             <Grid item xs={12}>
        |             ^^^^^^^^^^^^^^^^^^^
    760 |               <Card 
    761 |                 elevation={0}
    762 |                 sx={{

TS2769: No overload matches this call.
  Overload 1 of 2, '(props: { component: ElementType<any, keyof IntrinsicElements>; } & GridBaseProps & { sx?: SxProps<Theme> | undefined; } & SystemProps<...> & Omit<...>): Element | null', gave the following error.
    Property 'component' is missing in type '{ children: Element; item: true; xs: number; md: number; }' but required in type '{ component: ElementType<any, keyof IntrinsicElements>; }'.
  Overload 2 of 2, '(props: DefaultComponentProps<GridTypeMap<{}, "div">>): Element | null', gave the following error.
    Type '{ children: Element; item: true; xs: number; md: number; }' is not assignable to type 'IntrinsicAttributes & GridBaseProps & { sx?: SxProps<Theme> | undefined; } & SystemProps<Theme> & Omit<...>'.
      Property 'item' does not exist on type 'IntrinsicAttributes & GridBaseProps & { sx?: SxProps<Theme> | undefined; } & SystemProps<Theme> & Omit<...>'.
    794 |
    795 |                   <Grid container spacing={2.5}>
  > 796 |                     <Grid item xs={12} md={4}>
        |                     ^^^^^^^^^^^^^^^^^^^^^^^^^^
    797 |                       <FormControl fullWidth>
    798 |                         <InputLabel>Price Type *</InputLabel>
    799 |                         <Select

TS2769: No overload matches this call.
  Overload 1 of 2, '(props: { component: ElementType<any, keyof IntrinsicElements>; } & GridBaseProps & { sx?: SxProps<Theme> | undefined; } & SystemProps<...> & Omit<...>): Element | null', gave the following error.
    Property 'component' is missing in type '{ children: Element; item: true; xs: number; md: number; }' but required in type '{ component: ElementType<any, keyof IntrinsicElements>; }'.
  Overload 2 of 2, '(props: DefaultComponentProps<GridTypeMap<{}, "div">>): Element | null', gave the following error.
    Type '{ children: Element; item: true; xs: number; md: number; }' is not assignable to type 'IntrinsicAttributes & GridBaseProps & { sx?: SxProps<Theme> | undefined; } & SystemProps<Theme> & Omit<...>'.
      Property 'item' does not exist on type 'IntrinsicAttributes & GridBaseProps & { sx?: SxProps<Theme> | undefined; } & SystemProps<Theme> & Omit<...>'.
    834 |                     </Grid>
    835 |
  > 836 |                     <Grid item xs={12} md={4}>
        |                     ^^^^^^^^^^^^^^^^^^^^^^^^^^
    837 |                       <TextField
    838 |                         fullWidth
    839 |                         label="Base Price"

TS2769: No overload matches this call.
  Overload 1 of 2, '(props: { component: ElementType<any, keyof IntrinsicElements>; } & GridBaseProps & { sx?: SxProps<Theme> | undefined; } & SystemProps<...> & Omit<...>): Element | null', gave the following error.
    Property 'component' is missing in type '{ children: Element; item: true; xs: number; md: number; }' but required in type '{ component: ElementType<any, keyof IntrinsicElements>; }'.
  Overload 2 of 2, '(props: DefaultComponentProps<GridTypeMap<{}, "div">>): Element | null', gave the following error.
    Type '{ children: Element; item: true; xs: number; md: number; }' is not assignable to type 'IntrinsicAttributes & GridBaseProps & { sx?: SxProps<Theme> | undefined; } & SystemProps<Theme> & Omit<...>'.
      Property 'item' does not exist on type 'IntrinsicAttributes & GridBaseProps & { sx?: SxProps<Theme> | undefined; } & SystemProps<Theme> & Omit<...>'.
    873 |                     </Grid>
    874 |
  > 875 |                     <Grid item xs={12} md={4}>
        |                     ^^^^^^^^^^^^^^^^^^^^^^^^^^
    876 |                       <TextField
    877 |                         fullWidth
    878 |                         label="Duration (minutes)"

TS2769: No overload matches this call.
  Overload 1 of 2, '(props: { component: ElementType<any, keyof IntrinsicElements>; } & GridBaseProps & { sx?: SxProps<Theme> | undefined; } & SystemProps<...> & Omit<...>): Element | null', gave the following error.
    Property 'component' is missing in type '{ children: Element; item: true; xs: number; }' but required in type '{ component: ElementType<any, keyof IntrinsicElements>; }'.
  Overload 2 of 2, '(props: DefaultComponentProps<GridTypeMap<{}, "div">>): Element | null', gave the following error.
    Type '{ children: Element; item: true; xs: number; }' is not assignable to type 'IntrinsicAttributes & GridBaseProps & { sx?: SxProps<Theme> | undefined; } & SystemProps<Theme> & Omit<...>'.
      Property 'item' does not exist on type 'IntrinsicAttributes & GridBaseProps & { sx?: SxProps<Theme> | undefined; } & SystemProps<Theme> & Omit<...>'.
    902 |
    903 |             {/* Image Upload Section */}
  > 904 |             <Grid item xs={12}>
        |             ^^^^^^^^^^^^^^^^^^^
    905 |               <Card 
    906 |                 elevation={0}
    907 |                 sx={{

TS2769: No overload matches this call.
  Overload 1 of 2, '(props: { component: ElementType<any, keyof IntrinsicElements>; } & GridBaseProps & { sx?: SxProps<Theme> | undefined; } & SystemProps<...> & Omit<...>): Element | null', gave the following error.
    Property 'component' is missing in type '{ children: Element; item: true; xs: number; sm: number; md: number; key: number; }' but required in type '{ component: ElementType<any, keyof IntrinsicElements>; }'.
  Overload 2 of 2, '(props: DefaultComponentProps<GridTypeMap<{}, "div">>): Element | null', gave the following error.
    Type '{ children: Element; item: true; xs: number; sm: number; md: number; key: number; }' is not assignable to type 'IntrinsicAttributes & GridBaseProps & { sx?: SxProps<Theme> | undefined; } & SystemProps<Theme> & Omit<...>'.
      Property 'item' does not exist on type 'IntrinsicAttributes & GridBaseProps & { sx?: SxProps<Theme> | undefined; } & SystemProps<Theme> & Omit<...>'.
    948 |                     <Grid container spacing={2} sx={{ mb: 3 }}>
    949 |                       {formData.images.map((image, index) => (
  > 950 |                         <Grid item xs={12} sm={6} md={3} key={index}>
        |                         ^^^^^^^^^^^^^^^^^^^^^^^^^^^^^^^^^^^^^^^^^^^^^
    951 |                           <Card 
    952 |                             elevation={0}
    953 |                             sx={{

TS2769: No overload matches this call.
  Overload 1 of 2, '(props: { component: ElementType<any, keyof IntrinsicElements>; } & GridBaseProps & { sx?: SxProps<Theme> | undefined; } & SystemProps<...> & Omit<...>): Element | null', gave the following error.
    Property 'component' is missing in type '{ children: Element; item: true; xs: number; }' but required in type '{ component: ElementType<any, keyof IntrinsicElements>; }'.
  Overload 2 of 2, '(props: DefaultComponentProps<GridTypeMap<{}, "div">>): Element | null', gave the following error.
    Type '{ children: Element; item: true; xs: number; }' is not assignable to type 'IntrinsicAttributes & GridBaseProps & { sx?: SxProps<Theme> | undefined; } & SystemProps<Theme> & Omit<...>'.
      Property 'item' does not exist on type 'IntrinsicAttributes & GridBaseProps & { sx?: SxProps<Theme> | undefined; } & SystemProps<Theme> & Omit<...>'.
    1090 |
    1091 |             {/* Requirements Section */}
  > 1092 |             <Grid item xs={12}>
         |             ^^^^^^^^^^^^^^^^^^^
    1093 |               <Card 
    1094 |                 elevation={0}
    1095 |                 sx={{

TS2769: No overload matches this call.
  Overload 1 of 2, '(props: { component: ElementType<any, keyof IntrinsicElements>; } & GridBaseProps & { sx?: SxProps<Theme> | undefined; } & SystemProps<...> & Omit<...>): Element | null', gave the following error.
    Property 'component' is missing in type '{ children: Element; item: true; xs: number; md: number; }' but required in type '{ component: ElementType<any, keyof IntrinsicElements>; }'.
  Overload 2 of 2, '(props: DefaultComponentProps<GridTypeMap<{}, "div">>): Element | null', gave the following error.
    Type '{ children: Element; item: true; xs: number; md: number; }' is not assignable to type 'IntrinsicAttributes & GridBaseProps & { sx?: SxProps<Theme> | undefined; } & SystemProps<Theme> & Omit<...>'.
      Property 'item' does not exist on type 'IntrinsicAttributes & GridBaseProps & { sx?: SxProps<Theme> | undefined; } & SystemProps<Theme> & Omit<...>'.
    1128 |                   <Grid container spacing={2.5}>
    1129 |                     {/* Tools */}
  > 1130 |                     <Grid item xs={12} md={4}>
         |                     ^^^^^^^^^^^^^^^^^^^^^^^^^^
    1131 |                       <Paper 
    1132 |                         elevation={0}
    1133 |                         sx={{

TS2769: No overload matches this call.
  Overload 1 of 2, '(props: { component: ElementType<any, keyof IntrinsicElements>; } & GridBaseProps & { sx?: SxProps<Theme> | undefined; } & SystemProps<...> & Omit<...>): Element | null', gave the following error.
    Property 'component' is missing in type '{ children: Element; item: true; xs: number; md: number; }' but required in type '{ component: ElementType<any, keyof IntrinsicElements>; }'.
  Overload 2 of 2, '(props: DefaultComponentProps<GridTypeMap<{}, "div">>): Element | null', gave the following error.
    Type '{ children: Element; item: true; xs: number; md: number; }' is not assignable to type 'IntrinsicAttributes & GridBaseProps & { sx?: SxProps<Theme> | undefined; } & SystemProps<Theme> & Omit<...>'.
      Property 'item' does not exist on type 'IntrinsicAttributes & GridBaseProps & { sx?: SxProps<Theme> | undefined; } & SystemProps<Theme> & Omit<...>'.
    1210 |
    1211 |                     {/* Skills */}
  > 1212 |                     <Grid item xs={12} md={4}>
         |                     ^^^^^^^^^^^^^^^^^^^^^^^^^^
    1213 |                       <Paper 
    1214 |                         elevation={0}
    1215 |                         sx={{

TS2769: No overload matches this call.
  Overload 1 of 2, '(props: { component: ElementType<any, keyof IntrinsicElements>; } & GridBaseProps & { sx?: SxProps<Theme> | undefined; } & SystemProps<...> & Omit<...>): Element | null', gave the following error.
    Property 'component' is missing in type '{ children: Element; item: true; xs: number; md: number; }' but required in type '{ component: ElementType<any, keyof IntrinsicElements>; }'.
  Overload 2 of 2, '(props: DefaultComponentProps<GridTypeMap<{}, "div">>): Element | null', gave the following error.
    Type '{ children: Element; item: true; xs: number; md: number; }' is not assignable to type 'IntrinsicAttributes & GridBaseProps & { sx?: SxProps<Theme> | undefined; } & SystemProps<Theme> & Omit<...>'.
      Property 'item' does not exist on type 'IntrinsicAttributes & GridBaseProps & { sx?: SxProps<Theme> | undefined; } & SystemProps<Theme> & Omit<...>'.
    1292 |
    1293 |                     {/* Licenses */}
  > 1294 |                     <Grid item xs={12} md={4}>
         |                     ^^^^^^^^^^^^^^^^^^^^^^^^^^
    1295 |                       <Paper 
    1296 |                         elevation={0}
    1297 |                         sx={{

TS2769: No overload matches this call.
  Overload 1 of 2, '(props: { component: ElementType<any, keyof IntrinsicElements>; } & GridBaseProps & { sx?: SxProps<Theme> | undefined; } & SystemProps<...> & Omit<...>): Element | null', gave the following error.
    Property 'component' is missing in type '{ children: Element; item: true; xs: number; }' but required in type '{ component: ElementType<any, keyof IntrinsicElements>; }'.
  Overload 2 of 2, '(props: DefaultComponentProps<GridTypeMap<{}, "div">>): Element | null', gave the following error.
    Type '{ children: Element; item: true; xs: number; }' is not assignable to type 'IntrinsicAttributes & GridBaseProps & { sx?: SxProps<Theme> | undefined; } & SystemProps<Theme> & Omit<...>'.
      Property 'item' does not exist on type 'IntrinsicAttributes & GridBaseProps & { sx?: SxProps<Theme> | undefined; } & SystemProps<Theme> & Omit<...>'.
    1378 |
    1379 |             {/* Tags Section */}
  > 1380 |             <Grid item xs={12}>
         |             ^^^^^^^^^^^^^^^^^^^
    1381 |               <Card 
    1382 |                 elevation={0}
    1383 |                 sx={{

TS2769: No overload matches this call.
  Overload 1 of 2, '(props: { component: ElementType<any, keyof IntrinsicElements>; } & GridBaseProps & { sx?: SxProps<Theme> | undefined; } & SystemProps<...> & Omit<...>): Element | null', gave the following error.
    Property 'component' is missing in type '{ children: Element; item: true; xs: number; }' but required in type '{ component: ElementType<any, keyof IntrinsicElements>; }'.
  Overload 2 of 2, '(props: DefaultComponentProps<GridTypeMap<{}, "div">>): Element | null', gave the following error.
    Type '{ children: Element; item: true; xs: number; }' is not assignable to type 'IntrinsicAttributes & GridBaseProps & { sx?: SxProps<Theme> | undefined; } & SystemProps<Theme> & Omit<...>'.
      Property 'item' does not exist on type 'IntrinsicAttributes & GridBaseProps & { sx?: SxProps<Theme> | undefined; } & SystemProps<Theme> & Omit<...>'.
    1508 |
    1509 |             {/* Settings Section */}
  > 1510 |             <Grid item xs={12}>
         |             ^^^^^^^^^^^^^^^^^^^
    1511 |               <Card 
    1512 |                 elevation={0}
    1513 |                 sx={{

TS2769: No overload matches this call.
  Overload 1 of 2, '(props: { component: ElementType<any, keyof IntrinsicElements>; } & GridBaseProps & { sx?: SxProps<Theme> | undefined; } & SystemProps<...> & Omit<...>): Element | null', gave the following error.
    Property 'component' is missing in type '{ children: Element; item: true; xs: number; md: number; }' but required in type '{ component: ElementType<any, keyof IntrinsicElements>; }'.
  Overload 2 of 2, '(props: DefaultComponentProps<GridTypeMap<{}, "div">>): Element | null', gave the following error.
    Type '{ children: Element; item: true; xs: number; md: number; }' is not assignable to type 'IntrinsicAttributes & GridBaseProps & { sx?: SxProps<Theme> | undefined; } & SystemProps<Theme> & Omit<...>'.
      Property 'item' does not exist on type 'IntrinsicAttributes & GridBaseProps & { sx?: SxProps<Theme> | undefined; } & SystemProps<Theme> & Omit<...>'.
    1545 |
    1546 |                   <Grid container spacing={3}>
  > 1547 |                     <Grid item xs={12} md={6}>
         |                     ^^^^^^^^^^^^^^^^^^^^^^^^^^
    1548 |                       <TextField
    1549 |                         fullWidth
    1550 |                         label="Icon"

TS2769: No overload matches this call.
  Overload 1 of 2, '(props: { component: ElementType<any, keyof IntrinsicElements>; } & GridBaseProps & { sx?: SxProps<Theme> | undefined; } & SystemProps<...> & Omit<...>): Element | null', gave the following error.
    Property 'component' is missing in type '{ children: Element; item: true; xs: number; md: number; }' but required in type '{ component: ElementType<any, keyof IntrinsicElements>; }'.
  Overload 2 of 2, '(props: DefaultComponentProps<GridTypeMap<{}, "div">>): Element | null', gave the following error.
    Type '{ children: Element; item: true; xs: number; md: number; }' is not assignable to type 'IntrinsicAttributes & GridBaseProps & { sx?: SxProps<Theme> | undefined; } & SystemProps<Theme> & Omit<...>'.
      Property 'item' does not exist on type 'IntrinsicAttributes & GridBaseProps & { sx?: SxProps<Theme> | undefined; } & SystemProps<Theme> & Omit<...>'.
    1568 |                     </Grid>
    1569 |
  > 1570 |                     <Grid item xs={12} md={6}>
         |                     ^^^^^^^^^^^^^^^^^^^^^^^^^^
    1571 |                       <TextField
    1572 |                         fullWidth
    1573 |                         type="number"

TS2769: No overload matches this call.
  Overload 1 of 2, '(props: { component: ElementType<any, keyof IntrinsicElements>; } & GridBaseProps & { sx?: SxProps<Theme> | undefined; } & SystemProps<...> & Omit<...>): Element | null', gave the following error.
    Property 'component' is missing in type '{ children: Element[]; item: true; xs: number; }' but required in type '{ component: ElementType<any, keyof IntrinsicElements>; }'.
  Overload 2 of 2, '(props: DefaultComponentProps<GridTypeMap<{}, "div">>): Element | null', gave the following error.
    Type '{ children: Element[]; item: true; xs: number; }' is not assignable to type 'IntrinsicAttributes & GridBaseProps & { sx?: SxProps<Theme> | undefined; } & SystemProps<Theme> & Omit<...>'.
      Property 'item' does not exist on type 'IntrinsicAttributes & GridBaseProps & { sx?: SxProps<Theme> | undefined; } & SystemProps<Theme> & Omit<...>'.
    1584 |                     </Grid>
    1585 |
  > 1586 |                     <Grid item xs={12}>
         |                     ^^^^^^^^^^^^^^^^^^^
    1587 |                       <Divider sx={{ my: 1 }} />
    1588 |                       <Typography variant="subtitle2" sx={{ fontWeight: 600, mb: 2, mt: 2 }}>
    1589 |                         Visibility & Status Options

TS2769: No overload matches this call.
  Overload 1 of 2, '(props: { component: ElementType<any, keyof IntrinsicElements>; } & GridBaseProps & { sx?: SxProps<Theme> | undefined; } & SystemProps<...> & Omit<...>): Element | null', gave the following error.
    Property 'component' is missing in type '{ children: Element; item: true; xs: number; md: number; }' but required in type '{ component: ElementType<any, keyof IntrinsicElements>; }'.
  Overload 2 of 2, '(props: DefaultComponentProps<GridTypeMap<{}, "div">>): Element | null', gave the following error.
    Type '{ children: Element; item: true; xs: number; md: number; }' is not assignable to type 'IntrinsicAttributes & GridBaseProps & { sx?: SxProps<Theme> | undefined; } & SystemProps<Theme> & Omit<...>'.
      Property 'item' does not exist on type 'IntrinsicAttributes & GridBaseProps & { sx?: SxProps<Theme> | undefined; } & SystemProps<Theme> & Omit<...>'.
    1591 |                     </Grid>
    1592 |
  > 1593 |                     <Grid item xs={12} md={4}>
         |                     ^^^^^^^^^^^^^^^^^^^^^^^^^^
    1594 |                       <Paper 
    1595 |                         elevation={0}
    1596 |                         sx={{

TS2769: No overload matches this call.
  Overload 1 of 2, '(props: { component: ElementType<any, keyof IntrinsicElements>; } & GridBaseProps & { sx?: SxProps<Theme> | undefined; } & SystemProps<...> & Omit<...>): Element | null', gave the following error.
    Property 'component' is missing in type '{ children: Element; item: true; xs: number; md: number; }' but required in type '{ component: ElementType<any, keyof IntrinsicElements>; }'.
  Overload 2 of 2, '(props: DefaultComponentProps<GridTypeMap<{}, "div">>): Element | null', gave the following error.
    Type '{ children: Element; item: true; xs: number; md: number; }' is not assignable to type 'IntrinsicAttributes & GridBaseProps & { sx?: SxProps<Theme> | undefined; } & SystemProps<Theme> & Omit<...>'.
      Property 'item' does not exist on type 'IntrinsicAttributes & GridBaseProps & { sx?: SxProps<Theme> | undefined; } & SystemProps<Theme> & Omit<...>'.
    1624 |                     </Grid>
    1625 |
  > 1626 |                     <Grid item xs={12} md={4}>
         |                     ^^^^^^^^^^^^^^^^^^^^^^^^^^
    1627 |                       <Paper 
    1628 |                         elevation={0}
    1629 |                         sx={{

TS2769: No overload matches this call.
  Overload 1 of 2, '(props: { component: ElementType<any, keyof IntrinsicElements>; } & GridBaseProps & { sx?: SxProps<Theme> | undefined; } & SystemProps<...> & Omit<...>): Element | null', gave the following error.
    Property 'component' is missing in type '{ children: Element; item: true; xs: number; md: number; }' but required in type '{ component: ElementType<any, keyof IntrinsicElements>; }'.
  Overload 2 of 2, '(props: DefaultComponentProps<GridTypeMap<{}, "div">>): Element | null', gave the following error.
    Type '{ children: Element; item: true; xs: number; md: number; }' is not assignable to type 'IntrinsicAttributes & GridBaseProps & { sx?: SxProps<Theme> | undefined; } & SystemProps<Theme> & Omit<...>'.
      Property 'item' does not exist on type 'IntrinsicAttributes & GridBaseProps & { sx?: SxProps<Theme> | undefined; } & SystemProps<Theme> & Omit<...>'.
    1657 |                     </Grid>
    1658 |
  > 1659 |                     <Grid item xs={12} md={4}>
         |                     ^^^^^^^^^^^^^^^^^^^^^^^^^^
    1660 |                       <Paper 
    1661 |                         elevation={0}
    1662 |                         sx={{

TS2769: No overload matches this call.
  Overload 1 of 2, '(props: { component: ElementType<any, keyof IntrinsicElements>; } & GridBaseProps & { sx?: SxProps<Theme> | undefined; } & SystemProps<...> & Omit<...>): Element | null', gave the following error.
    Property 'component' is missing in type '{ children: Element; item: true; xs: number; }' but required in type '{ component: ElementType<any, keyof IntrinsicElements>; }'.
  Overload 2 of 2, '(props: DefaultComponentProps<GridTypeMap<{}, "div">>): Element | null', gave the following error.
    Type '{ children: Element; item: true; xs: number; }' is not assignable to type 'IntrinsicAttributes & GridBaseProps & { sx?: SxProps<Theme> | undefined; } & SystemProps<Theme> & Omit<...>'.
      Property 'item' does not exist on type 'IntrinsicAttributes & GridBaseProps & { sx?: SxProps<Theme> | undefined; } & SystemProps<Theme> & Omit<...>'.
    101 |         <Grid container spacing={3}>
    102 |           {/* Header with Status and Urgency */}
  > 103 |           <Grid item xs={12}>
        |           ^^^^^^^^^^^^^^^^^^^
    104 |             <Stack direction="row" spacing={1} alignItems="center">
    105 |               <Chip
    106 |                 label={service.status.replace('_', ' ').toUpperCase()}

TS2769: No overload matches this call.
  Overload 1 of 2, '(props: { component: ElementType<any, keyof IntrinsicElements>; } & GridBaseProps & { sx?: SxProps<Theme> | undefined; } & SystemProps<...> & Omit<...>): Element | null', gave the following error.
    Property 'component' is missing in type '{ children: Element[]; item: true; xs: number; }' but required in type '{ component: ElementType<any, keyof IntrinsicElements>; }'.
  Overload 2 of 2, '(props: DefaultComponentProps<GridTypeMap<{}, "div">>): Element | null', gave the following error.
    Type '{ children: Element[]; item: true; xs: number; }' is not assignable to type 'IntrinsicAttributes & GridBaseProps & { sx?: SxProps<Theme> | undefined; } & SystemProps<Theme> & Omit<...>'.
      Property 'item' does not exist on type 'IntrinsicAttributes & GridBaseProps & { sx?: SxProps<Theme> | undefined; } & SystemProps<Theme> & Omit<...>'.
    124 |
    125 |           {/* Title and Description */}
  > 126 |           <Grid item xs={12}>
        |           ^^^^^^^^^^^^^^^^^^^
    127 |             <Typography variant="h5" gutterBottom>
    128 |               {service.title}
    129 |             </Typography>

TS2769: No overload matches this call.
  Overload 1 of 2, '(props: { component: ElementType<any, keyof IntrinsicElements>; } & GridBaseProps & { sx?: SxProps<Theme> | undefined; } & SystemProps<...> & Omit<...>): Element | null', gave the following error.
    Property 'component' is missing in type '{ children: Element; item: true; xs: number; }' but required in type '{ component: ElementType<any, keyof IntrinsicElements>; }'.
  Overload 2 of 2, '(props: DefaultComponentProps<GridTypeMap<{}, "div">>): Element | null', gave the following error.
    Type '{ children: Element; item: true; xs: number; }' is not assignable to type 'IntrinsicAttributes & GridBaseProps & { sx?: SxProps<Theme> | undefined; } & SystemProps<Theme> & Omit<...>'.
      Property 'item' does not exist on type 'IntrinsicAttributes & GridBaseProps & { sx?: SxProps<Theme> | undefined; } & SystemProps<Theme> & Omit<...>'.
    133 |           </Grid>
    134 |
  > 135 |           <Grid item xs={12}>
        |           ^^^^^^^^^^^^^^^^^^^
    136 |             <Divider />
    137 |           </Grid>
    138 |

TS2769: No overload matches this call.
  Overload 1 of 2, '(props: { component: ElementType<any, keyof IntrinsicElements>; } & GridBaseProps & { sx?: SxProps<Theme> | undefined; } & SystemProps<...> & Omit<...>): Element | null', gave the following error.
    Property 'component' is missing in type '{ children: Element; item: true; xs: number; }' but required in type '{ component: ElementType<any, keyof IntrinsicElements>; }'.
  Overload 2 of 2, '(props: DefaultComponentProps<GridTypeMap<{}, "div">>): Element | null', gave the following error.
    Type '{ children: Element; item: true; xs: number; }' is not assignable to type 'IntrinsicAttributes & GridBaseProps & { sx?: SxProps<Theme> | undefined; } & SystemProps<Theme> & Omit<...>'.
      Property 'item' does not exist on type 'IntrinsicAttributes & GridBaseProps & { sx?: SxProps<Theme> | undefined; } & SystemProps<Theme> & Omit<...>'.
    138 |
    139 |           {/* Location Information */}
  > 140 |           <Grid item xs={12}>
        |           ^^^^^^^^^^^^^^^^^^^
    141 |             <Card variant="outlined">
    142 |               <CardContent>
    143 |                 <Box display="flex" alignItems="center" mb={2}>

TS2769: No overload matches this call.
  Overload 1 of 2, '(props: { component: ElementType<any, keyof IntrinsicElements>; } & GridBaseProps & { sx?: SxProps<Theme> | undefined; } & SystemProps<...> & Omit<...>): Element | null', gave the following error.
    Property 'component' is missing in type '{ children: Element; item: true; xs: number; md: number; }' but required in type '{ component: ElementType<any, keyof IntrinsicElements>; }'.
  Overload 2 of 2, '(props: DefaultComponentProps<GridTypeMap<{}, "div">>): Element | null', gave the following error.
    Type '{ children: Element; item: true; xs: number; md: number; }' is not assignable to type 'IntrinsicAttributes & GridBaseProps & { sx?: SxProps<Theme> | undefined; } & SystemProps<Theme> & Omit<...>'.
      Property 'item' does not exist on type 'IntrinsicAttributes & GridBaseProps & { sx?: SxProps<Theme> | undefined; } & SystemProps<Theme> & Omit<...>'.
    156 |
    157 |           {/* Budget Information */}
  > 158 |           <Grid item xs={12} md={6}>
        |           ^^^^^^^^^^^^^^^^^^^^^^^^^^
    159 |             <Card variant="outlined">
    160 |               <CardContent>
    161 |                 <Box display="flex" alignItems="center" mb={2}>

TS2769: No overload matches this call.
  Overload 1 of 2, '(props: { component: ElementType<any, keyof IntrinsicElements>; } & GridBaseProps & { sx?: SxProps<Theme> | undefined; } & SystemProps<...> & Omit<...>): Element | null', gave the following error.
    Property 'component' is missing in type '{ children: Element; item: true; xs: number; md: number; }' but required in type '{ component: ElementType<any, keyof IntrinsicElements>; }'.
  Overload 2 of 2, '(props: DefaultComponentProps<GridTypeMap<{}, "div">>): Element | null', gave the following error.
    Type '{ children: Element; item: true; xs: number; md: number; }' is not assignable to type 'IntrinsicAttributes & GridBaseProps & { sx?: SxProps<Theme> | undefined; } & SystemProps<Theme> & Omit<...>'.
      Property 'item' does not exist on type 'IntrinsicAttributes & GridBaseProps & { sx?: SxProps<Theme> | undefined; } & SystemProps<Theme> & Omit<...>'.
    171 |
    172 |           {/* Preferred Date */}
  > 173 |           <Grid item xs={12} md={6}>
        |           ^^^^^^^^^^^^^^^^^^^^^^^^^^
    174 |             <Card variant="outlined">
    175 |               <CardContent>
    176 |                 <Box display="flex" alignItems="center" mb={2}>

TS2769: No overload matches this call.
  Overload 1 of 2, '(props: { component: ElementType<any, keyof IntrinsicElements>; } & GridBaseProps & { sx?: SxProps<Theme> | undefined; } & SystemProps<...> & Omit<...>): Element | null', gave the following error.
    Property 'component' is missing in type '{ children: Element; item: true; xs: number; }' but required in type '{ component: ElementType<any, keyof IntrinsicElements>; }'.
  Overload 2 of 2, '(props: DefaultComponentProps<GridTypeMap<{}, "div">>): Element | null', gave the following error.
    Type '{ children: Element; item: true; xs: number; }' is not assignable to type 'IntrinsicAttributes & GridBaseProps & { sx?: SxProps<Theme> | undefined; } & SystemProps<Theme> & Omit<...>'.
      Property 'item' does not exist on type 'IntrinsicAttributes & GridBaseProps & { sx?: SxProps<Theme> | undefined; } & SystemProps<Theme> & Omit<...>'.
    194 |           {service.customer && (
    195 |             <>
  > 196 |               <Grid item xs={12}>
        |               ^^^^^^^^^^^^^^^^^^^
    197 |                 <Divider />
    198 |               </Grid>
    199 |               <Grid item xs={12}>

TS2769: No overload matches this call.
  Overload 1 of 2, '(props: { component: ElementType<any, keyof IntrinsicElements>; } & GridBaseProps & { sx?: SxProps<Theme> | undefined; } & SystemProps<...> & Omit<...>): Element | null', gave the following error.
    Property 'component' is missing in type '{ children: Element; item: true; xs: number; }' but required in type '{ component: ElementType<any, keyof IntrinsicElements>; }'.
  Overload 2 of 2, '(props: DefaultComponentProps<GridTypeMap<{}, "div">>): Element | null', gave the following error.
    Type '{ children: Element; item: true; xs: number; }' is not assignable to type 'IntrinsicAttributes & GridBaseProps & { sx?: SxProps<Theme> | undefined; } & SystemProps<Theme> & Omit<...>'.
      Property 'item' does not exist on type 'IntrinsicAttributes & GridBaseProps & { sx?: SxProps<Theme> | undefined; } & SystemProps<Theme> & Omit<...>'.
    197 |                 <Divider />
    198 |               </Grid>
  > 199 |               <Grid item xs={12}>
        |               ^^^^^^^^^^^^^^^^^^^
    200 |                 <Card variant="outlined">
    201 |                   <CardContent>
    202 |                     <Box display="flex" alignItems="center" mb={2}>

TS2769: No overload matches this call.
  Overload 1 of 2, '(props: { component: ElementType<any, keyof IntrinsicElements>; } & GridBaseProps & { sx?: SxProps<Theme> | undefined; } & SystemProps<...> & Omit<...>): Element | null', gave the following error.
    Property 'component' is missing in type '{ children: Element[]; item: true; xs: number; }' but required in type '{ component: ElementType<any, keyof IntrinsicElements>; }'.
  Overload 2 of 2, '(props: DefaultComponentProps<GridTypeMap<{}, "div">>): Element | null', gave the following error.
    Type '{ children: Element[]; item: true; xs: number; }' is not assignable to type 'IntrinsicAttributes & GridBaseProps & { sx?: SxProps<Theme> | undefined; } & SystemProps<Theme> & Omit<...>'.
      Property 'item' does not exist on type 'IntrinsicAttributes & GridBaseProps & { sx?: SxProps<Theme> | undefined; } & SystemProps<Theme> & Omit<...>'.
    205 |                     </Box>
    206 |                     <Grid container spacing={2}>
  > 207 |                       <Grid item xs={12}>
        |                       ^^^^^^^^^^^^^^^^^^^
    208 |                         <Typography variant="body2" color="textSecondary">
    209 |                           Name
    210 |                         </Typography>

TS2769: No overload matches this call.
  Overload 1 of 2, '(props: { component: ElementType<any, keyof IntrinsicElements>; } & GridBaseProps & { sx?: SxProps<Theme> | undefined; } & SystemProps<...> & Omit<...>): Element | null', gave the following error.
    Property 'component' is missing in type '{ children: Element; item: true; xs: number; md: number; }' but required in type '{ component: ElementType<any, keyof IntrinsicElements>; }'.
  Overload 2 of 2, '(props: DefaultComponentProps<GridTypeMap<{}, "div">>): Element | null', gave the following error.
    Type '{ children: Element; item: true; xs: number; md: number; }' is not assignable to type 'IntrinsicAttributes & GridBaseProps & { sx?: SxProps<Theme> | undefined; } & SystemProps<Theme> & Omit<...>'.
      Property 'item' does not exist on type 'IntrinsicAttributes & GridBaseProps & { sx?: SxProps<Theme> | undefined; } & SystemProps<Theme> & Omit<...>'.
    213 |                         </Typography>
    214 |                       </Grid>
  > 215 |                       <Grid item xs={12} md={6}>
        |                       ^^^^^^^^^^^^^^^^^^^^^^^^^^
    216 |                         <Box display="flex" alignItems="center">
    217 |                           <EmailIcon fontSize="small" sx={{ mr: 1, color: 'text.secondary' }} />
    218 |                           <Typography variant="body2">{service.customer.email}</Typography>

TS2769: No overload matches this call.
  Overload 1 of 2, '(props: { component: ElementType<any, keyof IntrinsicElements>; } & GridBaseProps & { sx?: SxProps<Theme> | undefined; } & SystemProps<...> & Omit<...>): Element | null', gave the following error.
    Property 'component' is missing in type '{ children: Element; item: true; xs: number; md: number; }' but required in type '{ component: ElementType<any, keyof IntrinsicElements>; }'.
  Overload 2 of 2, '(props: DefaultComponentProps<GridTypeMap<{}, "div">>): Element | null', gave the following error.
    Type '{ children: Element; item: true; xs: number; md: number; }' is not assignable to type 'IntrinsicAttributes & GridBaseProps & { sx?: SxProps<Theme> | undefined; } & SystemProps<Theme> & Omit<...>'.
      Property 'item' does not exist on type 'IntrinsicAttributes & GridBaseProps & { sx?: SxProps<Theme> | undefined; } & SystemProps<Theme> & Omit<...>'.
    219 |                         </Box>
    220 |                       </Grid>
  > 221 |                       <Grid item xs={12} md={6}>
        |                       ^^^^^^^^^^^^^^^^^^^^^^^^^^
    222 |                         <Box display="flex" alignItems="center">
    223 |                           <PhoneIcon fontSize="small" sx={{ mr: 1, color: 'text.secondary' }} />
    224 |                           <Typography variant="body2">{service.customer.phone}</Typography>

TS2769: No overload matches this call.
  Overload 1 of 2, '(props: { component: ElementType<any, keyof IntrinsicElements>; } & GridBaseProps & { sx?: SxProps<Theme> | undefined; } & SystemProps<...> & Omit<...>): Element | null', gave the following error.
    Property 'component' is missing in type '{ children: Element; item: true; xs: number; }' but required in type '{ component: ElementType<any, keyof IntrinsicElements>; }'.
  Overload 2 of 2, '(props: DefaultComponentProps<GridTypeMap<{}, "div">>): Element | null', gave the following error.
    Type '{ children: Element; item: true; xs: number; }' is not assignable to type 'IntrinsicAttributes & GridBaseProps & { sx?: SxProps<Theme> | undefined; } & SystemProps<Theme> & Omit<...>'.
      Property 'item' does not exist on type 'IntrinsicAttributes & GridBaseProps & { sx?: SxProps<Theme> | undefined; } & SystemProps<Theme> & Omit<...>'.
    235 |           {service.images && service.images.length > 0 && (
    236 |             <>
  > 237 |               <Grid item xs={12}>
        |               ^^^^^^^^^^^^^^^^^^^
    238 |                 <Divider />
    239 |               </Grid>
    240 |               <Grid item xs={12}>

TS2769: No overload matches this call.
  Overload 1 of 2, '(props: { component: ElementType<any, keyof IntrinsicElements>; } & GridBaseProps & { sx?: SxProps<Theme> | undefined; } & SystemProps<...> & Omit<...>): Element | null', gave the following error.
    Property 'component' is missing in type '{ children: Element[]; item: true; xs: number; }' but required in type '{ component: ElementType<any, keyof IntrinsicElements>; }'.
  Overload 2 of 2, '(props: DefaultComponentProps<GridTypeMap<{}, "div">>): Element | null', gave the following error.
    Type '{ children: Element[]; item: true; xs: number; }' is not assignable to type 'IntrinsicAttributes & GridBaseProps & { sx?: SxProps<Theme> | undefined; } & SystemProps<Theme> & Omit<...>'.
      Property 'item' does not exist on type 'IntrinsicAttributes & GridBaseProps & { sx?: SxProps<Theme> | undefined; } & SystemProps<Theme> & Omit<...>'.
    238 |                 <Divider />
    239 |               </Grid>
  > 240 |               <Grid item xs={12}>
        |               ^^^^^^^^^^^^^^^^^^^
    241 |                 <Box display="flex" alignItems="center" mb={2}>
    242 |                   <ImageIcon color="primary" sx={{ mr: 1 }} />
    243 |                   <Typography variant="h6">Images</Typography>

TS2769: No overload matches this call.
  Overload 1 of 2, '(props: { component: ElementType<any, keyof IntrinsicElements>; } & GridBaseProps & { sx?: SxProps<Theme> | undefined; } & SystemProps<...> & Omit<...>): Element | null', gave the following error.
    Property 'component' is missing in type '{ children: Element; item: true; xs: number; }' but required in type '{ component: ElementType<any, keyof IntrinsicElements>; }'.
  Overload 2 of 2, '(props: DefaultComponentProps<GridTypeMap<{}, "div">>): Element | null', gave the following error.
    Type '{ children: Element; item: true; xs: number; }' is not assignable to type 'IntrinsicAttributes & GridBaseProps & { sx?: SxProps<Theme> | undefined; } & SystemProps<Theme> & Omit<...>'.
      Property 'item' does not exist on type 'IntrinsicAttributes & GridBaseProps & { sx?: SxProps<Theme> | undefined; } & SystemProps<Theme> & Omit<...>'.
    266 |
    267 |           {/* Timestamps */}
  > 268 |           <Grid item xs={12}>
        |           ^^^^^^^^^^^^^^^^^^^
    269 |             <Divider />
    270 |           </Grid>
    271 |           <Grid item xs={12}>

TS2769: No overload matches this call.
  Overload 1 of 2, '(props: { component: ElementType<any, keyof IntrinsicElements>; } & GridBaseProps & { sx?: SxProps<Theme> | undefined; } & SystemProps<...> & Omit<...>): Element | null', gave the following error.
    Property 'component' is missing in type '{ children: Element; item: true; xs: number; }' but required in type '{ component: ElementType<any, keyof IntrinsicElements>; }'.
  Overload 2 of 2, '(props: DefaultComponentProps<GridTypeMap<{}, "div">>): Element | null', gave the following error.
    Type '{ children: Element; item: true; xs: number; }' is not assignable to type 'IntrinsicAttributes & GridBaseProps & { sx?: SxProps<Theme> | undefined; } & SystemProps<Theme> & Omit<...>'.
      Property 'item' does not exist on type 'IntrinsicAttributes & GridBaseProps & { sx?: SxProps<Theme> | undefined; } & SystemProps<Theme> & Omit<...>'.
    269 |             <Divider />
    270 |           </Grid>
  > 271 |           <Grid item xs={12}>
        |           ^^^^^^^^^^^^^^^^^^^
    272 |             <Grid container spacing={2}>
    273 |               <Grid item xs={12} md={6}>
    274 |                 <Typography variant="caption" color="textSecondary">

TS2769: No overload matches this call.
  Overload 1 of 2, '(props: { component: ElementType<any, keyof IntrinsicElements>; } & GridBaseProps & { sx?: SxProps<Theme> | undefined; } & SystemProps<...> & Omit<...>): Element | null', gave the following error.
    Property 'component' is missing in type '{ children: Element[]; item: true; xs: number; md: number; }' but required in type '{ component: ElementType<any, keyof IntrinsicElements>; }'.
  Overload 2 of 2, '(props: DefaultComponentProps<GridTypeMap<{}, "div">>): Element | null', gave the following error.
    Type '{ children: Element[]; item: true; xs: number; md: number; }' is not assignable to type 'IntrinsicAttributes & GridBaseProps & { sx?: SxProps<Theme> | undefined; } & SystemProps<Theme> & Omit<...>'.
      Property 'item' does not exist on type 'IntrinsicAttributes & GridBaseProps & { sx?: SxProps<Theme> | undefined; } & SystemProps<Theme> & Omit<...>'.
    271 |           <Grid item xs={12}>
    272 |             <Grid container spacing={2}>
  > 273 |               <Grid item xs={12} md={6}>
        |               ^^^^^^^^^^^^^^^^^^^^^^^^^^
    274 |                 <Typography variant="caption" color="textSecondary">
    275 |                   Created At
    276 |                 </Typography>

TS2769: No overload matches this call.
  Overload 1 of 2, '(props: { component: ElementType<any, keyof IntrinsicElements>; } & GridBaseProps & { sx?: SxProps<Theme> | undefined; } & SystemProps<...> & Omit<...>): Element | null', gave the following error.
    Property 'component' is missing in type '{ children: Element[]; item: true; xs: number; md: number; }' but required in type '{ component: ElementType<any, keyof IntrinsicElements>; }'.
  Overload 2 of 2, '(props: DefaultComponentProps<GridTypeMap<{}, "div">>): Element | null', gave the following error.
    Type '{ children: Element[]; item: true; xs: number; md: number; }' is not assignable to type 'IntrinsicAttributes & GridBaseProps & { sx?: SxProps<Theme> | undefined; } & SystemProps<Theme> & Omit<...>'.
      Property 'item' does not exist on type 'IntrinsicAttributes & GridBaseProps & { sx?: SxProps<Theme> | undefined; } & SystemProps<Theme> & Omit<...>'.
    278 |               </Grid>
    279 |               {service.updated_at && service.updated_at !== service.created_at && (
  > 280 |                 <Grid item xs={12} md={6}>
        |                 ^^^^^^^^^^^^^^^^^^^^^^^^^^
    281 |                   <Typography variant="caption" color="textSecondary">
    282 |                     Last Updated
    283 |                   </Typography>

TS2769: No overload matches this call.
  Overload 1 of 2, '(props: { component: ElementType<any, keyof IntrinsicElements>; } & GridBaseProps & { sx?: SxProps<Theme> | undefined; } & SystemProps<...> & Omit<...>): Element | null', gave the following error.
    Property 'component' is missing in type '{ children: Element; item: true; xs: number; md: number; }' but required in type '{ component: ElementType<any, keyof IntrinsicElements>; }'.
  Overload 2 of 2, '(props: DefaultComponentProps<GridTypeMap<{}, "div">>): Element | null', gave the following error.
    Type '{ children: Element; item: true; xs: number; md: number; }' is not assignable to type 'IntrinsicAttributes & GridBaseProps & { sx?: SxProps<Theme> | undefined; } & SystemProps<Theme> & Omit<...>'.
      Property 'item' does not exist on type 'IntrinsicAttributes & GridBaseProps & { sx?: SxProps<Theme> | undefined; } & SystemProps<Theme> & Omit<...>'.
    258 |         <Grid container spacing={3}>
    259 |           {/* Service Type & Title */}
  > 260 |           <Grid item xs={12} md={6}>
        |           ^^^^^^^^^^^^^^^^^^^^^^^^^^
    261 |             <FormControl fullWidth error={!!errors.service_type}>
    262 |               <InputLabel>Service Type *</InputLabel>
    263 |               <Select

TS2769: No overload matches this call.
  Overload 1 of 2, '(props: { component: ElementType<any, keyof IntrinsicElements>; } & GridBaseProps & { sx?: SxProps<Theme> | undefined; } & SystemProps<...> & Omit<...>): Element | null', gave the following error.
    Property 'component' is missing in type '{ children: Element; item: true; xs: number; md: number; }' but required in type '{ component: ElementType<any, keyof IntrinsicElements>; }'.
  Overload 2 of 2, '(props: DefaultComponentProps<GridTypeMap<{}, "div">>): Element | null', gave the following error.
    Type '{ children: Element; item: true; xs: number; md: number; }' is not assignable to type 'IntrinsicAttributes & GridBaseProps & { sx?: SxProps<Theme> | undefined; } & SystemProps<Theme> & Omit<...>'.
      Property 'item' does not exist on type 'IntrinsicAttributes & GridBaseProps & { sx?: SxProps<Theme> | undefined; } & SystemProps<Theme> & Omit<...>'.
    283 |           </Grid>
    284 |
  > 285 |           <Grid item xs={12} md={6}>
        |           ^^^^^^^^^^^^^^^^^^^^^^^^^^
    286 |             <FormControl fullWidth>
    287 |               <InputLabel>Urgency *</InputLabel>
    288 |               <Select

TS2769: No overload matches this call.
  Overload 1 of 2, '(props: { component: ElementType<any, keyof IntrinsicElements>; } & GridBaseProps & { sx?: SxProps<Theme> | undefined; } & SystemProps<...> & Omit<...>): Element | null', gave the following error.
    Property 'component' is missing in type '{ children: Element; item: true; xs: number; }' but required in type '{ component: ElementType<any, keyof IntrinsicElements>; }'.
  Overload 2 of 2, '(props: DefaultComponentProps<GridTypeMap<{}, "div">>): Element | null', gave the following error.
    Type '{ children: Element; item: true; xs: number; }' is not assignable to type 'IntrinsicAttributes & GridBaseProps & { sx?: SxProps<Theme> | undefined; } & SystemProps<Theme> & Omit<...>'.
      Property 'item' does not exist on type 'IntrinsicAttributes & GridBaseProps & { sx?: SxProps<Theme> | undefined; } & SystemProps<Theme> & Omit<...>'.
    305 |           </Grid>
    306 |
  > 307 |           <Grid item xs={12}>
        |           ^^^^^^^^^^^^^^^^^^^
    308 |             <TextField
    309 |               fullWidth
    310 |               label="Title *"

TS2769: No overload matches this call.
  Overload 1 of 2, '(props: { component: ElementType<any, keyof IntrinsicElements>; } & GridBaseProps & { sx?: SxProps<Theme> | undefined; } & SystemProps<...> & Omit<...>): Element | null', gave the following error.
    Property 'component' is missing in type '{ children: Element; item: true; xs: number; }' but required in type '{ component: ElementType<any, keyof IntrinsicElements>; }'.
  Overload 2 of 2, '(props: DefaultComponentProps<GridTypeMap<{}, "div">>): Element | null', gave the following error.
    Type '{ children: Element; item: true; xs: number; }' is not assignable to type 'IntrinsicAttributes & GridBaseProps & { sx?: SxProps<Theme> | undefined; } & SystemProps<Theme> & Omit<...>'.
      Property 'item' does not exist on type 'IntrinsicAttributes & GridBaseProps & { sx?: SxProps<Theme> | undefined; } & SystemProps<Theme> & Omit<...>'.
    317 |           </Grid>
    318 |
  > 319 |           <Grid item xs={12}>
        |           ^^^^^^^^^^^^^^^^^^^
    320 |             <TextField
    321 |               fullWidth
    322 |               multiline

TS2769: No overload matches this call.
  Overload 1 of 2, '(props: { component: ElementType<any, keyof IntrinsicElements>; } & GridBaseProps & { sx?: SxProps<Theme> | undefined; } & SystemProps<...> & Omit<...>): Element | null', gave the following error.
    Property 'component' is missing in type '{ children: Element; item: true; xs: number; }' but required in type '{ component: ElementType<any, keyof IntrinsicElements>; }'.
  Overload 2 of 2, '(props: DefaultComponentProps<GridTypeMap<{}, "div">>): Element | null', gave the following error.
    Type '{ children: Element; item: true; xs: number; }' is not assignable to type 'IntrinsicAttributes & GridBaseProps & { sx?: SxProps<Theme> | undefined; } & SystemProps<Theme> & Omit<...>'.
      Property 'item' does not exist on type 'IntrinsicAttributes & GridBaseProps & { sx?: SxProps<Theme> | undefined; } & SystemProps<Theme> & Omit<...>'.
    334 |
    335 |           {/* Location Section */}
  > 336 |           <Grid item xs={12}>
        |           ^^^^^^^^^^^^^^^^^^^
    337 |             <Typography variant="subtitle2" gutterBottom sx={{ mt: 2, mb: 1 }}>
    338 |               Location
    339 |             </Typography>

TS2769: No overload matches this call.
  Overload 1 of 2, '(props: { component: ElementType<any, keyof IntrinsicElements>; } & GridBaseProps & { sx?: SxProps<Theme> | undefined; } & SystemProps<...> & Omit<...>): Element | null', gave the following error.
    Property 'component' is missing in type '{ children: Element; item: true; xs: number; }' but required in type '{ component: ElementType<any, keyof IntrinsicElements>; }'.
  Overload 2 of 2, '(props: DefaultComponentProps<GridTypeMap<{}, "div">>): Element | null', gave the following error.
    Type '{ children: Element; item: true; xs: number; }' is not assignable to type 'IntrinsicAttributes & GridBaseProps & { sx?: SxProps<Theme> | undefined; } & SystemProps<Theme> & Omit<...>'.
      Property 'item' does not exist on type 'IntrinsicAttributes & GridBaseProps & { sx?: SxProps<Theme> | undefined; } & SystemProps<Theme> & Omit<...>'.
    340 |           </Grid>
    341 |
  > 342 |           <Grid item xs={12}>
        |           ^^^^^^^^^^^^^^^^^^^
    343 |             <TextField
    344 |               fullWidth
    345 |               label="Address *"

TS2769: No overload matches this call.
  Overload 1 of 2, '(props: { component: ElementType<any, keyof IntrinsicElements>; } & GridBaseProps & { sx?: SxProps<Theme> | undefined; } & SystemProps<...> & Omit<...>): Element | null', gave the following error.
    Property 'component' is missing in type '{ children: Element; item: true; xs: number; md: number; }' but required in type '{ component: ElementType<any, keyof IntrinsicElements>; }'.
  Overload 2 of 2, '(props: DefaultComponentProps<GridTypeMap<{}, "div">>): Element | null', gave the following error.
    Type '{ children: Element; item: true; xs: number; md: number; }' is not assignable to type 'IntrinsicAttributes & GridBaseProps & { sx?: SxProps<Theme> | undefined; } & SystemProps<Theme> & Omit<...>'.
      Property 'item' does not exist on type 'IntrinsicAttributes & GridBaseProps & { sx?: SxProps<Theme> | undefined; } & SystemProps<Theme> & Omit<...>'.
    352 |           </Grid>
    353 |
  > 354 |           <Grid item xs={12} md={6}>
        |           ^^^^^^^^^^^^^^^^^^^^^^^^^^
    355 |             <TextField
    356 |               fullWidth
    357 |               label="City *"

TS2769: No overload matches this call.
  Overload 1 of 2, '(props: { component: ElementType<any, keyof IntrinsicElements>; } & GridBaseProps & { sx?: SxProps<Theme> | undefined; } & SystemProps<...> & Omit<...>): Element | null', gave the following error.
    Property 'component' is missing in type '{ children: Element; item: true; xs: number; md: number; }' but required in type '{ component: ElementType<any, keyof IntrinsicElements>; }'.
  Overload 2 of 2, '(props: DefaultComponentProps<GridTypeMap<{}, "div">>): Element | null', gave the following error.
    Type '{ children: Element; item: true; xs: number; md: number; }' is not assignable to type 'IntrinsicAttributes & GridBaseProps & { sx?: SxProps<Theme> | undefined; } & SystemProps<Theme> & Omit<...>'.
      Property 'item' does not exist on type 'IntrinsicAttributes & GridBaseProps & { sx?: SxProps<Theme> | undefined; } & SystemProps<Theme> & Omit<...>'.
    364 |           </Grid>
    365 |
  > 366 |           <Grid item xs={12} md={3}>
        |           ^^^^^^^^^^^^^^^^^^^^^^^^^^
    367 |             <TextField
    368 |               fullWidth
    369 |               label="State *"

TS2769: No overload matches this call.
  Overload 1 of 2, '(props: { component: ElementType<any, keyof IntrinsicElements>; } & GridBaseProps & { sx?: SxProps<Theme> | undefined; } & SystemProps<...> & Omit<...>): Element | null', gave the following error.
    Property 'component' is missing in type '{ children: Element; item: true; xs: number; md: number; }' but required in type '{ component: ElementType<any, keyof IntrinsicElements>; }'.
  Overload 2 of 2, '(props: DefaultComponentProps<GridTypeMap<{}, "div">>): Element | null', gave the following error.
    Type '{ children: Element; item: true; xs: number; md: number; }' is not assignable to type 'IntrinsicAttributes & GridBaseProps & { sx?: SxProps<Theme> | undefined; } & SystemProps<Theme> & Omit<...>'.
      Property 'item' does not exist on type 'IntrinsicAttributes & GridBaseProps & { sx?: SxProps<Theme> | undefined; } & SystemProps<Theme> & Omit<...>'.
    377 |           </Grid>
    378 |
  > 379 |           <Grid item xs={12} md={3}>
        |           ^^^^^^^^^^^^^^^^^^^^^^^^^^
    380 |             <TextField
    381 |               fullWidth
    382 |               label="ZIP Code *"

TS2769: No overload matches this call.
  Overload 1 of 2, '(props: { component: ElementType<any, keyof IntrinsicElements>; } & GridBaseProps & { sx?: SxProps<Theme> | undefined; } & SystemProps<...> & Omit<...>): Element | null', gave the following error.
    Property 'component' is missing in type '{ children: Element; item: true; xs: number; }' but required in type '{ component: ElementType<any, keyof IntrinsicElements>; }'.
  Overload 2 of 2, '(props: DefaultComponentProps<GridTypeMap<{}, "div">>): Element | null', gave the following error.
    Type '{ children: Element; item: true; xs: number; }' is not assignable to type 'IntrinsicAttributes & GridBaseProps & { sx?: SxProps<Theme> | undefined; } & SystemProps<Theme> & Omit<...>'.
      Property 'item' does not exist on type 'IntrinsicAttributes & GridBaseProps & { sx?: SxProps<Theme> | undefined; } & SystemProps<Theme> & Omit<...>'.
    390 |           </Grid>
    391 |
  > 392 |           <Grid item xs={12}>
        |           ^^^^^^^^^^^^^^^^^^^
    393 |             <Typography variant="caption" color="textSecondary" sx={{ mb: 1, display: 'block' }}>
    394 |               Coordinates * (Get coordinates from{' '}
    395 |               <a href="https://www.google.com/maps" target="_blank" rel="noopener noreferrer">

TS2769: No overload matches this call.
  Overload 1 of 2, '(props: { component: ElementType<any, keyof IntrinsicElements>; } & GridBaseProps & { sx?: SxProps<Theme> | undefined; } & SystemProps<...> & Omit<...>): Element | null', gave the following error.
    Property 'component' is missing in type '{ children: Element; item: true; xs: number; md: number; }' but required in type '{ component: ElementType<any, keyof IntrinsicElements>; }'.
  Overload 2 of 2, '(props: DefaultComponentProps<GridTypeMap<{}, "div">>): Element | null', gave the following error.
    Type '{ children: Element; item: true; xs: number; md: number; }' is not assignable to type 'IntrinsicAttributes & GridBaseProps & { sx?: SxProps<Theme> | undefined; } & SystemProps<Theme> & Omit<...>'.
      Property 'item' does not exist on type 'IntrinsicAttributes & GridBaseProps & { sx?: SxProps<Theme> | undefined; } & SystemProps<Theme> & Omit<...>'.
    400 |           </Grid>
    401 |
  > 402 |           <Grid item xs={12} md={6}>
        |           ^^^^^^^^^^^^^^^^^^^^^^^^^^
    403 |             <TextField
    404 |               fullWidth
    405 |               type="number"

TS2769: No overload matches this call.
  Overload 1 of 2, '(props: { component: ElementType<any, keyof IntrinsicElements>; } & GridBaseProps & { sx?: SxProps<Theme> | undefined; } & SystemProps<...> & Omit<...>): Element | null', gave the following error.
    Property 'component' is missing in type '{ children: Element; item: true; xs: number; md: number; }' but required in type '{ component: ElementType<any, keyof IntrinsicElements>; }'.
  Overload 2 of 2, '(props: DefaultComponentProps<GridTypeMap<{}, "div">>): Element | null', gave the following error.
    Type '{ children: Element; item: true; xs: number; md: number; }' is not assignable to type 'IntrinsicAttributes & GridBaseProps & { sx?: SxProps<Theme> | undefined; } & SystemProps<Theme> & Omit<...>'.
      Property 'item' does not exist on type 'IntrinsicAttributes & GridBaseProps & { sx?: SxProps<Theme> | undefined; } & SystemProps<Theme> & Omit<...>'.
    422 |           </Grid>
    423 |
  > 424 |           <Grid item xs={12} md={6}>
        |           ^^^^^^^^^^^^^^^^^^^^^^^^^^
    425 |             <TextField
    426 |               fullWidth
    427 |               type="number"

TS2769: No overload matches this call.
  Overload 1 of 2, '(props: { component: ElementType<any, keyof IntrinsicElements>; } & GridBaseProps & { sx?: SxProps<Theme> | undefined; } & SystemProps<...> & Omit<...>): Element | null', gave the following error.
    Property 'component' is missing in type '{ children: Element; item: true; xs: number; }' but required in type '{ component: ElementType<any, keyof IntrinsicElements>; }'.
  Overload 2 of 2, '(props: DefaultComponentProps<GridTypeMap<{}, "div">>): Element | null', gave the following error.
    Type '{ children: Element; item: true; xs: number; }' is not assignable to type 'IntrinsicAttributes & GridBaseProps & { sx?: SxProps<Theme> | undefined; } & SystemProps<Theme> & Omit<...>'.
      Property 'item' does not exist on type 'IntrinsicAttributes & GridBaseProps & { sx?: SxProps<Theme> | undefined; } & SystemProps<Theme> & Omit<...>'.
    444 |
    445 |           {/* Budget Section */}
  > 446 |           <Grid item xs={12}>
        |           ^^^^^^^^^^^^^^^^^^^
    447 |             <Typography variant="subtitle2" gutterBottom sx={{ mt: 2, mb: 1 }}>
    448 |               Budget
    449 |             </Typography>

TS2769: No overload matches this call.
  Overload 1 of 2, '(props: { component: ElementType<any, keyof IntrinsicElements>; } & GridBaseProps & { sx?: SxProps<Theme> | undefined; } & SystemProps<...> & Omit<...>): Element | null', gave the following error.
    Property 'component' is missing in type '{ children: Element; item: true; xs: number; md: number; }' but required in type '{ component: ElementType<any, keyof IntrinsicElements>; }'.
  Overload 2 of 2, '(props: DefaultComponentProps<GridTypeMap<{}, "div">>): Element | null', gave the following error.
    Type '{ children: Element; item: true; xs: number; md: number; }' is not assignable to type 'IntrinsicAttributes & GridBaseProps & { sx?: SxProps<Theme> | undefined; } & SystemProps<Theme> & Omit<...>'.
      Property 'item' does not exist on type 'IntrinsicAttributes & GridBaseProps & { sx?: SxProps<Theme> | undefined; } & SystemProps<Theme> & Omit<...>'.
    450 |           </Grid>
    451 |
  > 452 |           <Grid item xs={12} md={6}>
        |           ^^^^^^^^^^^^^^^^^^^^^^^^^^
    453 |             <TextField
    454 |               fullWidth
    455 |               type="number"

TS2769: No overload matches this call.
  Overload 1 of 2, '(props: { component: ElementType<any, keyof IntrinsicElements>; } & GridBaseProps & { sx?: SxProps<Theme> | undefined; } & SystemProps<...> & Omit<...>): Element | null', gave the following error.
    Property 'component' is missing in type '{ children: Element; item: true; xs: number; md: number; }' but required in type '{ component: ElementType<any, keyof IntrinsicElements>; }'.
  Overload 2 of 2, '(props: DefaultComponentProps<GridTypeMap<{}, "div">>): Element | null', gave the following error.
    Type '{ children: Element; item: true; xs: number; md: number; }' is not assignable to type 'IntrinsicAttributes & GridBaseProps & { sx?: SxProps<Theme> | undefined; } & SystemProps<Theme> & Omit<...>'.
      Property 'item' does not exist on type 'IntrinsicAttributes & GridBaseProps & { sx?: SxProps<Theme> | undefined; } & SystemProps<Theme> & Omit<...>'.
    466 |           </Grid>
    467 |
  > 468 |           <Grid item xs={12} md={6}>
        |           ^^^^^^^^^^^^^^^^^^^^^^^^^^
    469 |             <TextField
    470 |               fullWidth
    471 |               type="number"

TS2769: No overload matches this call.
  Overload 1 of 2, '(props: { component: ElementType<any, keyof IntrinsicElements>; } & GridBaseProps & { sx?: SxProps<Theme> | undefined; } & SystemProps<...> & Omit<...>): Element | null', gave the following error.
    Property 'component' is missing in type '{ children: Element; item: true; xs: number; }' but required in type '{ component: ElementType<any, keyof IntrinsicElements>; }'.
  Overload 2 of 2, '(props: DefaultComponentProps<GridTypeMap<{}, "div">>): Element | null', gave the following error.
    Type '{ children: Element; item: true; xs: number; }' is not assignable to type 'IntrinsicAttributes & GridBaseProps & { sx?: SxProps<Theme> | undefined; } & SystemProps<Theme> & Omit<...>'.
      Property 'item' does not exist on type 'IntrinsicAttributes & GridBaseProps & { sx?: SxProps<Theme> | undefined; } & SystemProps<Theme> & Omit<...>'.
    482 |           </Grid>
    483 |
  > 484 |           <Grid item xs={12}>
        |           ^^^^^^^^^^^^^^^^^^^
    485 |             <TextField
    486 |               fullWidth
    487 |               type="date"

TS2769: No overload matches this call.
  Overload 1 of 2, '(props: { component: ElementType<any, keyof IntrinsicElements>; } & GridBaseProps & { sx?: SxProps<Theme> | undefined; } & SystemProps<...> & Omit<...>): Element | null', gave the following error.
    Property 'component' is missing in type '{ children: Element; item: true; xs: number; }' but required in type '{ component: ElementType<any, keyof IntrinsicElements>; }'.
  Overload 2 of 2, '(props: DefaultComponentProps<GridTypeMap<{}, "div">>): Element | null', gave the following error.
    Type '{ children: Element; item: true; xs: number; }' is not assignable to type 'IntrinsicAttributes & GridBaseProps & { sx?: SxProps<Theme> | undefined; } & SystemProps<Theme> & Omit<...>'.
      Property 'item' does not exist on type 'IntrinsicAttributes & GridBaseProps & { sx?: SxProps<Theme> | undefined; } & SystemProps<Theme> & Omit<...>'.
    498 |
    499 |           {/* Images Section */}
  > 500 |           <Grid item xs={12}>
        |           ^^^^^^^^^^^^^^^^^^^
    501 |             <Box sx={{ mt: 2 }}>
    502 |               <Box display="flex" justifyContent="space-between" alignItems="center" mb={1}>
    503 |                 <Typography variant="subtitle2">Images (Optional)</Typography>

TS2769: No overload matches this call.
  Overload 1 of 2, '(props: { component: ElementType<any, keyof IntrinsicElements>; } & GridBaseProps & { sx?: SxProps<Theme> | undefined; } & SystemProps<...> & Omit<...>): Element | null', gave the following error.
    Property 'component' is missing in type '{ children: Element; item: true; xs: number; }' but required in type '{ component: ElementType<any, keyof IntrinsicElements>; }'.
  Overload 2 of 2, '(props: DefaultComponentProps<GridTypeMap<{}, "div">>): Element | null', gave the following error.
    Type '{ children: Element; item: true; xs: number; }' is not assignable to type 'IntrinsicAttributes & GridBaseProps & { sx?: SxProps<Theme> | undefined; } & SystemProps<Theme> & Omit<...>'.
      Property 'item' does not exist on type 'IntrinsicAttributes & GridBaseProps & { sx?: SxProps<Theme> | undefined; } & SystemProps<Theme> & Omit<...>'.
    122 |         <Grid container spacing={3}>
    123 |           {/* Status and Audience */}
  > 124 |           <Grid item xs={12}>
        |           ^^^^^^^^^^^^^^^^^^^
    125 |             <Box sx={{ display: 'flex', gap: 2, mb: 2, flexWrap: 'wrap' }}>
    126 |               <Chip
    127 |                 label={slider.is_active ? 'Active' : 'Inactive'}

TS2769: No overload matches this call.
  Overload 1 of 2, '(props: { component: ElementType<any, keyof IntrinsicElements>; } & ChipOwnProps & ChipSlotsAndSlotProps & CommonProps & Omit<...>): Element | null', gave the following error.
    Type 'Element | null' is not assignable to type 'ReactElement<unknown, string | JSXElementConstructor<any>> | undefined'.
  Overload 2 of 2, '(props: DefaultComponentProps<ChipTypeMap<{}, "div">>): Element | null', gave the following error.
    Type 'Element | null' is not assignable to type 'ReactElement<unknown, string | JSXElementConstructor<any>> | undefined'.
    130 |               />
    131 |               <Chip
  > 132 |                 icon={getAudienceIcon(slider.target_audience || 'all')}
        |                 ^^^^
    133 |                 label={slider.target_audience?.charAt(0).toUpperCase() + slider.target_audience?.slice(1) || 'All Users'}
    134 |                 color={getAudienceColor(slider.target_audience || 'all') as any}
    135 |                 sx={{ fontWeight: 500 }}

TS2532: Object is possibly 'undefined'.
    131 |               <Chip
    132 |                 icon={getAudienceIcon(slider.target_audience || 'all')}
  > 133 |                 label={slider.target_audience?.charAt(0).toUpperCase() + slider.target_audience?.slice(1) || 'All Users'}
        |                        ^^^^^^^^^^^^^^^^^^^^^^^^^^^^^^^^^^^^^^^^^^^^^^^
    134 |                 color={getAudienceColor(slider.target_audience || 'all') as any}
    135 |                 sx={{ fontWeight: 500 }}
    136 |               />

TS2532: Object is possibly 'undefined'.
    131 |               <Chip
    132 |                 icon={getAudienceIcon(slider.target_audience || 'all')}
  > 133 |                 label={slider.target_audience?.charAt(0).toUpperCase() + slider.target_audience?.slice(1) || 'All Users'}
        |                                                                          ^^^^^^^^^^^^^^^^^^^^^^^^^^^^^^^^
    134 |                 color={getAudienceColor(slider.target_audience || 'all') as any}
    135 |                 sx={{ fontWeight: 500 }}
    136 |               />

TS2769: No overload matches this call.
  Overload 1 of 2, '(props: { component: ElementType<any, keyof IntrinsicElements>; } & GridBaseProps & { sx?: SxProps<Theme> | undefined; } & SystemProps<...> & Omit<...>): Element | null', gave the following error.
    Property 'component' is missing in type '{ children: Element[]; item: true; xs: number; }' but required in type '{ component: ElementType<any, keyof IntrinsicElements>; }'.
  Overload 2 of 2, '(props: DefaultComponentProps<GridTypeMap<{}, "div">>): Element | null', gave the following error.
    Type '{ children: Element[]; item: true; xs: number; }' is not assignable to type 'IntrinsicAttributes & GridBaseProps & { sx?: SxProps<Theme> | undefined; } & SystemProps<Theme> & Omit<...>'.
      Property 'item' does not exist on type 'IntrinsicAttributes & GridBaseProps & { sx?: SxProps<Theme> | undefined; } & SystemProps<Theme> & Omit<...>'.
    144 |
    145 |           {/* Image Preview */}
  > 146 |           <Grid item xs={12}>
        |           ^^^^^^^^^^^^^^^^^^^
    147 |             <Typography variant="h6" color="primary" gutterBottom>
    148 |               Image Preview
    149 |             </Typography>

TS2769: No overload matches this call.
  Overload 1 of 2, '(props: { component: ElementType<any, keyof IntrinsicElements>; } & GridBaseProps & { sx?: SxProps<Theme> | undefined; } & SystemProps<...> & Omit<...>): Element | null', gave the following error.
    Property 'component' is missing in type '{ children: Element; item: true; xs: number; }' but required in type '{ component: ElementType<any, keyof IntrinsicElements>; }'.
  Overload 2 of 2, '(props: DefaultComponentProps<GridTypeMap<{}, "div">>): Element | null', gave the following error.
    Type '{ children: Element; item: true; xs: number; }' is not assignable to type 'IntrinsicAttributes & GridBaseProps & { sx?: SxProps<Theme> | undefined; } & SystemProps<Theme> & Omit<...>'.
      Property 'item' does not exist on type 'IntrinsicAttributes & GridBaseProps & { sx?: SxProps<Theme> | undefined; } & SystemProps<Theme> & Omit<...>'.
    151 |           </Grid>
    152 |
  > 153 |           <Grid item xs={12}>
        |           ^^^^^^^^^^^^^^^^^^^
    154 |             <Card sx={{ borderRadius: 2, overflow: 'hidden' }}>
    155 |               <Box
    156 |                 sx={{

TS2769: No overload matches this call.
  Overload 1 of 2, '(props: { component: ElementType<any, keyof IntrinsicElements>; } & GridBaseProps & { sx?: SxProps<Theme> | undefined; } & SystemProps<...> & Omit<...>): Element | null', gave the following error.
    Property 'component' is missing in type '{ children: Element[]; item: true; xs: number; }' but required in type '{ component: ElementType<any, keyof IntrinsicElements>; }'.
  Overload 2 of 2, '(props: DefaultComponentProps<GridTypeMap<{}, "div">>): Element | null', gave the following error.
    Type '{ children: Element[]; item: true; xs: number; }' is not assignable to type 'IntrinsicAttributes & GridBaseProps & { sx?: SxProps<Theme> | undefined; } & SystemProps<Theme> & Omit<...>'.
      Property 'item' does not exist on type 'IntrinsicAttributes & GridBaseProps & { sx?: SxProps<Theme> | undefined; } & SystemProps<Theme> & Omit<...>'.
    193 |
    194 |           {/* Content Information */}
  > 195 |           <Grid item xs={12}>
        |           ^^^^^^^^^^^^^^^^^^^
    196 |             <Typography variant="h6" color="primary" gutterBottom sx={{ mt: 2 }}>
    197 |               Content Information
    198 |             </Typography>

TS2769: No overload matches this call.
  Overload 1 of 2, '(props: { component: ElementType<any, keyof IntrinsicElements>; } & GridBaseProps & { sx?: SxProps<Theme> | undefined; } & SystemProps<...> & Omit<...>): Element | null', gave the following error.
    Property 'component' is missing in type '{ children: Element; item: true; xs: number; }' but required in type '{ component: ElementType<any, keyof IntrinsicElements>; }'.
  Overload 2 of 2, '(props: DefaultComponentProps<GridTypeMap<{}, "div">>): Element | null', gave the following error.
    Type '{ children: Element; item: true; xs: number; }' is not assignable to type 'IntrinsicAttributes & GridBaseProps & { sx?: SxProps<Theme> | undefined; } & SystemProps<Theme> & Omit<...>'.
      Property 'item' does not exist on type 'IntrinsicAttributes & GridBaseProps & { sx?: SxProps<Theme> | undefined; } & SystemProps<Theme> & Omit<...>'.
    200 |           </Grid>
    201 |
  > 202 |           <Grid item xs={12}>
        |           ^^^^^^^^^^^^^^^^^^^
    203 |             <Paper sx={{ p: 2, borderRadius: 2 }}>
    204 |               <Typography variant="body2" fontWeight="500" gutterBottom>
    205 |                 Description:

TS2769: No overload matches this call.
  Overload 1 of 2, '(props: { component: ElementType<any, keyof IntrinsicElements>; } & GridBaseProps & { sx?: SxProps<Theme> | undefined; } & SystemProps<...> & Omit<...>): Element | null', gave the following error.
    Property 'component' is missing in type '{ children: Element[]; item: true; xs: number; }' but required in type '{ component: ElementType<any, keyof IntrinsicElements>; }'.
  Overload 2 of 2, '(props: DefaultComponentProps<GridTypeMap<{}, "div">>): Element | null', gave the following error.
    Type '{ children: Element[]; item: true; xs: number; }' is not assignable to type 'IntrinsicAttributes & GridBaseProps & { sx?: SxProps<Theme> | undefined; } & SystemProps<Theme> & Omit<...>'.
      Property 'item' does not exist on type 'IntrinsicAttributes & GridBaseProps & { sx?: SxProps<Theme> | undefined; } & SystemProps<Theme> & Omit<...>'.
    214 |           {slider.button_text && (
    215 |             <>
  > 216 |               <Grid item xs={12}>
        |               ^^^^^^^^^^^^^^^^^^^
    217 |                 <Typography variant="h6" color="primary" gutterBottom sx={{ mt: 2 }}>
    218 |                   Call to Action
    219 |                 </Typography>

TS2769: No overload matches this call.
  Overload 1 of 2, '(props: { component: ElementType<any, keyof IntrinsicElements>; } & GridBaseProps & { sx?: SxProps<Theme> | undefined; } & SystemProps<...> & Omit<...>): Element | null', gave the following error.
    Property 'component' is missing in type '{ children: Element; item: true; xs: number; }' but required in type '{ component: ElementType<any, keyof IntrinsicElements>; }'.
  Overload 2 of 2, '(props: DefaultComponentProps<GridTypeMap<{}, "div">>): Element | null', gave the following error.
    Type '{ children: Element; item: true; xs: number; }' is not assignable to type 'IntrinsicAttributes & GridBaseProps & { sx?: SxProps<Theme> | undefined; } & SystemProps<Theme> & Omit<...>'.
      Property 'item' does not exist on type 'IntrinsicAttributes & GridBaseProps & { sx?: SxProps<Theme> | undefined; } & SystemProps<Theme> & Omit<...>'.
    221 |               </Grid>
    222 |
  > 223 |               <Grid item xs={12}>
        |               ^^^^^^^^^^^^^^^^^^^
    224 |                 <Paper sx={{ p: 2, borderRadius: 2 }}>
    225 |                   <Box sx={{ display: 'flex', alignItems: 'center', gap: 2 }}>
    226 |                     <Button

TS2769: No overload matches this call.
  Overload 1 of 3, '(props: { href: string; } & ButtonOwnProps & Omit<ButtonBaseOwnProps, "classes"> & CommonProps & Omit<DetailedHTMLProps<AnchorHTMLAttributes<HTMLAnchorElement>, HTMLAnchorElement>, "children" | ... 27 more ... | "startIcon">): Element', gave the following error.
    Type 'string | undefined' is not assignable to type 'string'.
      Type 'undefined' is not assignable to type 'string'.
  Overload 2 of 3, '(props: { component: ElementType<any, keyof IntrinsicElements>; } & ButtonOwnProps & Omit<ButtonBaseOwnProps, "classes"> & CommonProps & Omit<...>): Element | null', gave the following error.
    Property 'component' is missing in type '{ children: string; variant: "contained"; startIcon: Element; href: string | undefined; target: string; rel: string; sx: { borderRadius: number; }; }' but required in type '{ component: ElementType<any, keyof IntrinsicElements>; }'.
  Overload 3 of 3, '(props: DefaultComponentProps<ExtendButtonBaseTypeMap<ButtonTypeMap<{}, "button">>>): Element | null', gave the following error.
    Type '{ children: string; variant: "contained"; startIcon: Element; href: string | undefined; target: string; rel: string; sx: { borderRadius: number; }; }' is not assignable to type 'IntrinsicAttributes & ButtonOwnProps & Omit<ButtonBaseOwnProps, "classes"> & CommonProps & Omit<...>'.
      Property 'target' does not exist on type 'IntrinsicAttributes & ButtonOwnProps & Omit<ButtonBaseOwnProps, "classes"> & CommonProps & Omit<...>'.
    224 |                 <Paper sx={{ p: 2, borderRadius: 2 }}>
    225 |                   <Box sx={{ display: 'flex', alignItems: 'center', gap: 2 }}>
  > 226 |                     <Button
        |                     ^^^^^^^
  > 227 |                       variant="contained"
        | ^^^^^^^^^^^^^^^^^^^^^^^^^^^^^^^^^^^^^^^^^
  > 228 |                       startIcon={<LinkIcon />}
        | ^^^^^^^^^^^^^^^^^^^^^^^^^^^^^^^^^^^^^^^^^
  > 229 |                       href={slider.button_url}
        | ^^^^^^^^^^^^^^^^^^^^^^^^^^^^^^^^^^^^^^^^^
  > 230 |                       target="_blank"
        | ^^^^^^^^^^^^^^^^^^^^^^^^^^^^^^^^^^^^^^^^^
  > 231 |                       rel="noopener noreferrer"
        | ^^^^^^^^^^^^^^^^^^^^^^^^^^^^^^^^^^^^^^^^^
  > 232 |                       sx={{ borderRadius: 2 }}
        | ^^^^^^^^^^^^^^^^^^^^^^^^^^^^^^^^^^^^^^^^^
  > 233 |                     >
        | ^^^^^^^^^^^^^^^^^^^^^^
    234 |                       {slider.button_text}
    235 |                     </Button>
    236 |                     <Box>

TS2769: No overload matches this call.
  Overload 1 of 2, '(props: { component: ElementType<any, keyof IntrinsicElements>; } & GridBaseProps & { sx?: SxProps<Theme> | undefined; } & SystemProps<...> & Omit<...>): Element | null', gave the following error.
    Property 'component' is missing in type '{ children: Element[]; item: true; xs: number; }' but required in type '{ component: ElementType<any, keyof IntrinsicElements>; }'.
  Overload 2 of 2, '(props: DefaultComponentProps<GridTypeMap<{}, "div">>): Element | null', gave the following error.
    Type '{ children: Element[]; item: true; xs: number; }' is not assignable to type 'IntrinsicAttributes & GridBaseProps & { sx?: SxProps<Theme> | undefined; } & SystemProps<Theme> & Omit<...>'.
      Property 'item' does not exist on type 'IntrinsicAttributes & GridBaseProps & { sx?: SxProps<Theme> | undefined; } & SystemProps<Theme> & Omit<...>'.
    249 |
    250 |           {/* Schedule Information */}
  > 251 |           <Grid item xs={12}>
        |           ^^^^^^^^^^^^^^^^^^^
    252 |             <Typography variant="h6" color="primary" gutterBottom sx={{ mt: 2 }}>
    253 |               Schedule Information
    254 |             </Typography>

TS2769: No overload matches this call.
  Overload 1 of 2, '(props: { component: ElementType<any, keyof IntrinsicElements>; } & GridBaseProps & { sx?: SxProps<Theme> | undefined; } & SystemProps<...> & Omit<...>): Element | null', gave the following error.
    Property 'component' is missing in type '{ children: Element; item: true; xs: number; md: number; }' but required in type '{ component: ElementType<any, keyof IntrinsicElements>; }'.
  Overload 2 of 2, '(props: DefaultComponentProps<GridTypeMap<{}, "div">>): Element | null', gave the following error.
    Type '{ children: Element; item: true; xs: number; md: number; }' is not assignable to type 'IntrinsicAttributes & GridBaseProps & { sx?: SxProps<Theme> | undefined; } & SystemProps<Theme> & Omit<...>'.
      Property 'item' does not exist on type 'IntrinsicAttributes & GridBaseProps & { sx?: SxProps<Theme> | undefined; } & SystemProps<Theme> & Omit<...>'.
    256 |           </Grid>
    257 |
  > 258 |           <Grid item xs={12} md={6}>
        |           ^^^^^^^^^^^^^^^^^^^^^^^^^^
    259 |             <Paper sx={{ p: 2, borderRadius: 2 }}>
    260 |               <Box sx={{ display: 'flex', alignItems: 'center', gap: 1, mb: 1 }}>
    261 |                 <ScheduleIcon color="action" />

TS2769: No overload matches this call.
  Overload 1 of 2, '(props: { component: ElementType<any, keyof IntrinsicElements>; } & GridBaseProps & { sx?: SxProps<Theme> | undefined; } & SystemProps<...> & Omit<...>): Element | null', gave the following error.
    Property 'component' is missing in type '{ children: Element; item: true; xs: number; md: number; }' but required in type '{ component: ElementType<any, keyof IntrinsicElements>; }'.
  Overload 2 of 2, '(props: DefaultComponentProps<GridTypeMap<{}, "div">>): Element | null', gave the following error.
    Type '{ children: Element; item: true; xs: number; md: number; }' is not assignable to type 'IntrinsicAttributes & GridBaseProps & { sx?: SxProps<Theme> | undefined; } & SystemProps<Theme> & Omit<...>'.
      Property 'item' does not exist on type 'IntrinsicAttributes & GridBaseProps & { sx?: SxProps<Theme> | undefined; } & SystemProps<Theme> & Omit<...>'.
    278 |           </Grid>
    279 |
  > 280 |           <Grid item xs={12} md={6}>
        |           ^^^^^^^^^^^^^^^^^^^^^^^^^^
    281 |             <Paper sx={{ p: 2, borderRadius: 2 }}>
    282 |               <Box sx={{ display: 'flex', alignItems: 'center', gap: 1, mb: 1 }}>
    283 |                 <ScheduleIcon color="action" />

TS2769: No overload matches this call.
  Overload 1 of 2, '(props: { component: ElementType<any, keyof IntrinsicElements>; } & GridBaseProps & { sx?: SxProps<Theme> | undefined; } & SystemProps<...> & Omit<...>): Element | null', gave the following error.
    Property 'component' is missing in type '{ children: Element[]; item: true; xs: number; }' but required in type '{ component: ElementType<any, keyof IntrinsicElements>; }'.
  Overload 2 of 2, '(props: DefaultComponentProps<GridTypeMap<{}, "div">>): Element | null', gave the following error.
    Type '{ children: Element[]; item: true; xs: number; }' is not assignable to type 'IntrinsicAttributes & GridBaseProps & { sx?: SxProps<Theme> | undefined; } & SystemProps<Theme> & Omit<...>'.
      Property 'item' does not exist on type 'IntrinsicAttributes & GridBaseProps & { sx?: SxProps<Theme> | undefined; } & SystemProps<Theme> & Omit<...>'.
    301 |
    302 |           {/* Timestamps */}
  > 303 |           <Grid item xs={12}>
        |           ^^^^^^^^^^^^^^^^^^^
    304 |             <Typography variant="h6" color="primary" gutterBottom sx={{ mt: 2 }}>
    305 |               Account Information
    306 |             </Typography>

TS2769: No overload matches this call.
  Overload 1 of 2, '(props: { component: ElementType<any, keyof IntrinsicElements>; } & GridBaseProps & { sx?: SxProps<Theme> | undefined; } & SystemProps<...> & Omit<...>): Element | null', gave the following error.
    Property 'component' is missing in type '{ children: Element; item: true; xs: number; md: number; }' but required in type '{ component: ElementType<any, keyof IntrinsicElements>; }'.
  Overload 2 of 2, '(props: DefaultComponentProps<GridTypeMap<{}, "div">>): Element | null', gave the following error.
    Type '{ children: Element; item: true; xs: number; md: number; }' is not assignable to type 'IntrinsicAttributes & GridBaseProps & { sx?: SxProps<Theme> | undefined; } & SystemProps<Theme> & Omit<...>'.
      Property 'item' does not exist on type 'IntrinsicAttributes & GridBaseProps & { sx?: SxProps<Theme> | undefined; } & SystemProps<Theme> & Omit<...>'.
    308 |           </Grid>
    309 |
  > 310 |           <Grid item xs={12} md={6}>
        |           ^^^^^^^^^^^^^^^^^^^^^^^^^^
    311 |             <Paper sx={{ p: 2, borderRadius: 2 }}>
    312 |               <Typography variant="body2" fontWeight="500" gutterBottom>
    313 |                 Created

TS2769: No overload matches this call.
  Overload 1 of 2, '(props: { component: ElementType<any, keyof IntrinsicElements>; } & GridBaseProps & { sx?: SxProps<Theme> | undefined; } & SystemProps<...> & Omit<...>): Element | null', gave the following error.
    Property 'component' is missing in type '{ children: Element; item: true; xs: number; md: number; }' but required in type '{ component: ElementType<any, keyof IntrinsicElements>; }'.
  Overload 2 of 2, '(props: DefaultComponentProps<GridTypeMap<{}, "div">>): Element | null', gave the following error.
    Type '{ children: Element; item: true; xs: number; md: number; }' is not assignable to type 'IntrinsicAttributes & GridBaseProps & { sx?: SxProps<Theme> | undefined; } & SystemProps<Theme> & Omit<...>'.
      Property 'item' does not exist on type 'IntrinsicAttributes & GridBaseProps & { sx?: SxProps<Theme> | undefined; } & SystemProps<Theme> & Omit<...>'.
    319 |           </Grid>
    320 |
  > 321 |           <Grid item xs={12} md={6}>
        |           ^^^^^^^^^^^^^^^^^^^^^^^^^^
    322 |             <Paper sx={{ p: 2, borderRadius: 2 }}>
    323 |               <Typography variant="body2" fontWeight="500" gutterBottom>
    324 |                 Last Updated

TS2769: No overload matches this call.
  Overload 1 of 2, '(props: { component: ElementType<any, keyof IntrinsicElements>; } & GridBaseProps & { sx?: SxProps<Theme> | undefined; } & SystemProps<...> & Omit<...>): Element | null', gave the following error.
    Property 'component' is missing in type '{ children: Element; item: true; xs: number; md: number; }' but required in type '{ component: ElementType<any, keyof IntrinsicElements>; }'.
  Overload 2 of 2, '(props: DefaultComponentProps<GridTypeMap<{}, "div">>): Element | null', gave the following error.
    Type '{ children: Element; item: true; xs: number; md: number; }' is not assignable to type 'IntrinsicAttributes & GridBaseProps & { sx?: SxProps<Theme> | undefined; } & SystemProps<Theme> & Omit<...>'.
      Property 'item' does not exist on type 'IntrinsicAttributes & GridBaseProps & { sx?: SxProps<Theme> | undefined; } & SystemProps<Theme> & Omit<...>'.
    74 |
    75 |       <Grid container spacing={2} alignItems="center">
  > 76 |         <Grid item xs={12} md={4}>
       |         ^^^^^^^^^^^^^^^^^^^^^^^^^^
    77 |           <TextField
    78 |             fullWidth
    79 |             placeholder="Search sliders..."

TS2769: No overload matches this call.
  Overload 1 of 2, '(props: { component: ElementType<any, keyof IntrinsicElements>; } & GridBaseProps & { sx?: SxProps<Theme> | undefined; } & SystemProps<...> & Omit<...>): Element | null', gave the following error.
    Property 'component' is missing in type '{ children: Element; item: true; xs: number; md: number; }' but required in type '{ component: ElementType<any, keyof IntrinsicElements>; }'.
  Overload 2 of 2, '(props: DefaultComponentProps<GridTypeMap<{}, "div">>): Element | null', gave the following error.
    Type '{ children: Element; item: true; xs: number; md: number; }' is not assignable to type 'IntrinsicAttributes & GridBaseProps & { sx?: SxProps<Theme> | undefined; } & SystemProps<Theme> & Omit<...>'.
      Property 'item' does not exist on type 'IntrinsicAttributes & GridBaseProps & { sx?: SxProps<Theme> | undefined; } & SystemProps<Theme> & Omit<...>'.
    91 |         </Grid>
    92 |
  > 93 |         <Grid item xs={12} md={3}>
       |         ^^^^^^^^^^^^^^^^^^^^^^^^^^
    94 |           <FormControl fullWidth>
    95 |             <InputLabel>Status</InputLabel>
    96 |             <Select

TS2769: No overload matches this call.
  Overload 1 of 2, '(props: { component: ElementType<any, keyof IntrinsicElements>; } & GridBaseProps & { sx?: SxProps<Theme> | undefined; } & SystemProps<...> & Omit<...>): Element | null', gave the following error.
    Property 'component' is missing in type '{ children: Element; item: true; xs: number; md: number; }' but required in type '{ component: ElementType<any, keyof IntrinsicElements>; }'.
  Overload 2 of 2, '(props: DefaultComponentProps<GridTypeMap<{}, "div">>): Element | null', gave the following error.
    Type '{ children: Element; item: true; xs: number; md: number; }' is not assignable to type 'IntrinsicAttributes & GridBaseProps & { sx?: SxProps<Theme> | undefined; } & SystemProps<Theme> & Omit<...>'.
      Property 'item' does not exist on type 'IntrinsicAttributes & GridBaseProps & { sx?: SxProps<Theme> | undefined; } & SystemProps<Theme> & Omit<...>'.
    109 |         </Grid>
    110 |
  > 111 |         <Grid item xs={12} md={3}>
        |         ^^^^^^^^^^^^^^^^^^^^^^^^^^
    112 |           <FormControl fullWidth>
    113 |             <InputLabel>Audience</InputLabel>
    114 |             <Select

TS2769: No overload matches this call.
  Overload 1 of 2, '(props: { component: ElementType<any, keyof IntrinsicElements>; } & GridBaseProps & { sx?: SxProps<Theme> | undefined; } & SystemProps<...> & Omit<...>): Element | null', gave the following error.
    Property 'component' is missing in type '{ children: Element; item: true; xs: number; md: number; }' but required in type '{ component: ElementType<any, keyof IntrinsicElements>; }'.
  Overload 2 of 2, '(props: DefaultComponentProps<GridTypeMap<{}, "div">>): Element | null', gave the following error.
    Type '{ children: Element; item: true; xs: number; md: number; }' is not assignable to type 'IntrinsicAttributes & GridBaseProps & { sx?: SxProps<Theme> | undefined; } & SystemProps<Theme> & Omit<...>'.
      Property 'item' does not exist on type 'IntrinsicAttributes & GridBaseProps & { sx?: SxProps<Theme> | undefined; } & SystemProps<Theme> & Omit<...>'.
    127 |         </Grid>
    128 |
  > 129 |         <Grid item xs={12} md={2}>
        |         ^^^^^^^^^^^^^^^^^^^^^^^^^^
    130 |           <Box sx={{ display: 'flex', gap: 1 }}>
    131 |             <Button
    132 |               variant="contained"

TS2769: No overload matches this call.
  Overload 1 of 2, '(props: { component: ElementType<any, keyof IntrinsicElements>; } & GridBaseProps & { sx?: SxProps<Theme> | undefined; } & SystemProps<...> & Omit<...>): Element | null', gave the following error.
    Property 'component' is missing in type '{ children: Element[]; item: true; xs: number; }' but required in type '{ component: ElementType<any, keyof IntrinsicElements>; }'.
  Overload 2 of 2, '(props: DefaultComponentProps<GridTypeMap<{}, "div">>): Element | null', gave the following error.
    Type '{ children: Element[]; item: true; xs: number; }' is not assignable to type 'IntrinsicAttributes & GridBaseProps & { sx?: SxProps<Theme> | undefined; } & SystemProps<Theme> & Omit<...>'.
      Property 'item' does not exist on type 'IntrinsicAttributes & GridBaseProps & { sx?: SxProps<Theme> | undefined; } & SystemProps<Theme> & Omit<...>'.
    210 |           <Grid container spacing={3}>
    211 |             {/* Basic Information */}
  > 212 |             <Grid item xs={12}>
        |             ^^^^^^^^^^^^^^^^^^^
    213 |               <Typography variant="h6" color="primary" gutterBottom>
    214 |                 Basic Information
    215 |               </Typography>

TS2769: No overload matches this call.
  Overload 1 of 2, '(props: { component: ElementType<any, keyof IntrinsicElements>; } & GridBaseProps & { sx?: SxProps<Theme> | undefined; } & SystemProps<...> & Omit<...>): Element | null', gave the following error.
    Property 'component' is missing in type '{ children: Element; item: true; xs: number; md: number; }' but required in type '{ component: ElementType<any, keyof IntrinsicElements>; }'.
  Overload 2 of 2, '(props: DefaultComponentProps<GridTypeMap<{}, "div">>): Element | null', gave the following error.
    Type '{ children: Element; item: true; xs: number; md: number; }' is not assignable to type 'IntrinsicAttributes & GridBaseProps & { sx?: SxProps<Theme> | undefined; } & SystemProps<Theme> & Omit<...>'.
      Property 'item' does not exist on type 'IntrinsicAttributes & GridBaseProps & { sx?: SxProps<Theme> | undefined; } & SystemProps<Theme> & Omit<...>'.
    217 |             </Grid>
    218 |
  > 219 |             <Grid item xs={12} md={6}>
        |             ^^^^^^^^^^^^^^^^^^^^^^^^^^
    220 |               <TextField
    221 |                 fullWidth
    222 |                 label="Title *"

TS2769: No overload matches this call.
  Overload 1 of 2, '(props: { component: ElementType<any, keyof IntrinsicElements>; } & GridBaseProps & { sx?: SxProps<Theme> | undefined; } & SystemProps<...> & Omit<...>): Element | null', gave the following error.
    Property 'component' is missing in type '{ children: Element; item: true; xs: number; md: number; }' but required in type '{ component: ElementType<any, keyof IntrinsicElements>; }'.
  Overload 2 of 2, '(props: DefaultComponentProps<GridTypeMap<{}, "div">>): Element | null', gave the following error.
    Type '{ children: Element; item: true; xs: number; md: number; }' is not assignable to type 'IntrinsicAttributes & GridBaseProps & { sx?: SxProps<Theme> | undefined; } & SystemProps<Theme> & Omit<...>'.
      Property 'item' does not exist on type 'IntrinsicAttributes & GridBaseProps & { sx?: SxProps<Theme> | undefined; } & SystemProps<Theme> & Omit<...>'.
    229 |             </Grid>
    230 |
  > 231 |             <Grid item xs={12} md={6}>
        |             ^^^^^^^^^^^^^^^^^^^^^^^^^^
    232 |               <TextField
    233 |                 fullWidth
    234 |                 label="Subtitle"

TS2769: No overload matches this call.
  Overload 1 of 2, '(props: { component: ElementType<any, keyof IntrinsicElements>; } & GridBaseProps & { sx?: SxProps<Theme> | undefined; } & SystemProps<...> & Omit<...>): Element | null', gave the following error.
    Property 'component' is missing in type '{ children: Element; item: true; xs: number; }' but required in type '{ component: ElementType<any, keyof IntrinsicElements>; }'.
  Overload 2 of 2, '(props: DefaultComponentProps<GridTypeMap<{}, "div">>): Element | null', gave the following error.
    Type '{ children: Element; item: true; xs: number; }' is not assignable to type 'IntrinsicAttributes & GridBaseProps & { sx?: SxProps<Theme> | undefined; } & SystemProps<Theme> & Omit<...>'.
      Property 'item' does not exist on type 'IntrinsicAttributes & GridBaseProps & { sx?: SxProps<Theme> | undefined; } & SystemProps<Theme> & Omit<...>'.
    239 |             </Grid>
    240 |
  > 241 |             <Grid item xs={12}>
        |             ^^^^^^^^^^^^^^^^^^^
    242 |               <TextField
    243 |                 fullWidth
    244 |                 label="Description"

TS2769: No overload matches this call.
  Overload 1 of 2, '(props: { component: ElementType<any, keyof IntrinsicElements>; } & GridBaseProps & { sx?: SxProps<Theme> | undefined; } & SystemProps<...> & Omit<...>): Element | null', gave the following error.
    Property 'component' is missing in type '{ children: Element[]; item: true; xs: number; }' but required in type '{ component: ElementType<any, keyof IntrinsicElements>; }'.
  Overload 2 of 2, '(props: DefaultComponentProps<GridTypeMap<{}, "div">>): Element | null', gave the following error.
    Type '{ children: Element[]; item: true; xs: number; }' is not assignable to type 'IntrinsicAttributes & GridBaseProps & { sx?: SxProps<Theme> | undefined; } & SystemProps<Theme> & Omit<...>'.
      Property 'item' does not exist on type 'IntrinsicAttributes & GridBaseProps & { sx?: SxProps<Theme> | undefined; } & SystemProps<Theme> & Omit<...>'.
    253 |
    254 |             {/* Image Information */}
  > 255 |             <Grid item xs={12}>
        |             ^^^^^^^^^^^^^^^^^^^
    256 |               <Typography variant="h6" color="primary" gutterBottom sx={{ mt: 2 }}>
    257 |                 Image Information
    258 |               </Typography>

TS2769: No overload matches this call.
  Overload 1 of 2, '(props: { component: ElementType<any, keyof IntrinsicElements>; } & GridBaseProps & { sx?: SxProps<Theme> | undefined; } & SystemProps<...> & Omit<...>): Element | null', gave the following error.
    Property 'component' is missing in type '{ children: Element; item: true; xs: number; md: number; }' but required in type '{ component: ElementType<any, keyof IntrinsicElements>; }'.
  Overload 2 of 2, '(props: DefaultComponentProps<GridTypeMap<{}, "div">>): Element | null', gave the following error.
    Type '{ children: Element; item: true; xs: number; md: number; }' is not assignable to type 'IntrinsicAttributes & GridBaseProps & { sx?: SxProps<Theme> | undefined; } & SystemProps<Theme> & Omit<...>'.
      Property 'item' does not exist on type 'IntrinsicAttributes & GridBaseProps & { sx?: SxProps<Theme> | undefined; } & SystemProps<Theme> & Omit<...>'.
    260 |             </Grid>
    261 |
  > 262 |             <Grid item xs={12} md={8}>
        |             ^^^^^^^^^^^^^^^^^^^^^^^^^^
    263 |               <TextField
    264 |                 fullWidth
    265 |                 label="Image URL *"

TS2769: No overload matches this call.
  Overload 1 of 2, '(props: { component: ElementType<any, keyof IntrinsicElements>; } & GridBaseProps & { sx?: SxProps<Theme> | undefined; } & SystemProps<...> & Omit<...>): Element | null', gave the following error.
    Property 'component' is missing in type '{ children: Element; item: true; xs: number; md: number; }' but required in type '{ component: ElementType<any, keyof IntrinsicElements>; }'.
  Overload 2 of 2, '(props: DefaultComponentProps<GridTypeMap<{}, "div">>): Element | null', gave the following error.
    Type '{ children: Element; item: true; xs: number; md: number; }' is not assignable to type 'IntrinsicAttributes & GridBaseProps & { sx?: SxProps<Theme> | undefined; } & SystemProps<Theme> & Omit<...>'.
      Property 'item' does not exist on type 'IntrinsicAttributes & GridBaseProps & { sx?: SxProps<Theme> | undefined; } & SystemProps<Theme> & Omit<...>'.
    273 |             </Grid>
    274 |
  > 275 |             <Grid item xs={12} md={4}>
        |             ^^^^^^^^^^^^^^^^^^^^^^^^^^
    276 |               <TextField
    277 |                 fullWidth
    278 |                 label="Image Alt Text"

TS2769: No overload matches this call.
  Overload 1 of 2, '(props: { component: ElementType<any, keyof IntrinsicElements>; } & GridBaseProps & { sx?: SxProps<Theme> | undefined; } & SystemProps<...> & Omit<...>): Element | null', gave the following error.
    Property 'component' is missing in type '{ children: Element; item: true; xs: number; }' but required in type '{ component: ElementType<any, keyof IntrinsicElements>; }'.
  Overload 2 of 2, '(props: DefaultComponentProps<GridTypeMap<{}, "div">>): Element | null', gave the following error.
    Type '{ children: Element; item: true; xs: number; }' is not assignable to type 'IntrinsicAttributes & GridBaseProps & { sx?: SxProps<Theme> | undefined; } & SystemProps<Theme> & Omit<...>'.
      Property 'item' does not exist on type 'IntrinsicAttributes & GridBaseProps & { sx?: SxProps<Theme> | undefined; } & SystemProps<Theme> & Omit<...>'.
    286 |             {/* Image Preview */}
    287 |             {formData.image_url && (
  > 288 |               <Grid item xs={12}>
        |               ^^^^^^^^^^^^^^^^^^^
    289 |                 <Paper sx={{ p: 2, borderRadius: 2, bgcolor: 'grey.50' }}>
    290 |                   <Typography variant="body2" fontWeight="500" gutterBottom>
    291 |                     Image Preview:

TS2769: No overload matches this call.
  Overload 1 of 2, '(props: { component: ElementType<any, keyof IntrinsicElements>; } & GridBaseProps & { sx?: SxProps<Theme> | undefined; } & SystemProps<...> & Omit<...>): Element | null', gave the following error.
    Property 'component' is missing in type '{ children: Element[]; item: true; xs: number; }' but required in type '{ component: ElementType<any, keyof IntrinsicElements>; }'.
  Overload 2 of 2, '(props: DefaultComponentProps<GridTypeMap<{}, "div">>): Element | null', gave the following error.
    Type '{ children: Element[]; item: true; xs: number; }' is not assignable to type 'IntrinsicAttributes & GridBaseProps & { sx?: SxProps<Theme> | undefined; } & SystemProps<Theme> & Omit<...>'.
      Property 'item' does not exist on type 'IntrinsicAttributes & GridBaseProps & { sx?: SxProps<Theme> | undefined; } & SystemProps<Theme> & Omit<...>'.
    324 |
    325 |             {/* Call to Action */}
  > 326 |             <Grid item xs={12}>
        |             ^^^^^^^^^^^^^^^^^^^
    327 |               <Typography variant="h6" color="primary" gutterBottom sx={{ mt: 2 }}>
    328 |                 Call to Action
    329 |               </Typography>

TS2769: No overload matches this call.
  Overload 1 of 2, '(props: { component: ElementType<any, keyof IntrinsicElements>; } & GridBaseProps & { sx?: SxProps<Theme> | undefined; } & SystemProps<...> & Omit<...>): Element | null', gave the following error.
    Property 'component' is missing in type '{ children: Element; item: true; xs: number; md: number; }' but required in type '{ component: ElementType<any, keyof IntrinsicElements>; }'.
  Overload 2 of 2, '(props: DefaultComponentProps<GridTypeMap<{}, "div">>): Element | null', gave the following error.
    Type '{ children: Element; item: true; xs: number; md: number; }' is not assignable to type 'IntrinsicAttributes & GridBaseProps & { sx?: SxProps<Theme> | undefined; } & SystemProps<Theme> & Omit<...>'.
      Property 'item' does not exist on type 'IntrinsicAttributes & GridBaseProps & { sx?: SxProps<Theme> | undefined; } & SystemProps<Theme> & Omit<...>'.
    331 |             </Grid>
    332 |
  > 333 |             <Grid item xs={12} md={6}>
        |             ^^^^^^^^^^^^^^^^^^^^^^^^^^
    334 |               <TextField
    335 |                 fullWidth
    336 |                 label="Button Text"

TS2769: No overload matches this call.
  Overload 1 of 2, '(props: { component: ElementType<any, keyof IntrinsicElements>; } & GridBaseProps & { sx?: SxProps<Theme> | undefined; } & SystemProps<...> & Omit<...>): Element | null', gave the following error.
    Property 'component' is missing in type '{ children: Element; item: true; xs: number; md: number; }' but required in type '{ component: ElementType<any, keyof IntrinsicElements>; }'.
  Overload 2 of 2, '(props: DefaultComponentProps<GridTypeMap<{}, "div">>): Element | null', gave the following error.
    Type '{ children: Element; item: true; xs: number; md: number; }' is not assignable to type 'IntrinsicAttributes & GridBaseProps & { sx?: SxProps<Theme> | undefined; } & SystemProps<Theme> & Omit<...>'.
      Property 'item' does not exist on type 'IntrinsicAttributes & GridBaseProps & { sx?: SxProps<Theme> | undefined; } & SystemProps<Theme> & Omit<...>'.
    342 |             </Grid>
    343 |
  > 344 |             <Grid item xs={12} md={6}>
        |             ^^^^^^^^^^^^^^^^^^^^^^^^^^
    345 |               <TextField
    346 |                 fullWidth
    347 |                 label="Button URL"

TS2769: No overload matches this call.
  Overload 1 of 2, '(props: { component: ElementType<any, keyof IntrinsicElements>; } & GridBaseProps & { sx?: SxProps<Theme> | undefined; } & SystemProps<...> & Omit<...>): Element | null', gave the following error.
    Property 'component' is missing in type '{ children: Element[]; item: true; xs: number; }' but required in type '{ component: ElementType<any, keyof IntrinsicElements>; }'.
  Overload 2 of 2, '(props: DefaultComponentProps<GridTypeMap<{}, "div">>): Element | null', gave the following error.
    Type '{ children: Element[]; item: true; xs: number; }' is not assignable to type 'IntrinsicAttributes & GridBaseProps & { sx?: SxProps<Theme> | undefined; } & SystemProps<Theme> & Omit<...>'.
      Property 'item' does not exist on type 'IntrinsicAttributes & GridBaseProps & { sx?: SxProps<Theme> | undefined; } & SystemProps<Theme> & Omit<...>'.
    356 |
    357 |             {/* Settings */}
  > 358 |             <Grid item xs={12}>
        |             ^^^^^^^^^^^^^^^^^^^
    359 |               <Typography variant="h6" color="primary" gutterBottom sx={{ mt: 2 }}>
    360 |                 Settings
    361 |               </Typography>

TS2769: No overload matches this call.
  Overload 1 of 2, '(props: { component: ElementType<any, keyof IntrinsicElements>; } & GridBaseProps & { sx?: SxProps<Theme> | undefined; } & SystemProps<...> & Omit<...>): Element | null', gave the following error.
    Property 'component' is missing in type '{ children: Element; item: true; xs: number; md: number; }' but required in type '{ component: ElementType<any, keyof IntrinsicElements>; }'.
  Overload 2 of 2, '(props: DefaultComponentProps<GridTypeMap<{}, "div">>): Element | null', gave the following error.
    Type '{ children: Element; item: true; xs: number; md: number; }' is not assignable to type 'IntrinsicAttributes & GridBaseProps & { sx?: SxProps<Theme> | undefined; } & SystemProps<Theme> & Omit<...>'.
      Property 'item' does not exist on type 'IntrinsicAttributes & GridBaseProps & { sx?: SxProps<Theme> | undefined; } & SystemProps<Theme> & Omit<...>'.
    363 |             </Grid>
    364 |
  > 365 |             <Grid item xs={12} md={4}>
        |             ^^^^^^^^^^^^^^^^^^^^^^^^^^
    366 |               <TextField
    367 |                 fullWidth
    368 |                 label="Position"

TS2769: No overload matches this call.
  Overload 1 of 2, '(props: { component: ElementType<any, keyof IntrinsicElements>; } & GridBaseProps & { sx?: SxProps<Theme> | undefined; } & SystemProps<...> & Omit<...>): Element | null', gave the following error.
    Property 'component' is missing in type '{ children: Element; item: true; xs: number; md: number; }' but required in type '{ component: ElementType<any, keyof IntrinsicElements>; }'.
  Overload 2 of 2, '(props: DefaultComponentProps<GridTypeMap<{}, "div">>): Element | null', gave the following error.
    Type '{ children: Element; item: true; xs: number; md: number; }' is not assignable to type 'IntrinsicAttributes & GridBaseProps & { sx?: SxProps<Theme> | undefined; } & SystemProps<Theme> & Omit<...>'.
      Property 'item' does not exist on type 'IntrinsicAttributes & GridBaseProps & { sx?: SxProps<Theme> | undefined; } & SystemProps<Theme> & Omit<...>'.
    375 |             </Grid>
    376 |
  > 377 |             <Grid item xs={12} md={4}>
        |             ^^^^^^^^^^^^^^^^^^^^^^^^^^
    378 |               <FormControl fullWidth>
    379 |                 <InputLabel>Target Audience</InputLabel>
    380 |                 <Select

TS2769: No overload matches this call.
  Overload 1 of 2, '(props: { component: ElementType<any, keyof IntrinsicElements>; } & GridBaseProps & { sx?: SxProps<Theme> | undefined; } & SystemProps<...> & Omit<...>): Element | null', gave the following error.
    Property 'component' is missing in type '{ children: Element; item: true; xs: number; md: number; }' but required in type '{ component: ElementType<any, keyof IntrinsicElements>; }'.
  Overload 2 of 2, '(props: DefaultComponentProps<GridTypeMap<{}, "div">>): Element | null', gave the following error.
    Type '{ children: Element; item: true; xs: number; md: number; }' is not assignable to type 'IntrinsicAttributes & GridBaseProps & { sx?: SxProps<Theme> | undefined; } & SystemProps<Theme> & Omit<...>'.
      Property 'item' does not exist on type 'IntrinsicAttributes & GridBaseProps & { sx?: SxProps<Theme> | undefined; } & SystemProps<Theme> & Omit<...>'.
    391 |             </Grid>
    392 |
  > 393 |             <Grid item xs={12} md={4}>
        |             ^^^^^^^^^^^^^^^^^^^^^^^^^^
    394 |               <FormControlLabel
    395 |                 control={
    396 |                   <Switch

TS2769: No overload matches this call.
  Overload 1 of 2, '(props: { component: ElementType<any, keyof IntrinsicElements>; } & GridBaseProps & { sx?: SxProps<Theme> | undefined; } & SystemProps<...> & Omit<...>): Element | null', gave the following error.
    Property 'component' is missing in type '{ children: Element[]; item: true; xs: number; }' but required in type '{ component: ElementType<any, keyof IntrinsicElements>; }'.
  Overload 2 of 2, '(props: DefaultComponentProps<GridTypeMap<{}, "div">>): Element | null', gave the following error.
    Type '{ children: Element[]; item: true; xs: number; }' is not assignable to type 'IntrinsicAttributes & GridBaseProps & { sx?: SxProps<Theme> | undefined; } & SystemProps<Theme> & Omit<...>'.
      Property 'item' does not exist on type 'IntrinsicAttributes & GridBaseProps & { sx?: SxProps<Theme> | undefined; } & SystemProps<Theme> & Omit<...>'.
    406 |
    407 |             {/* Schedule */}
  > 408 |             <Grid item xs={12}>
        |             ^^^^^^^^^^^^^^^^^^^
    409 |               <Typography variant="h6" color="primary" gutterBottom sx={{ mt: 2 }}>
    410 |                 Schedule (Optional)
    411 |               </Typography>

TS2769: No overload matches this call.
  Overload 1 of 2, '(props: { component: ElementType<any, keyof IntrinsicElements>; } & GridBaseProps & { sx?: SxProps<Theme> | undefined; } & SystemProps<...> & Omit<...>): Element | null', gave the following error.
    Property 'component' is missing in type '{ children: Element; item: true; xs: number; md: number; }' but required in type '{ component: ElementType<any, keyof IntrinsicElements>; }'.
  Overload 2 of 2, '(props: DefaultComponentProps<GridTypeMap<{}, "div">>): Element | null', gave the following error.
    Type '{ children: Element; item: true; xs: number; md: number; }' is not assignable to type 'IntrinsicAttributes & GridBaseProps & { sx?: SxProps<Theme> | undefined; } & SystemProps<Theme> & Omit<...>'.
      Property 'item' does not exist on type 'IntrinsicAttributes & GridBaseProps & { sx?: SxProps<Theme> | undefined; } & SystemProps<Theme> & Omit<...>'.
    413 |             </Grid>
    414 |
  > 415 |             <Grid item xs={12} md={6}>
        |             ^^^^^^^^^^^^^^^^^^^^^^^^^^
    416 |               <DatePicker
    417 |                 label="Start Date"
    418 |                 value={formData.start_date}

TS2769: No overload matches this call.
  Overload 1 of 2, '(props: { component: ElementType<any, keyof IntrinsicElements>; } & GridBaseProps & { sx?: SxProps<Theme> | undefined; } & SystemProps<...> & Omit<...>): Element | null', gave the following error.
    Property 'component' is missing in type '{ children: Element; item: true; xs: number; md: number; }' but required in type '{ component: ElementType<any, keyof IntrinsicElements>; }'.
  Overload 2 of 2, '(props: DefaultComponentProps<GridTypeMap<{}, "div">>): Element | null', gave the following error.
    Type '{ children: Element; item: true; xs: number; md: number; }' is not assignable to type 'IntrinsicAttributes & GridBaseProps & { sx?: SxProps<Theme> | undefined; } & SystemProps<Theme> & Omit<...>'.
      Property 'item' does not exist on type 'IntrinsicAttributes & GridBaseProps & { sx?: SxProps<Theme> | undefined; } & SystemProps<Theme> & Omit<...>'.
    427 |             </Grid>
    428 |
  > 429 |             <Grid item xs={12} md={6}>
        |             ^^^^^^^^^^^^^^^^^^^^^^^^^^
    430 |               <DatePicker
    431 |                 label="End Date"
    432 |                 value={formData.end_date}

TS2769: No overload matches this call.
  Overload 1 of 2, '(props: { component: ElementType<any, keyof IntrinsicElements>; } & ChipOwnProps & ChipSlotsAndSlotProps & CommonProps & Omit<...>): Element | null', gave the following error.
    Type 'Element | null' is not assignable to type 'ReactElement<unknown, string | JSXElementConstructor<any>> | undefined'.
  Overload 2 of 2, '(props: DefaultComponentProps<ChipTypeMap<{}, "div">>): Element | null', gave the following error.
    Type 'Element | null' is not assignable to type 'ReactElement<unknown, string | JSXElementConstructor<any>> | undefined'.
    231 |                 <TableCell sx={{ py: 2 }}>
    232 |                   <Chip
  > 233 |                     icon={getAudienceIcon(slider.target_audience || 'all')}
        |                     ^^^^
    234 |                     label={slider.target_audience?.charAt(0).toUpperCase() + slider.target_audience?.slice(1) || 'All'}
    235 |                     color={getAudienceColor(slider.target_audience || 'all') as any}
    236 |                     size="small"

TS2532: Object is possibly 'undefined'.
    232 |                   <Chip
    233 |                     icon={getAudienceIcon(slider.target_audience || 'all')}
  > 234 |                     label={slider.target_audience?.charAt(0).toUpperCase() + slider.target_audience?.slice(1) || 'All'}
        |                            ^^^^^^^^^^^^^^^^^^^^^^^^^^^^^^^^^^^^^^^^^^^^^^^
    235 |                     color={getAudienceColor(slider.target_audience || 'all') as any}
    236 |                     size="small"
    237 |                     sx={{ borderRadius: 2, fontWeight: 500 }}

TS2532: Object is possibly 'undefined'.
    232 |                   <Chip
    233 |                     icon={getAudienceIcon(slider.target_audience || 'all')}
  > 234 |                     label={slider.target_audience?.charAt(0).toUpperCase() + slider.target_audience?.slice(1) || 'All'}
        |                                                                              ^^^^^^^^^^^^^^^^^^^^^^^^^^^^^^^^
    235 |                     color={getAudienceColor(slider.target_audience || 'all') as any}
    236 |                     size="small"
    237 |                     sx={{ borderRadius: 2, fontWeight: 500 }}

TS2339: Property 'className' does not exist on type 'Omit<CheckboxProps & RefAttributes<HTMLButtonElement>, "ref">'.
     8 |   React.ElementRef<typeof CheckboxPrimitive.Root>,
     9 |   React.ComponentPropsWithoutRef<typeof CheckboxPrimitive.Root>
  > 10 | >(({ className, ...props }, ref) => (
       |      ^^^^^^^^^
    11 |   <CheckboxPrimitive.Root
    12 |     ref={ref}
    13 |     className={cn(

TS2322: Type '{ children: Element; key?: Key | null | undefined; defaultChecked?: CheckedState | undefined; checked?: CheckedState | undefined; required?: boolean | undefined; onCheckedChange?: ((checked: CheckedState) => void) | undefined; ref: ForwardedRef<...>; className: string; }' is not assignable to type 'IntrinsicAttributes & CheckboxProps & RefAttributes<HTMLButtonElement>'.
  Property 'children' does not exist on type 'IntrinsicAttributes & CheckboxProps & RefAttributes<HTMLButtonElement>'.
     9 |   React.ComponentPropsWithoutRef<typeof CheckboxPrimitive.Root>
    10 | >(({ className, ...props }, ref) => (
  > 11 |   <CheckboxPrimitive.Root
       |    ^^^^^^^^^^^^^^^^^^^^^^
    12 |     ref={ref}
    13 |     className={cn(
    14 |       "peer h-4 w-4 shrink-0 rounded-sm border border-primary ring-offset-background focus-visible:outline-none focus-visible:ring-2 focus-visible:ring-ring focus-visible:ring-offset-2 disabled:cursor-not-allowed disabled:opacity-50 data-[state=checked]:bg-primary data-[state=checked]:text-primary-foreground",

TS2322: Type '{ children: Element; className: string; }' is not assignable to type 'IntrinsicAttributes & CheckboxIndicatorProps & RefAttributes<HTMLSpanElement>'.
  Property 'children' does not exist on type 'IntrinsicAttributes & CheckboxIndicatorProps & RefAttributes<HTMLSpanElement>'.
    17 |     {...props}
    18 |   >
  > 19 |     <CheckboxPrimitive.Indicator
       |      ^^^^^^^^^^^^^^^^^^^^^^^^^^^
    20 |       className={cn("flex items-center justify-center text-current")}
    21 |     >
    22 |       <Check className="h-4 w-4" />

TS2339: Property 'className' does not exist on type 'Omit<LabelProps & RefAttributes<HTMLLabelElement>, "ref"> & VariantProps<(props?: ClassProp | undefined) => string>'.
    13 |   React.ComponentPropsWithoutRef<typeof LabelPrimitive.Root> &
    14 |     VariantProps<typeof labelVariants>
  > 15 | >(({ className, ...props }, ref) => (
       |      ^^^^^^^^^
    16 |   <LabelPrimitive.Root
    17 |     ref={ref}
    18 |     className={cn(labelVariants(), className)}

TS2322: Type '{ key?: Key | null | undefined; ref: ForwardedRef<HTMLLabelElement>; className: string; }' is not assignable to type 'IntrinsicAttributes & LabelProps & RefAttributes<HTMLLabelElement>'.
  Property 'className' does not exist on type 'IntrinsicAttributes & LabelProps & RefAttributes<HTMLLabelElement>'.
    16 |   <LabelPrimitive.Root
    17 |     ref={ref}
  > 18 |     className={cn(labelVariants(), className)}
       |     ^^^^^^^^^
    19 |     {...props}
    20 |   />
    21 | ))

TS2769: No overload matches this call.
  The last overload gave the following error.
    Argument of type '{ onClick: () => void; }' is not assignable to parameter of type 'Partial<unknown> & Attributes'.
      Object literal may only specify known properties, and 'onClick' does not exist in type 'Partial<unknown> & Attributes'.
    38 |   if (asChild && React.isValidElement(children)) {
    39 |     return React.cloneElement(children, {
  > 40 |       onClick: () => setOpen(!open),
       |       ^^^^^^^^^^^^^^^^^^^^^^^^^^^^^
    41 |     });
    42 |   }
    43 |

TS2339: Property 'className' does not exist on type 'Omit<SelectTriggerProps & RefAttributes<HTMLButtonElement>, "ref">'.
    14 |   React.ElementRef<typeof SelectPrimitive.Trigger>,
    15 |   React.ComponentPropsWithoutRef<typeof SelectPrimitive.Trigger>
  > 16 | >(({ className, children, ...props }, ref) => (
       |      ^^^^^^^^^
    17 |   <SelectPrimitive.Trigger
    18 |     ref={ref}
    19 |     className={cn(

TS2339: Property 'children' does not exist on type 'Omit<SelectTriggerProps & RefAttributes<HTMLButtonElement>, "ref">'.
    14 |   React.ElementRef<typeof SelectPrimitive.Trigger>,
    15 |   React.ComponentPropsWithoutRef<typeof SelectPrimitive.Trigger>
  > 16 | >(({ className, children, ...props }, ref) => (
       |                 ^^^^^^^^
    17 |   <SelectPrimitive.Trigger
    18 |     ref={ref}
    19 |     className={cn(

TS2322: Type '{ children: any[]; key?: Key | null | undefined; ref: ForwardedRef<HTMLButtonElement>; className: string; }' is not assignable to type 'IntrinsicAttributes & SelectTriggerProps & RefAttributes<HTMLButtonElement>'.
  Property 'children' does not exist on type 'IntrinsicAttributes & SelectTriggerProps & RefAttributes<HTMLButtonElement>'.
    15 |   React.ComponentPropsWithoutRef<typeof SelectPrimitive.Trigger>
    16 | >(({ className, children, ...props }, ref) => (
  > 17 |   <SelectPrimitive.Trigger
       |    ^^^^^^^^^^^^^^^^^^^^^^^
    18 |     ref={ref}
    19 |     className={cn(
    20 |       "flex h-10 w-full items-center justify-between rounded-md border border-input bg-background px-3 py-2 text-sm ring-offset-background placeholder:text-muted-foreground focus:outline-none focus:ring-2 focus:ring-ring focus:ring-offset-2 disabled:cursor-not-allowed disabled:opacity-50 [&>span]:line-clamp-1",

TS2322: Type '{ children: Element; asChild: true; }' is not assignable to type 'IntrinsicAttributes & SelectIconProps & RefAttributes<HTMLSpanElement>'.
  Property 'children' does not exist on type 'IntrinsicAttributes & SelectIconProps & RefAttributes<HTMLSpanElement>'.
    24 |   >
    25 |     {children}
  > 26 |     <SelectPrimitive.Icon asChild>
       |      ^^^^^^^^^^^^^^^^^^^^
    27 |       <ChevronDown className="h-4 w-4 opacity-50" />
    28 |     </SelectPrimitive.Icon>
    29 |   </SelectPrimitive.Trigger>

TS2339: Property 'className' does not exist on type 'Omit<SelectScrollUpButtonProps & RefAttributes<HTMLDivElement>, "ref">'.
    34 |   React.ElementRef<typeof SelectPrimitive.ScrollUpButton>,
    35 |   React.ComponentPropsWithoutRef<typeof SelectPrimitive.ScrollUpButton>
  > 36 | >(({ className, ...props }, ref) => (
       |      ^^^^^^^^^
    37 |   <SelectPrimitive.ScrollUpButton
    38 |     ref={ref}
    39 |     className={cn(

TS2322: Type '{ children: Element; key?: Key | null | undefined; ref: ForwardedRef<HTMLDivElement>; className: string; }' is not assignable to type 'IntrinsicAttributes & SelectScrollUpButtonProps & RefAttributes<HTMLDivElement>'.
  Property 'children' does not exist on type 'IntrinsicAttributes & SelectScrollUpButtonProps & RefAttributes<HTMLDivElement>'.
    35 |   React.ComponentPropsWithoutRef<typeof SelectPrimitive.ScrollUpButton>
    36 | >(({ className, ...props }, ref) => (
  > 37 |   <SelectPrimitive.ScrollUpButton
       |    ^^^^^^^^^^^^^^^^^^^^^^^^^^^^^^
    38 |     ref={ref}
    39 |     className={cn(
    40 |       "flex cursor-default items-center justify-center py-1",

TS2339: Property 'className' does not exist on type 'Omit<SelectScrollDownButtonProps & RefAttributes<HTMLDivElement>, "ref">'.
    51 |   React.ElementRef<typeof SelectPrimitive.ScrollDownButton>,
    52 |   React.ComponentPropsWithoutRef<typeof SelectPrimitive.ScrollDownButton>
  > 53 | >(({ className, ...props }, ref) => (
       |      ^^^^^^^^^
    54 |   <SelectPrimitive.ScrollDownButton
    55 |     ref={ref}
    56 |     className={cn(

TS2322: Type '{ children: Element; key?: Key | null | undefined; ref: ForwardedRef<HTMLDivElement>; className: string; }' is not assignable to type 'IntrinsicAttributes & SelectScrollDownButtonProps & RefAttributes<HTMLDivElement>'.
  Property 'children' does not exist on type 'IntrinsicAttributes & SelectScrollDownButtonProps & RefAttributes<HTMLDivElement>'.
    52 |   React.ComponentPropsWithoutRef<typeof SelectPrimitive.ScrollDownButton>
    53 | >(({ className, ...props }, ref) => (
  > 54 |   <SelectPrimitive.ScrollDownButton
       |    ^^^^^^^^^^^^^^^^^^^^^^^^^^^^^^^^
    55 |     ref={ref}
    56 |     className={cn(
    57 |       "flex cursor-default items-center justify-center py-1",

TS2322: Type '{ children: any; className: string; }' is not assignable to type 'IntrinsicAttributes & SelectViewportProps & RefAttributes<HTMLDivElement>'.
  Property 'children' does not exist on type 'IntrinsicAttributes & SelectViewportProps & RefAttributes<HTMLDivElement>'.
    83 |     >
    84 |       <SelectScrollUpButton />
  > 85 |       <SelectPrimitive.Viewport
       |        ^^^^^^^^^^^^^^^^^^^^^^^^
    86 |         className={cn(
    87 |           "p-1",
    88 |           position === "popper" &&

TS2339: Property 'className' does not exist on type 'Omit<SelectLabelProps & RefAttributes<HTMLDivElement>, "ref">'.
    101 |   React.ElementRef<typeof SelectPrimitive.Label>,
    102 |   React.ComponentPropsWithoutRef<typeof SelectPrimitive.Label>
  > 103 | >(({ className, ...props }, ref) => (
        |      ^^^^^^^^^
    104 |   <SelectPrimitive.Label
    105 |     ref={ref}
    106 |     className={cn("py-1.5 pl-8 pr-2 text-sm font-semibold", className)}

TS2322: Type '{ key?: Key | null | undefined; ref: ForwardedRef<HTMLDivElement>; className: string; }' is not assignable to type 'IntrinsicAttributes & SelectLabelProps & RefAttributes<HTMLDivElement>'.
  Property 'className' does not exist on type 'IntrinsicAttributes & SelectLabelProps & RefAttributes<HTMLDivElement>'.
    104 |   <SelectPrimitive.Label
    105 |     ref={ref}
  > 106 |     className={cn("py-1.5 pl-8 pr-2 text-sm font-semibold", className)}
        |     ^^^^^^^^^
    107 |     {...props}
    108 |   />
    109 | ))

TS2339: Property 'className' does not exist on type 'Omit<SelectItemProps & RefAttributes<HTMLDivElement>, "ref">'.
    113 |   React.ElementRef<typeof SelectPrimitive.Item>,
    114 |   React.ComponentPropsWithoutRef<typeof SelectPrimitive.Item>
  > 115 | >(({ className, children, ...props }, ref) => (
        |      ^^^^^^^^^
    116 |   <SelectPrimitive.Item
    117 |     ref={ref}
    118 |     className={cn(

TS2339: Property 'children' does not exist on type 'Omit<SelectItemProps & RefAttributes<HTMLDivElement>, "ref">'.
    113 |   React.ElementRef<typeof SelectPrimitive.Item>,
    114 |   React.ComponentPropsWithoutRef<typeof SelectPrimitive.Item>
  > 115 | >(({ className, children, ...props }, ref) => (
        |                 ^^^^^^^^
    116 |   <SelectPrimitive.Item
    117 |     ref={ref}
    118 |     className={cn(

TS2322: Type '{ children: Element[]; value: string; key?: Key | null | undefined; disabled?: boolean | undefined; textValue?: string | undefined; ref: ForwardedRef<HTMLDivElement>; className: string; }' is not assignable to type 'IntrinsicAttributes & SelectItemProps & RefAttributes<HTMLDivElement>'.
  Property 'children' does not exist on type 'IntrinsicAttributes & SelectItemProps & RefAttributes<HTMLDivElement>'.
    114 |   React.ComponentPropsWithoutRef<typeof SelectPrimitive.Item>
    115 | >(({ className, children, ...props }, ref) => (
  > 116 |   <SelectPrimitive.Item
        |    ^^^^^^^^^^^^^^^^^^^^
    117 |     ref={ref}
    118 |     className={cn(
    119 |       "relative flex w-full cursor-default select-none items-center rounded-sm py-1.5 pl-8 pr-2 text-sm outline-none focus:bg-accent focus:text-accent-foreground data-[disabled]:pointer-events-none data-[disabled]:opacity-50",

TS2339: Property 'className' does not exist on type 'Omit<SelectSeparatorProps & RefAttributes<HTMLDivElement>, "ref">'.
    136 |   React.ElementRef<typeof SelectPrimitive.Separator>,
    137 |   React.ComponentPropsWithoutRef<typeof SelectPrimitive.Separator>
  > 138 | >(({ className, ...props }, ref) => (
        |      ^^^^^^^^^
    139 |   <SelectPrimitive.Separator
    140 |     ref={ref}
    141 |     className={cn("-mx-1 my-1 h-px bg-muted", className)}

TS2322: Type '{ key?: Key | null | undefined; ref: ForwardedRef<HTMLDivElement>; className: string; }' is not assignable to type 'IntrinsicAttributes & SelectSeparatorProps & RefAttributes<HTMLDivElement>'.
  Property 'className' does not exist on type 'IntrinsicAttributes & SelectSeparatorProps & RefAttributes<HTMLDivElement>'.
    139 |   <SelectPrimitive.Separator
    140 |     ref={ref}
  > 141 |     className={cn("-mx-1 my-1 h-px bg-muted", className)}
        |     ^^^^^^^^^
    142 |     {...props}
    143 |   />
    144 | ))

TS2339: Property 'className' does not exist on type 'Omit<SwitchProps & RefAttributes<HTMLButtonElement>, "ref">'.
     7 |   React.ElementRef<typeof SwitchPrimitives.Root>,
     8 |   React.ComponentPropsWithoutRef<typeof SwitchPrimitives.Root>
  >  9 | >(({ className, ...props }, ref) => (
       |      ^^^^^^^^^
    10 |   <SwitchPrimitives.Root
    11 |     className={cn(
    12 |       "peer inline-flex h-6 w-11 shrink-0 cursor-pointer items-center rounded-full border-2 border-transparent transition-colors focus-visible:outline-none focus-visible:ring-2 focus-visible:ring-ring focus-visible:ring-offset-2 focus-visible:ring-offset-background disabled:cursor-not-allowed disabled:opacity-50 data-[state=checked]:bg-primary data-[state=unchecked]:bg-input",

TS2322: Type '{ children: Element; ref: ForwardedRef<HTMLButtonElement>; key?: Key | null | undefined; defaultChecked?: boolean | undefined; checked?: boolean | undefined; required?: boolean | undefined; onCheckedChange?: ((checked: boolean) => void) | undefined; className: string; }' is not assignable to type 'IntrinsicAttributes & SwitchProps & RefAttributes<HTMLButtonElement>'.
  Property 'children' does not exist on type 'IntrinsicAttributes & SwitchProps & RefAttributes<HTMLButtonElement>'.
     8 |   React.ComponentPropsWithoutRef<typeof SwitchPrimitives.Root>
     9 | >(({ className, ...props }, ref) => (
  > 10 |   <SwitchPrimitives.Root
       |    ^^^^^^^^^^^^^^^^^^^^^
    11 |     className={cn(
    12 |       "peer inline-flex h-6 w-11 shrink-0 cursor-pointer items-center rounded-full border-2 border-transparent transition-colors focus-visible:outline-none focus-visible:ring-2 focus-visible:ring-ring focus-visible:ring-offset-2 focus-visible:ring-offset-background disabled:cursor-not-allowed disabled:opacity-50 data-[state=checked]:bg-primary data-[state=unchecked]:bg-input",
    13 |       className

TS2322: Type '{ className: string; }' is not assignable to type 'IntrinsicAttributes & SwitchThumbProps & RefAttributes<HTMLSpanElement>'.
  Property 'className' does not exist on type 'IntrinsicAttributes & SwitchThumbProps & RefAttributes<HTMLSpanElement>'.
    17 |   >
    18 |     <SwitchPrimitives.Thumb
  > 19 |       className={cn(
       |       ^^^^^^^^^
    20 |         "pointer-events-none block h-5 w-5 rounded-full bg-background shadow-lg ring-0 transition-transform data-[state=checked]:translate-x-5 data-[state=unchecked]:translate-x-0"
    21 |       )}
    22 |     />

TS2339: Property 'className' does not exist on type 'Omit<ToastViewportProps & RefAttributes<HTMLOListElement>, "ref">'.
    11 |   React.ElementRef<typeof ToastPrimitives.Viewport>,
    12 |   React.ComponentPropsWithoutRef<typeof ToastPrimitives.Viewport>
  > 13 | >(({ className, ...props }, ref) => (
       |      ^^^^^^^^^
    14 |   <ToastPrimitives.Viewport
    15 |     ref={ref}
    16 |     className={cn(

TS2322: Type '{ label?: string | undefined; key?: Key | null | undefined; hotkey?: string[] | undefined; ref: ForwardedRef<HTMLOListElement>; className: string; }' is not assignable to type 'IntrinsicAttributes & ToastViewportProps & RefAttributes<HTMLOListElement>'.
  Property 'className' does not exist on type 'IntrinsicAttributes & ToastViewportProps & RefAttributes<HTMLOListElement>'.
    14 |   <ToastPrimitives.Viewport
    15 |     ref={ref}
  > 16 |     className={cn(
       |     ^^^^^^^^^
    17 |       "fixed top-0 z-[100] flex max-h-screen w-full flex-col-reverse p-4 sm:bottom-0 sm:right-0 sm:top-auto sm:flex-col md:max-w-[420px]",
    18 |       className
    19 |     )}

TS2339: Property 'className' does not exist on type 'Omit<ToastProps & RefAttributes<HTMLLIElement>, "ref"> & VariantProps<(props?: (ConfigVariants<{ variant: { default: string; destructive: string; }; }> & ClassProp) | undefined) => string>'.
    43 |   React.ComponentPropsWithoutRef<typeof ToastPrimitives.Root> &
    44 |     VariantProps<typeof toastVariants>
  > 45 | >(({ className, variant, ...props }, ref) => {
       |      ^^^^^^^^^
    46 |   return (
    47 |     <ToastPrimitives.Root
    48 |       ref={ref}

TS2322: Type '{ open?: boolean | undefined; duration?: number | undefined; type?: "background" | "foreground" | undefined; key?: Key | null | undefined; onPause?: (() => void) | undefined; onEscapeKeyDown?: any; ... 9 more ...; className: string; }' is not assignable to type 'IntrinsicAttributes & ToastProps & RefAttributes<HTMLLIElement>'.
  Property 'className' does not exist on type 'IntrinsicAttributes & ToastProps & RefAttributes<HTMLLIElement>'.
    47 |     <ToastPrimitives.Root
    48 |       ref={ref}
  > 49 |       className={cn(toastVariants({ variant }), className)}
       |       ^^^^^^^^^
    50 |       {...props}
    51 |     />
    52 |   )

TS2339: Property 'className' does not exist on type 'Omit<ToastActionProps & RefAttributes<HTMLButtonElement>, "ref">'.
    57 |   React.ElementRef<typeof ToastPrimitives.Action>,
    58 |   React.ComponentPropsWithoutRef<typeof ToastPrimitives.Action>
  > 59 | >(({ className, ...props }, ref) => (
       |      ^^^^^^^^^
    60 |   <ToastPrimitives.Action
    61 |     ref={ref}
    62 |     className={cn(

TS2322: Type '{ key?: Key | null | undefined; altText: string; ref: ForwardedRef<HTMLButtonElement>; className: string; }' is not assignable to type 'IntrinsicAttributes & ToastActionProps & RefAttributes<HTMLButtonElement>'.
  Property 'className' does not exist on type 'IntrinsicAttributes & ToastActionProps & RefAttributes<HTMLButtonElement>'.
    60 |   <ToastPrimitives.Action
    61 |     ref={ref}
  > 62 |     className={cn(
       |     ^^^^^^^^^
    63 |       "inline-flex h-8 shrink-0 items-center justify-center rounded-md border bg-transparent px-3 text-sm font-medium ring-offset-background transition-colors hover:bg-secondary focus:outline-none focus:ring-2 focus:ring-ring focus:ring-offset-2 disabled:pointer-events-none disabled:opacity-50 group-[.destructive]:border-muted/40 group-[.destructive]:hover:border-destructive/30 group-[.destructive]:hover:bg-destructive group-[.destructive]:hover:text-destructive-foreground group-[.destructive]:focus:ring-destructive",
    64 |       className
    65 |     )}

TS2339: Property 'className' does not exist on type 'Omit<ToastCloseProps & RefAttributes<HTMLButtonElement>, "ref">'.
    72 |   React.ElementRef<typeof ToastPrimitives.Close>,
    73 |   React.ComponentPropsWithoutRef<typeof ToastPrimitives.Close>
  > 74 | >(({ className, ...props }, ref) => (
       |      ^^^^^^^^^
    75 |   <ToastPrimitives.Close
    76 |     ref={ref}
    77 |     className={cn(

TS2322: Type '{ children: Element; key?: Key | null | undefined; ref: ForwardedRef<HTMLButtonElement>; className: string; "toast-close": string; }' is not assignable to type 'IntrinsicAttributes & ToastCloseProps & RefAttributes<HTMLButtonElement>'.
  Property 'children' does not exist on type 'IntrinsicAttributes & ToastCloseProps & RefAttributes<HTMLButtonElement>'.
    73 |   React.ComponentPropsWithoutRef<typeof ToastPrimitives.Close>
    74 | >(({ className, ...props }, ref) => (
  > 75 |   <ToastPrimitives.Close
       |    ^^^^^^^^^^^^^^^^^^^^^
    76 |     ref={ref}
    77 |     className={cn(
    78 |       "absolute right-2 top-2 rounded-md p-1 text-foreground/50 opacity-0 transition-opacity hover:text-foreground focus:opacity-100 focus:outline-none focus:ring-2 group-hover:opacity-100 group-[.destructive]:text-red-300 group-[.destructive]:hover:text-red-50 group-[.destructive]:focus:ring-red-400 group-[.destructive]:focus:ring-offset-red-600",

TS2339: Property 'className' does not exist on type 'Omit<ToastTitleProps & RefAttributes<HTMLDivElement>, "ref">'.
    90 |   React.ElementRef<typeof ToastPrimitives.Title>,
    91 |   React.ComponentPropsWithoutRef<typeof ToastPrimitives.Title>
  > 92 | >(({ className, ...props }, ref) => (
       |      ^^^^^^^^^
    93 |   <ToastPrimitives.Title
    94 |     ref={ref}
    95 |     className={cn("text-sm font-semibold", className)}

TS2322: Type '{ key?: Key | null | undefined; ref: ForwardedRef<HTMLDivElement>; className: string; }' is not assignable to type 'IntrinsicAttributes & ToastTitleProps & RefAttributes<HTMLDivElement>'.
  Property 'className' does not exist on type 'IntrinsicAttributes & ToastTitleProps & RefAttributes<HTMLDivElement>'.
    93 |   <ToastPrimitives.Title
    94 |     ref={ref}
  > 95 |     className={cn("text-sm font-semibold", className)}
       |     ^^^^^^^^^
    96 |     {...props}
    97 |   />
    98 | ))

TS2339: Property 'className' does not exist on type 'Omit<ToastDescriptionProps & RefAttributes<HTMLDivElement>, "ref">'.
    102 |   React.ElementRef<typeof ToastPrimitives.Description>,
    103 |   React.ComponentPropsWithoutRef<typeof ToastPrimitives.Description>
  > 104 | >(({ className, ...props }, ref) => (
        |      ^^^^^^^^^
    105 |   <ToastPrimitives.Description
    106 |     ref={ref}
    107 |     className={cn("text-sm opacity-90", className)}

TS2322: Type '{ key?: Key | null | undefined; ref: ForwardedRef<HTMLDivElement>; className: string; }' is not assignable to type 'IntrinsicAttributes & ToastDescriptionProps & RefAttributes<HTMLDivElement>'.
  Property 'className' does not exist on type 'IntrinsicAttributes & ToastDescriptionProps & RefAttributes<HTMLDivElement>'.
    105 |   <ToastPrimitives.Description
    106 |     ref={ref}
  > 107 |     className={cn("text-sm opacity-90", className)}
        |     ^^^^^^^^^
    108 |     {...props}
    109 |   />
    110 | ))

TS2322: Type '{ children: (Element | ToastActionElement | undefined)[]; open?: boolean | undefined; duration?: number | undefined; type?: "background" | "foreground" | undefined; ... 11 more ...; forceMount?: true | undefined; }' is not assignable to type 'IntrinsicAttributes & Omit<ToastProps & RefAttributes<HTMLLIElement>, "ref"> & VariantProps<(props?: (ConfigVariants<{ variant: { ...; }; }> & ClassProp) | undefined) => string> & RefAttributes<...>'.
  Property 'children' does not exist on type 'IntrinsicAttributes & Omit<ToastProps & RefAttributes<HTMLLIElement>, "ref"> & VariantProps<(props?: (ConfigVariants<{ variant: { ...; }; }> & ClassProp) | undefined) => string> & RefAttributes<...>'.
    18 |       {toasts.map(function ({ id, title, description, action, ...props }) {
    19 |         return (
  > 20 |           <Toast key={id} {...props}>
       |            ^^^^^
    21 |             <div className="grid gap-1">
    22 |               {title && <ToastTitle>{title}</ToastTitle>}
    23 |               {description && (

TS2559: Type '{ children: string | number | bigint | true | ReactElement<unknown, string | JSXElementConstructor<any>> | Iterable<ReactNode> | ReactPortal | Promise<...>; }' has no properties in common with type 'IntrinsicAttributes & Omit<ToastTitleProps & RefAttributes<HTMLDivElement>, "ref"> & RefAttributes<...>'.
    20 |           <Toast key={id} {...props}>
    21 |             <div className="grid gap-1">
  > 22 |               {title && <ToastTitle>{title}</ToastTitle>}
       |                          ^^^^^^^^^^
    23 |               {description && (
    24 |                 <ToastDescription>{description}</ToastDescription>
    25 |               )}

TS2559: Type '{ children: string | number | bigint | true | ReactElement<unknown, string | JSXElementConstructor<any>> | Iterable<ReactNode> | ReactPortal | Promise<...>; }' has no properties in common with type 'IntrinsicAttributes & Omit<ToastDescriptionProps & RefAttributes<HTMLDivElement>, "ref"> & RefAttributes<...>'.
    22 |               {title && <ToastTitle>{title}</ToastTitle>}
    23 |               {description && (
  > 24 |                 <ToastDescription>{description}</ToastDescription>
       |                  ^^^^^^^^^^^^^^^^
    25 |               )}
    26 |             </div>
    27 |             {action}

TS2769: No overload matches this call.
  Overload 1 of 2, '(props: { component: ElementType<any, keyof IntrinsicElements>; } & GridBaseProps & { sx?: SxProps<Theme> | undefined; } & SystemProps<...> & Omit<...>): Element | null', gave the following error.
    Property 'component' is missing in type '{ children: Element; item: true; xs: number; }' but required in type '{ component: ElementType<any, keyof IntrinsicElements>; }'.
  Overload 2 of 2, '(props: DefaultComponentProps<GridTypeMap<{}, "div">>): Element | null', gave the following error.
    Type '{ children: Element; item: true; xs: number; }' is not assignable to type 'IntrinsicAttributes & GridBaseProps & { sx?: SxProps<Theme> | undefined; } & SystemProps<Theme> & Omit<...>'.
      Property 'item' does not exist on type 'IntrinsicAttributes & GridBaseProps & { sx?: SxProps<Theme> | undefined; } & SystemProps<Theme> & Omit<...>'.
    155 |           </Typography>
    156 |           <Grid container spacing={2}>
  > 157 |             <Grid item xs={12}>
        |             ^^^^^^^^^^^^^^^^^^^
    158 |               <Card variant="outlined">
    159 |                 <CardContent>
    160 |                   <Box sx={{ display: 'flex', alignItems: 'center', gap: 2 }}>

TS2769: No overload matches this call.
  Overload 1 of 2, '(props: { component: ElementType<any, keyof IntrinsicElements>; } & GridBaseProps & { sx?: SxProps<Theme> | undefined; } & SystemProps<...> & Omit<...>): Element | null', gave the following error.
    Property 'component' is missing in type '{ children: Element; item: true; xs: number; }' but required in type '{ component: ElementType<any, keyof IntrinsicElements>; }'.
  Overload 2 of 2, '(props: DefaultComponentProps<GridTypeMap<{}, "div">>): Element | null', gave the following error.
    Type '{ children: Element; item: true; xs: number; }' is not assignable to type 'IntrinsicAttributes & GridBaseProps & { sx?: SxProps<Theme> | undefined; } & SystemProps<Theme> & Omit<...>'.
      Property 'item' does not exist on type 'IntrinsicAttributes & GridBaseProps & { sx?: SxProps<Theme> | undefined; } & SystemProps<Theme> & Omit<...>'.
    173 |             </Grid>
    174 |             {user.phone && (
  > 175 |               <Grid item xs={12}>
        |               ^^^^^^^^^^^^^^^^^^^
    176 |                 <Card variant="outlined">
    177 |                   <CardContent>
    178 |                     <Box sx={{ display: 'flex', alignItems: 'center', gap: 2 }}>

TS2769: No overload matches this call.
  Overload 1 of 2, '(props: { component: ElementType<any, keyof IntrinsicElements>; } & GridBaseProps & { sx?: SxProps<Theme> | undefined; } & SystemProps<...> & Omit<...>): Element | null', gave the following error.
    Property 'component' is missing in type '{ children: Element; item: true; xs: number; sm: number; }' but required in type '{ component: ElementType<any, keyof IntrinsicElements>; }'.
  Overload 2 of 2, '(props: DefaultComponentProps<GridTypeMap<{}, "div">>): Element | null', gave the following error.
    Type '{ children: Element; item: true; xs: number; sm: number; }' is not assignable to type 'IntrinsicAttributes & GridBaseProps & { sx?: SxProps<Theme> | undefined; } & SystemProps<Theme> & Omit<...>'.
      Property 'item' does not exist on type 'IntrinsicAttributes & GridBaseProps & { sx?: SxProps<Theme> | undefined; } & SystemProps<Theme> & Omit<...>'.
    202 |           </Typography>
    203 |           <Grid container spacing={2}>
  > 204 |             <Grid item xs={12} sm={6}>
        |             ^^^^^^^^^^^^^^^^^^^^^^^^^^
    205 |               <Card variant="outlined">
    206 |                 <CardContent>
    207 |                   <Box sx={{ display: 'flex', alignItems: 'center', gap: 2 }}>

TS2769: No overload matches this call.
  Overload 1 of 2, '(props: { component: ElementType<any, keyof IntrinsicElements>; } & GridBaseProps & { sx?: SxProps<Theme> | undefined; } & SystemProps<...> & Omit<...>): Element | null', gave the following error.
    Property 'component' is missing in type '{ children: Element; item: true; xs: number; sm: number; }' but required in type '{ component: ElementType<any, keyof IntrinsicElements>; }'.
  Overload 2 of 2, '(props: DefaultComponentProps<GridTypeMap<{}, "div">>): Element | null', gave the following error.
    Type '{ children: Element; item: true; xs: number; sm: number; }' is not assignable to type 'IntrinsicAttributes & GridBaseProps & { sx?: SxProps<Theme> | undefined; } & SystemProps<Theme> & Omit<...>'.
      Property 'item' does not exist on type 'IntrinsicAttributes & GridBaseProps & { sx?: SxProps<Theme> | undefined; } & SystemProps<Theme> & Omit<...>'.
    219 |               </Card>
    220 |             </Grid>
  > 221 |             <Grid item xs={12} sm={6}>
        |             ^^^^^^^^^^^^^^^^^^^^^^^^^^
    222 |               <Card variant="outlined">
    223 |                 <CardContent>
    224 |                   <Box sx={{ display: 'flex', alignItems: 'center', gap: 2 }}>

TS2769: No overload matches this call.
  Overload 1 of 2, '(props: { component: ElementType<any, keyof IntrinsicElements>; } & GridBaseProps & { sx?: SxProps<Theme> | undefined; } & SystemProps<...> & Omit<...>): Element | null', gave the following error.
    Property 'component' is missing in type '{ children: Element; item: true; xs: number; sm: number; }' but required in type '{ component: ElementType<any, keyof IntrinsicElements>; }'.
  Overload 2 of 2, '(props: DefaultComponentProps<GridTypeMap<{}, "div">>): Element | null', gave the following error.
    Type '{ children: Element; item: true; xs: number; sm: number; }' is not assignable to type 'IntrinsicAttributes & GridBaseProps & { sx?: SxProps<Theme> | undefined; } & SystemProps<Theme> & Omit<...>'.
      Property 'item' does not exist on type 'IntrinsicAttributes & GridBaseProps & { sx?: SxProps<Theme> | undefined; } & SystemProps<Theme> & Omit<...>'.
    236 |               </Card>
    237 |             </Grid>
  > 238 |             <Grid item xs={12} sm={6}>
        |             ^^^^^^^^^^^^^^^^^^^^^^^^^^
    239 |               <Card variant="outlined">
    240 |                 <CardContent>
    241 |                   <Box sx={{ display: 'flex', alignItems: 'center', gap: 2 }}>

TS2769: No overload matches this call.
  Overload 1 of 2, '(props: { component: ElementType<any, keyof IntrinsicElements>; } & GridBaseProps & { sx?: SxProps<Theme> | undefined; } & SystemProps<...> & Omit<...>): Element | null', gave the following error.
    Property 'component' is missing in type '{ children: Element; item: true; xs: number; sm: number; }' but required in type '{ component: ElementType<any, keyof IntrinsicElements>; }'.
  Overload 2 of 2, '(props: DefaultComponentProps<GridTypeMap<{}, "div">>): Element | null', gave the following error.
    Type '{ children: Element; item: true; xs: number; sm: number; }' is not assignable to type 'IntrinsicAttributes & GridBaseProps & { sx?: SxProps<Theme> | undefined; } & SystemProps<Theme> & Omit<...>'.
      Property 'item' does not exist on type 'IntrinsicAttributes & GridBaseProps & { sx?: SxProps<Theme> | undefined; } & SystemProps<Theme> & Omit<...>'.
    254 |             </Grid>
    255 |             {user.updatedAt && (
  > 256 |               <Grid item xs={12} sm={6}>
        |               ^^^^^^^^^^^^^^^^^^^^^^^^^^
    257 |                 <Card variant="outlined">
    258 |                   <CardContent>
    259 |                     <Box sx={{ display: 'flex', alignItems: 'center', gap: 2 }}>

TS2769: No overload matches this call.
  Overload 1 of 2, '(props: { component: ElementType<any, keyof IntrinsicElements>; } & GridBaseProps & { sx?: SxProps<Theme> | undefined; } & SystemProps<...> & Omit<...>): Element | null', gave the following error.
    Property 'component' is missing in type '{ children: Element; item: true; xs: number; }' but required in type '{ component: ElementType<any, keyof IntrinsicElements>; }'.
  Overload 2 of 2, '(props: DefaultComponentProps<GridTypeMap<{}, "div">>): Element | null', gave the following error.
    Type '{ children: Element; item: true; xs: number; }' is not assignable to type 'IntrinsicAttributes & GridBaseProps & { sx?: SxProps<Theme> | undefined; } & SystemProps<Theme> & Omit<...>'.
      Property 'item' does not exist on type 'IntrinsicAttributes & GridBaseProps & { sx?: SxProps<Theme> | undefined; } & SystemProps<Theme> & Omit<...>'.
    283 |           </Typography>
    284 |           <Grid container spacing={2}>
  > 285 |             <Grid item xs={6}>
        |             ^^^^^^^^^^^^^^^^^^
    286 |               <Box sx={{ textAlign: 'center', p: 2, bgcolor: user.isVerified ? 'success.lighter' : 'warning.lighter', borderRadius: 1 }}>
    287 |                 <Typography variant="h4" sx={{ fontWeight: 700, color: user.isVerified ? 'success.main' : 'warning.main' }}>
    288 |                   {user.isVerified ? '✓' : '!'}

TS2769: No overload matches this call.
  Overload 1 of 2, '(props: { component: ElementType<any, keyof IntrinsicElements>; } & GridBaseProps & { sx?: SxProps<Theme> | undefined; } & SystemProps<...> & Omit<...>): Element | null', gave the following error.
    Property 'component' is missing in type '{ children: Element; item: true; xs: number; }' but required in type '{ component: ElementType<any, keyof IntrinsicElements>; }'.
  Overload 2 of 2, '(props: DefaultComponentProps<GridTypeMap<{}, "div">>): Element | null', gave the following error.
    Type '{ children: Element; item: true; xs: number; }' is not assignable to type 'IntrinsicAttributes & GridBaseProps & { sx?: SxProps<Theme> | undefined; } & SystemProps<Theme> & Omit<...>'.
      Property 'item' does not exist on type 'IntrinsicAttributes & GridBaseProps & { sx?: SxProps<Theme> | undefined; } & SystemProps<Theme> & Omit<...>'.
    293 |               </Box>
    294 |             </Grid>
  > 295 |             <Grid item xs={6}>
        |             ^^^^^^^^^^^^^^^^^^
    296 |               <Box sx={{ textAlign: 'center', p: 2, bgcolor: user.isActive !== false ? 'success.lighter' : 'error.lighter', borderRadius: 1 }}>
    297 |                 <Typography variant="h4" sx={{ fontWeight: 700, color: user.isActive !== false ? 'success.main' : 'error.main' }}>
    298 |                   {user.isActive !== false ? '✓' : '✗'}

TS2769: No overload matches this call.
  Overload 1 of 2, '(props: { component: ElementType<any, keyof IntrinsicElements>; } & GridBaseProps & { sx?: SxProps<Theme> | undefined; } & SystemProps<...> & Omit<...>): Element | null', gave the following error.
    Property 'component' is missing in type '{ children: Element; item: true; xs: number; md: number; }' but required in type '{ component: ElementType<any, keyof IntrinsicElements>; }'.
  Overload 2 of 2, '(props: DefaultComponentProps<GridTypeMap<{}, "div">>): Element | null', gave the following error.
    Type '{ children: Element; item: true; xs: number; md: number; }' is not assignable to type 'IntrinsicAttributes & GridBaseProps & { sx?: SxProps<Theme> | undefined; } & SystemProps<Theme> & Omit<...>'.
      Property 'item' does not exist on type 'IntrinsicAttributes & GridBaseProps & { sx?: SxProps<Theme> | undefined; } & SystemProps<Theme> & Omit<...>'.
    51 |     <Box>
    52 |       <Grid container spacing={2} alignItems="center">
  > 53 |         <Grid item xs={12} md={4}>
       |         ^^^^^^^^^^^^^^^^^^^^^^^^^^
    54 |           <TextField
    55 |             fullWidth
    56 |             placeholder="Search by name, email, or phone..."

TS2769: No overload matches this call.
  Overload 1 of 2, '(props: { component: ElementType<any, keyof IntrinsicElements>; } & GridBaseProps & { sx?: SxProps<Theme> | undefined; } & SystemProps<...> & Omit<...>): Element | null', gave the following error.
    Property 'component' is missing in type '{ children: Element; item: true; xs: number; sm: number; md: number; }' but required in type '{ component: ElementType<any, keyof IntrinsicElements>; }'.
  Overload 2 of 2, '(props: DefaultComponentProps<GridTypeMap<{}, "div">>): Element | null', gave the following error.
    Type '{ children: Element; item: true; xs: number; sm: number; md: number; }' is not assignable to type 'IntrinsicAttributes & GridBaseProps & { sx?: SxProps<Theme> | undefined; } & SystemProps<Theme> & Omit<...>'.
      Property 'item' does not exist on type 'IntrinsicAttributes & GridBaseProps & { sx?: SxProps<Theme> | undefined; } & SystemProps<Theme> & Omit<...>'.
    67 |         </Grid>
    68 |
  > 69 |         <Grid item xs={12} sm={6} md={2}>
       |         ^^^^^^^^^^^^^^^^^^^^^^^^^^^^^^^^^
    70 |           <FormControl fullWidth>
    71 |             <InputLabel>User Type</InputLabel>
    72 |             <Select

TS2769: No overload matches this call.
  Overload 1 of 2, '(props: { component: ElementType<any, keyof IntrinsicElements>; } & GridBaseProps & { sx?: SxProps<Theme> | undefined; } & SystemProps<...> & Omit<...>): Element | null', gave the following error.
    Property 'component' is missing in type '{ children: Element; item: true; xs: number; sm: number; md: number; }' but required in type '{ component: ElementType<any, keyof IntrinsicElements>; }'.
  Overload 2 of 2, '(props: DefaultComponentProps<GridTypeMap<{}, "div">>): Element | null', gave the following error.
    Type '{ children: Element; item: true; xs: number; sm: number; md: number; }' is not assignable to type 'IntrinsicAttributes & GridBaseProps & { sx?: SxProps<Theme> | undefined; } & SystemProps<Theme> & Omit<...>'.
      Property 'item' does not exist on type 'IntrinsicAttributes & GridBaseProps & { sx?: SxProps<Theme> | undefined; } & SystemProps<Theme> & Omit<...>'.
    83 |         </Grid>
    84 |
  > 85 |         <Grid item xs={12} sm={6} md={2}>
       |         ^^^^^^^^^^^^^^^^^^^^^^^^^^^^^^^^^
    86 |           <FormControl fullWidth>
    87 |             <InputLabel>Status</InputLabel>
    88 |             <Select

TS2769: No overload matches this call.
  Overload 1 of 2, '(props: { component: ElementType<any, keyof IntrinsicElements>; } & GridBaseProps & { sx?: SxProps<Theme> | undefined; } & SystemProps<...> & Omit<...>): Element | null', gave the following error.
    Property 'component' is missing in type '{ children: Element; item: true; xs: number; sm: number; md: number; }' but required in type '{ component: ElementType<any, keyof IntrinsicElements>; }'.
  Overload 2 of 2, '(props: DefaultComponentProps<GridTypeMap<{}, "div">>): Element | null', gave the following error.
    Type '{ children: Element; item: true; xs: number; sm: number; md: number; }' is not assignable to type 'IntrinsicAttributes & GridBaseProps & { sx?: SxProps<Theme> | undefined; } & SystemProps<Theme> & Omit<...>'.
      Property 'item' does not exist on type 'IntrinsicAttributes & GridBaseProps & { sx?: SxProps<Theme> | undefined; } & SystemProps<Theme> & Omit<...>'.
     98 |         </Grid>
     99 |
  > 100 |         <Grid item xs={12} sm={6} md={2}>
        |         ^^^^^^^^^^^^^^^^^^^^^^^^^^^^^^^^^
    101 |           <FormControl fullWidth>
    102 |             <InputLabel>Verification</InputLabel>
    103 |             <Select

TS2769: No overload matches this call.
  Overload 1 of 2, '(props: { component: ElementType<any, keyof IntrinsicElements>; } & GridBaseProps & { sx?: SxProps<Theme> | undefined; } & SystemProps<...> & Omit<...>): Element | null', gave the following error.
    Property 'component' is missing in type '{ children: Element; item: true; xs: number; sm: number; md: number; }' but required in type '{ component: ElementType<any, keyof IntrinsicElements>; }'.
  Overload 2 of 2, '(props: DefaultComponentProps<GridTypeMap<{}, "div">>): Element | null', gave the following error.
    Type '{ children: Element; item: true; xs: number; sm: number; md: number; }' is not assignable to type 'IntrinsicAttributes & GridBaseProps & { sx?: SxProps<Theme> | undefined; } & SystemProps<Theme> & Omit<...>'.
      Property 'item' does not exist on type 'IntrinsicAttributes & GridBaseProps & { sx?: SxProps<Theme> | undefined; } & SystemProps<Theme> & Omit<...>'.
    113 |         </Grid>
    114 |
  > 115 |         <Grid item xs={12} sm={6} md={2}>
        |         ^^^^^^^^^^^^^^^^^^^^^^^^^^^^^^^^^
    116 |           <Button
    117 |             variant="outlined"
    118 |             startIcon={<ClearIcon />}

TS2769: No overload matches this call.
  Overload 1 of 2, '(props: { component: ElementType<any, keyof IntrinsicElements>; } & GridBaseProps & { sx?: SxProps<Theme> | undefined; } & SystemProps<...> & Omit<...>): Element | null', gave the following error.
    Property 'component' is missing in type '{ children: Element[]; item: true; xs: number; sx: { display: "flex"; flexDirection: "column"; alignItems: "center"; gap: number; }; }' but required in type '{ component: ElementType<any, keyof IntrinsicElements>; }'.
  Overload 2 of 2, '(props: DefaultComponentProps<GridTypeMap<{}, "div">>): Element | null', gave the following error.
    Type '{ children: Element[]; item: true; xs: number; sx: { display: "flex"; flexDirection: "column"; alignItems: "center"; gap: number; }; }' is not assignable to type 'IntrinsicAttributes & GridBaseProps & { sx?: SxProps<Theme> | undefined; } & SystemProps<Theme> & Omit<...>'.
      Property 'item' does not exist on type 'IntrinsicAttributes & GridBaseProps & { sx?: SxProps<Theme> | undefined; } & SystemProps<Theme> & Omit<...>'.
    196 |         <Grid container spacing={3}>
    197 |           {/* Profile Picture */}
  > 198 |           <Grid item xs={12} sx={{ display: 'flex', flexDirection: 'column', alignItems: 'center', gap: 2 }}>
        |           ^^^^^^^^^^^^^^^^^^^^^^^^^^^^^^^^^^^^^^^^^^^^^^^^^^^^^^^^^^^^^^^^^^^^^^^^^^^^^^^^^^^^^^^^^^^^^^^^^^^
    199 |             <Avatar
    200 |               src={formData.profilePicture}
    201 |               sx={{ width: 100, height: 100 }}

TS2769: No overload matches this call.
  Overload 1 of 2, '(props: { component: ElementType<any, keyof IntrinsicElements>; } & GridBaseProps & { sx?: SxProps<Theme> | undefined; } & SystemProps<...> & Omit<...>): Element | null', gave the following error.
    Property 'component' is missing in type '{ children: Element; item: true; xs: number; }' but required in type '{ component: ElementType<any, keyof IntrinsicElements>; }'.
  Overload 2 of 2, '(props: DefaultComponentProps<GridTypeMap<{}, "div">>): Element | null', gave the following error.
    Type '{ children: Element; item: true; xs: number; }' is not assignable to type 'IntrinsicAttributes & GridBaseProps & { sx?: SxProps<Theme> | undefined; } & SystemProps<Theme> & Omit<...>'.
      Property 'item' does not exist on type 'IntrinsicAttributes & GridBaseProps & { sx?: SxProps<Theme> | undefined; } & SystemProps<Theme> & Omit<...>'.
    220 |
    221 |           {/* Basic Information */}
  > 222 |           <Grid item xs={12}>
        |           ^^^^^^^^^^^^^^^^^^^
    223 |             <Typography variant="subtitle2" sx={{ fontWeight: 600, mb: 2 }}>
    224 |               Basic Information
    225 |             </Typography>

TS2769: No overload matches this call.
  Overload 1 of 2, '(props: { component: ElementType<any, keyof IntrinsicElements>; } & GridBaseProps & { sx?: SxProps<Theme> | undefined; } & SystemProps<...> & Omit<...>): Element | null', gave the following error.
    Property 'component' is missing in type '{ children: Element; item: true; xs: number; sm: number; }' but required in type '{ component: ElementType<any, keyof IntrinsicElements>; }'.
  Overload 2 of 2, '(props: DefaultComponentProps<GridTypeMap<{}, "div">>): Element | null', gave the following error.
    Type '{ children: Element; item: true; xs: number; sm: number; }' is not assignable to type 'IntrinsicAttributes & GridBaseProps & { sx?: SxProps<Theme> | undefined; } & SystemProps<Theme> & Omit<...>'.
      Property 'item' does not exist on type 'IntrinsicAttributes & GridBaseProps & { sx?: SxProps<Theme> | undefined; } & SystemProps<Theme> & Omit<...>'.
    226 |           </Grid>
    227 |
  > 228 |           <Grid item xs={12} sm={6}>
        |           ^^^^^^^^^^^^^^^^^^^^^^^^^^
    229 |             <TextField
    230 |               fullWidth
    231 |               label="First Name"

TS2769: No overload matches this call.
  Overload 1 of 2, '(props: { component: ElementType<any, keyof IntrinsicElements>; } & GridBaseProps & { sx?: SxProps<Theme> | undefined; } & SystemProps<...> & Omit<...>): Element | null', gave the following error.
    Property 'component' is missing in type '{ children: Element; item: true; xs: number; sm: number; }' but required in type '{ component: ElementType<any, keyof IntrinsicElements>; }'.
  Overload 2 of 2, '(props: DefaultComponentProps<GridTypeMap<{}, "div">>): Element | null', gave the following error.
    Type '{ children: Element; item: true; xs: number; sm: number; }' is not assignable to type 'IntrinsicAttributes & GridBaseProps & { sx?: SxProps<Theme> | undefined; } & SystemProps<Theme> & Omit<...>'.
      Property 'item' does not exist on type 'IntrinsicAttributes & GridBaseProps & { sx?: SxProps<Theme> | undefined; } & SystemProps<Theme> & Omit<...>'.
    238 |           </Grid>
    239 |
  > 240 |           <Grid item xs={12} sm={6}>
        |           ^^^^^^^^^^^^^^^^^^^^^^^^^^
    241 |             <TextField
    242 |               fullWidth
    243 |               label="Last Name"

TS2769: No overload matches this call.
  Overload 1 of 2, '(props: { component: ElementType<any, keyof IntrinsicElements>; } & GridBaseProps & { sx?: SxProps<Theme> | undefined; } & SystemProps<...> & Omit<...>): Element | null', gave the following error.
    Property 'component' is missing in type '{ children: Element; item: true; xs: number; sm: number; }' but required in type '{ component: ElementType<any, keyof IntrinsicElements>; }'.
  Overload 2 of 2, '(props: DefaultComponentProps<GridTypeMap<{}, "div">>): Element | null', gave the following error.
    Type '{ children: Element; item: true; xs: number; sm: number; }' is not assignable to type 'IntrinsicAttributes & GridBaseProps & { sx?: SxProps<Theme> | undefined; } & SystemProps<Theme> & Omit<...>'.
      Property 'item' does not exist on type 'IntrinsicAttributes & GridBaseProps & { sx?: SxProps<Theme> | undefined; } & SystemProps<Theme> & Omit<...>'.
    250 |           </Grid>
    251 |
  > 252 |           <Grid item xs={12} sm={6}>
        |           ^^^^^^^^^^^^^^^^^^^^^^^^^^
    253 |             <TextField
    254 |               fullWidth
    255 |               label="Email"

TS2769: No overload matches this call.
  Overload 1 of 2, '(props: { component: ElementType<any, keyof IntrinsicElements>; } & GridBaseProps & { sx?: SxProps<Theme> | undefined; } & SystemProps<...> & Omit<...>): Element | null', gave the following error.
    Property 'component' is missing in type '{ children: Element; item: true; xs: number; sm: number; }' but required in type '{ component: ElementType<any, keyof IntrinsicElements>; }'.
  Overload 2 of 2, '(props: DefaultComponentProps<GridTypeMap<{}, "div">>): Element | null', gave the following error.
    Type '{ children: Element; item: true; xs: number; sm: number; }' is not assignable to type 'IntrinsicAttributes & GridBaseProps & { sx?: SxProps<Theme> | undefined; } & SystemProps<Theme> & Omit<...>'.
      Property 'item' does not exist on type 'IntrinsicAttributes & GridBaseProps & { sx?: SxProps<Theme> | undefined; } & SystemProps<Theme> & Omit<...>'.
    264 |           </Grid>
    265 |
  > 266 |           <Grid item xs={12} sm={6}>
        |           ^^^^^^^^^^^^^^^^^^^^^^^^^^
    267 |             <TextField
    268 |               fullWidth
    269 |               label="Phone"

TS2769: No overload matches this call.
  Overload 1 of 2, '(props: { component: ElementType<any, keyof IntrinsicElements>; } & GridBaseProps & { sx?: SxProps<Theme> | undefined; } & SystemProps<...> & Omit<...>): Element | null', gave the following error.
    Property 'component' is missing in type '{ children: Element; item: true; xs: number; }' but required in type '{ component: ElementType<any, keyof IntrinsicElements>; }'.
  Overload 2 of 2, '(props: DefaultComponentProps<GridTypeMap<{}, "div">>): Element | null', gave the following error.
    Type '{ children: Element; item: true; xs: number; }' is not assignable to type 'IntrinsicAttributes & GridBaseProps & { sx?: SxProps<Theme> | undefined; } & SystemProps<Theme> & Omit<...>'.
      Property 'item' does not exist on type 'IntrinsicAttributes & GridBaseProps & { sx?: SxProps<Theme> | undefined; } & SystemProps<Theme> & Omit<...>'.
    277 |
    278 |           {mode === 'create' && (
  > 279 |             <Grid item xs={12}>
        |             ^^^^^^^^^^^^^^^^^^^
    280 |               <TextField
    281 |                 fullWidth
    282 |                 label="Password"

TS2769: No overload matches this call.
  Overload 1 of 2, '(props: { component: ElementType<any, keyof IntrinsicElements>; } & GridBaseProps & { sx?: SxProps<Theme> | undefined; } & SystemProps<...> & Omit<...>): Element | null', gave the following error.
    Property 'component' is missing in type '{ children: Element; item: true; xs: number; }' but required in type '{ component: ElementType<any, keyof IntrinsicElements>; }'.
  Overload 2 of 2, '(props: DefaultComponentProps<GridTypeMap<{}, "div">>): Element | null', gave the following error.
    Type '{ children: Element; item: true; xs: number; }' is not assignable to type 'IntrinsicAttributes & GridBaseProps & { sx?: SxProps<Theme> | undefined; } & SystemProps<Theme> & Omit<...>'.
      Property 'item' does not exist on type 'IntrinsicAttributes & GridBaseProps & { sx?: SxProps<Theme> | undefined; } & SystemProps<Theme> & Omit<...>'.
    292 |
    293 |           {/* User Type & Status */}
  > 294 |           <Grid item xs={12}>
        |           ^^^^^^^^^^^^^^^^^^^
    295 |             <Typography variant="subtitle2" sx={{ fontWeight: 600, mb: 2 }}>
    296 |               User Type & Status
    297 |             </Typography>

TS2769: No overload matches this call.
  Overload 1 of 2, '(props: { component: ElementType<any, keyof IntrinsicElements>; } & GridBaseProps & { sx?: SxProps<Theme> | undefined; } & SystemProps<...> & Omit<...>): Element | null', gave the following error.
    Property 'component' is missing in type '{ children: Element; item: true; xs: number; sm: number; }' but required in type '{ component: ElementType<any, keyof IntrinsicElements>; }'.
  Overload 2 of 2, '(props: DefaultComponentProps<GridTypeMap<{}, "div">>): Element | null', gave the following error.
    Type '{ children: Element; item: true; xs: number; sm: number; }' is not assignable to type 'IntrinsicAttributes & GridBaseProps & { sx?: SxProps<Theme> | undefined; } & SystemProps<Theme> & Omit<...>'.
      Property 'item' does not exist on type 'IntrinsicAttributes & GridBaseProps & { sx?: SxProps<Theme> | undefined; } & SystemProps<Theme> & Omit<...>'.
    298 |           </Grid>
    299 |
  > 300 |           <Grid item xs={12} sm={6}>
        |           ^^^^^^^^^^^^^^^^^^^^^^^^^^
    301 |             <FormControl fullWidth>
    302 |               <InputLabel>User Type</InputLabel>
    303 |               <Select

TS2769: No overload matches this call.
  Overload 1 of 2, '(props: { component: ElementType<any, keyof IntrinsicElements>; } & GridBaseProps & { sx?: SxProps<Theme> | undefined; } & SystemProps<...> & Omit<...>): Element | null', gave the following error.
    Property 'component' is missing in type '{ children: Element; item: true; xs: number; sm: number; }' but required in type '{ component: ElementType<any, keyof IntrinsicElements>; }'.
  Overload 2 of 2, '(props: DefaultComponentProps<GridTypeMap<{}, "div">>): Element | null', gave the following error.
    Type '{ children: Element; item: true; xs: number; sm: number; }' is not assignable to type 'IntrinsicAttributes & GridBaseProps & { sx?: SxProps<Theme> | undefined; } & SystemProps<Theme> & Omit<...>'.
      Property 'item' does not exist on type 'IntrinsicAttributes & GridBaseProps & { sx?: SxProps<Theme> | undefined; } & SystemProps<Theme> & Omit<...>'.
    313 |           </Grid>
    314 |
  > 315 |           <Grid item xs={12} sm={6}>
        |           ^^^^^^^^^^^^^^^^^^^^^^^^^^
    316 |             <Box sx={{ display: 'flex', gap: 3, mt: 1 }}>
    317 |               <FormControlLabel
    318 |                 control={

TS2305: Module '"../types"' has no exported member 'StaticData'.
    1 | import React, { createContext, useContext, ReactNode } from 'react'
    2 | import staticData from '../data/staticData.json'
  > 3 | import { StaticData } from '../types'
      |          ^^^^^^^^^^
    4 |
    5 | interface DataContextType {
    6 |   data: StaticData

TS7006: Parameter 'prev' implicitly has an 'any' type.
    27 |
    28 |   const toggleSidebar = () => {
  > 29 |     setIsOpen(prev => !prev)
       |               ^^^^
    30 |   }
    31 |
    32 |   const closeSidebar = () => {

TS18048: 'state.auth' is possibly 'undefined'.
     9 | export const usePermissions = () => {
    10 |   // Get current user from Redux store
  > 11 |   const currentUser = useAppSelector((state) => state.auth.user)
       |                                                 ^^^^^^^^^^
    12 |   console.log(currentUser, 'currentUser')
    13 |   const userRole = (currentUser?.userType || 'admin') as UserRole
    14 |   const customPermissions = (currentUser as any)?.permissions as Permission[] | undefined

TS2322: Type 'string | number' is not assignable to type 'number'.
  Type 'string' is not assignable to type 'number'.
    334 |           trackInventory: true,
    335 |           allowBackorder: false,
  > 336 |           categoryId: product.category_id || 0,  // Keep as is (ObjectId string or number)
        |           ^^^^^^^^^^
    337 |           subcategoryId: 0,
    338 |           providerId: 1,
    339 |           tags: product.tags || [],

TS17001: JSX elements cannot have multiple attributes with the same name.
    807 |                           placeholder="e.g., Professional Wireless Headphones"
    808 |                           required
  > 809 |                           disabled={isViewMode}
        |                           ^^^^^^^^
    810 |                         />
    811 |                         
    812 |                         <FormField

TS2769: No overload matches this call.
  Overload 1 of 2, '(props: { component: ElementType<any, keyof IntrinsicElements>; } & GridBaseProps & { sx?: SxProps<Theme> | undefined; } & SystemProps<...> & Omit<...>): Element | null', gave the following error.
    Property 'component' is missing in type '{ children: Element; item: true; xs: number; sm: number; md: number; }' but required in type '{ component: ElementType<any, keyof IntrinsicElements>; }'.
  Overload 2 of 2, '(props: DefaultComponentProps<GridTypeMap<{}, "div">>): Element | null', gave the following error.
    Type '{ children: Element; item: true; xs: number; sm: number; md: number; }' is not assignable to type 'IntrinsicAttributes & GridBaseProps & { sx?: SxProps<Theme> | undefined; } & SystemProps<Theme> & Omit<...>'.
      Property 'item' does not exist on type 'IntrinsicAttributes & GridBaseProps & { sx?: SxProps<Theme> | undefined; } & SystemProps<Theme> & Omit<...>'.
    154 |         <CardContent>
    155 |           <Grid container spacing={2} alignItems="center">
  > 156 |             <Grid item xs={12} sm={6} md={3}>
        |             ^^^^^^^^^^^^^^^^^^^^^^^^^^^^^^^^^
    157 |               <FormControl fullWidth>
    158 |                 <InputLabel>Time Range</InputLabel>
    159 |                 <Select

TS2769: No overload matches this call.
  Overload 1 of 2, '(props: { component: ElementType<any, keyof IntrinsicElements>; } & GridBaseProps & { sx?: SxProps<Theme> | undefined; } & SystemProps<...> & Omit<...>): Element | null', gave the following error.
    Property 'component' is missing in type '{ children: Element; item: true; xs: number; sm: number; md: number; }' but required in type '{ component: ElementType<any, keyof IntrinsicElements>; }'.
  Overload 2 of 2, '(props: DefaultComponentProps<GridTypeMap<{}, "div">>): Element | null', gave the following error.
    Type '{ children: Element; item: true; xs: number; sm: number; md: number; }' is not assignable to type 'IntrinsicAttributes & GridBaseProps & { sx?: SxProps<Theme> | undefined; } & SystemProps<Theme> & Omit<...>'.
      Property 'item' does not exist on type 'IntrinsicAttributes & GridBaseProps & { sx?: SxProps<Theme> | undefined; } & SystemProps<Theme> & Omit<...>'.
    170 |               </FormControl>
    171 |             </Grid>
  > 172 |             <Grid item xs={12} sm={6} md={3}>
        |             ^^^^^^^^^^^^^^^^^^^^^^^^^^^^^^^^^
    173 |               <FormControl fullWidth>
    174 |                 <InputLabel>Metric</InputLabel>
    175 |                 <Select

TS2769: No overload matches this call.
  Overload 1 of 2, '(props: { component: ElementType<any, keyof IntrinsicElements>; } & GridBaseProps & { sx?: SxProps<Theme> | undefined; } & SystemProps<...> & Omit<...>): Element | null', gave the following error.
    Property 'component' is missing in type '{ children: Element; item: true; xs: number; sm: number; lg: number; }' but required in type '{ component: ElementType<any, keyof IntrinsicElements>; }'.
  Overload 2 of 2, '(props: DefaultComponentProps<GridTypeMap<{}, "div">>): Element | null', gave the following error.
    Type '{ children: Element; item: true; xs: number; sm: number; lg: number; }' is not assignable to type 'IntrinsicAttributes & GridBaseProps & { sx?: SxProps<Theme> | undefined; } & SystemProps<Theme> & Omit<...>'.
      Property 'item' does not exist on type 'IntrinsicAttributes & GridBaseProps & { sx?: SxProps<Theme> | undefined; } & SystemProps<Theme> & Omit<...>'.
    189 |       {/* Key Metrics */}
    190 |       <Grid container spacing={3} sx={{ mb: 4 }}>
  > 191 |         <Grid item xs={12} sm={6} lg={3}>
        |         ^^^^^^^^^^^^^^^^^^^^^^^^^^^^^^^^^
    192 |           <StatCard
    193 |             title="Total Revenue"
    194 |             value={formatCurrency(15420.50)}

TS2769: No overload matches this call.
  Overload 1 of 2, '(props: { component: ElementType<any, keyof IntrinsicElements>; } & GridBaseProps & { sx?: SxProps<Theme> | undefined; } & SystemProps<...> & Omit<...>): Element | null', gave the following error.
    Property 'component' is missing in type '{ children: Element; item: true; xs: number; sm: number; lg: number; }' but required in type '{ component: ElementType<any, keyof IntrinsicElements>; }'.
  Overload 2 of 2, '(props: DefaultComponentProps<GridTypeMap<{}, "div">>): Element | null', gave the following error.
    Type '{ children: Element; item: true; xs: number; sm: number; lg: number; }' is not assignable to type 'IntrinsicAttributes & GridBaseProps & { sx?: SxProps<Theme> | undefined; } & SystemProps<Theme> & Omit<...>'.
      Property 'item' does not exist on type 'IntrinsicAttributes & GridBaseProps & { sx?: SxProps<Theme> | undefined; } & SystemProps<Theme> & Omit<...>'.
    199 |           />
    200 |         </Grid>
  > 201 |         <Grid item xs={12} sm={6} lg={3}>
        |         ^^^^^^^^^^^^^^^^^^^^^^^^^^^^^^^^^
    202 |           <StatCard
    203 |             title="Total Orders"
    204 |             value="1,234"

TS2769: No overload matches this call.
  Overload 1 of 2, '(props: { component: ElementType<any, keyof IntrinsicElements>; } & GridBaseProps & { sx?: SxProps<Theme> | undefined; } & SystemProps<...> & Omit<...>): Element | null', gave the following error.
    Property 'component' is missing in type '{ children: Element; item: true; xs: number; sm: number; lg: number; }' but required in type '{ component: ElementType<any, keyof IntrinsicElements>; }'.
  Overload 2 of 2, '(props: DefaultComponentProps<GridTypeMap<{}, "div">>): Element | null', gave the following error.
    Type '{ children: Element; item: true; xs: number; sm: number; lg: number; }' is not assignable to type 'IntrinsicAttributes & GridBaseProps & { sx?: SxProps<Theme> | undefined; } & SystemProps<Theme> & Omit<...>'.
      Property 'item' does not exist on type 'IntrinsicAttributes & GridBaseProps & { sx?: SxProps<Theme> | undefined; } & SystemProps<Theme> & Omit<...>'.
    209 |           />
    210 |         </Grid>
  > 211 |         <Grid item xs={12} sm={6} lg={3}>
        |         ^^^^^^^^^^^^^^^^^^^^^^^^^^^^^^^^^
    212 |           <StatCard
    213 |             title="Active Users"
    214 |             value="2,456"

TS2769: No overload matches this call.
  Overload 1 of 2, '(props: { component: ElementType<any, keyof IntrinsicElements>; } & GridBaseProps & { sx?: SxProps<Theme> | undefined; } & SystemProps<...> & Omit<...>): Element | null', gave the following error.
    Property 'component' is missing in type '{ children: Element; item: true; xs: number; sm: number; lg: number; }' but required in type '{ component: ElementType<any, keyof IntrinsicElements>; }'.
  Overload 2 of 2, '(props: DefaultComponentProps<GridTypeMap<{}, "div">>): Element | null', gave the following error.
    Type '{ children: Element; item: true; xs: number; sm: number; lg: number; }' is not assignable to type 'IntrinsicAttributes & GridBaseProps & { sx?: SxProps<Theme> | undefined; } & SystemProps<Theme> & Omit<...>'.
      Property 'item' does not exist on type 'IntrinsicAttributes & GridBaseProps & { sx?: SxProps<Theme> | undefined; } & SystemProps<Theme> & Omit<...>'.
    219 |           />
    220 |         </Grid>
  > 221 |         <Grid item xs={12} sm={6} lg={3}>
        |         ^^^^^^^^^^^^^^^^^^^^^^^^^^^^^^^^^
    222 |           <StatCard
    223 |             title="Avg. Order Value"
    224 |             value={formatCurrency(285.75)}

TS2769: No overload matches this call.
  Overload 1 of 2, '(props: { component: ElementType<any, keyof IntrinsicElements>; } & GridBaseProps & { sx?: SxProps<Theme> | undefined; } & SystemProps<...> & Omit<...>): Element | null', gave the following error.
    Property 'component' is missing in type '{ children: Element; item: true; xs: number; lg: number; }' but required in type '{ component: ElementType<any, keyof IntrinsicElements>; }'.
  Overload 2 of 2, '(props: DefaultComponentProps<GridTypeMap<{}, "div">>): Element | null', gave the following error.
    Type '{ children: Element; item: true; xs: number; lg: number; }' is not assignable to type 'IntrinsicAttributes & GridBaseProps & { sx?: SxProps<Theme> | undefined; } & SystemProps<Theme> & Omit<...>'.
      Property 'item' does not exist on type 'IntrinsicAttributes & GridBaseProps & { sx?: SxProps<Theme> | undefined; } & SystemProps<Theme> & Omit<...>'.
    232 |       {/* Charts Row */}
    233 |       <Grid container spacing={3} sx={{ mb: 4 }}>
  > 234 |         <Grid item xs={12} lg={8}>
        |         ^^^^^^^^^^^^^^^^^^^^^^^^^^
    235 |           <Card>
    236 |             <CardContent>
    237 |               <Typography variant="h6" sx={{ mb: 1 }}>

TS2304: Cannot find name 'theme'.
    257 |                       dataKey="revenue" 
    258 |                       stackId="1"
  > 259 |                       stroke={theme.palette.primary.main}
        |                               ^^^^^
    260 |                       fill={theme.palette.primary.main}
    261 |                       fillOpacity={0.3}
    262 |                     />

TS2304: Cannot find name 'theme'.
    258 |                       stackId="1"
    259 |                       stroke={theme.palette.primary.main}
  > 260 |                       fill={theme.palette.primary.main}
        |                             ^^^^^
    261 |                       fillOpacity={0.3}
    262 |                     />
    263 |                     <Area

TS2304: Cannot find name 'theme'.
    265 |                       dataKey="orders" 
    266 |                       stackId="2"
  > 267 |                       stroke={theme.palette.secondary.main}
        |                               ^^^^^
    268 |                       fill={theme.palette.secondary.main}
    269 |                       fillOpacity={0.3}
    270 |                     />

TS2304: Cannot find name 'theme'.
    266 |                       stackId="2"
    267 |                       stroke={theme.palette.secondary.main}
  > 268 |                       fill={theme.palette.secondary.main}
        |                             ^^^^^
    269 |                       fillOpacity={0.3}
    270 |                     />
    271 |                   </AreaChart>

TS2769: No overload matches this call.
  Overload 1 of 2, '(props: { component: ElementType<any, keyof IntrinsicElements>; } & GridBaseProps & { sx?: SxProps<Theme> | undefined; } & SystemProps<...> & Omit<...>): Element | null', gave the following error.
    Property 'component' is missing in type '{ children: Element; item: true; xs: number; lg: number; }' but required in type '{ component: ElementType<any, keyof IntrinsicElements>; }'.
  Overload 2 of 2, '(props: DefaultComponentProps<GridTypeMap<{}, "div">>): Element | null', gave the following error.
    Type '{ children: Element; item: true; xs: number; lg: number; }' is not assignable to type 'IntrinsicAttributes & GridBaseProps & { sx?: SxProps<Theme> | undefined; } & SystemProps<Theme> & Omit<...>'.
      Property 'item' does not exist on type 'IntrinsicAttributes & GridBaseProps & { sx?: SxProps<Theme> | undefined; } & SystemProps<Theme> & Omit<...>'.
    275 |           </Card>
    276 |         </Grid>
  > 277 |         <Grid item xs={12} lg={4}>
        |         ^^^^^^^^^^^^^^^^^^^^^^^^^^
    278 |           <Card sx={{ height: '100%' }}>
    279 |             <CardContent>
    280 |               <Typography variant="h6" sx={{ mb: 1 }}>

TS2769: No overload matches this call.
  Overload 1 of 2, '(props: { component: ElementType<any, keyof IntrinsicElements>; } & GridBaseProps & { sx?: SxProps<Theme> | undefined; } & SystemProps<...> & Omit<...>): Element | null', gave the following error.
    Property 'component' is missing in type '{ children: Element; item: true; xs: number; lg: number; }' but required in type '{ component: ElementType<any, keyof IntrinsicElements>; }'.
  Overload 2 of 2, '(props: DefaultComponentProps<GridTypeMap<{}, "div">>): Element | null', gave the following error.
    Type '{ children: Element; item: true; xs: number; lg: number; }' is not assignable to type 'IntrinsicAttributes & GridBaseProps & { sx?: SxProps<Theme> | undefined; } & SystemProps<Theme> & Omit<...>'.
      Property 'item' does not exist on type 'IntrinsicAttributes & GridBaseProps & { sx?: SxProps<Theme> | undefined; } & SystemProps<Theme> & Omit<...>'.
    310 |       {/* Bottom Row */}
    311 |       <Grid container spacing={3} sx={{ mb: 4 }}>
  > 312 |         <Grid item xs={12} lg={6}>
        |         ^^^^^^^^^^^^^^^^^^^^^^^^^^
    313 |           <Card>
    314 |             <CardContent>
    315 |               <Typography variant="h6" sx={{ mb: 1 }}>

TS2769: No overload matches this call.
  Overload 1 of 2, '(props: { component: ElementType<any, keyof IntrinsicElements>; } & GridBaseProps & { sx?: SxProps<Theme> | undefined; } & SystemProps<...> & Omit<...>): Element | null', gave the following error.
    Property 'component' is missing in type '{ children: Element; item: true; xs: number; lg: number; }' but required in type '{ component: ElementType<any, keyof IntrinsicElements>; }'.
  Overload 2 of 2, '(props: DefaultComponentProps<GridTypeMap<{}, "div">>): Element | null', gave the following error.
    Type '{ children: Element; item: true; xs: number; lg: number; }' is not assignable to type 'IntrinsicAttributes & GridBaseProps & { sx?: SxProps<Theme> | undefined; } & SystemProps<Theme> & Omit<...>'.
      Property 'item' does not exist on type 'IntrinsicAttributes & GridBaseProps & { sx?: SxProps<Theme> | undefined; } & SystemProps<Theme> & Omit<...>'.
    347 |           </Card>
    348 |         </Grid>
  > 349 |         <Grid item xs={12} lg={6}>
        |         ^^^^^^^^^^^^^^^^^^^^^^^^^^
    350 |           <Card>
    351 |             <CardContent>
    352 |               <Typography variant="h6" sx={{ mb: 1 }}>

TS2304: Cannot find name 'theme'.
    363 |                     <YAxis />
    364 |                     <Tooltip />
  > 365 |                     <Bar dataKey="users" fill={theme.palette.info.main} />
        |                                                ^^^^^
    366 |                   </BarChart>
    367 |                 </ResponsiveContainer>
    368 |               </Box>

TS2769: No overload matches this call.
  Overload 1 of 2, '(props: { component: ElementType<any, keyof IntrinsicElements>; } & GridBaseProps & { sx?: SxProps<Theme> | undefined; } & SystemProps<...> & Omit<...>): Element | null', gave the following error.
    Property 'component' is missing in type '{ children: Element; item: true; xs: number; sm: number; md: number; }' but required in type '{ component: ElementType<any, keyof IntrinsicElements>; }'.
  Overload 2 of 2, '(props: DefaultComponentProps<GridTypeMap<{}, "div">>): Element | null', gave the following error.
    Type '{ children: Element; item: true; xs: number; sm: number; md: number; }' is not assignable to type 'IntrinsicAttributes & GridBaseProps & { sx?: SxProps<Theme> | undefined; } & SystemProps<Theme> & Omit<...>'.
      Property 'item' does not exist on type 'IntrinsicAttributes & GridBaseProps & { sx?: SxProps<Theme> | undefined; } & SystemProps<Theme> & Omit<...>'.
    373 |       {/* Additional Metrics */}
    374 |       <Grid container spacing={3}>
  > 375 |         <Grid item xs={12} sm={6} md={3}>
        |         ^^^^^^^^^^^^^^^^^^^^^^^^^^^^^^^^^
    376 |           <Card>
    377 |             <CardContent sx={{ textAlign: 'center' }}>
    378 |               <StarIcon sx={{ fontSize: 40, color: 'warning.main', mb: 1 }} />

TS2769: No overload matches this call.
  Overload 1 of 2, '(props: { component: ElementType<any, keyof IntrinsicElements>; } & GridBaseProps & { sx?: SxProps<Theme> | undefined; } & SystemProps<...> & Omit<...>): Element | null', gave the following error.
    Property 'component' is missing in type '{ children: Element; item: true; xs: number; sm: number; md: number; }' but required in type '{ component: ElementType<any, keyof IntrinsicElements>; }'.
  Overload 2 of 2, '(props: DefaultComponentProps<GridTypeMap<{}, "div">>): Element | null', gave the following error.
    Type '{ children: Element; item: true; xs: number; sm: number; md: number; }' is not assignable to type 'IntrinsicAttributes & GridBaseProps & { sx?: SxProps<Theme> | undefined; } & SystemProps<Theme> & Omit<...>'.
      Property 'item' does not exist on type 'IntrinsicAttributes & GridBaseProps & { sx?: SxProps<Theme> | undefined; } & SystemProps<Theme> & Omit<...>'.
    386 |           </Card>
    387 |         </Grid>
  > 388 |         <Grid item xs={12} sm={6} md={3}>
        |         ^^^^^^^^^^^^^^^^^^^^^^^^^^^^^^^^^
    389 |           <Card>
    390 |             <CardContent sx={{ textAlign: 'center' }}>
    391 |               <ScheduleIcon sx={{ fontSize: 40, color: 'info.main', mb: 1 }} />

TS2769: No overload matches this call.
  Overload 1 of 2, '(props: { component: ElementType<any, keyof IntrinsicElements>; } & GridBaseProps & { sx?: SxProps<Theme> | undefined; } & SystemProps<...> & Omit<...>): Element | null', gave the following error.
    Property 'component' is missing in type '{ children: Element; item: true; xs: number; sm: number; md: number; }' but required in type '{ component: ElementType<any, keyof IntrinsicElements>; }'.
  Overload 2 of 2, '(props: DefaultComponentProps<GridTypeMap<{}, "div">>): Element | null', gave the following error.
    Type '{ children: Element; item: true; xs: number; sm: number; md: number; }' is not assignable to type 'IntrinsicAttributes & GridBaseProps & { sx?: SxProps<Theme> | undefined; } & SystemProps<Theme> & Omit<...>'.
      Property 'item' does not exist on type 'IntrinsicAttributes & GridBaseProps & { sx?: SxProps<Theme> | undefined; } & SystemProps<Theme> & Omit<...>'.
    399 |           </Card>
    400 |         </Grid>
  > 401 |         <Grid item xs={12} sm={6} md={3}>
        |         ^^^^^^^^^^^^^^^^^^^^^^^^^^^^^^^^^
    402 |           <Card>
    403 |             <CardContent sx={{ textAlign: 'center' }}>
    404 |               <AssignmentIcon sx={{ fontSize: 40, color: 'success.main', mb: 1 }} />

TS2769: No overload matches this call.
  Overload 1 of 2, '(props: { component: ElementType<any, keyof IntrinsicElements>; } & GridBaseProps & { sx?: SxProps<Theme> | undefined; } & SystemProps<...> & Omit<...>): Element | null', gave the following error.
    Property 'component' is missing in type '{ children: Element; item: true; xs: number; sm: number; md: number; }' but required in type '{ component: ElementType<any, keyof IntrinsicElements>; }'.
  Overload 2 of 2, '(props: DefaultComponentProps<GridTypeMap<{}, "div">>): Element | null', gave the following error.
    Type '{ children: Element; item: true; xs: number; sm: number; md: number; }' is not assignable to type 'IntrinsicAttributes & GridBaseProps & { sx?: SxProps<Theme> | undefined; } & SystemProps<Theme> & Omit<...>'.
      Property 'item' does not exist on type 'IntrinsicAttributes & GridBaseProps & { sx?: SxProps<Theme> | undefined; } & SystemProps<Theme> & Omit<...>'.
    412 |           </Card>
    413 |         </Grid>
  > 414 |         <Grid item xs={12} sm={6} md={3}>
        |         ^^^^^^^^^^^^^^^^^^^^^^^^^^^^^^^^^
    415 |           <Card>
    416 |             <CardContent sx={{ textAlign: 'center' }}>
    417 |               <PeopleIcon sx={{ fontSize: 40, color: 'primary.main', mb: 1 }} />

TS2339: Property 'isAuthenticated' does not exist on type 'AuthState | undefined'.
     9 | export function Auth() {
    10 |   const dispatch = useAppDispatch()
  > 11 |   const { isAuthenticated, isLoading } = useAppSelector((state) => state.auth)
       |           ^^^^^^^^^^^^^^^
    12 |   const [error, setError] = useState<string>('')
    13 |   const location = useLocation()
    14 |

TS2339: Property 'isLoading' does not exist on type 'AuthState | undefined'.
     9 | export function Auth() {
    10 |   const dispatch = useAppDispatch()
  > 11 |   const { isAuthenticated, isLoading } = useAppSelector((state) => state.auth)
       |                            ^^^^^^^^^
    12 |   const [error, setError] = useState<string>('')
    13 |   const location = useLocation()
    14 |

TS2551: Property 'first_name' does not exist on type '{ id: number; email: string; firstName: string; lastName: string; role: "admin" | "user"; avatar?: string | undefined; }'. Did you mean 'firstName'?
    38 |             id: result.payload.user.id,
    39 |             email: result.payload.user.email,
  > 40 |             firstName: result.payload.user.first_name || result.payload.user.firstName,
       |                                            ^^^^^^^^^^
    41 |             lastName: result.payload.user.last_name || result.payload.user.lastName,
    42 |             phone: result.payload.user.phone,
    43 |             userType: result.payload.user.user_type || result.payload.user.userType,

TS2551: Property 'last_name' does not exist on type '{ id: number; email: string; firstName: string; lastName: string; role: "admin" | "user"; avatar?: string | undefined; }'. Did you mean 'lastName'?
    39 |             email: result.payload.user.email,
    40 |             firstName: result.payload.user.first_name || result.payload.user.firstName,
  > 41 |             lastName: result.payload.user.last_name || result.payload.user.lastName,
       |                                           ^^^^^^^^^
    42 |             phone: result.payload.user.phone,
    43 |             userType: result.payload.user.user_type || result.payload.user.userType,
    44 |             isVerified: result.payload.user.is_verified || result.payload.user.isVerified,

TS2339: Property 'phone' does not exist on type '{ id: number; email: string; firstName: string; lastName: string; role: "admin" | "user"; avatar?: string | undefined; }'.
    40 |             firstName: result.payload.user.first_name || result.payload.user.firstName,
    41 |             lastName: result.payload.user.last_name || result.payload.user.lastName,
  > 42 |             phone: result.payload.user.phone,
       |                                        ^^^^^
    43 |             userType: result.payload.user.user_type || result.payload.user.userType,
    44 |             isVerified: result.payload.user.is_verified || result.payload.user.isVerified,
    45 |             profilePicture: result.payload.user.profile_picture || result.payload.user.profilePicture,

TS2339: Property 'user_type' does not exist on type '{ id: number; email: string; firstName: string; lastName: string; role: "admin" | "user"; avatar?: string | undefined; }'.
    41 |             lastName: result.payload.user.last_name || result.payload.user.lastName,
    42 |             phone: result.payload.user.phone,
  > 43 |             userType: result.payload.user.user_type || result.payload.user.userType,
       |                                           ^^^^^^^^^
    44 |             isVerified: result.payload.user.is_verified || result.payload.user.isVerified,
    45 |             profilePicture: result.payload.user.profile_picture || result.payload.user.profilePicture,
    46 |             createdAt: result.payload.user.created_at || result.payload.user.createdAt || new Date().toISOString(),

TS2339: Property 'userType' does not exist on type '{ id: number; email: string; firstName: string; lastName: string; role: "admin" | "user"; avatar?: string | undefined; }'.
    41 |             lastName: result.payload.user.last_name || result.payload.user.lastName,
    42 |             phone: result.payload.user.phone,
  > 43 |             userType: result.payload.user.user_type || result.payload.user.userType,
       |                                                                            ^^^^^^^^
    44 |             isVerified: result.payload.user.is_verified || result.payload.user.isVerified,
    45 |             profilePicture: result.payload.user.profile_picture || result.payload.user.profilePicture,
    46 |             createdAt: result.payload.user.created_at || result.payload.user.createdAt || new Date().toISOString(),

TS2339: Property 'is_verified' does not exist on type '{ id: number; email: string; firstName: string; lastName: string; role: "admin" | "user"; avatar?: string | undefined; }'.
    42 |             phone: result.payload.user.phone,
    43 |             userType: result.payload.user.user_type || result.payload.user.userType,
  > 44 |             isVerified: result.payload.user.is_verified || result.payload.user.isVerified,
       |                                             ^^^^^^^^^^^
    45 |             profilePicture: result.payload.user.profile_picture || result.payload.user.profilePicture,
    46 |             createdAt: result.payload.user.created_at || result.payload.user.createdAt || new Date().toISOString(),
    47 |           }

TS2339: Property 'isVerified' does not exist on type '{ id: number; email: string; firstName: string; lastName: string; role: "admin" | "user"; avatar?: string | undefined; }'.
    42 |             phone: result.payload.user.phone,
    43 |             userType: result.payload.user.user_type || result.payload.user.userType,
  > 44 |             isVerified: result.payload.user.is_verified || result.payload.user.isVerified,
       |                                                                                ^^^^^^^^^^
    45 |             profilePicture: result.payload.user.profile_picture || result.payload.user.profilePicture,
    46 |             createdAt: result.payload.user.created_at || result.payload.user.createdAt || new Date().toISOString(),
    47 |           }

TS2339: Property 'profile_picture' does not exist on type '{ id: number; email: string; firstName: string; lastName: string; role: "admin" | "user"; avatar?: string | undefined; }'.
    43 |             userType: result.payload.user.user_type || result.payload.user.userType,
    44 |             isVerified: result.payload.user.is_verified || result.payload.user.isVerified,
  > 45 |             profilePicture: result.payload.user.profile_picture || result.payload.user.profilePicture,
       |                                                 ^^^^^^^^^^^^^^^
    46 |             createdAt: result.payload.user.created_at || result.payload.user.createdAt || new Date().toISOString(),
    47 |           }
    48 |

TS2339: Property 'profilePicture' does not exist on type '{ id: number; email: string; firstName: string; lastName: string; role: "admin" | "user"; avatar?: string | undefined; }'.
    43 |             userType: result.payload.user.user_type || result.payload.user.userType,
    44 |             isVerified: result.payload.user.is_verified || result.payload.user.isVerified,
  > 45 |             profilePicture: result.payload.user.profile_picture || result.payload.user.profilePicture,
       |                                                                                        ^^^^^^^^^^^^^^
    46 |             createdAt: result.payload.user.created_at || result.payload.user.createdAt || new Date().toISOString(),
    47 |           }
    48 |

TS2339: Property 'created_at' does not exist on type '{ id: number; email: string; firstName: string; lastName: string; role: "admin" | "user"; avatar?: string | undefined; }'.
    44 |             isVerified: result.payload.user.is_verified || result.payload.user.isVerified,
    45 |             profilePicture: result.payload.user.profile_picture || result.payload.user.profilePicture,
  > 46 |             createdAt: result.payload.user.created_at || result.payload.user.createdAt || new Date().toISOString(),
       |                                            ^^^^^^^^^^
    47 |           }
    48 |           
    49 |           localStorage.setItem('user', JSON.stringify(transformedUser))

TS2339: Property 'createdAt' does not exist on type '{ id: number; email: string; firstName: string; lastName: string; role: "admin" | "user"; avatar?: string | undefined; }'.
    44 |             isVerified: result.payload.user.is_verified || result.payload.user.isVerified,
    45 |             profilePicture: result.payload.user.profile_picture || result.payload.user.profilePicture,
  > 46 |             createdAt: result.payload.user.created_at || result.payload.user.createdAt || new Date().toISOString(),
       |                                                                              ^^^^^^^^^
    47 |           }
    48 |           
    49 |           localStorage.setItem('user', JSON.stringify(transformedUser))

TS2769: No overload matches this call.
  Overload 1 of 2, '(props: { component: ElementType<any, keyof IntrinsicElements>; } & GridBaseProps & { sx?: SxProps<Theme> | undefined; } & SystemProps<...> & Omit<...>): Element | null', gave the following error.
    Property 'component' is missing in type '{ children: ("" | Element | undefined)[]; item: true; xs: number; md: number; }' but required in type '{ component: ElementType<any, keyof IntrinsicElements>; }'.
  Overload 2 of 2, '(props: DefaultComponentProps<GridTypeMap<{}, "div">>): Element | null', gave the following error.
    Type '{ children: ("" | Element | undefined)[]; item: true; xs: number; md: number; }' is not assignable to type 'IntrinsicAttributes & GridBaseProps & { sx?: SxProps<Theme> | undefined; } & SystemProps<Theme> & Omit<...>'.
      Property 'item' does not exist on type 'IntrinsicAttributes & GridBaseProps & { sx?: SxProps<Theme> | undefined; } & SystemProps<Theme> & Omit<...>'.
    460 |       <Grid container spacing={3}>
    461 |         {/* Left Column */}
  > 462 |         <Grid item xs={12} md={8}>
        |         ^^^^^^^^^^^^^^^^^^^^^^^^^^
    463 |           {/* Customer Card */}
    464 |           <Card sx={{ mb: 3, borderRadius: 3 }}>
    465 |             <CardContent sx={{ p: 3 }}>

TS2769: No overload matches this call.
  Overload 1 of 2, '(props: { component: ElementType<any, keyof IntrinsicElements>; } & GridBaseProps & { sx?: SxProps<Theme> | undefined; } & SystemProps<...> & Omit<...>): Element | null', gave the following error.
    Property 'component' is missing in type '{ children: Element; item: true; xs: number; sm: number; }' but required in type '{ component: ElementType<any, keyof IntrinsicElements>; }'.
  Overload 2 of 2, '(props: DefaultComponentProps<GridTypeMap<{}, "div">>): Element | null', gave the following error.
    Type '{ children: Element; item: true; xs: number; sm: number; }' is not assignable to type 'IntrinsicAttributes & GridBaseProps & { sx?: SxProps<Theme> | undefined; } & SystemProps<Theme> & Omit<...>'.
      Property 'item' does not exist on type 'IntrinsicAttributes & GridBaseProps & { sx?: SxProps<Theme> | undefined; } & SystemProps<Theme> & Omit<...>'.
    490 |
    491 |               <Grid container spacing={2}>
  > 492 |                 <Grid item xs={12} sm={6}>
        |                 ^^^^^^^^^^^^^^^^^^^^^^^^^^
    493 |                   <Box display="flex" alignItems="center" gap={1.5} p={1.5} bgcolor={alpha('#2196F3', 0.08)} borderRadius={2}>
    494 |                     <Phone sx={{ color: 'primary.main' }} />
    495 |                     <Box>

TS2769: No overload matches this call.
  Overload 1 of 2, '(props: { component: ElementType<any, keyof IntrinsicElements>; } & GridBaseProps & { sx?: SxProps<Theme> | undefined; } & SystemProps<...> & Omit<...>): Element | null', gave the following error.
    Property 'component' is missing in type '{ children: Element; item: true; xs: number; sm: number; }' but required in type '{ component: ElementType<any, keyof IntrinsicElements>; }'.
  Overload 2 of 2, '(props: DefaultComponentProps<GridTypeMap<{}, "div">>): Element | null', gave the following error.
    Type '{ children: Element; item: true; xs: number; sm: number; }' is not assignable to type 'IntrinsicAttributes & GridBaseProps & { sx?: SxProps<Theme> | undefined; } & SystemProps<Theme> & Omit<...>'.
      Property 'item' does not exist on type 'IntrinsicAttributes & GridBaseProps & { sx?: SxProps<Theme> | undefined; } & SystemProps<Theme> & Omit<...>'.
    499 |                   </Box>
    500 |                 </Grid>
  > 501 |                 <Grid item xs={12} sm={6}>
        |                 ^^^^^^^^^^^^^^^^^^^^^^^^^^
    502 |                   <Box display="flex" alignItems="center" gap={1.5} p={1.5} bgcolor={alpha('#2196F3', 0.08)} borderRadius={2}>
    503 |                     <Email sx={{ color: 'primary.main' }} />
    504 |                     <Box>

TS2769: No overload matches this call.
  Overload 1 of 2, '(props: { component: ElementType<any, keyof IntrinsicElements>; } & GridBaseProps & { sx?: SxProps<Theme> | undefined; } & SystemProps<...> & Omit<...>): Element | null', gave the following error.
    Property 'component' is missing in type '{ children: Element; item: true; xs: number; sm: number; }' but required in type '{ component: ElementType<any, keyof IntrinsicElements>; }'.
  Overload 2 of 2, '(props: DefaultComponentProps<GridTypeMap<{}, "div">>): Element | null', gave the following error.
    Type '{ children: Element; item: true; xs: number; sm: number; }' is not assignable to type 'IntrinsicAttributes & GridBaseProps & { sx?: SxProps<Theme> | undefined; } & SystemProps<Theme> & Omit<...>'.
      Property 'item' does not exist on type 'IntrinsicAttributes & GridBaseProps & { sx?: SxProps<Theme> | undefined; } & SystemProps<Theme> & Omit<...>'.
    526 |
    527 |               <Grid container spacing={2} mt={1}>
  > 528 |                 <Grid item xs={12} sm={4}>
        |                 ^^^^^^^^^^^^^^^^^^^^^^^^^^
    529 |                   <Box display="flex" alignItems="center" gap={1}>
    530 |                     <CalendarToday sx={{ color: 'text.secondary', fontSize: 20 }} />
    531 |                     <Box>

TS2769: No overload matches this call.
  Overload 1 of 2, '(props: { component: ElementType<any, keyof IntrinsicElements>; } & GridBaseProps & { sx?: SxProps<Theme> | undefined; } & SystemProps<...> & Omit<...>): Element | null', gave the following error.
    Property 'component' is missing in type '{ children: Element; item: true; xs: number; sm: number; }' but required in type '{ component: ElementType<any, keyof IntrinsicElements>; }'.
  Overload 2 of 2, '(props: DefaultComponentProps<GridTypeMap<{}, "div">>): Element | null', gave the following error.
    Type '{ children: Element; item: true; xs: number; sm: number; }' is not assignable to type 'IntrinsicAttributes & GridBaseProps & { sx?: SxProps<Theme> | undefined; } & SystemProps<Theme> & Omit<...>'.
      Property 'item' does not exist on type 'IntrinsicAttributes & GridBaseProps & { sx?: SxProps<Theme> | undefined; } & SystemProps<Theme> & Omit<...>'.
    535 |                   </Box>
    536 |                 </Grid>
  > 537 |                 <Grid item xs={12} sm={4}>
        |                 ^^^^^^^^^^^^^^^^^^^^^^^^^^
    538 |                   <Box display="flex" alignItems="center" gap={1}>
    539 |                     <AccessTime sx={{ color: 'text.secondary', fontSize: 20 }} />
    540 |                     <Box>

TS2769: No overload matches this call.
  Overload 1 of 2, '(props: { component: ElementType<any, keyof IntrinsicElements>; } & GridBaseProps & { sx?: SxProps<Theme> | undefined; } & SystemProps<...> & Omit<...>): Element | null', gave the following error.
    Property 'component' is missing in type '{ children: Element; item: true; xs: number; sm: number; }' but required in type '{ component: ElementType<any, keyof IntrinsicElements>; }'.
  Overload 2 of 2, '(props: DefaultComponentProps<GridTypeMap<{}, "div">>): Element | null', gave the following error.
    Type '{ children: Element; item: true; xs: number; sm: number; }' is not assignable to type 'IntrinsicAttributes & GridBaseProps & { sx?: SxProps<Theme> | undefined; } & SystemProps<Theme> & Omit<...>'.
      Property 'item' does not exist on type 'IntrinsicAttributes & GridBaseProps & { sx?: SxProps<Theme> | undefined; } & SystemProps<Theme> & Omit<...>'.
    544 |                   </Box>
    545 |                 </Grid>
  > 546 |                 <Grid item xs={12} sm={4}>
        |                 ^^^^^^^^^^^^^^^^^^^^^^^^^^
    547 |                   <Box display="flex" alignItems="center" gap={1}>
    548 |                     <Schedule sx={{ color: 'text.secondary', fontSize: 20 }} />
    549 |                     <Box>

TS2769: No overload matches this call.
  Overload 1 of 2, '(props: { component: ElementType<any, keyof IntrinsicElements>; } & GridBaseProps & { sx?: SxProps<Theme> | undefined; } & SystemProps<...> & Omit<...>): Element | null', gave the following error.
    Property 'component' is missing in type '{ children: Element[]; item: true; xs: number; md: number; }' but required in type '{ component: ElementType<any, keyof IntrinsicElements>; }'.
  Overload 2 of 2, '(props: DefaultComponentProps<GridTypeMap<{}, "div">>): Element | null', gave the following error.
    Type '{ children: Element[]; item: true; xs: number; md: number; }' is not assignable to type 'IntrinsicAttributes & GridBaseProps & { sx?: SxProps<Theme> | undefined; } & SystemProps<Theme> & Omit<...>'.
      Property 'item' does not exist on type 'IntrinsicAttributes & GridBaseProps & { sx?: SxProps<Theme> | undefined; } & SystemProps<Theme> & Omit<...>'.
    623 |
    624 |         {/* Right Column */}
  > 625 |         <Grid item xs={12} md={4}>
        |         ^^^^^^^^^^^^^^^^^^^^^^^^^^
    626 |           {/* Professional Assignment Card */}
    627 |           <Card sx={{ mb: 3, borderRadius: 3 }}>
    628 |             <CardContent sx={{ p: 3 }}>

TS2367: This comparison appears to be unintentional because the types '"in_progress" | "completed" | "cancelled" | "scheduled"' and '"pending"' have no overlap.
    181 |   const bookingStats = {
    182 |     total: bookings.length,
  > 183 |     pending: bookings.filter(b => b.status === 'pending').length,
        |                                   ^^^^^^^^^^^^^^^^^^^^^^
    184 |     confirmed: bookings.filter(b => b.status === 'confirmed').length,
    185 |     in_progress: bookings.filter(b => b.status === 'in_progress').length,
    186 |     completed: bookings.filter(b => b.status === 'completed').length,

TS2367: This comparison appears to be unintentional because the types '"in_progress" | "completed" | "cancelled" | "scheduled"' and '"confirmed"' have no overlap.
    182 |     total: bookings.length,
    183 |     pending: bookings.filter(b => b.status === 'pending').length,
  > 184 |     confirmed: bookings.filter(b => b.status === 'confirmed').length,
        |                                     ^^^^^^^^^^^^^^^^^^^^^^^^
    185 |     in_progress: bookings.filter(b => b.status === 'in_progress').length,
    186 |     completed: bookings.filter(b => b.status === 'completed').length,
    187 |     cancelled: bookings.filter(b => b.status === 'cancelled').length,

TS7053: Element implicitly has an 'any' type because expression of type '"in_progress" | "completed" | "cancelled" | "scheduled"' can't be used to index type '{ readonly pending: { readonly color: "#FF9800"; readonly bg: "#FFF3E0"; readonly icon: OverridableComponent<SvgIconTypeMap<{}, "svg">> & { muiName: string; }; readonly label: "Pending"; readonly gradient: "linear-gradient(135deg, #FF9800 0%, #F57C00 100%)"; }; readonly confirmed: { ...; }; readonly in_progress: { ....'.
  Property 'scheduled' does not exist on type '{ readonly pending: { readonly color: "#FF9800"; readonly bg: "#FFF3E0"; readonly icon: OverridableComponent<SvgIconTypeMap<{}, "svg">> & { muiName: string; }; readonly label: "Pending"; readonly gradient: "linear-gradient(135deg, #FF9800 0%, #F57C00 100%)"; }; readonly confirmed: { ...; }; readonly in_progress: { ....'.
    398 |   // Modern Booking Card Component
    399 |   const BookingCard = ({ booking }: { booking: Booking }) => {
  > 400 |     const config = statusConfig[booking.status] || statusConfig.pending
        |                    ^^^^^^^^^^^^^^^^^^^^^^^^^^^^
    401 |     const StatusIcon = config.icon
    402 |
    403 |     return (

TS2769: No overload matches this call.
  Overload 1 of 2, '(props: { component: ElementType<any, keyof IntrinsicElements>; } & GridBaseProps & { sx?: SxProps<Theme> | undefined; } & SystemProps<...> & Omit<...>): Element | null', gave the following error.
    Property 'component' is missing in type '{ children: Element; item: true; xs: number; sm: number; md: number; }' but required in type '{ component: ElementType<any, keyof IntrinsicElements>; }'.
  Overload 2 of 2, '(props: DefaultComponentProps<GridTypeMap<{}, "div">>): Element | null', gave the following error.
    Type '{ children: Element; item: true; xs: number; sm: number; md: number; }' is not assignable to type 'IntrinsicAttributes & GridBaseProps & { sx?: SxProps<Theme> | undefined; } & SystemProps<Theme> & Omit<...>'.
      Property 'item' does not exist on type 'IntrinsicAttributes & GridBaseProps & { sx?: SxProps<Theme> | undefined; } & SystemProps<Theme> & Omit<...>'.
    471 |           {/* Info Grid */}
    472 |           <Grid container spacing={2}>
  > 473 |             <Grid item xs={12} sm={6} md={3}>
        |             ^^^^^^^^^^^^^^^^^^^^^^^^^^^^^^^^^
    474 |               <Box display="flex" alignItems="center" gap={1}>
    475 |                 <Avatar sx={{ bgcolor: 'primary.light', width: 32, height: 32 }}>
    476 |                   <CalendarIcon sx={{ fontSize: 18 }} />

TS2769: No overload matches this call.
  Overload 1 of 2, '(props: { component: ElementType<any, keyof IntrinsicElements>; } & GridBaseProps & { sx?: SxProps<Theme> | undefined; } & SystemProps<...> & Omit<...>): Element | null', gave the following error.
    Property 'component' is missing in type '{ children: Element; item: true; xs: number; sm: number; md: number; }' but required in type '{ component: ElementType<any, keyof IntrinsicElements>; }'.
  Overload 2 of 2, '(props: DefaultComponentProps<GridTypeMap<{}, "div">>): Element | null', gave the following error.
    Type '{ children: Element; item: true; xs: number; sm: number; md: number; }' is not assignable to type 'IntrinsicAttributes & GridBaseProps & { sx?: SxProps<Theme> | undefined; } & SystemProps<Theme> & Omit<...>'.
      Property 'item' does not exist on type 'IntrinsicAttributes & GridBaseProps & { sx?: SxProps<Theme> | undefined; } & SystemProps<Theme> & Omit<...>'.
    490 |             </Grid>
    491 |
  > 492 |             <Grid item xs={12} sm={6} md={3}>
        |             ^^^^^^^^^^^^^^^^^^^^^^^^^^^^^^^^^
    493 |               <Box display="flex" alignItems="center" gap={1}>
    494 |                 <Avatar sx={{ bgcolor: 'success.light', width: 32, height: 32 }}>
    495 |                   <DollarIcon sx={{ fontSize: 18 }} />

TS2339: Property 'paymentStatus' does not exist on type 'Booking'.
    503 |                   </Typography>
    504 |                   <Typography variant="caption" color="text.secondary">
  > 505 |                     {booking.paymentStatus}
        |                              ^^^^^^^^^^^^^
    506 |                   </Typography>
    507 |                 </Box>
    508 |               </Box>

TS2769: No overload matches this call.
  Overload 1 of 2, '(props: { component: ElementType<any, keyof IntrinsicElements>; } & GridBaseProps & { sx?: SxProps<Theme> | undefined; } & SystemProps<...> & Omit<...>): Element | null', gave the following error.
    Property 'component' is missing in type '{ children: Element; item: true; xs: number; sm: number; md: number; }' but required in type '{ component: ElementType<any, keyof IntrinsicElements>; }'.
  Overload 2 of 2, '(props: DefaultComponentProps<GridTypeMap<{}, "div">>): Element | null', gave the following error.
    Type '{ children: Element; item: true; xs: number; sm: number; md: number; }' is not assignable to type 'IntrinsicAttributes & GridBaseProps & { sx?: SxProps<Theme> | undefined; } & SystemProps<Theme> & Omit<...>'.
      Property 'item' does not exist on type 'IntrinsicAttributes & GridBaseProps & { sx?: SxProps<Theme> | undefined; } & SystemProps<Theme> & Omit<...>'.
    509 |             </Grid>
    510 |
  > 511 |             <Grid item xs={12} sm={6} md={3}>
        |             ^^^^^^^^^^^^^^^^^^^^^^^^^^^^^^^^^
    512 |               <Box display="flex" alignItems="center" gap={1}>
    513 |                 <Avatar sx={{ bgcolor: 'info.light', width: 32, height: 32 }}>
    514 |                   <PersonIcon sx={{ fontSize: 18 }} />

TS2769: No overload matches this call.
  Overload 1 of 2, '(props: { component: ElementType<any, keyof IntrinsicElements>; } & GridBaseProps & { sx?: SxProps<Theme> | undefined; } & SystemProps<...> & Omit<...>): Element | null', gave the following error.
    Property 'component' is missing in type '{ children: Element; item: true; xs: number; sm: number; md: number; }' but required in type '{ component: ElementType<any, keyof IntrinsicElements>; }'.
  Overload 2 of 2, '(props: DefaultComponentProps<GridTypeMap<{}, "div">>): Element | null', gave the following error.
    Type '{ children: Element; item: true; xs: number; sm: number; md: number; }' is not assignable to type 'IntrinsicAttributes & GridBaseProps & { sx?: SxProps<Theme> | undefined; } & SystemProps<Theme> & Omit<...>'.
      Property 'item' does not exist on type 'IntrinsicAttributes & GridBaseProps & { sx?: SxProps<Theme> | undefined; } & SystemProps<Theme> & Omit<...>'.
    525 |             </Grid>
    526 |
  > 527 |             <Grid item xs={12} sm={6} md={3}>
        |             ^^^^^^^^^^^^^^^^^^^^^^^^^^^^^^^^^
    528 |               <Box display="flex" alignItems="center" gap={1}>
    529 |                 <Avatar sx={{ bgcolor: 'warning.light', width: 32, height: 32 }}>
    530 |                   <LocationIcon sx={{ fontSize: 18 }} />

TS2769: No overload matches this call.
  Overload 1 of 2, '(props: { component: ElementType<any, keyof IntrinsicElements>; } & GridBaseProps & { sx?: SxProps<Theme> | undefined; } & SystemProps<...> & Omit<...>): Element | null', gave the following error.
    Property 'component' is missing in type '{ children: Element; item: true; xs: number; sm: number; md: number; }' but required in type '{ component: ElementType<any, keyof IntrinsicElements>; }'.
  Overload 2 of 2, '(props: DefaultComponentProps<GridTypeMap<{}, "div">>): Element | null', gave the following error.
    Type '{ children: Element; item: true; xs: number; sm: number; md: number; }' is not assignable to type 'IntrinsicAttributes & GridBaseProps & { sx?: SxProps<Theme> | undefined; } & SystemProps<Theme> & Omit<...>'.
      Property 'item' does not exist on type 'IntrinsicAttributes & GridBaseProps & { sx?: SxProps<Theme> | undefined; } & SystemProps<Theme> & Omit<...>'.
    563 |       {/* Stats Grid */}
    564 |       <Grid container spacing={3} mb={4}>
  > 565 |         <Grid item xs={12} sm={6} md={3}>
        |         ^^^^^^^^^^^^^^^^^^^^^^^^^^^^^^^^^
    566 |           <StatsCard
    567 |             title="Total Bookings"
    568 |             value={bookingStats.total}

TS2769: No overload matches this call.
  Overload 1 of 2, '(props: { component: ElementType<any, keyof IntrinsicElements>; } & GridBaseProps & { sx?: SxProps<Theme> | undefined; } & SystemProps<...> & Omit<...>): Element | null', gave the following error.
    Property 'component' is missing in type '{ children: Element; item: true; xs: number; sm: number; md: number; }' but required in type '{ component: ElementType<any, keyof IntrinsicElements>; }'.
  Overload 2 of 2, '(props: DefaultComponentProps<GridTypeMap<{}, "div">>): Element | null', gave the following error.
    Type '{ children: Element; item: true; xs: number; sm: number; md: number; }' is not assignable to type 'IntrinsicAttributes & GridBaseProps & { sx?: SxProps<Theme> | undefined; } & SystemProps<Theme> & Omit<...>'.
      Property 'item' does not exist on type 'IntrinsicAttributes & GridBaseProps & { sx?: SxProps<Theme> | undefined; } & SystemProps<Theme> & Omit<...>'.
    572 |           />
    573 |         </Grid>
  > 574 |         <Grid item xs={12} sm={6} md={3}>
        |         ^^^^^^^^^^^^^^^^^^^^^^^^^^^^^^^^^
    575 |           <StatsCard
    576 |             title="Pending"
    577 |             value={bookingStats.pending}

TS2769: No overload matches this call.
  Overload 1 of 2, '(props: { component: ElementType<any, keyof IntrinsicElements>; } & GridBaseProps & { sx?: SxProps<Theme> | undefined; } & SystemProps<...> & Omit<...>): Element | null', gave the following error.
    Property 'component' is missing in type '{ children: Element; item: true; xs: number; sm: number; md: number; }' but required in type '{ component: ElementType<any, keyof IntrinsicElements>; }'.
  Overload 2 of 2, '(props: DefaultComponentProps<GridTypeMap<{}, "div">>): Element | null', gave the following error.
    Type '{ children: Element; item: true; xs: number; sm: number; md: number; }' is not assignable to type 'IntrinsicAttributes & GridBaseProps & { sx?: SxProps<Theme> | undefined; } & SystemProps<Theme> & Omit<...>'.
      Property 'item' does not exist on type 'IntrinsicAttributes & GridBaseProps & { sx?: SxProps<Theme> | undefined; } & SystemProps<Theme> & Omit<...>'.
    581 |           />
    582 |         </Grid>
  > 583 |         <Grid item xs={12} sm={6} md={3}>
        |         ^^^^^^^^^^^^^^^^^^^^^^^^^^^^^^^^^
    584 |           <StatsCard
    585 |             title="In Progress"
    586 |             value={bookingStats.in_progress}

TS2769: No overload matches this call.
  Overload 1 of 2, '(props: { component: ElementType<any, keyof IntrinsicElements>; } & GridBaseProps & { sx?: SxProps<Theme> | undefined; } & SystemProps<...> & Omit<...>): Element | null', gave the following error.
    Property 'component' is missing in type '{ children: Element; item: true; xs: number; sm: number; md: number; }' but required in type '{ component: ElementType<any, keyof IntrinsicElements>; }'.
  Overload 2 of 2, '(props: DefaultComponentProps<GridTypeMap<{}, "div">>): Element | null', gave the following error.
    Type '{ children: Element; item: true; xs: number; sm: number; md: number; }' is not assignable to type 'IntrinsicAttributes & GridBaseProps & { sx?: SxProps<Theme> | undefined; } & SystemProps<Theme> & Omit<...>'.
      Property 'item' does not exist on type 'IntrinsicAttributes & GridBaseProps & { sx?: SxProps<Theme> | undefined; } & SystemProps<Theme> & Omit<...>'.
    590 |           />
    591 |         </Grid>
  > 592 |         <Grid item xs={12} sm={6} md={3}>
        |         ^^^^^^^^^^^^^^^^^^^^^^^^^^^^^^^^^
    593 |           <StatsCard
    594 |             title="Completed"
    595 |             value={bookingStats.completed}

TS2769: No overload matches this call.
  Overload 1 of 2, '(props: { component: ElementType<any, keyof IntrinsicElements>; } & GridBaseProps & { sx?: SxProps<Theme> | undefined; } & SystemProps<...> & Omit<...>): Element | null', gave the following error.
    Property 'component' is missing in type '{ children: Element; item: true; xs: number; md: number; }' but required in type '{ component: ElementType<any, keyof IntrinsicElements>; }'.
  Overload 2 of 2, '(props: DefaultComponentProps<GridTypeMap<{}, "div">>): Element | null', gave the following error.
    Type '{ children: Element; item: true; xs: number; md: number; }' is not assignable to type 'IntrinsicAttributes & GridBaseProps & { sx?: SxProps<Theme> | undefined; } & SystemProps<Theme> & Omit<...>'.
      Property 'item' does not exist on type 'IntrinsicAttributes & GridBaseProps & { sx?: SxProps<Theme> | undefined; } & SystemProps<Theme> & Omit<...>'.
    605 |         <CardContent>
    606 |           <Grid container spacing={2} alignItems="center">
  > 607 |             <Grid item xs={12} md={5}>
        |             ^^^^^^^^^^^^^^^^^^^^^^^^^^
    608 |               <TextField
    609 |                 fullWidth
    610 |                 placeholder="Search by booking ID, service, notes..."

TS2769: No overload matches this call.
  Overload 1 of 2, '(props: { component: ElementType<any, keyof IntrinsicElements>; } & GridBaseProps & { sx?: SxProps<Theme> | undefined; } & SystemProps<...> & Omit<...>): Element | null', gave the following error.
    Property 'component' is missing in type '{ children: Element; item: true; xs: number; sm: number; md: number; }' but required in type '{ component: ElementType<any, keyof IntrinsicElements>; }'.
  Overload 2 of 2, '(props: DefaultComponentProps<GridTypeMap<{}, "div">>): Element | null', gave the following error.
    Type '{ children: Element; item: true; xs: number; sm: number; md: number; }' is not assignable to type 'IntrinsicAttributes & GridBaseProps & { sx?: SxProps<Theme> | undefined; } & SystemProps<Theme> & Omit<...>'.
      Property 'item' does not exist on type 'IntrinsicAttributes & GridBaseProps & { sx?: SxProps<Theme> | undefined; } & SystemProps<Theme> & Omit<...>'.
    625 |               />
    626 |             </Grid>
  > 627 |             <Grid item xs={12} sm={6} md={3}>
        |             ^^^^^^^^^^^^^^^^^^^^^^^^^^^^^^^^^
    628 |               <FormControl fullWidth>
    629 |                 <InputLabel>Status Filter</InputLabel>
    630 |                 <Select

TS2769: No overload matches this call.
  Overload 1 of 2, '(props: { component: ElementType<any, keyof IntrinsicElements>; } & GridBaseProps & { sx?: SxProps<Theme> | undefined; } & SystemProps<...> & Omit<...>): Element | null', gave the following error.
    Property 'component' is missing in type '{ children: Element; item: true; xs: number; sm: number; md: number; }' but required in type '{ component: ElementType<any, keyof IntrinsicElements>; }'.
  Overload 2 of 2, '(props: DefaultComponentProps<GridTypeMap<{}, "div">>): Element | null', gave the following error.
    Type '{ children: Element; item: true; xs: number; sm: number; md: number; }' is not assignable to type 'IntrinsicAttributes & GridBaseProps & { sx?: SxProps<Theme> | undefined; } & SystemProps<Theme> & Omit<...>'.
      Property 'item' does not exist on type 'IntrinsicAttributes & GridBaseProps & { sx?: SxProps<Theme> | undefined; } & SystemProps<Theme> & Omit<...>'.
    644 |               </FormControl>
    645 |             </Grid>
  > 646 |             <Grid item xs={12} sm={6} md={4}>
        |             ^^^^^^^^^^^^^^^^^^^^^^^^^^^^^^^^^
    647 |               <Stack direction="row" spacing={1}>
    648 |                 <Button
    649 |                   variant="outlined"

TS2551: Property 'is_active' does not exist on type 'Category'. Did you mean 'isActive'?
    81 |         setStats({
    82 |           total: cats.length,
  > 83 |           active: cats.filter(c => c.is_active || c.status === 'active').length,
       |                                      ^^^^^^^^^
    84 |           inactive: cats.filter(c => !c.is_active && c.status !== 'active').length,
    85 |         })
    86 |       }

TS2551: Property 'is_active' does not exist on type 'Category'. Did you mean 'isActive'?
    82 |           total: cats.length,
    83 |           active: cats.filter(c => c.is_active || c.status === 'active').length,
  > 84 |           inactive: cats.filter(c => !c.is_active && c.status !== 'active').length,
       |                                         ^^^^^^^^^
    85 |         })
    86 |       }
    87 |     } catch (err) {

TS2551: Property 'is_active' does not exist on type 'Category'. Did you mean 'isActive'?
    142 |
    143 |   const getCategoryStatus = (category: Category) => {
  > 144 |     return category.is_active !== undefined ? category.is_active : category.status === 'active'
        |                     ^^^^^^^^^
    145 |   }
    146 |
    147 |   return (

TS2551: Property 'is_active' does not exist on type 'Category'. Did you mean 'isActive'?
    142 |
    143 |   const getCategoryStatus = (category: Category) => {
  > 144 |     return category.is_active !== undefined ? category.is_active : category.status === 'active'
        |                                                        ^^^^^^^^^
    145 |   }
    146 |
    147 |   return (

TS2345: Argument of type '{ name: string; description: string; parentId: string; status: "active"; categoryType: "service"; images: never[]; sortOrder: number; }' is not assignable to parameter of type 'SubcategoryFormData | (() => SubcategoryFormData)'.
  Object literal may only specify known properties, and 'images' does not exist in type 'SubcategoryFormData | (() => SubcategoryFormData)'.
    185 |     status: 'active',
    186 |     categoryType: 'service',
  > 187 |     images: [],
        |     ^^^^^^^^^^
    188 |     sortOrder: 0,
    189 |   })
    190 |

TS2769: No overload matches this call.
  Overload 1 of 2, '(props: { component: ElementType<any, keyof IntrinsicElements>; } & GridBaseProps & { sx?: SxProps<Theme> | undefined; } & SystemProps<...> & Omit<...>): Element | null', gave the following error.
    Property 'component' is missing in type '{ children: Element; item: true; xs: number; md: number; }' but required in type '{ component: ElementType<any, keyof IntrinsicElements>; }'.
  Overload 2 of 2, '(props: DefaultComponentProps<GridTypeMap<{}, "div">>): Element | null', gave the following error.
    Type '{ children: Element; item: true; xs: number; md: number; }' is not assignable to type 'IntrinsicAttributes & GridBaseProps & { sx?: SxProps<Theme> | undefined; } & SystemProps<Theme> & Omit<...>'.
      Property 'item' does not exist on type 'IntrinsicAttributes & GridBaseProps & { sx?: SxProps<Theme> | undefined; } & SystemProps<Theme> & Omit<...>'.
    460 |         <CardContent>
    461 |           <Grid container spacing={2} alignItems="center">
  > 462 |             <Grid item xs={12} md={6}>
        |             ^^^^^^^^^^^^^^^^^^^^^^^^^^
    463 |               <TextField
    464 |                 fullWidth
    465 |                 placeholder="Search categories..."

TS2769: No overload matches this call.
  Overload 1 of 2, '(props: { component: ElementType<any, keyof IntrinsicElements>; } & GridBaseProps & { sx?: SxProps<Theme> | undefined; } & SystemProps<...> & Omit<...>): Element | null', gave the following error.
    Property 'component' is missing in type '{ children: Element; item: true; xs: number; md: number; }' but required in type '{ component: ElementType<any, keyof IntrinsicElements>; }'.
  Overload 2 of 2, '(props: DefaultComponentProps<GridTypeMap<{}, "div">>): Element | null', gave the following error.
    Type '{ children: Element; item: true; xs: number; md: number; }' is not assignable to type 'IntrinsicAttributes & GridBaseProps & { sx?: SxProps<Theme> | undefined; } & SystemProps<Theme> & Omit<...>'.
      Property 'item' does not exist on type 'IntrinsicAttributes & GridBaseProps & { sx?: SxProps<Theme> | undefined; } & SystemProps<Theme> & Omit<...>'.
    471 |               />
    472 |             </Grid>
  > 473 |             <Grid item xs={12} md={3}>
        |             ^^^^^^^^^^^^^^^^^^^^^^^^^^
    474 |               <FormControl fullWidth>
    475 |                 <InputLabel>Status</InputLabel>
    476 |                 <Select

TS2769: No overload matches this call.
  Overload 1 of 2, '(props: { component: ElementType<any, keyof IntrinsicElements>; } & GridBaseProps & { sx?: SxProps<Theme> | undefined; } & SystemProps<...> & Omit<...>): Element | null', gave the following error.
    Property 'component' is missing in type '{ children: Element; item: true; xs: number; md: number; }' but required in type '{ component: ElementType<any, keyof IntrinsicElements>; }'.
  Overload 2 of 2, '(props: DefaultComponentProps<GridTypeMap<{}, "div">>): Element | null', gave the following error.
    Type '{ children: Element; item: true; xs: number; md: number; }' is not assignable to type 'IntrinsicAttributes & GridBaseProps & { sx?: SxProps<Theme> | undefined; } & SystemProps<Theme> & Omit<...>'.
      Property 'item' does not exist on type 'IntrinsicAttributes & GridBaseProps & { sx?: SxProps<Theme> | undefined; } & SystemProps<Theme> & Omit<...>'.
    485 |               </FormControl>
    486 |             </Grid>
  > 487 |             <Grid item xs={12} md={3}>
        |             ^^^^^^^^^^^^^^^^^^^^^^^^^^
    488 |               <Box sx={{ display: 'flex', gap: 1 }}>
    489 |                 <Button
    490 |                   variant="outlined"

TS2769: No overload matches this call.
  Overload 1 of 2, '(props: { component: ElementType<any, keyof IntrinsicElements>; } & GridBaseProps & { sx?: SxProps<Theme> | undefined; } & SystemProps<...> & Omit<...>): Element | null', gave the following error.
    Property 'component' is missing in type '{ children: Element; item: true; xs: number; lg: number; }' but required in type '{ component: ElementType<any, keyof IntrinsicElements>; }'.
  Overload 2 of 2, '(props: DefaultComponentProps<GridTypeMap<{}, "div">>): Element | null', gave the following error.
    Type '{ children: Element; item: true; xs: number; lg: number; }' is not assignable to type 'IntrinsicAttributes & GridBaseProps & { sx?: SxProps<Theme> | undefined; } & SystemProps<Theme> & Omit<...>'.
      Property 'item' does not exist on type 'IntrinsicAttributes & GridBaseProps & { sx?: SxProps<Theme> | undefined; } & SystemProps<Theme> & Omit<...>'.
    504 |       <Grid container spacing={3}>
    505 |         {/* Categories Section */}
  > 506 |         <Grid item xs={12} lg={8}>
        |         ^^^^^^^^^^^^^^^^^^^^^^^^^^
    507 |           <Card>
    508 |             <Box sx={{ p: 3, borderBottom: 1, borderColor: 'divider' }}>
    509 |               <Box sx={{ display: 'flex', justifyContent: 'space-between', alignItems: 'center' }}>

TS2769: No overload matches this call.
  Overload 1 of 2, '(props: { component: ElementType<any, keyof IntrinsicElements>; } & GridBaseProps & { sx?: SxProps<Theme> | undefined; } & SystemProps<...> & Omit<...>): Element | null', gave the following error.
    Property 'component' is missing in type '{ children: Element; item: true; xs: number; sm: number; md: number; key: string; }' but required in type '{ component: ElementType<any, keyof IntrinsicElements>; }'.
  Overload 2 of 2, '(props: DefaultComponentProps<GridTypeMap<{}, "div">>): Element | null', gave the following error.
    Type '{ children: Element; item: true; xs: number; sm: number; md: number; key: string; }' is not assignable to type 'IntrinsicAttributes & GridBaseProps & { sx?: SxProps<Theme> | undefined; } & SystemProps<Theme> & Omit<...>'.
      Property 'item' does not exist on type 'IntrinsicAttributes & GridBaseProps & { sx?: SxProps<Theme> | undefined; } & SystemProps<Theme> & Omit<...>'.
    683 |                                         const subColors = getCategoryColors(subIndex)
    684 |                                         return (
  > 685 |                                           <Grid item xs={12} sm={6} md={4} key={subcategory.id}>
        |                                           ^^^^^^^^^^^^^^^^^^^^^^^^^^^^^^^^^^^^^^^^^^^^^^^^^^^^^^
    686 |                                             <Card variant="outlined" sx={{ p: 1 }}>
    687 |                                               <Box sx={{ display: 'flex', alignItems: 'center', justifyContent: 'space-between' }}>
    688 |                                                 <Box sx={{ display: 'flex', alignItems: 'center', flex: 1 }}>

TS2769: No overload matches this call.
  Overload 1 of 2, '(props: { component: ElementType<any, keyof IntrinsicElements>; } & GridBaseProps & { sx?: SxProps<Theme> | undefined; } & SystemProps<...> & Omit<...>): Element | null', gave the following error.
    Property 'component' is missing in type '{ children: Element; item: true; xs: number; lg: number; }' but required in type '{ component: ElementType<any, keyof IntrinsicElements>; }'.
  Overload 2 of 2, '(props: DefaultComponentProps<GridTypeMap<{}, "div">>): Element | null', gave the following error.
    Type '{ children: Element; item: true; xs: number; lg: number; }' is not assignable to type 'IntrinsicAttributes & GridBaseProps & { sx?: SxProps<Theme> | undefined; } & SystemProps<Theme> & Omit<...>'.
      Property 'item' does not exist on type 'IntrinsicAttributes & GridBaseProps & { sx?: SxProps<Theme> | undefined; } & SystemProps<Theme> & Omit<...>'.
    745 |
    746 |         {/* Quick Stats & Actions */}
  > 747 |         <Grid item xs={12} lg={4}>
        |         ^^^^^^^^^^^^^^^^^^^^^^^^^^
    748 |           <Box sx={{ display: 'flex', flexDirection: 'column', gap: 3 }}>
    749 |             {/* Stats Card */}
    750 |             <Card>

TS2769: No overload matches this call.
  Overload 1 of 2, '(props: { component: ElementType<any, keyof IntrinsicElements>; } & GridBaseProps & { sx?: SxProps<Theme> | undefined; } & SystemProps<...> & Omit<...>): Element | null', gave the following error.
    Property 'component' is missing in type '{ children: Element; item: true; xs: number; md: number; }' but required in type '{ component: ElementType<any, keyof IntrinsicElements>; }'.
  Overload 2 of 2, '(props: DefaultComponentProps<GridTypeMap<{}, "div">>): Element | null', gave the following error.
    Type '{ children: Element; item: true; xs: number; md: number; }' is not assignable to type 'IntrinsicAttributes & GridBaseProps & { sx?: SxProps<Theme> | undefined; } & SystemProps<Theme> & Omit<...>'.
      Property 'item' does not exist on type 'IntrinsicAttributes & GridBaseProps & { sx?: SxProps<Theme> | undefined; } & SystemProps<Theme> & Omit<...>'.
    980 |             <form onSubmit={handleSubcategorySubmit}>
    981 |             <Grid container spacing={2}>
  > 982 |                 <Grid item xs={12} md={6}>
        |                 ^^^^^^^^^^^^^^^^^^^^^^^^^^
    983 |                 <TextField
    984 |                   label="Subcategory Name"
    985 |                     required

TS2769: No overload matches this call.
  Overload 1 of 2, '(props: { component: ElementType<any, keyof IntrinsicElements>; } & GridBaseProps & { sx?: SxProps<Theme> | undefined; } & SystemProps<...> & Omit<...>): Element | null', gave the following error.
    Property 'component' is missing in type '{ children: Element; item: true; xs: number; md: number; }' but required in type '{ component: ElementType<any, keyof IntrinsicElements>; }'.
  Overload 2 of 2, '(props: DefaultComponentProps<GridTypeMap<{}, "div">>): Element | null', gave the following error.
    Type '{ children: Element; item: true; xs: number; md: number; }' is not assignable to type 'IntrinsicAttributes & GridBaseProps & { sx?: SxProps<Theme> | undefined; } & SystemProps<Theme> & Omit<...>'.
      Property 'item' does not exist on type 'IntrinsicAttributes & GridBaseProps & { sx?: SxProps<Theme> | undefined; } & SystemProps<Theme> & Omit<...>'.
    990 |                 />
    991 |               </Grid>
  > 992 |                 <Grid item xs={12} md={6}>
        |                 ^^^^^^^^^^^^^^^^^^^^^^^^^^
    993 |                   <FormControl fullWidth>
    994 |                     <InputLabel>Category Type</InputLabel>
    995 |                     <Select

TS2769: No overload matches this call.
  Overload 1 of 2, '(props: { component: ElementType<any, keyof IntrinsicElements>; } & GridBaseProps & { sx?: SxProps<Theme> | undefined; } & SystemProps<...> & Omit<...>): Element | null', gave the following error.
    Property 'component' is missing in type '{ children: Element; xs: number; }' but required in type '{ component: ElementType<any, keyof IntrinsicElements>; }'.
  Overload 2 of 2, '(props: DefaultComponentProps<GridTypeMap<{}, "div">>): Element | null', gave the following error.
    Type '{ children: Element; xs: number; }' is not assignable to type 'IntrinsicAttributes & GridBaseProps & { sx?: SxProps<Theme> | undefined; } & SystemProps<Theme> & Omit<...>'.
      Property 'xs' does not exist on type 'IntrinsicAttributes & GridBaseProps & { sx?: SxProps<Theme> | undefined; } & SystemProps<Theme> & Omit<...>'.
    1003 |                   </FormControl>
    1004 |                 </Grid>
  > 1005 |                 <Grid xs={12}>
         |                 ^^^^^^^^^^^^^^
    1006 |                 <TextField
    1007 |                     label="Description"
    1008 |                     multiline

TS2769: No overload matches this call.
  Overload 1 of 2, '(props: { component: ElementType<any, keyof IntrinsicElements>; } & GridBaseProps & { sx?: SxProps<Theme> | undefined; } & SystemProps<...> & Omit<...>): Element | null', gave the following error.
    Property 'component' is missing in type '{ children: Element; item: true; xs: number; md: number; }' but required in type '{ component: ElementType<any, keyof IntrinsicElements>; }'.
  Overload 2 of 2, '(props: DefaultComponentProps<GridTypeMap<{}, "div">>): Element | null', gave the following error.
    Type '{ children: Element; item: true; xs: number; md: number; }' is not assignable to type 'IntrinsicAttributes & GridBaseProps & { sx?: SxProps<Theme> | undefined; } & SystemProps<Theme> & Omit<...>'.
      Property 'item' does not exist on type 'IntrinsicAttributes & GridBaseProps & { sx?: SxProps<Theme> | undefined; } & SystemProps<Theme> & Omit<...>'.
    1014 |                 />
    1015 |               </Grid>
  > 1016 |                 <Grid item xs={12} md={6}>
         |                 ^^^^^^^^^^^^^^^^^^^^^^^^^^
    1017 |                 <TextField
    1018 |                     label="Image URL"
    1019 |                   fullWidth

TS2769: No overload matches this call.
  Overload 1 of 2, '(props: { component: ElementType<any, keyof IntrinsicElements>; } & GridBaseProps & { sx?: SxProps<Theme> | undefined; } & SystemProps<...> & Omit<...>): Element | null', gave the following error.
    Property 'component' is missing in type '{ children: Element; item: true; xs: number; md: number; }' but required in type '{ component: ElementType<any, keyof IntrinsicElements>; }'.
  Overload 2 of 2, '(props: DefaultComponentProps<GridTypeMap<{}, "div">>): Element | null', gave the following error.
    Type '{ children: Element; item: true; xs: number; md: number; }' is not assignable to type 'IntrinsicAttributes & GridBaseProps & { sx?: SxProps<Theme> | undefined; } & SystemProps<Theme> & Omit<...>'.
      Property 'item' does not exist on type 'IntrinsicAttributes & GridBaseProps & { sx?: SxProps<Theme> | undefined; } & SystemProps<Theme> & Omit<...>'.
    1023 |                 />
    1024 |               </Grid>
  > 1025 |                 <Grid item xs={12} md={6}>
         |                 ^^^^^^^^^^^^^^^^^^^^^^^^^^
    1026 |                 <TextField
    1027 |                     label="Sort Order"
    1028 |                     type="number"

TS2769: No overload matches this call.
  Overload 1 of 2, '(props: { component: ElementType<any, keyof IntrinsicElements>; } & GridBaseProps & { sx?: SxProps<Theme> | undefined; } & SystemProps<...> & Omit<...>): Element | null', gave the following error.
    Property 'component' is missing in type '{ children: Element; xs: number; }' but required in type '{ component: ElementType<any, keyof IntrinsicElements>; }'.
  Overload 2 of 2, '(props: DefaultComponentProps<GridTypeMap<{}, "div">>): Element | null', gave the following error.
    Type '{ children: Element; xs: number; }' is not assignable to type 'IntrinsicAttributes & GridBaseProps & { sx?: SxProps<Theme> | undefined; } & SystemProps<Theme> & Omit<...>'.
      Property 'xs' does not exist on type 'IntrinsicAttributes & GridBaseProps & { sx?: SxProps<Theme> | undefined; } & SystemProps<Theme> & Omit<...>'.
    1033 |                 />
    1034 |               </Grid>
  > 1035 |                 <Grid xs={12}>
         |                 ^^^^^^^^^^^^^^
    1036 |                   <FormGroup>
    1037 |                     <FormControlLabel
    1038 |                       control={

TS2769: No overload matches this call.
  Overload 1 of 2, '(props: { component: ElementType<any, keyof IntrinsicElements>; } & GridBaseProps & { sx?: SxProps<Theme> | undefined; } & SystemProps<...> & Omit<...>): Element | null', gave the following error.
    Property 'component' is missing in type '{ children: Element; xs: number; }' but required in type '{ component: ElementType<any, keyof IntrinsicElements>; }'.
  Overload 2 of 2, '(props: DefaultComponentProps<GridTypeMap<{}, "div">>): Element | null', gave the following error.
    Type '{ children: Element; xs: number; }' is not assignable to type 'IntrinsicAttributes & GridBaseProps & { sx?: SxProps<Theme> | undefined; } & SystemProps<Theme> & Omit<...>'.
      Property 'xs' does not exist on type 'IntrinsicAttributes & GridBaseProps & { sx?: SxProps<Theme> | undefined; } & SystemProps<Theme> & Omit<...>'.
    1049 |                   </FormGroup>
    1050 |                 </Grid>
  > 1051 |                 <Grid xs={12}>
         |                 ^^^^^^^^^^^^^^
    1052 |                 <Box sx={{ display: 'flex', justifyContent: 'flex-end' }}>
    1053 |                   <Button
    1054 |                       type="submit"

TS2769: No overload matches this call.
  Overload 1 of 2, '(props: { component: ElementType<any, keyof IntrinsicElements>; } & GridBaseProps & { sx?: SxProps<Theme> | undefined; } & SystemProps<...> & Omit<...>): Element | null', gave the following error.
    Property 'component' is missing in type '{ children: Element; item: true; xs: number; key: string; }' but required in type '{ component: ElementType<any, keyof IntrinsicElements>; }'.
  Overload 2 of 2, '(props: DefaultComponentProps<GridTypeMap<{}, "div">>): Element | null', gave the following error.
    Type '{ children: Element; item: true; xs: number; key: string; }' is not assignable to type 'IntrinsicAttributes & GridBaseProps & { sx?: SxProps<Theme> | undefined; } & SystemProps<Theme> & Omit<...>'.
      Property 'item' does not exist on type 'IntrinsicAttributes & GridBaseProps & { sx?: SxProps<Theme> | undefined; } & SystemProps<Theme> & Omit<...>'.
    216 |         <Grid container spacing={2}>
    217 |           {banners.map((banner) => (
  > 218 |             <Grid item xs={12} key={banner._id}>
        |             ^^^^^^^^^^^^^^^^^^^^^^^^^^^^^^^^^^^^
    219 |               <Card>
    220 |                 <CardContent>
    221 |                   <Box sx={{ display: 'flex', justifyContent: 'space-between', alignItems: 'start' }}>

TS2769: No overload matches this call.
  Overload 1 of 2, '(props: { component: ElementType<any, keyof IntrinsicElements>; } & GridBaseProps & { sx?: SxProps<Theme> | undefined; } & SystemProps<...> & Omit<...>): Element | null', gave the following error.
    Property 'component' is missing in type '{ children: Element; item: true; xs: number; sm: number; }' but required in type '{ component: ElementType<any, keyof IntrinsicElements>; }'.
  Overload 2 of 2, '(props: DefaultComponentProps<GridTypeMap<{}, "div">>): Element | null', gave the following error.
    Type '{ children: Element; item: true; xs: number; sm: number; }' is not assignable to type 'IntrinsicAttributes & GridBaseProps & { sx?: SxProps<Theme> | undefined; } & SystemProps<Theme> & Omit<...>'.
      Property 'item' does not exist on type 'IntrinsicAttributes & GridBaseProps & { sx?: SxProps<Theme> | undefined; } & SystemProps<Theme> & Omit<...>'.
    288 |         <DialogContent dividers>
    289 |           <Grid container spacing={2} sx={{ mt: 0.5 }}>
  > 290 |             <Grid item xs={12} sm={6}>
        |             ^^^^^^^^^^^^^^^^^^^^^^^^^^
    291 |               <TextField
    292 |                 fullWidth
    293 |                 label="Title"

TS2769: No overload matches this call.
  Overload 1 of 2, '(props: { component: ElementType<any, keyof IntrinsicElements>; } & GridBaseProps & { sx?: SxProps<Theme> | undefined; } & SystemProps<...> & Omit<...>): Element | null', gave the following error.
    Property 'component' is missing in type '{ children: Element; item: true; xs: number; sm: number; }' but required in type '{ component: ElementType<any, keyof IntrinsicElements>; }'.
  Overload 2 of 2, '(props: DefaultComponentProps<GridTypeMap<{}, "div">>): Element | null', gave the following error.
    Type '{ children: Element; item: true; xs: number; sm: number; }' is not assignable to type 'IntrinsicAttributes & GridBaseProps & { sx?: SxProps<Theme> | undefined; } & SystemProps<Theme> & Omit<...>'.
      Property 'item' does not exist on type 'IntrinsicAttributes & GridBaseProps & { sx?: SxProps<Theme> | undefined; } & SystemProps<Theme> & Omit<...>'.
    297 |               />
    298 |             </Grid>
  > 299 |             <Grid item xs={12} sm={6}>
        |             ^^^^^^^^^^^^^^^^^^^^^^^^^^
    300 |               <TextField
    301 |                 fullWidth
    302 |                 label="Description"

TS2769: No overload matches this call.
  Overload 1 of 2, '(props: { component: ElementType<any, keyof IntrinsicElements>; } & GridBaseProps & { sx?: SxProps<Theme> | undefined; } & SystemProps<...> & Omit<...>): Element | null', gave the following error.
    Property 'component' is missing in type '{ children: Element; item: true; xs: number; sm: number; }' but required in type '{ component: ElementType<any, keyof IntrinsicElements>; }'.
  Overload 2 of 2, '(props: DefaultComponentProps<GridTypeMap<{}, "div">>): Element | null', gave the following error.
    Type '{ children: Element; item: true; xs: number; sm: number; }' is not assignable to type 'IntrinsicAttributes & GridBaseProps & { sx?: SxProps<Theme> | undefined; } & SystemProps<Theme> & Omit<...>'.
      Property 'item' does not exist on type 'IntrinsicAttributes & GridBaseProps & { sx?: SxProps<Theme> | undefined; } & SystemProps<Theme> & Omit<...>'.
    306 |             </Grid>
    307 |
  > 308 |             <Grid item xs={12} sm={6}>
        |             ^^^^^^^^^^^^^^^^^^^^^^^^^^
    309 |               <FormControl fullWidth>
    310 |                 <InputLabel>Banner Type</InputLabel>
    311 |                 <Select

TS2769: No overload matches this call.
  Overload 1 of 2, '(props: { component: ElementType<any, keyof IntrinsicElements>; } & GridBaseProps & { sx?: SxProps<Theme> | undefined; } & SystemProps<...> & Omit<...>): Element | null', gave the following error.
    Property 'component' is missing in type '{ children: Element; item: true; xs: number; sm: number; }' but required in type '{ component: ElementType<any, keyof IntrinsicElements>; }'.
  Overload 2 of 2, '(props: DefaultComponentProps<GridTypeMap<{}, "div">>): Element | null', gave the following error.
    Type '{ children: Element; item: true; xs: number; sm: number; }' is not assignable to type 'IntrinsicAttributes & GridBaseProps & { sx?: SxProps<Theme> | undefined; } & SystemProps<Theme> & Omit<...>'.
      Property 'item' does not exist on type 'IntrinsicAttributes & GridBaseProps & { sx?: SxProps<Theme> | undefined; } & SystemProps<Theme> & Omit<...>'.
    323 |             </Grid>
    324 |
  > 325 |             <Grid item xs={12} sm={6}>
        |             ^^^^^^^^^^^^^^^^^^^^^^^^^^
    326 |               <FormControl fullWidth>
    327 |                 <InputLabel>Position</InputLabel>
    328 |                 <Select

TS2769: No overload matches this call.
  Overload 1 of 2, '(props: { component: ElementType<any, keyof IntrinsicElements>; } & GridBaseProps & { sx?: SxProps<Theme> | undefined; } & SystemProps<...> & Omit<...>): Element | null', gave the following error.
    Property 'component' is missing in type '{ children: Element; item: true; xs: number; sm: number; }' but required in type '{ component: ElementType<any, keyof IntrinsicElements>; }'.
  Overload 2 of 2, '(props: DefaultComponentProps<GridTypeMap<{}, "div">>): Element | null', gave the following error.
    Type '{ children: Element; item: true; xs: number; sm: number; }' is not assignable to type 'IntrinsicAttributes & GridBaseProps & { sx?: SxProps<Theme> | undefined; } & SystemProps<Theme> & Omit<...>'.
      Property 'item' does not exist on type 'IntrinsicAttributes & GridBaseProps & { sx?: SxProps<Theme> | undefined; } & SystemProps<Theme> & Omit<...>'.
    340 |             </Grid>
    341 |
  > 342 |             <Grid item xs={12} sm={6}>
        |             ^^^^^^^^^^^^^^^^^^^^^^^^^^
    343 |               <ImageUploadField
    344 |                 label="Desktop Banner Image"
    345 |                 value={formData.desktopImages}

TS2769: No overload matches this call.
  Overload 1 of 2, '(props: { component: ElementType<any, keyof IntrinsicElements>; } & GridBaseProps & { sx?: SxProps<Theme> | undefined; } & SystemProps<...> & Omit<...>): Element | null', gave the following error.
    Property 'component' is missing in type '{ children: Element; item: true; xs: number; sm: number; }' but required in type '{ component: ElementType<any, keyof IntrinsicElements>; }'.
  Overload 2 of 2, '(props: DefaultComponentProps<GridTypeMap<{}, "div">>): Element | null', gave the following error.
    Type '{ children: Element; item: true; xs: number; sm: number; }' is not assignable to type 'IntrinsicAttributes & GridBaseProps & { sx?: SxProps<Theme> | undefined; } & SystemProps<Theme> & Omit<...>'.
      Property 'item' does not exist on type 'IntrinsicAttributes & GridBaseProps & { sx?: SxProps<Theme> | undefined; } & SystemProps<Theme> & Omit<...>'.
    354 |             </Grid>
    355 |
  > 356 |             <Grid item xs={12} sm={6}>
        |             ^^^^^^^^^^^^^^^^^^^^^^^^^^
    357 |               <ImageUploadField
    358 |                 label="Mobile Banner Image (Optional)"
    359 |                 value={formData.mobileImages}

TS2769: No overload matches this call.
  Overload 1 of 2, '(props: { component: ElementType<any, keyof IntrinsicElements>; } & GridBaseProps & { sx?: SxProps<Theme> | undefined; } & SystemProps<...> & Omit<...>): Element | null', gave the following error.
    Property 'component' is missing in type '{ children: Element; item: true; xs: number; sm: number; }' but required in type '{ component: ElementType<any, keyof IntrinsicElements>; }'.
  Overload 2 of 2, '(props: DefaultComponentProps<GridTypeMap<{}, "div">>): Element | null', gave the following error.
    Type '{ children: Element; item: true; xs: number; sm: number; }' is not assignable to type 'IntrinsicAttributes & GridBaseProps & { sx?: SxProps<Theme> | undefined; } & SystemProps<Theme> & Omit<...>'.
      Property 'item' does not exist on type 'IntrinsicAttributes & GridBaseProps & { sx?: SxProps<Theme> | undefined; } & SystemProps<Theme> & Omit<...>'.
    367 |             </Grid>
    368 |
  > 369 |             <Grid item xs={12} sm={6}>
        |             ^^^^^^^^^^^^^^^^^^^^^^^^^^
    370 |               <TextField
    371 |                 fullWidth
    372 |                 label="CTA Button Text"

TS2769: No overload matches this call.
  Overload 1 of 2, '(props: { component: ElementType<any, keyof IntrinsicElements>; } & GridBaseProps & { sx?: SxProps<Theme> | undefined; } & SystemProps<...> & Omit<...>): Element | null', gave the following error.
    Property 'component' is missing in type '{ children: Element; item: true; xs: number; sm: number; }' but required in type '{ component: ElementType<any, keyof IntrinsicElements>; }'.
  Overload 2 of 2, '(props: DefaultComponentProps<GridTypeMap<{}, "div">>): Element | null', gave the following error.
    Type '{ children: Element; item: true; xs: number; sm: number; }' is not assignable to type 'IntrinsicAttributes & GridBaseProps & { sx?: SxProps<Theme> | undefined; } & SystemProps<Theme> & Omit<...>'.
      Property 'item' does not exist on type 'IntrinsicAttributes & GridBaseProps & { sx?: SxProps<Theme> | undefined; } & SystemProps<Theme> & Omit<...>'.
    377 |             </Grid>
    378 |
  > 379 |             <Grid item xs={12} sm={6}>
        |             ^^^^^^^^^^^^^^^^^^^^^^^^^^
    380 |               <TextField
    381 |                 fullWidth
    382 |                 label="CTA Link"

TS2769: No overload matches this call.
  Overload 1 of 2, '(props: { component: ElementType<any, keyof IntrinsicElements>; } & GridBaseProps & { sx?: SxProps<Theme> | undefined; } & SystemProps<...> & Omit<...>): Element | null', gave the following error.
    Property 'component' is missing in type '{ children: Element; item: true; xs: number; sm: number; }' but required in type '{ component: ElementType<any, keyof IntrinsicElements>; }'.
  Overload 2 of 2, '(props: DefaultComponentProps<GridTypeMap<{}, "div">>): Element | null', gave the following error.
    Type '{ children: Element; item: true; xs: number; sm: number; }' is not assignable to type 'IntrinsicAttributes & GridBaseProps & { sx?: SxProps<Theme> | undefined; } & SystemProps<Theme> & Omit<...>'.
      Property 'item' does not exist on type 'IntrinsicAttributes & GridBaseProps & { sx?: SxProps<Theme> | undefined; } & SystemProps<Theme> & Omit<...>'.
    387 |             </Grid>
    388 |
  > 389 |             <Grid item xs={12} sm={6}>
        |             ^^^^^^^^^^^^^^^^^^^^^^^^^^
    390 |               <TextField
    391 |                 fullWidth
    392 |                 type="date"

TS2769: No overload matches this call.
  Overload 1 of 2, '(props: { component: ElementType<any, keyof IntrinsicElements>; } & GridBaseProps & { sx?: SxProps<Theme> | undefined; } & SystemProps<...> & Omit<...>): Element | null', gave the following error.
    Property 'component' is missing in type '{ children: Element; item: true; xs: number; sm: number; }' but required in type '{ component: ElementType<any, keyof IntrinsicElements>; }'.
  Overload 2 of 2, '(props: DefaultComponentProps<GridTypeMap<{}, "div">>): Element | null', gave the following error.
    Type '{ children: Element; item: true; xs: number; sm: number; }' is not assignable to type 'IntrinsicAttributes & GridBaseProps & { sx?: SxProps<Theme> | undefined; } & SystemProps<Theme> & Omit<...>'.
      Property 'item' does not exist on type 'IntrinsicAttributes & GridBaseProps & { sx?: SxProps<Theme> | undefined; } & SystemProps<Theme> & Omit<...>'.
    399 |             </Grid>
    400 |
  > 401 |             <Grid item xs={12} sm={6}>
        |             ^^^^^^^^^^^^^^^^^^^^^^^^^^
    402 |               <TextField
    403 |                 fullWidth
    404 |                 type="date"

TS2769: No overload matches this call.
  Overload 1 of 2, '(props: { component: ElementType<any, keyof IntrinsicElements>; } & GridBaseProps & { sx?: SxProps<Theme> | undefined; } & SystemProps<...> & Omit<...>): Element | null', gave the following error.
    Property 'component' is missing in type '{ children: Element; item: true; xs: number; }' but required in type '{ component: ElementType<any, keyof IntrinsicElements>; }'.
  Overload 2 of 2, '(props: DefaultComponentProps<GridTypeMap<{}, "div">>): Element | null', gave the following error.
    Type '{ children: Element; item: true; xs: number; }' is not assignable to type 'IntrinsicAttributes & GridBaseProps & { sx?: SxProps<Theme> | undefined; } & SystemProps<Theme> & Omit<...>'.
      Property 'item' does not exist on type 'IntrinsicAttributes & GridBaseProps & { sx?: SxProps<Theme> | undefined; } & SystemProps<Theme> & Omit<...>'.
    411 |             </Grid>
    412 |
  > 413 |             <Grid item xs={12}>
        |             ^^^^^^^^^^^^^^^^^^^
    414 |               <FormControlLabel
    415 |                 control={
    416 |                   <Switch

TS2769: No overload matches this call.
  Overload 1 of 2, '(props: { component: ElementType<any, keyof IntrinsicElements>; } & GridBaseProps & { sx?: SxProps<Theme> | undefined; } & SystemProps<...> & Omit<...>): Element | null', gave the following error.
    Property 'component' is missing in type '{ children: Element; item: true; xs: number; }' but required in type '{ component: ElementType<any, keyof IntrinsicElements>; }'.
  Overload 2 of 2, '(props: DefaultComponentProps<GridTypeMap<{}, "div">>): Element | null', gave the following error.
    Type '{ children: Element; item: true; xs: number; }' is not assignable to type 'IntrinsicAttributes & GridBaseProps & { sx?: SxProps<Theme> | undefined; } & SystemProps<Theme> & Omit<...>'.
      Property 'item' does not exist on type 'IntrinsicAttributes & GridBaseProps & { sx?: SxProps<Theme> | undefined; } & SystemProps<Theme> & Omit<...>'.
    254 |         <DialogContent dividers>
    255 |           <Grid container spacing={2} sx={{ mt: 0.5 }}>
  > 256 |             <Grid item xs={12}>
        |             ^^^^^^^^^^^^^^^^^^^
    257 |               <TextField
    258 |                 fullWidth
    259 |                 label="Category Name"

TS2769: No overload matches this call.
  Overload 1 of 2, '(props: { component: ElementType<any, keyof IntrinsicElements>; } & GridBaseProps & { sx?: SxProps<Theme> | undefined; } & SystemProps<...> & Omit<...>): Element | null', gave the following error.
    Property 'component' is missing in type '{ children: Element; item: true; xs: number; }' but required in type '{ component: ElementType<any, keyof IntrinsicElements>; }'.
  Overload 2 of 2, '(props: DefaultComponentProps<GridTypeMap<{}, "div">>): Element | null', gave the following error.
    Type '{ children: Element; item: true; xs: number; }' is not assignable to type 'IntrinsicAttributes & GridBaseProps & { sx?: SxProps<Theme> | undefined; } & SystemProps<Theme> & Omit<...>'.
      Property 'item' does not exist on type 'IntrinsicAttributes & GridBaseProps & { sx?: SxProps<Theme> | undefined; } & SystemProps<Theme> & Omit<...>'.
    264 |             </Grid>
    265 |
  > 266 |             <Grid item xs={12}>
        |             ^^^^^^^^^^^^^^^^^^^
    267 |               <TextField
    268 |                 fullWidth
    269 |                 label="Slug (optional)"

TS2769: No overload matches this call.
  Overload 1 of 2, '(props: { component: ElementType<any, keyof IntrinsicElements>; } & GridBaseProps & { sx?: SxProps<Theme> | undefined; } & SystemProps<...> & Omit<...>): Element | null', gave the following error.
    Property 'component' is missing in type '{ children: Element; item: true; xs: number; }' but required in type '{ component: ElementType<any, keyof IntrinsicElements>; }'.
  Overload 2 of 2, '(props: DefaultComponentProps<GridTypeMap<{}, "div">>): Element | null', gave the following error.
    Type '{ children: Element; item: true; xs: number; }' is not assignable to type 'IntrinsicAttributes & GridBaseProps & { sx?: SxProps<Theme> | undefined; } & SystemProps<Theme> & Omit<...>'.
      Property 'item' does not exist on type 'IntrinsicAttributes & GridBaseProps & { sx?: SxProps<Theme> | undefined; } & SystemProps<Theme> & Omit<...>'.
    274 |             </Grid>
    275 |
  > 276 |             <Grid item xs={12}>
        |             ^^^^^^^^^^^^^^^^^^^
    277 |               <TextField
    278 |                 fullWidth
    279 |                 label="Description"

TS2769: No overload matches this call.
  Overload 1 of 2, '(props: { component: ElementType<any, keyof IntrinsicElements>; } & GridBaseProps & { sx?: SxProps<Theme> | undefined; } & SystemProps<...> & Omit<...>): Element | null', gave the following error.
    Property 'component' is missing in type '{ children: Element; item: true; xs: number; }' but required in type '{ component: ElementType<any, keyof IntrinsicElements>; }'.
  Overload 2 of 2, '(props: DefaultComponentProps<GridTypeMap<{}, "div">>): Element | null', gave the following error.
    Type '{ children: Element; item: true; xs: number; }' is not assignable to type 'IntrinsicAttributes & GridBaseProps & { sx?: SxProps<Theme> | undefined; } & SystemProps<Theme> & Omit<...>'.
      Property 'item' does not exist on type 'IntrinsicAttributes & GridBaseProps & { sx?: SxProps<Theme> | undefined; } & SystemProps<Theme> & Omit<...>'.
    285 |             </Grid>
    286 |
  > 287 |             <Grid item xs={12}>
        |             ^^^^^^^^^^^^^^^^^^^
    288 |               <TextField
    289 |                 fullWidth
    290 |                 type="number"

TS2769: No overload matches this call.
  Overload 1 of 2, '(props: { component: ElementType<any, keyof IntrinsicElements>; } & GridBaseProps & { sx?: SxProps<Theme> | undefined; } & SystemProps<...> & Omit<...>): Element | null', gave the following error.
    Property 'component' is missing in type '{ children: Element; item: true; xs: number; }' but required in type '{ component: ElementType<any, keyof IntrinsicElements>; }'.
  Overload 2 of 2, '(props: DefaultComponentProps<GridTypeMap<{}, "div">>): Element | null', gave the following error.
    Type '{ children: Element; item: true; xs: number; }' is not assignable to type 'IntrinsicAttributes & GridBaseProps & { sx?: SxProps<Theme> | undefined; } & SystemProps<Theme> & Omit<...>'.
      Property 'item' does not exist on type 'IntrinsicAttributes & GridBaseProps & { sx?: SxProps<Theme> | undefined; } & SystemProps<Theme> & Omit<...>'.
    296 |             </Grid>
    297 |
  > 298 |             <Grid item xs={12}>
        |             ^^^^^^^^^^^^^^^^^^^
    299 |               <FormControlLabel
    300 |                 control={
    301 |                   <Switch

TS2345: Argument of type '{ title: string; slug: string; excerpt: string; content: string; category: string; tags: string; status: "scheduled" | "draft" | "published" | "archived"; isFeatured: boolean; allowComments: true; seoTitle: string; seoDescription: string; seoKeywords: string; }' is not assignable to parameter of type 'SetStateAction<{ title: string; slug: string; excerpt: string; content: string; category: string; tags: string; status: string; isFeatured: boolean; allowComments: boolean; featuredImages: ImageFile[]; seoTitle: string; seoDescription: string; seoKeywords: string; seoOgImages: ImageFile[]; }>'.
  Type '{ title: string; slug: string; excerpt: string; content: string; category: string; tags: string; status: "scheduled" | "draft" | "published" | "archived"; isFeatured: boolean; allowComments: true; seoTitle: string; seoDescription: string; seoKeywords: string; }' is missing the following properties from type '{ title: string; slug: string; excerpt: string; content: string; category: string; tags: string; status: string; isFeatured: boolean; allowComments: boolean; featuredImages: ImageFile[]; seoTitle: string; seoDescription: string; seoKeywords: string; seoOgImages: ImageFile[]; }': featuredImages, seoOgImages
    153 |   const handleEdit = (post: BlogPost) => {
    154 |     setEditingPost(post);
  > 155 |     setFormData({
        |                 ^
  > 156 |       title: post.title,
        | ^^^^^^^^^^^^^^^^^^^^^^^^
  > 157 |       slug: post.slug,
        | ^^^^^^^^^^^^^^^^^^^^^^^^
  > 158 |       excerpt: post.excerpt,
        | ^^^^^^^^^^^^^^^^^^^^^^^^
  > 159 |       content: '',
        | ^^^^^^^^^^^^^^^^^^^^^^^^
  > 160 |       category: '',
        | ^^^^^^^^^^^^^^^^^^^^^^^^
  > 161 |       tags: post.tags.join(', '),
        | ^^^^^^^^^^^^^^^^^^^^^^^^
  > 162 |       status: post.status,
        | ^^^^^^^^^^^^^^^^^^^^^^^^
  > 163 |       isFeatured: post.isFeatured,
        | ^^^^^^^^^^^^^^^^^^^^^^^^
  > 164 |       allowComments: true,
        | ^^^^^^^^^^^^^^^^^^^^^^^^
  > 165 |       seoTitle: '',
        | ^^^^^^^^^^^^^^^^^^^^^^^^
  > 166 |       seoDescription: '',
        | ^^^^^^^^^^^^^^^^^^^^^^^^
  > 167 |       seoKeywords: '',
        | ^^^^^^^^^^^^^^^^^^^^^^^^
  > 168 |     });
        | ^^^^^^
    169 |     setShowForm(true);
    170 |   };
    171 |

TS2769: No overload matches this call.
  Overload 1 of 2, '(props: { component: ElementType<any, keyof IntrinsicElements>; } & GridBaseProps & { sx?: SxProps<Theme> | undefined; } & SystemProps<...> & Omit<...>): Element | null', gave the following error.
    Property 'component' is missing in type '{ children: Element; item: true; xs: number; key: string; }' but required in type '{ component: ElementType<any, keyof IntrinsicElements>; }'.
  Overload 2 of 2, '(props: DefaultComponentProps<GridTypeMap<{}, "div">>): Element | null', gave the following error.
    Type '{ children: Element; item: true; xs: number; key: string; }' is not assignable to type 'IntrinsicAttributes & GridBaseProps & { sx?: SxProps<Theme> | undefined; } & SystemProps<Theme> & Omit<...>'.
      Property 'item' does not exist on type 'IntrinsicAttributes & GridBaseProps & { sx?: SxProps<Theme> | undefined; } & SystemProps<Theme> & Omit<...>'.
    225 |         <Grid container spacing={3}>
    226 |           {posts.map((post) => (
  > 227 |             <Grid item xs={12} key={post._id}>
        |             ^^^^^^^^^^^^^^^^^^^^^^^^^^^^^^^^^^
    228 |               <Card>
    229 |                 <CardContent>
    230 |                   <Box sx={{ display: 'flex', justifyContent: 'space-between', alignItems: 'start' }}>

TS2769: No overload matches this call.
  Overload 1 of 2, '(props: { component: ElementType<any, keyof IntrinsicElements>; } & GridBaseProps & { sx?: SxProps<Theme> | undefined; } & SystemProps<...> & Omit<...>): Element | null', gave the following error.
    Property 'component' is missing in type '{ children: Element; item: true; xs: number; sm: number; }' but required in type '{ component: ElementType<any, keyof IntrinsicElements>; }'.
  Overload 2 of 2, '(props: DefaultComponentProps<GridTypeMap<{}, "div">>): Element | null', gave the following error.
    Type '{ children: Element; item: true; xs: number; sm: number; }' is not assignable to type 'IntrinsicAttributes & GridBaseProps & { sx?: SxProps<Theme> | undefined; } & SystemProps<Theme> & Omit<...>'.
      Property 'item' does not exist on type 'IntrinsicAttributes & GridBaseProps & { sx?: SxProps<Theme> | undefined; } & SystemProps<Theme> & Omit<...>'.
    295 |         <DialogContent dividers>
    296 |           <Grid container spacing={2} sx={{ mt: 0.5 }}>
  > 297 |             <Grid item xs={12} sm={8}>
        |             ^^^^^^^^^^^^^^^^^^^^^^^^^^
    298 |               <TextField
    299 |                 fullWidth
    300 |                 label="Title"

TS2769: No overload matches this call.
  Overload 1 of 2, '(props: { component: ElementType<any, keyof IntrinsicElements>; } & GridBaseProps & { sx?: SxProps<Theme> | undefined; } & SystemProps<...> & Omit<...>): Element | null', gave the following error.
    Property 'component' is missing in type '{ children: Element; item: true; xs: number; sm: number; }' but required in type '{ component: ElementType<any, keyof IntrinsicElements>; }'.
  Overload 2 of 2, '(props: DefaultComponentProps<GridTypeMap<{}, "div">>): Element | null', gave the following error.
    Type '{ children: Element; item: true; xs: number; sm: number; }' is not assignable to type 'IntrinsicAttributes & GridBaseProps & { sx?: SxProps<Theme> | undefined; } & SystemProps<Theme> & Omit<...>'.
      Property 'item' does not exist on type 'IntrinsicAttributes & GridBaseProps & { sx?: SxProps<Theme> | undefined; } & SystemProps<Theme> & Omit<...>'.
    304 |               />
    305 |             </Grid>
  > 306 |             <Grid item xs={12} sm={4}>
        |             ^^^^^^^^^^^^^^^^^^^^^^^^^^
    307 |               <FormControl fullWidth>
    308 |                 <InputLabel>Status</InputLabel>
    309 |                 <Select

TS2769: No overload matches this call.
  Overload 1 of 2, '(props: { component: ElementType<any, keyof IntrinsicElements>; } & GridBaseProps & { sx?: SxProps<Theme> | undefined; } & SystemProps<...> & Omit<...>): Element | null', gave the following error.
    Property 'component' is missing in type '{ children: Element; item: true; xs: number; }' but required in type '{ component: ElementType<any, keyof IntrinsicElements>; }'.
  Overload 2 of 2, '(props: DefaultComponentProps<GridTypeMap<{}, "div">>): Element | null', gave the following error.
    Type '{ children: Element; item: true; xs: number; }' is not assignable to type 'IntrinsicAttributes & GridBaseProps & { sx?: SxProps<Theme> | undefined; } & SystemProps<Theme> & Omit<...>'.
      Property 'item' does not exist on type 'IntrinsicAttributes & GridBaseProps & { sx?: SxProps<Theme> | undefined; } & SystemProps<Theme> & Omit<...>'.
    320 |             </Grid>
    321 |
  > 322 |             <Grid item xs={12}>
        |             ^^^^^^^^^^^^^^^^^^^
    323 |               <TextField
    324 |                 fullWidth
    325 |                 label="Slug (optional)"

TS2769: No overload matches this call.
  Overload 1 of 2, '(props: { component: ElementType<any, keyof IntrinsicElements>; } & GridBaseProps & { sx?: SxProps<Theme> | undefined; } & SystemProps<...> & Omit<...>): Element | null', gave the following error.
    Property 'component' is missing in type '{ children: Element; item: true; xs: number; }' but required in type '{ component: ElementType<any, keyof IntrinsicElements>; }'.
  Overload 2 of 2, '(props: DefaultComponentProps<GridTypeMap<{}, "div">>): Element | null', gave the following error.
    Type '{ children: Element; item: true; xs: number; }' is not assignable to type 'IntrinsicAttributes & GridBaseProps & { sx?: SxProps<Theme> | undefined; } & SystemProps<Theme> & Omit<...>'.
      Property 'item' does not exist on type 'IntrinsicAttributes & GridBaseProps & { sx?: SxProps<Theme> | undefined; } & SystemProps<Theme> & Omit<...>'.
    330 |             </Grid>
    331 |
  > 332 |             <Grid item xs={12}>
        |             ^^^^^^^^^^^^^^^^^^^
    333 |               <TextField
    334 |                 fullWidth
    335 |                 label="Excerpt"

TS2769: No overload matches this call.
  Overload 1 of 2, '(props: { component: ElementType<any, keyof IntrinsicElements>; } & GridBaseProps & { sx?: SxProps<Theme> | undefined; } & SystemProps<...> & Omit<...>): Element | null', gave the following error.
    Property 'component' is missing in type '{ children: Element; item: true; xs: number; }' but required in type '{ component: ElementType<any, keyof IntrinsicElements>; }'.
  Overload 2 of 2, '(props: DefaultComponentProps<GridTypeMap<{}, "div">>): Element | null', gave the following error.
    Type '{ children: Element; item: true; xs: number; }' is not assignable to type 'IntrinsicAttributes & GridBaseProps & { sx?: SxProps<Theme> | undefined; } & SystemProps<Theme> & Omit<...>'.
      Property 'item' does not exist on type 'IntrinsicAttributes & GridBaseProps & { sx?: SxProps<Theme> | undefined; } & SystemProps<Theme> & Omit<...>'.
    343 |             </Grid>
    344 |
  > 345 |             <Grid item xs={12}>
        |             ^^^^^^^^^^^^^^^^^^^
    346 |               <TextField
    347 |                 fullWidth
    348 |                 label="Content"

TS2769: No overload matches this call.
  Overload 1 of 2, '(props: { component: ElementType<any, keyof IntrinsicElements>; } & GridBaseProps & { sx?: SxProps<Theme> | undefined; } & SystemProps<...> & Omit<...>): Element | null', gave the following error.
    Property 'component' is missing in type '{ children: Element; item: true; xs: number; sm: number; }' but required in type '{ component: ElementType<any, keyof IntrinsicElements>; }'.
  Overload 2 of 2, '(props: DefaultComponentProps<GridTypeMap<{}, "div">>): Element | null', gave the following error.
    Type '{ children: Element; item: true; xs: number; sm: number; }' is not assignable to type 'IntrinsicAttributes & GridBaseProps & { sx?: SxProps<Theme> | undefined; } & SystemProps<Theme> & Omit<...>'.
      Property 'item' does not exist on type 'IntrinsicAttributes & GridBaseProps & { sx?: SxProps<Theme> | undefined; } & SystemProps<Theme> & Omit<...>'.
    356 |             </Grid>
    357 |
  > 358 |             <Grid item xs={12} sm={6}>
        |             ^^^^^^^^^^^^^^^^^^^^^^^^^^
    359 |               <TextField
    360 |                 fullWidth
    361 |                 label="Category ID"

TS2769: No overload matches this call.
  Overload 1 of 2, '(props: { component: ElementType<any, keyof IntrinsicElements>; } & GridBaseProps & { sx?: SxProps<Theme> | undefined; } & SystemProps<...> & Omit<...>): Element | null', gave the following error.
    Property 'component' is missing in type '{ children: Element; item: true; xs: number; sm: number; }' but required in type '{ component: ElementType<any, keyof IntrinsicElements>; }'.
  Overload 2 of 2, '(props: DefaultComponentProps<GridTypeMap<{}, "div">>): Element | null', gave the following error.
    Type '{ children: Element; item: true; xs: number; sm: number; }' is not assignable to type 'IntrinsicAttributes & GridBaseProps & { sx?: SxProps<Theme> | undefined; } & SystemProps<Theme> & Omit<...>'.
      Property 'item' does not exist on type 'IntrinsicAttributes & GridBaseProps & { sx?: SxProps<Theme> | undefined; } & SystemProps<Theme> & Omit<...>'.
    366 |             </Grid>
    367 |
  > 368 |             <Grid item xs={12} sm={6}>
        |             ^^^^^^^^^^^^^^^^^^^^^^^^^^
    369 |               <TextField
    370 |                 fullWidth
    371 |                 label="Tags"

TS2769: No overload matches this call.
  Overload 1 of 2, '(props: { component: ElementType<any, keyof IntrinsicElements>; } & GridBaseProps & { sx?: SxProps<Theme> | undefined; } & SystemProps<...> & Omit<...>): Element | null', gave the following error.
    Property 'component' is missing in type '{ children: Element; item: true; xs: number; }' but required in type '{ component: ElementType<any, keyof IntrinsicElements>; }'.
  Overload 2 of 2, '(props: DefaultComponentProps<GridTypeMap<{}, "div">>): Element | null', gave the following error.
    Type '{ children: Element; item: true; xs: number; }' is not assignable to type 'IntrinsicAttributes & GridBaseProps & { sx?: SxProps<Theme> | undefined; } & SystemProps<Theme> & Omit<...>'.
      Property 'item' does not exist on type 'IntrinsicAttributes & GridBaseProps & { sx?: SxProps<Theme> | undefined; } & SystemProps<Theme> & Omit<...>'.
    377 |             </Grid>
    378 |
  > 379 |             <Grid item xs={12}>
        |             ^^^^^^^^^^^^^^^^^^^
    380 |               <ImageUploadField
    381 |                 label="Featured Image"
    382 |                 value={formData.featuredImages}

TS2769: No overload matches this call.
  Overload 1 of 2, '(props: { component: ElementType<any, keyof IntrinsicElements>; } & GridBaseProps & { sx?: SxProps<Theme> | undefined; } & SystemProps<...> & Omit<...>): Element | null', gave the following error.
    Property 'component' is missing in type '{ children: Element; item: true; xs: number; sm: number; }' but required in type '{ component: ElementType<any, keyof IntrinsicElements>; }'.
  Overload 2 of 2, '(props: DefaultComponentProps<GridTypeMap<{}, "div">>): Element | null', gave the following error.
    Type '{ children: Element; item: true; xs: number; sm: number; }' is not assignable to type 'IntrinsicAttributes & GridBaseProps & { sx?: SxProps<Theme> | undefined; } & SystemProps<Theme> & Omit<...>'.
      Property 'item' does not exist on type 'IntrinsicAttributes & GridBaseProps & { sx?: SxProps<Theme> | undefined; } & SystemProps<Theme> & Omit<...>'.
    390 |             </Grid>
    391 |
  > 392 |             <Grid item xs={12} sm={6}>
        |             ^^^^^^^^^^^^^^^^^^^^^^^^^^
    393 |               <FormControlLabel
    394 |                 control={
    395 |                   <Switch

TS2769: No overload matches this call.
  Overload 1 of 2, '(props: { component: ElementType<any, keyof IntrinsicElements>; } & GridBaseProps & { sx?: SxProps<Theme> | undefined; } & SystemProps<...> & Omit<...>): Element | null', gave the following error.
    Property 'component' is missing in type '{ children: Element; item: true; xs: number; sm: number; }' but required in type '{ component: ElementType<any, keyof IntrinsicElements>; }'.
  Overload 2 of 2, '(props: DefaultComponentProps<GridTypeMap<{}, "div">>): Element | null', gave the following error.
    Type '{ children: Element; item: true; xs: number; sm: number; }' is not assignable to type 'IntrinsicAttributes & GridBaseProps & { sx?: SxProps<Theme> | undefined; } & SystemProps<Theme> & Omit<...>'.
      Property 'item' does not exist on type 'IntrinsicAttributes & GridBaseProps & { sx?: SxProps<Theme> | undefined; } & SystemProps<Theme> & Omit<...>'.
    402 |             </Grid>
    403 |
  > 404 |             <Grid item xs={12} sm={6}>
        |             ^^^^^^^^^^^^^^^^^^^^^^^^^^
    405 |               <FormControlLabel
    406 |                 control={
    407 |                   <Switch

TS2769: No overload matches this call.
  Overload 1 of 2, '(props: { component: ElementType<any, keyof IntrinsicElements>; } & GridBaseProps & { sx?: SxProps<Theme> | undefined; } & SystemProps<...> & Omit<...>): Element | null', gave the following error.
    Property 'component' is missing in type '{ children: Element[]; item: true; xs: number; }' but required in type '{ component: ElementType<any, keyof IntrinsicElements>; }'.
  Overload 2 of 2, '(props: DefaultComponentProps<GridTypeMap<{}, "div">>): Element | null', gave the following error.
    Type '{ children: Element[]; item: true; xs: number; }' is not assignable to type 'IntrinsicAttributes & GridBaseProps & { sx?: SxProps<Theme> | undefined; } & SystemProps<Theme> & Omit<...>'.
      Property 'item' does not exist on type 'IntrinsicAttributes & GridBaseProps & { sx?: SxProps<Theme> | undefined; } & SystemProps<Theme> & Omit<...>'.
    414 |             </Grid>
    415 |
  > 416 |             <Grid item xs={12}>
        |             ^^^^^^^^^^^^^^^^^^^
    417 |               <Divider />
    418 |               <Button
    419 |                 startIcon={showSEO ? <ExpandLessIcon /> : <ExpandMoreIcon />}

TS2769: No overload matches this call.
  Overload 1 of 2, '(props: { component: ElementType<any, keyof IntrinsicElements>; } & GridBaseProps & { sx?: SxProps<Theme> | undefined; } & SystemProps<...> & Omit<...>): Element | null', gave the following error.
    Property 'component' is missing in type '{ children: Element; item: true; xs: number; }' but required in type '{ component: ElementType<any, keyof IntrinsicElements>; }'.
  Overload 2 of 2, '(props: DefaultComponentProps<GridTypeMap<{}, "div">>): Element | null', gave the following error.
    Type '{ children: Element; item: true; xs: number; }' is not assignable to type 'IntrinsicAttributes & GridBaseProps & { sx?: SxProps<Theme> | undefined; } & SystemProps<Theme> & Omit<...>'.
      Property 'item' does not exist on type 'IntrinsicAttributes & GridBaseProps & { sx?: SxProps<Theme> | undefined; } & SystemProps<Theme> & Omit<...>'.
    425 |               <Collapse in={showSEO}>
    426 |                 <Grid container spacing={2} sx={{ mt: 1 }}>
  > 427 |                   <Grid item xs={12}>
        |                   ^^^^^^^^^^^^^^^^^^^
    428 |                     <TextField
    429 |                       fullWidth
    430 |                       label="SEO Title"

TS2769: No overload matches this call.
  Overload 1 of 2, '(props: { component: ElementType<any, keyof IntrinsicElements>; } & GridBaseProps & { sx?: SxProps<Theme> | undefined; } & SystemProps<...> & Omit<...>): Element | null', gave the following error.
    Property 'component' is missing in type '{ children: Element; item: true; xs: number; }' but required in type '{ component: ElementType<any, keyof IntrinsicElements>; }'.
  Overload 2 of 2, '(props: DefaultComponentProps<GridTypeMap<{}, "div">>): Element | null', gave the following error.
    Type '{ children: Element; item: true; xs: number; }' is not assignable to type 'IntrinsicAttributes & GridBaseProps & { sx?: SxProps<Theme> | undefined; } & SystemProps<Theme> & Omit<...>'.
      Property 'item' does not exist on type 'IntrinsicAttributes & GridBaseProps & { sx?: SxProps<Theme> | undefined; } & SystemProps<Theme> & Omit<...>'.
    433 |                     />
    434 |                   </Grid>
  > 435 |                   <Grid item xs={12}>
        |                   ^^^^^^^^^^^^^^^^^^^
    436 |                     <TextField
    437 |                       fullWidth
    438 |                       label="SEO Description"

TS2769: No overload matches this call.
  Overload 1 of 2, '(props: { component: ElementType<any, keyof IntrinsicElements>; } & GridBaseProps & { sx?: SxProps<Theme> | undefined; } & SystemProps<...> & Omit<...>): Element | null', gave the following error.
    Property 'component' is missing in type '{ children: Element; item: true; xs: number; }' but required in type '{ component: ElementType<any, keyof IntrinsicElements>; }'.
  Overload 2 of 2, '(props: DefaultComponentProps<GridTypeMap<{}, "div">>): Element | null', gave the following error.
    Type '{ children: Element; item: true; xs: number; }' is not assignable to type 'IntrinsicAttributes & GridBaseProps & { sx?: SxProps<Theme> | undefined; } & SystemProps<Theme> & Omit<...>'.
      Property 'item' does not exist on type 'IntrinsicAttributes & GridBaseProps & { sx?: SxProps<Theme> | undefined; } & SystemProps<Theme> & Omit<...>'.
    443 |                     />
    444 |                   </Grid>
  > 445 |                   <Grid item xs={12}>
        |                   ^^^^^^^^^^^^^^^^^^^
    446 |                     <TextField
    447 |                       fullWidth
    448 |                       label="SEO Keywords"

TS2769: No overload matches this call.
  Overload 1 of 2, '(props: { component: ElementType<any, keyof IntrinsicElements>; } & GridBaseProps & { sx?: SxProps<Theme> | undefined; } & SystemProps<...> & Omit<...>): Element | null', gave the following error.
    Property 'component' is missing in type '{ children: Element; item: true; xs: number; }' but required in type '{ component: ElementType<any, keyof IntrinsicElements>; }'.
  Overload 2 of 2, '(props: DefaultComponentProps<GridTypeMap<{}, "div">>): Element | null', gave the following error.
    Type '{ children: Element; item: true; xs: number; }' is not assignable to type 'IntrinsicAttributes & GridBaseProps & { sx?: SxProps<Theme> | undefined; } & SystemProps<Theme> & Omit<...>'.
      Property 'item' does not exist on type 'IntrinsicAttributes & GridBaseProps & { sx?: SxProps<Theme> | undefined; } & SystemProps<Theme> & Omit<...>'.
    452 |                     />
    453 |                   </Grid>
  > 454 |                   <Grid item xs={12}>
        |                   ^^^^^^^^^^^^^^^^^^^
    455 |                     <ImageUploadField
    456 |                       label="Open Graph Image"
    457 |                       value={formData.seoOgImages}

TS2769: No overload matches this call.
  Overload 1 of 2, '(props: { component: ElementType<any, keyof IntrinsicElements>; } & GridBaseProps & { sx?: SxProps<Theme> | undefined; } & SystemProps<...> & Omit<...>): Element | null', gave the following error.
    Property 'component' is missing in type '{ children: Element; item: true; xs: number; sm: number; md: number; }' but required in type '{ component: ElementType<any, keyof IntrinsicElements>; }'.
  Overload 2 of 2, '(props: DefaultComponentProps<GridTypeMap<{}, "div">>): Element | null', gave the following error.
    Type '{ children: Element; item: true; xs: number; sm: number; md: number; }' is not assignable to type 'IntrinsicAttributes & GridBaseProps & { sx?: SxProps<Theme> | undefined; } & SystemProps<Theme> & Omit<...>'.
      Property 'item' does not exist on type 'IntrinsicAttributes & GridBaseProps & { sx?: SxProps<Theme> | undefined; } & SystemProps<Theme> & Omit<...>'.
    214 |         <Paper sx={{ p: 2 }}>
    215 |           <Grid container spacing={2} alignItems="center">
  > 216 |             <Grid item xs={12} sm={6} md={4}>
        |             ^^^^^^^^^^^^^^^^^^^^^^^^^^^^^^^^^
    217 |               <TextField
    218 |                 fullWidth
    219 |                 placeholder="Search FAQs..."

TS2769: No overload matches this call.
  Overload 1 of 2, '(props: { component: ElementType<any, keyof IntrinsicElements>; } & GridBaseProps & { sx?: SxProps<Theme> | undefined; } & SystemProps<...> & Omit<...>): Element | null', gave the following error.
    Property 'component' is missing in type '{ children: Element; item: true; xs: number; sm: number; md: number; }' but required in type '{ component: ElementType<any, keyof IntrinsicElements>; }'.
  Overload 2 of 2, '(props: DefaultComponentProps<GridTypeMap<{}, "div">>): Element | null', gave the following error.
    Type '{ children: Element; item: true; xs: number; sm: number; md: number; }' is not assignable to type 'IntrinsicAttributes & GridBaseProps & { sx?: SxProps<Theme> | undefined; } & SystemProps<Theme> & Omit<...>'.
      Property 'item' does not exist on type 'IntrinsicAttributes & GridBaseProps & { sx?: SxProps<Theme> | undefined; } & SystemProps<Theme> & Omit<...>'.
    226 |               />
    227 |             </Grid>
  > 228 |             <Grid item xs={12} sm={6} md={4}>
        |             ^^^^^^^^^^^^^^^^^^^^^^^^^^^^^^^^^
    229 |               <Select
    230 |                 fullWidth
    231 |                 value={selectedCategory}

TS2769: No overload matches this call.
  Overload 1 of 2, '(props: { component: ElementType<any, keyof IntrinsicElements>; } & GridBaseProps & { sx?: SxProps<Theme> | undefined; } & SystemProps<...> & Omit<...>): Element | null', gave the following error.
    Property 'component' is missing in type '{ children: Element; item: true; xs: number; sm: number; md: number; }' but required in type '{ component: ElementType<any, keyof IntrinsicElements>; }'.
  Overload 2 of 2, '(props: DefaultComponentProps<GridTypeMap<{}, "div">>): Element | null', gave the following error.
    Type '{ children: Element; item: true; xs: number; sm: number; md: number; }' is not assignable to type 'IntrinsicAttributes & GridBaseProps & { sx?: SxProps<Theme> | undefined; } & SystemProps<Theme> & Omit<...>'.
      Property 'item' does not exist on type 'IntrinsicAttributes & GridBaseProps & { sx?: SxProps<Theme> | undefined; } & SystemProps<Theme> & Omit<...>'.
    241 |               </Select>
    242 |             </Grid>
  > 243 |             <Grid item xs={12} sm={12} md={4}>
        |             ^^^^^^^^^^^^^^^^^^^^^^^^^^^^^^^^^^
    244 |               <Typography variant="body2" color="text.secondary" textAlign="right">
    245 |                 {faqs.length} FAQ{faqs.length !== 1 ? 's' : ''}
    246 |               </Typography>

TS2769: No overload matches this call.
  Overload 1 of 2, '(props: { component: ElementType<any, keyof IntrinsicElements>; } & GridBaseProps & { sx?: SxProps<Theme> | undefined; } & SystemProps<...> & Omit<...>): Element | null', gave the following error.
    Property 'component' is missing in type '{ children: Element; item: true; xs: number; key: string; }' but required in type '{ component: ElementType<any, keyof IntrinsicElements>; }'.
  Overload 2 of 2, '(props: DefaultComponentProps<GridTypeMap<{}, "div">>): Element | null', gave the following error.
    Type '{ children: Element; item: true; xs: number; key: string; }' is not assignable to type 'IntrinsicAttributes & GridBaseProps & { sx?: SxProps<Theme> | undefined; } & SystemProps<Theme> & Omit<...>'.
      Property 'item' does not exist on type 'IntrinsicAttributes & GridBaseProps & { sx?: SxProps<Theme> | undefined; } & SystemProps<Theme> & Omit<...>'.
    187 |         <Grid container spacing={2}>
    188 |           {sections.sort((a, b) => a.displayOrder - b.displayOrder).map((section) => (
  > 189 |             <Grid item xs={12} key={section._id}>
        |             ^^^^^^^^^^^^^^^^^^^^^^^^^^^^^^^^^^^^^
    190 |               <Card>
    191 |                 <CardContent>
    192 |                   <Box sx={{ display: 'flex', justifyContent: 'space-between', alignItems: 'start' }}>

TS2769: No overload matches this call.
  Overload 1 of 2, '(props: { component: ElementType<any, keyof IntrinsicElements>; } & GridBaseProps & { sx?: SxProps<Theme> | undefined; } & SystemProps<...> & Omit<...>): Element | null', gave the following error.
    Property 'component' is missing in type '{ children: Element; item: true; xs: number; sm: number; }' but required in type '{ component: ElementType<any, keyof IntrinsicElements>; }'.
  Overload 2 of 2, '(props: DefaultComponentProps<GridTypeMap<{}, "div">>): Element | null', gave the following error.
    Type '{ children: Element; item: true; xs: number; sm: number; }' is not assignable to type 'IntrinsicAttributes & GridBaseProps & { sx?: SxProps<Theme> | undefined; } & SystemProps<Theme> & Omit<...>'.
      Property 'item' does not exist on type 'IntrinsicAttributes & GridBaseProps & { sx?: SxProps<Theme> | undefined; } & SystemProps<Theme> & Omit<...>'.
    239 |         <DialogContent dividers>
    240 |           <Grid container spacing={2} sx={{ mt: 0.5 }}>
  > 241 |             <Grid item xs={12} sm={8}>
        |             ^^^^^^^^^^^^^^^^^^^^^^^^^^
    242 |               <FormControl fullWidth>
    243 |                 <InputLabel>Section Type</InputLabel>
    244 |                 <Select

TS2769: No overload matches this call.
  Overload 1 of 2, '(props: { component: ElementType<any, keyof IntrinsicElements>; } & GridBaseProps & { sx?: SxProps<Theme> | undefined; } & SystemProps<...> & Omit<...>): Element | null', gave the following error.
    Property 'component' is missing in type '{ children: Element; item: true; xs: number; sm: number; }' but required in type '{ component: ElementType<any, keyof IntrinsicElements>; }'.
  Overload 2 of 2, '(props: DefaultComponentProps<GridTypeMap<{}, "div">>): Element | null', gave the following error.
    Type '{ children: Element; item: true; xs: number; sm: number; }' is not assignable to type 'IntrinsicAttributes & GridBaseProps & { sx?: SxProps<Theme> | undefined; } & SystemProps<Theme> & Omit<...>'.
      Property 'item' does not exist on type 'IntrinsicAttributes & GridBaseProps & { sx?: SxProps<Theme> | undefined; } & SystemProps<Theme> & Omit<...>'.
    255 |             </Grid>
    256 |
  > 257 |             <Grid item xs={12} sm={4}>
        |             ^^^^^^^^^^^^^^^^^^^^^^^^^^
    258 |               <TextField
    259 |                 fullWidth
    260 |                 type="number"

TS2769: No overload matches this call.
  Overload 1 of 2, '(props: { component: ElementType<any, keyof IntrinsicElements>; } & GridBaseProps & { sx?: SxProps<Theme> | undefined; } & SystemProps<...> & Omit<...>): Element | null', gave the following error.
    Property 'component' is missing in type '{ children: Element; item: true; xs: number; }' but required in type '{ component: ElementType<any, keyof IntrinsicElements>; }'.
  Overload 2 of 2, '(props: DefaultComponentProps<GridTypeMap<{}, "div">>): Element | null', gave the following error.
    Type '{ children: Element; item: true; xs: number; }' is not assignable to type 'IntrinsicAttributes & GridBaseProps & { sx?: SxProps<Theme> | undefined; } & SystemProps<Theme> & Omit<...>'.
      Property 'item' does not exist on type 'IntrinsicAttributes & GridBaseProps & { sx?: SxProps<Theme> | undefined; } & SystemProps<Theme> & Omit<...>'.
    266 |             </Grid>
    267 |
  > 268 |             <Grid item xs={12}>
        |             ^^^^^^^^^^^^^^^^^^^
    269 |               <TextField
    270 |                 fullWidth
    271 |                 label="Title"

TS2769: No overload matches this call.
  Overload 1 of 2, '(props: { component: ElementType<any, keyof IntrinsicElements>; } & GridBaseProps & { sx?: SxProps<Theme> | undefined; } & SystemProps<...> & Omit<...>): Element | null', gave the following error.
    Property 'component' is missing in type '{ children: Element; item: true; xs: number; }' but required in type '{ component: ElementType<any, keyof IntrinsicElements>; }'.
  Overload 2 of 2, '(props: DefaultComponentProps<GridTypeMap<{}, "div">>): Element | null', gave the following error.
    Type '{ children: Element; item: true; xs: number; }' is not assignable to type 'IntrinsicAttributes & GridBaseProps & { sx?: SxProps<Theme> | undefined; } & SystemProps<Theme> & Omit<...>'.
      Property 'item' does not exist on type 'IntrinsicAttributes & GridBaseProps & { sx?: SxProps<Theme> | undefined; } & SystemProps<Theme> & Omit<...>'.
    277 |             </Grid>
    278 |
  > 279 |             <Grid item xs={12}>
        |             ^^^^^^^^^^^^^^^^^^^
    280 |               <TextField
    281 |                 fullWidth
    282 |                 label="Subtitle"

TS2769: No overload matches this call.
  Overload 1 of 2, '(props: { component: ElementType<any, keyof IntrinsicElements>; } & GridBaseProps & { sx?: SxProps<Theme> | undefined; } & SystemProps<...> & Omit<...>): Element | null', gave the following error.
    Property 'component' is missing in type '{ children: Element; item: true; xs: number; }' but required in type '{ component: ElementType<any, keyof IntrinsicElements>; }'.
  Overload 2 of 2, '(props: DefaultComponentProps<GridTypeMap<{}, "div">>): Element | null', gave the following error.
    Type '{ children: Element; item: true; xs: number; }' is not assignable to type 'IntrinsicAttributes & GridBaseProps & { sx?: SxProps<Theme> | undefined; } & SystemProps<Theme> & Omit<...>'.
      Property 'item' does not exist on type 'IntrinsicAttributes & GridBaseProps & { sx?: SxProps<Theme> | undefined; } & SystemProps<Theme> & Omit<...>'.
    287 |             </Grid>
    288 |
  > 289 |             <Grid item xs={12}>
        |             ^^^^^^^^^^^^^^^^^^^
    290 |               <TextField
    291 |                 fullWidth
    292 |                 label="Description"

TS2769: No overload matches this call.
  Overload 1 of 2, '(props: { component: ElementType<any, keyof IntrinsicElements>; } & GridBaseProps & { sx?: SxProps<Theme> | undefined; } & SystemProps<...> & Omit<...>): Element | null', gave the following error.
    Property 'component' is missing in type '{ children: Element; item: true; xs: number; sm: number; }' but required in type '{ component: ElementType<any, keyof IntrinsicElements>; }'.
  Overload 2 of 2, '(props: DefaultComponentProps<GridTypeMap<{}, "div">>): Element | null', gave the following error.
    Type '{ children: Element; item: true; xs: number; sm: number; }' is not assignable to type 'IntrinsicAttributes & GridBaseProps & { sx?: SxProps<Theme> | undefined; } & SystemProps<Theme> & Omit<...>'.
      Property 'item' does not exist on type 'IntrinsicAttributes & GridBaseProps & { sx?: SxProps<Theme> | undefined; } & SystemProps<Theme> & Omit<...>'.
    299 |             </Grid>
    300 |
  > 301 |             <Grid item xs={12} sm={6}>
        |             ^^^^^^^^^^^^^^^^^^^^^^^^^^
    302 |               <TextField
    303 |                 fullWidth
    304 |                 label="CTA Button Text"

TS2769: No overload matches this call.
  Overload 1 of 2, '(props: { component: ElementType<any, keyof IntrinsicElements>; } & GridBaseProps & { sx?: SxProps<Theme> | undefined; } & SystemProps<...> & Omit<...>): Element | null', gave the following error.
    Property 'component' is missing in type '{ children: Element; item: true; xs: number; sm: number; }' but required in type '{ component: ElementType<any, keyof IntrinsicElements>; }'.
  Overload 2 of 2, '(props: DefaultComponentProps<GridTypeMap<{}, "div">>): Element | null', gave the following error.
    Type '{ children: Element; item: true; xs: number; sm: number; }' is not assignable to type 'IntrinsicAttributes & GridBaseProps & { sx?: SxProps<Theme> | undefined; } & SystemProps<Theme> & Omit<...>'.
      Property 'item' does not exist on type 'IntrinsicAttributes & GridBaseProps & { sx?: SxProps<Theme> | undefined; } & SystemProps<Theme> & Omit<...>'.
    309 |             </Grid>
    310 |
  > 311 |             <Grid item xs={12} sm={6}>
        |             ^^^^^^^^^^^^^^^^^^^^^^^^^^
    312 |               <TextField
    313 |                 fullWidth
    314 |                 label="CTA Link"

TS2769: No overload matches this call.
  Overload 1 of 2, '(props: { component: ElementType<any, keyof IntrinsicElements>; } & GridBaseProps & { sx?: SxProps<Theme> | undefined; } & SystemProps<...> & Omit<...>): Element | null', gave the following error.
    Property 'component' is missing in type '{ children: Element; item: true; xs: number; }' but required in type '{ component: ElementType<any, keyof IntrinsicElements>; }'.
  Overload 2 of 2, '(props: DefaultComponentProps<GridTypeMap<{}, "div">>): Element | null', gave the following error.
    Type '{ children: Element; item: true; xs: number; }' is not assignable to type 'IntrinsicAttributes & GridBaseProps & { sx?: SxProps<Theme> | undefined; } & SystemProps<Theme> & Omit<...>'.
      Property 'item' does not exist on type 'IntrinsicAttributes & GridBaseProps & { sx?: SxProps<Theme> | undefined; } & SystemProps<Theme> & Omit<...>'.
    319 |             </Grid>
    320 |
  > 321 |             <Grid item xs={12}>
        |             ^^^^^^^^^^^^^^^^^^^
    322 |               <ImageUploadField
    323 |                 label="Background Image"
    324 |                 value={formData.backgroundImages}

TS2769: No overload matches this call.
  Overload 1 of 2, '(props: { component: ElementType<any, keyof IntrinsicElements>; } & GridBaseProps & { sx?: SxProps<Theme> | undefined; } & SystemProps<...> & Omit<...>): Element | null', gave the following error.
    Property 'component' is missing in type '{ children: Element; item: true; xs: number; }' but required in type '{ component: ElementType<any, keyof IntrinsicElements>; }'.
  Overload 2 of 2, '(props: DefaultComponentProps<GridTypeMap<{}, "div">>): Element | null', gave the following error.
    Type '{ children: Element; item: true; xs: number; }' is not assignable to type 'IntrinsicAttributes & GridBaseProps & { sx?: SxProps<Theme> | undefined; } & SystemProps<Theme> & Omit<...>'.
      Property 'item' does not exist on type 'IntrinsicAttributes & GridBaseProps & { sx?: SxProps<Theme> | undefined; } & SystemProps<Theme> & Omit<...>'.
    332 |             </Grid>
    333 |
  > 334 |             <Grid item xs={12}>
        |             ^^^^^^^^^^^^^^^^^^^
    335 |               <FormControlLabel
    336 |                 control={
    337 |                   <Switch

TS2769: No overload matches this call.
  Overload 1 of 2, '(props: { component: ElementType<any, keyof IntrinsicElements>; } & GridBaseProps & { sx?: SxProps<Theme> | undefined; } & SystemProps<...> & Omit<...>): Element | null', gave the following error.
    Property 'component' is missing in type '{ children: Element; item: true; xs: number; sm: number; md: number; lg: number; key: string; }' but required in type '{ component: ElementType<any, keyof IntrinsicElements>; }'.
  Overload 2 of 2, '(props: DefaultComponentProps<GridTypeMap<{}, "div">>): Element | null', gave the following error.
    Type '{ children: Element; item: true; xs: number; sm: number; md: number; lg: number; key: string; }' is not assignable to type 'IntrinsicAttributes & GridBaseProps & { sx?: SxProps<Theme> | undefined; } & SystemProps<Theme> & Omit<...>'.
      Property 'item' does not exist on type 'IntrinsicAttributes & GridBaseProps & { sx?: SxProps<Theme> | undefined; } & SystemProps<Theme> & Omit<...>'.
    252 |         <Grid container spacing={2}>
    253 |           {files.map((file) => (
  > 254 |             <Grid item xs={12} sm={6} md={4} lg={3} key={file._id}>
        |             ^^^^^^^^^^^^^^^^^^^^^^^^^^^^^^^^^^^^^^^^^^^^^^^^^^^^^^^
    255 |               <Card
    256 |                 sx={{
    257 |                   cursor: 'pointer',

TS2769: No overload matches this call.
  Overload 1 of 2, '(props: { component: ElementType<any, keyof IntrinsicElements>; } & GridBaseProps & { sx?: SxProps<Theme> | undefined; } & SystemProps<...> & Omit<...>): Element | null', gave the following error.
    Property 'component' is missing in type '{ children: Element; item: true; xs: number; }' but required in type '{ component: ElementType<any, keyof IntrinsicElements>; }'.
  Overload 2 of 2, '(props: DefaultComponentProps<GridTypeMap<{}, "div">>): Element | null', gave the following error.
    Type '{ children: Element; item: true; xs: number; }' is not assignable to type 'IntrinsicAttributes & GridBaseProps & { sx?: SxProps<Theme> | undefined; } & SystemProps<Theme> & Omit<...>'.
      Property 'item' does not exist on type 'IntrinsicAttributes & GridBaseProps & { sx?: SxProps<Theme> | undefined; } & SystemProps<Theme> & Omit<...>'.
    363 |           </Alert>
    364 |           <Grid container spacing={2}>
  > 365 |             <Grid item xs={12}>
        |             ^^^^^^^^^^^^^^^^^^^
    366 |               <TextField
    367 |                 fullWidth
    368 |                 label="File URL"

TS2769: No overload matches this call.
  Overload 1 of 2, '(props: { component: ElementType<any, keyof IntrinsicElements>; } & GridBaseProps & { sx?: SxProps<Theme> | undefined; } & SystemProps<...> & Omit<...>): Element | null', gave the following error.
    Property 'component' is missing in type '{ children: Element; item: true; xs: number; sm: number; }' but required in type '{ component: ElementType<any, keyof IntrinsicElements>; }'.
  Overload 2 of 2, '(props: DefaultComponentProps<GridTypeMap<{}, "div">>): Element | null', gave the following error.
    Type '{ children: Element; item: true; xs: number; sm: number; }' is not assignable to type 'IntrinsicAttributes & GridBaseProps & { sx?: SxProps<Theme> | undefined; } & SystemProps<Theme> & Omit<...>'.
      Property 'item' does not exist on type 'IntrinsicAttributes & GridBaseProps & { sx?: SxProps<Theme> | undefined; } & SystemProps<Theme> & Omit<...>'.
    373 |               />
    374 |             </Grid>
  > 375 |             <Grid item xs={12} sm={6}>
        |             ^^^^^^^^^^^^^^^^^^^^^^^^^^
    376 |               <TextField
    377 |                 fullWidth
    378 |                 label="Filename"

TS2769: No overload matches this call.
  Overload 1 of 2, '(props: { component: ElementType<any, keyof IntrinsicElements>; } & GridBaseProps & { sx?: SxProps<Theme> | undefined; } & SystemProps<...> & Omit<...>): Element | null', gave the following error.
    Property 'component' is missing in type '{ children: Element; item: true; xs: number; sm: number; }' but required in type '{ component: ElementType<any, keyof IntrinsicElements>; }'.
  Overload 2 of 2, '(props: DefaultComponentProps<GridTypeMap<{}, "div">>): Element | null', gave the following error.
    Type '{ children: Element; item: true; xs: number; sm: number; }' is not assignable to type 'IntrinsicAttributes & GridBaseProps & { sx?: SxProps<Theme> | undefined; } & SystemProps<Theme> & Omit<...>'.
      Property 'item' does not exist on type 'IntrinsicAttributes & GridBaseProps & { sx?: SxProps<Theme> | undefined; } & SystemProps<Theme> & Omit<...>'.
    382 |               />
    383 |             </Grid>
  > 384 |             <Grid item xs={12} sm={6}>
        |             ^^^^^^^^^^^^^^^^^^^^^^^^^^
    385 |               <FormControl fullWidth>
    386 |                 <InputLabel>MIME Type</InputLabel>
    387 |                 <Select

TS2769: No overload matches this call.
  Overload 1 of 2, '(props: { component: ElementType<any, keyof IntrinsicElements>; } & GridBaseProps & { sx?: SxProps<Theme> | undefined; } & SystemProps<...> & Omit<...>): Element | null', gave the following error.
    Property 'component' is missing in type '{ children: Element; item: true; xs: number; sm: number; }' but required in type '{ component: ElementType<any, keyof IntrinsicElements>; }'.
  Overload 2 of 2, '(props: DefaultComponentProps<GridTypeMap<{}, "div">>): Element | null', gave the following error.
    Type '{ children: Element; item: true; xs: number; sm: number; }' is not assignable to type 'IntrinsicAttributes & GridBaseProps & { sx?: SxProps<Theme> | undefined; } & SystemProps<Theme> & Omit<...>'.
      Property 'item' does not exist on type 'IntrinsicAttributes & GridBaseProps & { sx?: SxProps<Theme> | undefined; } & SystemProps<Theme> & Omit<...>'.
    399 |               </FormControl>
    400 |             </Grid>
  > 401 |             <Grid item xs={12} sm={6}>
        |             ^^^^^^^^^^^^^^^^^^^^^^^^^^
    402 |               <TextField
    403 |                 fullWidth
    404 |                 label="Folder"

TS2769: No overload matches this call.
  Overload 1 of 2, '(props: { component: ElementType<any, keyof IntrinsicElements>; } & GridBaseProps & { sx?: SxProps<Theme> | undefined; } & SystemProps<...> & Omit<...>): Element | null', gave the following error.
    Property 'component' is missing in type '{ children: Element; item: true; xs: number; sm: number; }' but required in type '{ component: ElementType<any, keyof IntrinsicElements>; }'.
  Overload 2 of 2, '(props: DefaultComponentProps<GridTypeMap<{}, "div">>): Element | null', gave the following error.
    Type '{ children: Element; item: true; xs: number; sm: number; }' is not assignable to type 'IntrinsicAttributes & GridBaseProps & { sx?: SxProps<Theme> | undefined; } & SystemProps<Theme> & Omit<...>'.
      Property 'item' does not exist on type 'IntrinsicAttributes & GridBaseProps & { sx?: SxProps<Theme> | undefined; } & SystemProps<Theme> & Omit<...>'.
    407 |               />
    408 |             </Grid>
  > 409 |             <Grid item xs={12} sm={6}>
        |             ^^^^^^^^^^^^^^^^^^^^^^^^^^
    410 |               <TextField
    411 |                 fullWidth
    412 |                 type="number"

TS2769: No overload matches this call.
  Overload 1 of 2, '(props: { component: ElementType<any, keyof IntrinsicElements>; } & GridBaseProps & { sx?: SxProps<Theme> | undefined; } & SystemProps<...> & Omit<...>): Element | null', gave the following error.
    Property 'component' is missing in type '{ children: Element; item: true; xs: number; }' but required in type '{ component: ElementType<any, keyof IntrinsicElements>; }'.
  Overload 2 of 2, '(props: DefaultComponentProps<GridTypeMap<{}, "div">>): Element | null', gave the following error.
    Type '{ children: Element; item: true; xs: number; }' is not assignable to type 'IntrinsicAttributes & GridBaseProps & { sx?: SxProps<Theme> | undefined; } & SystemProps<Theme> & Omit<...>'.
      Property 'item' does not exist on type 'IntrinsicAttributes & GridBaseProps & { sx?: SxProps<Theme> | undefined; } & SystemProps<Theme> & Omit<...>'.
    417 |               />
    418 |             </Grid>
  > 419 |             <Grid item xs={12}>
        |             ^^^^^^^^^^^^^^^^^^^
    420 |               <TextField
    421 |                 fullWidth
    422 |                 label="Alt Text"

TS2769: No overload matches this call.
  Overload 1 of 2, '(props: { component: ElementType<any, keyof IntrinsicElements>; } & GridBaseProps & { sx?: SxProps<Theme> | undefined; } & SystemProps<...> & Omit<...>): Element | null', gave the following error.
    Property 'component' is missing in type '{ children: Element; item: true; xs: number; }' but required in type '{ component: ElementType<any, keyof IntrinsicElements>; }'.
  Overload 2 of 2, '(props: DefaultComponentProps<GridTypeMap<{}, "div">>): Element | null', gave the following error.
    Type '{ children: Element; item: true; xs: number; }' is not assignable to type 'IntrinsicAttributes & GridBaseProps & { sx?: SxProps<Theme> | undefined; } & SystemProps<Theme> & Omit<...>'.
      Property 'item' does not exist on type 'IntrinsicAttributes & GridBaseProps & { sx?: SxProps<Theme> | undefined; } & SystemProps<Theme> & Omit<...>'.
    426 |               />
    427 |             </Grid>
  > 428 |             <Grid item xs={12}>
        |             ^^^^^^^^^^^^^^^^^^^
    429 |               <TextField
    430 |                 fullWidth
    431 |                 label="Caption"

TS2769: No overload matches this call.
  Overload 1 of 2, '(props: { component: ElementType<any, keyof IntrinsicElements>; } & GridBaseProps & { sx?: SxProps<Theme> | undefined; } & SystemProps<...> & Omit<...>): Element | null', gave the following error.
    Property 'component' is missing in type '{ children: Element; item: true; xs: number; }' but required in type '{ component: ElementType<any, keyof IntrinsicElements>; }'.
  Overload 2 of 2, '(props: DefaultComponentProps<GridTypeMap<{}, "div">>): Element | null', gave the following error.
    Type '{ children: Element; item: true; xs: number; }' is not assignable to type 'IntrinsicAttributes & GridBaseProps & { sx?: SxProps<Theme> | undefined; } & SystemProps<Theme> & Omit<...>'.
      Property 'item' does not exist on type 'IntrinsicAttributes & GridBaseProps & { sx?: SxProps<Theme> | undefined; } & SystemProps<Theme> & Omit<...>'.
    434 |               />
    435 |             </Grid>
  > 436 |             <Grid item xs={12}>
        |             ^^^^^^^^^^^^^^^^^^^
    437 |               <TextField
    438 |                 fullWidth
    439 |                 label="Tags"

TS2769: No overload matches this call.
  Overload 1 of 2, '(props: { component: ElementType<any, keyof IntrinsicElements>; } & GridBaseProps & { sx?: SxProps<Theme> | undefined; } & SystemProps<...> & Omit<...>): Element | null', gave the following error.
    Property 'component' is missing in type '{ children: Element; item: true; xs: number; key: string; }' but required in type '{ component: ElementType<any, keyof IntrinsicElements>; }'.
  Overload 2 of 2, '(props: DefaultComponentProps<GridTypeMap<{}, "div">>): Element | null', gave the following error.
    Type '{ children: Element; item: true; xs: number; key: string; }' is not assignable to type 'IntrinsicAttributes & GridBaseProps & { sx?: SxProps<Theme> | undefined; } & SystemProps<Theme> & Omit<...>'.
      Property 'item' does not exist on type 'IntrinsicAttributes & GridBaseProps & { sx?: SxProps<Theme> | undefined; } & SystemProps<Theme> & Omit<...>'.
    181 |         <Grid container spacing={2}>
    182 |           {menus.map((menu) => (
  > 183 |             <Grid item xs={12} key={menu._id}>
        |             ^^^^^^^^^^^^^^^^^^^^^^^^^^^^^^^^^^
    184 |               <Card>
    185 |                 <CardContent>
    186 |                   <Box sx={{ display: 'flex', justifyContent: 'space-between', alignItems: 'start' }}>

TS2769: No overload matches this call.
  Overload 1 of 2, '(props: { component: ElementType<any, keyof IntrinsicElements>; } & GridBaseProps & { sx?: SxProps<Theme> | undefined; } & SystemProps<...> & Omit<...>): Element | null', gave the following error.
    Property 'component' is missing in type '{ children: Element; item: true; xs: number; }' but required in type '{ component: ElementType<any, keyof IntrinsicElements>; }'.
  Overload 2 of 2, '(props: DefaultComponentProps<GridTypeMap<{}, "div">>): Element | null', gave the following error.
    Type '{ children: Element; item: true; xs: number; }' is not assignable to type 'IntrinsicAttributes & GridBaseProps & { sx?: SxProps<Theme> | undefined; } & SystemProps<Theme> & Omit<...>'.
      Property 'item' does not exist on type 'IntrinsicAttributes & GridBaseProps & { sx?: SxProps<Theme> | undefined; } & SystemProps<Theme> & Omit<...>'.
    239 |         <DialogContent dividers>
    240 |           <Grid container spacing={2} sx={{ mt: 0.5 }}>
  > 241 |             <Grid item xs={12}>
        |             ^^^^^^^^^^^^^^^^^^^
    242 |               <TextField
    243 |                 fullWidth
    244 |                 label="Menu Name"

TS2769: No overload matches this call.
  Overload 1 of 2, '(props: { component: ElementType<any, keyof IntrinsicElements>; } & GridBaseProps & { sx?: SxProps<Theme> | undefined; } & SystemProps<...> & Omit<...>): Element | null', gave the following error.
    Property 'component' is missing in type '{ children: Element; item: true; xs: number; }' but required in type '{ component: ElementType<any, keyof IntrinsicElements>; }'.
  Overload 2 of 2, '(props: DefaultComponentProps<GridTypeMap<{}, "div">>): Element | null', gave the following error.
    Type '{ children: Element; item: true; xs: number; }' is not assignable to type 'IntrinsicAttributes & GridBaseProps & { sx?: SxProps<Theme> | undefined; } & SystemProps<Theme> & Omit<...>'.
      Property 'item' does not exist on type 'IntrinsicAttributes & GridBaseProps & { sx?: SxProps<Theme> | undefined; } & SystemProps<Theme> & Omit<...>'.
    250 |             </Grid>
    251 |
  > 252 |             <Grid item xs={12}>
        |             ^^^^^^^^^^^^^^^^^^^
    253 |               <TextField
    254 |                 fullWidth
    255 |                 label="Slug (optional)"

TS2769: No overload matches this call.
  Overload 1 of 2, '(props: { component: ElementType<any, keyof IntrinsicElements>; } & GridBaseProps & { sx?: SxProps<Theme> | undefined; } & SystemProps<...> & Omit<...>): Element | null', gave the following error.
    Property 'component' is missing in type '{ children: Element; item: true; xs: number; }' but required in type '{ component: ElementType<any, keyof IntrinsicElements>; }'.
  Overload 2 of 2, '(props: DefaultComponentProps<GridTypeMap<{}, "div">>): Element | null', gave the following error.
    Type '{ children: Element; item: true; xs: number; }' is not assignable to type 'IntrinsicAttributes & GridBaseProps & { sx?: SxProps<Theme> | undefined; } & SystemProps<Theme> & Omit<...>'.
      Property 'item' does not exist on type 'IntrinsicAttributes & GridBaseProps & { sx?: SxProps<Theme> | undefined; } & SystemProps<Theme> & Omit<...>'.
    261 |             </Grid>
    262 |
  > 263 |             <Grid item xs={12}>
        |             ^^^^^^^^^^^^^^^^^^^
    264 |               <FormControl fullWidth>
    265 |                 <InputLabel>Location</InputLabel>
    266 |                 <Select

TS2769: No overload matches this call.
  Overload 1 of 2, '(props: { component: ElementType<any, keyof IntrinsicElements>; } & GridBaseProps & { sx?: SxProps<Theme> | undefined; } & SystemProps<...> & Omit<...>): Element | null', gave the following error.
    Property 'component' is missing in type '{ children: Element; item: true; xs: number; }' but required in type '{ component: ElementType<any, keyof IntrinsicElements>; }'.
  Overload 2 of 2, '(props: DefaultComponentProps<GridTypeMap<{}, "div">>): Element | null', gave the following error.
    Type '{ children: Element; item: true; xs: number; }' is not assignable to type 'IntrinsicAttributes & GridBaseProps & { sx?: SxProps<Theme> | undefined; } & SystemProps<Theme> & Omit<...>'.
      Property 'item' does not exist on type 'IntrinsicAttributes & GridBaseProps & { sx?: SxProps<Theme> | undefined; } & SystemProps<Theme> & Omit<...>'.
    279 |             </Grid>
    280 |
  > 281 |             <Grid item xs={12}>
        |             ^^^^^^^^^^^^^^^^^^^
    282 |               <TextField
    283 |                 fullWidth
    284 |                 label="Description"

TS2769: No overload matches this call.
  Overload 1 of 2, '(props: { component: ElementType<any, keyof IntrinsicElements>; } & GridBaseProps & { sx?: SxProps<Theme> | undefined; } & SystemProps<...> & Omit<...>): Element | null', gave the following error.
    Property 'component' is missing in type '{ children: Element; item: true; xs: number; }' but required in type '{ component: ElementType<any, keyof IntrinsicElements>; }'.
  Overload 2 of 2, '(props: DefaultComponentProps<GridTypeMap<{}, "div">>): Element | null', gave the following error.
    Type '{ children: Element; item: true; xs: number; }' is not assignable to type 'IntrinsicAttributes & GridBaseProps & { sx?: SxProps<Theme> | undefined; } & SystemProps<Theme> & Omit<...>'.
      Property 'item' does not exist on type 'IntrinsicAttributes & GridBaseProps & { sx?: SxProps<Theme> | undefined; } & SystemProps<Theme> & Omit<...>'.
    290 |             </Grid>
    291 |
  > 292 |             <Grid item xs={12}>
        |             ^^^^^^^^^^^^^^^^^^^
    293 |               <FormControlLabel
    294 |                 control={
    295 |                   <Switch

TS2769: No overload matches this call.
  Overload 1 of 2, '(props: { component: ElementType<any, keyof IntrinsicElements>; } & GridBaseProps & { sx?: SxProps<Theme> | undefined; } & SystemProps<...> & Omit<...>): Element | null', gave the following error.
    Property 'component' is missing in type '{ children: Element; item: true; xs: number; key: string; }' but required in type '{ component: ElementType<any, keyof IntrinsicElements>; }'.
  Overload 2 of 2, '(props: DefaultComponentProps<GridTypeMap<{}, "div">>): Element | null', gave the following error.
    Type '{ children: Element; item: true; xs: number; key: string; }' is not assignable to type 'IntrinsicAttributes & GridBaseProps & { sx?: SxProps<Theme> | undefined; } & SystemProps<Theme> & Omit<...>'.
      Property 'item' does not exist on type 'IntrinsicAttributes & GridBaseProps & { sx?: SxProps<Theme> | undefined; } & SystemProps<Theme> & Omit<...>'.
    218 |         <Grid container spacing={2}>
    219 |           {pages.map((page) => (
  > 220 |             <Grid item xs={12} key={page._id}>
        |             ^^^^^^^^^^^^^^^^^^^^^^^^^^^^^^^^^^
    221 |               <Card>
    222 |                 <CardContent>
    223 |                   <Box sx={{ display: 'flex', justifyContent: 'space-between', alignItems: 'start' }}>

TS2769: No overload matches this call.
  Overload 1 of 2, '(props: { component: ElementType<any, keyof IntrinsicElements>; } & GridBaseProps & { sx?: SxProps<Theme> | undefined; } & SystemProps<...> & Omit<...>): Element | null', gave the following error.
    Property 'component' is missing in type '{ children: Element; item: true; xs: number; sm: number; }' but required in type '{ component: ElementType<any, keyof IntrinsicElements>; }'.
  Overload 2 of 2, '(props: DefaultComponentProps<GridTypeMap<{}, "div">>): Element | null', gave the following error.
    Type '{ children: Element; item: true; xs: number; sm: number; }' is not assignable to type 'IntrinsicAttributes & GridBaseProps & { sx?: SxProps<Theme> | undefined; } & SystemProps<Theme> & Omit<...>'.
      Property 'item' does not exist on type 'IntrinsicAttributes & GridBaseProps & { sx?: SxProps<Theme> | undefined; } & SystemProps<Theme> & Omit<...>'.
    278 |         <DialogContent dividers>
    279 |           <Grid container spacing={2} sx={{ mt: 0.5 }}>
  > 280 |             <Grid item xs={12} sm={8}>
        |             ^^^^^^^^^^^^^^^^^^^^^^^^^^
    281 |               <TextField
    282 |                 fullWidth
    283 |                 label="Title"

TS2769: No overload matches this call.
  Overload 1 of 2, '(props: { component: ElementType<any, keyof IntrinsicElements>; } & GridBaseProps & { sx?: SxProps<Theme> | undefined; } & SystemProps<...> & Omit<...>): Element | null', gave the following error.
    Property 'component' is missing in type '{ children: Element; item: true; xs: number; sm: number; }' but required in type '{ component: ElementType<any, keyof IntrinsicElements>; }'.
  Overload 2 of 2, '(props: DefaultComponentProps<GridTypeMap<{}, "div">>): Element | null', gave the following error.
    Type '{ children: Element; item: true; xs: number; sm: number; }' is not assignable to type 'IntrinsicAttributes & GridBaseProps & { sx?: SxProps<Theme> | undefined; } & SystemProps<Theme> & Omit<...>'.
      Property 'item' does not exist on type 'IntrinsicAttributes & GridBaseProps & { sx?: SxProps<Theme> | undefined; } & SystemProps<Theme> & Omit<...>'.
    287 |               />
    288 |             </Grid>
  > 289 |             <Grid item xs={12} sm={4}>
        |             ^^^^^^^^^^^^^^^^^^^^^^^^^^
    290 |               <FormControl fullWidth>
    291 |                 <InputLabel>Status</InputLabel>
    292 |                 <Select

TS2769: No overload matches this call.
  Overload 1 of 2, '(props: { component: ElementType<any, keyof IntrinsicElements>; } & GridBaseProps & { sx?: SxProps<Theme> | undefined; } & SystemProps<...> & Omit<...>): Element | null', gave the following error.
    Property 'component' is missing in type '{ children: Element; item: true; xs: number; }' but required in type '{ component: ElementType<any, keyof IntrinsicElements>; }'.
  Overload 2 of 2, '(props: DefaultComponentProps<GridTypeMap<{}, "div">>): Element | null', gave the following error.
    Type '{ children: Element; item: true; xs: number; }' is not assignable to type 'IntrinsicAttributes & GridBaseProps & { sx?: SxProps<Theme> | undefined; } & SystemProps<Theme> & Omit<...>'.
      Property 'item' does not exist on type 'IntrinsicAttributes & GridBaseProps & { sx?: SxProps<Theme> | undefined; } & SystemProps<Theme> & Omit<...>'.
    303 |             </Grid>
    304 |
  > 305 |             <Grid item xs={12}>
        |             ^^^^^^^^^^^^^^^^^^^
    306 |               <TextField
    307 |                 fullWidth
    308 |                 label="Slug (optional)"

TS2769: No overload matches this call.
  Overload 1 of 2, '(props: { component: ElementType<any, keyof IntrinsicElements>; } & GridBaseProps & { sx?: SxProps<Theme> | undefined; } & SystemProps<...> & Omit<...>): Element | null', gave the following error.
    Property 'component' is missing in type '{ children: Element; item: true; xs: number; sm: number; }' but required in type '{ component: ElementType<any, keyof IntrinsicElements>; }'.
  Overload 2 of 2, '(props: DefaultComponentProps<GridTypeMap<{}, "div">>): Element | null', gave the following error.
    Type '{ children: Element; item: true; xs: number; sm: number; }' is not assignable to type 'IntrinsicAttributes & GridBaseProps & { sx?: SxProps<Theme> | undefined; } & SystemProps<Theme> & Omit<...>'.
      Property 'item' does not exist on type 'IntrinsicAttributes & GridBaseProps & { sx?: SxProps<Theme> | undefined; } & SystemProps<Theme> & Omit<...>'.
    313 |             </Grid>
    314 |
  > 315 |             <Grid item xs={12} sm={6}>
        |             ^^^^^^^^^^^^^^^^^^^^^^^^^^
    316 |               <FormControl fullWidth>
    317 |                 <InputLabel>Template</InputLabel>
    318 |                 <Select

TS2769: No overload matches this call.
  Overload 1 of 2, '(props: { component: ElementType<any, keyof IntrinsicElements>; } & GridBaseProps & { sx?: SxProps<Theme> | undefined; } & SystemProps<...> & Omit<...>): Element | null', gave the following error.
    Property 'component' is missing in type '{ children: Element; item: true; xs: number; sm: number; }' but required in type '{ component: ElementType<any, keyof IntrinsicElements>; }'.
  Overload 2 of 2, '(props: DefaultComponentProps<GridTypeMap<{}, "div">>): Element | null', gave the following error.
    Type '{ children: Element; item: true; xs: number; sm: number; }' is not assignable to type 'IntrinsicAttributes & GridBaseProps & { sx?: SxProps<Theme> | undefined; } & SystemProps<Theme> & Omit<...>'.
      Property 'item' does not exist on type 'IntrinsicAttributes & GridBaseProps & { sx?: SxProps<Theme> | undefined; } & SystemProps<Theme> & Omit<...>'.
    330 |             </Grid>
    331 |
  > 332 |             <Grid item xs={12} sm={6}>
        |             ^^^^^^^^^^^^^^^^^^^^^^^^^^
    333 |               <TextField
    334 |                 fullWidth
    335 |                 type="number"

TS2769: No overload matches this call.
  Overload 1 of 2, '(props: { component: ElementType<any, keyof IntrinsicElements>; } & GridBaseProps & { sx?: SxProps<Theme> | undefined; } & SystemProps<...> & Omit<...>): Element | null', gave the following error.
    Property 'component' is missing in type '{ children: Element; item: true; xs: number; }' but required in type '{ component: ElementType<any, keyof IntrinsicElements>; }'.
  Overload 2 of 2, '(props: DefaultComponentProps<GridTypeMap<{}, "div">>): Element | null', gave the following error.
    Type '{ children: Element; item: true; xs: number; }' is not assignable to type 'IntrinsicAttributes & GridBaseProps & { sx?: SxProps<Theme> | undefined; } & SystemProps<Theme> & Omit<...>'.
      Property 'item' does not exist on type 'IntrinsicAttributes & GridBaseProps & { sx?: SxProps<Theme> | undefined; } & SystemProps<Theme> & Omit<...>'.
    341 |             </Grid>
    342 |
  > 343 |             <Grid item xs={12}>
        |             ^^^^^^^^^^^^^^^^^^^
    344 |               <TextField
    345 |                 fullWidth
    346 |                 label="Excerpt"

TS2769: No overload matches this call.
  Overload 1 of 2, '(props: { component: ElementType<any, keyof IntrinsicElements>; } & GridBaseProps & { sx?: SxProps<Theme> | undefined; } & SystemProps<...> & Omit<...>): Element | null', gave the following error.
    Property 'component' is missing in type '{ children: Element; item: true; xs: number; }' but required in type '{ component: ElementType<any, keyof IntrinsicElements>; }'.
  Overload 2 of 2, '(props: DefaultComponentProps<GridTypeMap<{}, "div">>): Element | null', gave the following error.
    Type '{ children: Element; item: true; xs: number; }' is not assignable to type 'IntrinsicAttributes & GridBaseProps & { sx?: SxProps<Theme> | undefined; } & SystemProps<Theme> & Omit<...>'.
      Property 'item' does not exist on type 'IntrinsicAttributes & GridBaseProps & { sx?: SxProps<Theme> | undefined; } & SystemProps<Theme> & Omit<...>'.
    354 |             </Grid>
    355 |
  > 356 |             <Grid item xs={12}>
        |             ^^^^^^^^^^^^^^^^^^^
    357 |               <TextField
    358 |                 fullWidth
    359 |                 label="Content"

TS2769: No overload matches this call.
  Overload 1 of 2, '(props: { component: ElementType<any, keyof IntrinsicElements>; } & GridBaseProps & { sx?: SxProps<Theme> | undefined; } & SystemProps<...> & Omit<...>): Element | null', gave the following error.
    Property 'component' is missing in type '{ children: Element; item: true; xs: number; sm: number; }' but required in type '{ component: ElementType<any, keyof IntrinsicElements>; }'.
  Overload 2 of 2, '(props: DefaultComponentProps<GridTypeMap<{}, "div">>): Element | null', gave the following error.
    Type '{ children: Element; item: true; xs: number; sm: number; }' is not assignable to type 'IntrinsicAttributes & GridBaseProps & { sx?: SxProps<Theme> | undefined; } & SystemProps<Theme> & Omit<...>'.
      Property 'item' does not exist on type 'IntrinsicAttributes & GridBaseProps & { sx?: SxProps<Theme> | undefined; } & SystemProps<Theme> & Omit<...>'.
    367 |             </Grid>
    368 |
  > 369 |             <Grid item xs={12} sm={6}>
        |             ^^^^^^^^^^^^^^^^^^^^^^^^^^
    370 |               <FormControlLabel
    371 |                 control={
    372 |                   <Switch

TS2769: No overload matches this call.
  Overload 1 of 2, '(props: { component: ElementType<any, keyof IntrinsicElements>; } & GridBaseProps & { sx?: SxProps<Theme> | undefined; } & SystemProps<...> & Omit<...>): Element | null', gave the following error.
    Property 'component' is missing in type '{ children: Element; item: true; xs: number; sm: number; }' but required in type '{ component: ElementType<any, keyof IntrinsicElements>; }'.
  Overload 2 of 2, '(props: DefaultComponentProps<GridTypeMap<{}, "div">>): Element | null', gave the following error.
    Type '{ children: Element; item: true; xs: number; sm: number; }' is not assignable to type 'IntrinsicAttributes & GridBaseProps & { sx?: SxProps<Theme> | undefined; } & SystemProps<Theme> & Omit<...>'.
      Property 'item' does not exist on type 'IntrinsicAttributes & GridBaseProps & { sx?: SxProps<Theme> | undefined; } & SystemProps<Theme> & Omit<...>'.
    379 |             </Grid>
    380 |
  > 381 |             <Grid item xs={12} sm={6}>
        |             ^^^^^^^^^^^^^^^^^^^^^^^^^^
    382 |               <FormControlLabel
    383 |                 control={
    384 |                   <Switch

TS2769: No overload matches this call.
  Overload 1 of 2, '(props: { component: ElementType<any, keyof IntrinsicElements>; } & GridBaseProps & { sx?: SxProps<Theme> | undefined; } & SystemProps<...> & Omit<...>): Element | null', gave the following error.
    Property 'component' is missing in type '{ children: Element[]; item: true; xs: number; }' but required in type '{ component: ElementType<any, keyof IntrinsicElements>; }'.
  Overload 2 of 2, '(props: DefaultComponentProps<GridTypeMap<{}, "div">>): Element | null', gave the following error.
    Type '{ children: Element[]; item: true; xs: number; }' is not assignable to type 'IntrinsicAttributes & GridBaseProps & { sx?: SxProps<Theme> | undefined; } & SystemProps<Theme> & Omit<...>'.
      Property 'item' does not exist on type 'IntrinsicAttributes & GridBaseProps & { sx?: SxProps<Theme> | undefined; } & SystemProps<Theme> & Omit<...>'.
    391 |             </Grid>
    392 |
  > 393 |             <Grid item xs={12}>
        |             ^^^^^^^^^^^^^^^^^^^
    394 |               <Divider />
    395 |               <Button
    396 |                 startIcon={showSEO ? <ExpandLessIcon /> : <ExpandMoreIcon />}

TS2769: No overload matches this call.
  Overload 1 of 2, '(props: { component: ElementType<any, keyof IntrinsicElements>; } & GridBaseProps & { sx?: SxProps<Theme> | undefined; } & SystemProps<...> & Omit<...>): Element | null', gave the following error.
    Property 'component' is missing in type '{ children: Element; item: true; xs: number; }' but required in type '{ component: ElementType<any, keyof IntrinsicElements>; }'.
  Overload 2 of 2, '(props: DefaultComponentProps<GridTypeMap<{}, "div">>): Element | null', gave the following error.
    Type '{ children: Element; item: true; xs: number; }' is not assignable to type 'IntrinsicAttributes & GridBaseProps & { sx?: SxProps<Theme> | undefined; } & SystemProps<Theme> & Omit<...>'.
      Property 'item' does not exist on type 'IntrinsicAttributes & GridBaseProps & { sx?: SxProps<Theme> | undefined; } & SystemProps<Theme> & Omit<...>'.
    402 |               <Collapse in={showSEO}>
    403 |                 <Grid container spacing={2} sx={{ mt: 1 }}>
  > 404 |                   <Grid item xs={12}>
        |                   ^^^^^^^^^^^^^^^^^^^
    405 |                     <TextField
    406 |                       fullWidth
    407 |                       label="SEO Title"

TS2769: No overload matches this call.
  Overload 1 of 2, '(props: { component: ElementType<any, keyof IntrinsicElements>; } & GridBaseProps & { sx?: SxProps<Theme> | undefined; } & SystemProps<...> & Omit<...>): Element | null', gave the following error.
    Property 'component' is missing in type '{ children: Element; item: true; xs: number; }' but required in type '{ component: ElementType<any, keyof IntrinsicElements>; }'.
  Overload 2 of 2, '(props: DefaultComponentProps<GridTypeMap<{}, "div">>): Element | null', gave the following error.
    Type '{ children: Element; item: true; xs: number; }' is not assignable to type 'IntrinsicAttributes & GridBaseProps & { sx?: SxProps<Theme> | undefined; } & SystemProps<Theme> & Omit<...>'.
      Property 'item' does not exist on type 'IntrinsicAttributes & GridBaseProps & { sx?: SxProps<Theme> | undefined; } & SystemProps<Theme> & Omit<...>'.
    410 |                     />
    411 |                   </Grid>
  > 412 |                   <Grid item xs={12}>
        |                   ^^^^^^^^^^^^^^^^^^^
    413 |                     <TextField
    414 |                       fullWidth
    415 |                       label="SEO Description"

TS2769: No overload matches this call.
  Overload 1 of 2, '(props: { component: ElementType<any, keyof IntrinsicElements>; } & GridBaseProps & { sx?: SxProps<Theme> | undefined; } & SystemProps<...> & Omit<...>): Element | null', gave the following error.
    Property 'component' is missing in type '{ children: Element; item: true; xs: number; }' but required in type '{ component: ElementType<any, keyof IntrinsicElements>; }'.
  Overload 2 of 2, '(props: DefaultComponentProps<GridTypeMap<{}, "div">>): Element | null', gave the following error.
    Type '{ children: Element; item: true; xs: number; }' is not assignable to type 'IntrinsicAttributes & GridBaseProps & { sx?: SxProps<Theme> | undefined; } & SystemProps<Theme> & Omit<...>'.
      Property 'item' does not exist on type 'IntrinsicAttributes & GridBaseProps & { sx?: SxProps<Theme> | undefined; } & SystemProps<Theme> & Omit<...>'.
    420 |                     />
    421 |                   </Grid>
  > 422 |                   <Grid item xs={12}>
        |                   ^^^^^^^^^^^^^^^^^^^
    423 |                     <TextField
    424 |                       fullWidth
    425 |                       label="SEO Keywords"

TS2769: No overload matches this call.
  Overload 1 of 2, '(props: { component: ElementType<any, keyof IntrinsicElements>; } & GridBaseProps & { sx?: SxProps<Theme> | undefined; } & SystemProps<...> & Omit<...>): Element | null', gave the following error.
    Property 'component' is missing in type '{ children: Element; item: true; xs: number; key: string; }' but required in type '{ component: ElementType<any, keyof IntrinsicElements>; }'.
  Overload 2 of 2, '(props: DefaultComponentProps<GridTypeMap<{}, "div">>): Element | null', gave the following error.
    Type '{ children: Element; item: true; xs: number; key: string; }' is not assignable to type 'IntrinsicAttributes & GridBaseProps & { sx?: SxProps<Theme> | undefined; } & SystemProps<Theme> & Omit<...>'.
      Property 'item' does not exist on type 'IntrinsicAttributes & GridBaseProps & { sx?: SxProps<Theme> | undefined; } & SystemProps<Theme> & Omit<...>'.
    194 |         <Grid container spacing={2}>
    195 |           {promotions.map((promo) => (
  > 196 |             <Grid item xs={12} key={promo._id}>
        |             ^^^^^^^^^^^^^^^^^^^^^^^^^^^^^^^^^^^
    197 |               <Card>
    198 |                 <CardContent>
    199 |                   <Box sx={{ display: 'flex', justifyContent: 'space-between', alignItems: 'start' }}>

TS2769: No overload matches this call.
  Overload 1 of 2, '(props: { component: ElementType<any, keyof IntrinsicElements>; } & GridBaseProps & { sx?: SxProps<Theme> | undefined; } & SystemProps<...> & Omit<...>): Element | null', gave the following error.
    Property 'component' is missing in type '{ children: Element; item: true; xs: number; sm: number; }' but required in type '{ component: ElementType<any, keyof IntrinsicElements>; }'.
  Overload 2 of 2, '(props: DefaultComponentProps<GridTypeMap<{}, "div">>): Element | null', gave the following error.
    Type '{ children: Element; item: true; xs: number; sm: number; }' is not assignable to type 'IntrinsicAttributes & GridBaseProps & { sx?: SxProps<Theme> | undefined; } & SystemProps<Theme> & Omit<...>'.
      Property 'item' does not exist on type 'IntrinsicAttributes & GridBaseProps & { sx?: SxProps<Theme> | undefined; } & SystemProps<Theme> & Omit<...>'.
    267 |         <DialogContent dividers>
    268 |           <Grid container spacing={2} sx={{ mt: 0.5 }}>
  > 269 |             <Grid item xs={12} sm={6}>
        |             ^^^^^^^^^^^^^^^^^^^^^^^^^^
    270 |               <TextField
    271 |                 fullWidth
    272 |                 label="Promo Code"

TS2769: No overload matches this call.
  Overload 1 of 2, '(props: { component: ElementType<any, keyof IntrinsicElements>; } & GridBaseProps & { sx?: SxProps<Theme> | undefined; } & SystemProps<...> & Omit<...>): Element | null', gave the following error.
    Property 'component' is missing in type '{ children: Element; item: true; xs: number; sm: number; }' but required in type '{ component: ElementType<any, keyof IntrinsicElements>; }'.
  Overload 2 of 2, '(props: DefaultComponentProps<GridTypeMap<{}, "div">>): Element | null', gave the following error.
    Type '{ children: Element; item: true; xs: number; sm: number; }' is not assignable to type 'IntrinsicAttributes & GridBaseProps & { sx?: SxProps<Theme> | undefined; } & SystemProps<Theme> & Omit<...>'.
      Property 'item' does not exist on type 'IntrinsicAttributes & GridBaseProps & { sx?: SxProps<Theme> | undefined; } & SystemProps<Theme> & Omit<...>'.
    278 |               />
    279 |             </Grid>
  > 280 |             <Grid item xs={12} sm={6}>
        |             ^^^^^^^^^^^^^^^^^^^^^^^^^^
    281 |               <TextField
    282 |                 fullWidth
    283 |                 label="Title"

TS2769: No overload matches this call.
  Overload 1 of 2, '(props: { component: ElementType<any, keyof IntrinsicElements>; } & GridBaseProps & { sx?: SxProps<Theme> | undefined; } & SystemProps<...> & Omit<...>): Element | null', gave the following error.
    Property 'component' is missing in type '{ children: Element; item: true; xs: number; }' but required in type '{ component: ElementType<any, keyof IntrinsicElements>; }'.
  Overload 2 of 2, '(props: DefaultComponentProps<GridTypeMap<{}, "div">>): Element | null', gave the following error.
    Type '{ children: Element; item: true; xs: number; }' is not assignable to type 'IntrinsicAttributes & GridBaseProps & { sx?: SxProps<Theme> | undefined; } & SystemProps<Theme> & Omit<...>'.
      Property 'item' does not exist on type 'IntrinsicAttributes & GridBaseProps & { sx?: SxProps<Theme> | undefined; } & SystemProps<Theme> & Omit<...>'.
    289 |             </Grid>
    290 |
  > 291 |             <Grid item xs={12}>
        |             ^^^^^^^^^^^^^^^^^^^
    292 |               <TextField
    293 |                 fullWidth
    294 |                 label="Description"

TS2769: No overload matches this call.
  Overload 1 of 2, '(props: { component: ElementType<any, keyof IntrinsicElements>; } & GridBaseProps & { sx?: SxProps<Theme> | undefined; } & SystemProps<...> & Omit<...>): Element | null', gave the following error.
    Property 'component' is missing in type '{ children: Element; item: true; xs: number; sm: number; }' but required in type '{ component: ElementType<any, keyof IntrinsicElements>; }'.
  Overload 2 of 2, '(props: DefaultComponentProps<GridTypeMap<{}, "div">>): Element | null', gave the following error.
    Type '{ children: Element; item: true; xs: number; sm: number; }' is not assignable to type 'IntrinsicAttributes & GridBaseProps & { sx?: SxProps<Theme> | undefined; } & SystemProps<Theme> & Omit<...>'.
      Property 'item' does not exist on type 'IntrinsicAttributes & GridBaseProps & { sx?: SxProps<Theme> | undefined; } & SystemProps<Theme> & Omit<...>'.
    302 |             </Grid>
    303 |
  > 304 |             <Grid item xs={12} sm={6}>
        |             ^^^^^^^^^^^^^^^^^^^^^^^^^^
    305 |               <FormControl fullWidth>
    306 |                 <InputLabel>Discount Type</InputLabel>
    307 |                 <Select

TS2769: No overload matches this call.
  Overload 1 of 2, '(props: { component: ElementType<any, keyof IntrinsicElements>; } & GridBaseProps & { sx?: SxProps<Theme> | undefined; } & SystemProps<...> & Omit<...>): Element | null', gave the following error.
    Property 'component' is missing in type '{ children: Element; item: true; xs: number; sm: number; }' but required in type '{ component: ElementType<any, keyof IntrinsicElements>; }'.
  Overload 2 of 2, '(props: DefaultComponentProps<GridTypeMap<{}, "div">>): Element | null', gave the following error.
    Type '{ children: Element; item: true; xs: number; sm: number; }' is not assignable to type 'IntrinsicAttributes & GridBaseProps & { sx?: SxProps<Theme> | undefined; } & SystemProps<Theme> & Omit<...>'.
      Property 'item' does not exist on type 'IntrinsicAttributes & GridBaseProps & { sx?: SxProps<Theme> | undefined; } & SystemProps<Theme> & Omit<...>'.
    317 |             </Grid>
    318 |
  > 319 |             <Grid item xs={12} sm={6}>
        |             ^^^^^^^^^^^^^^^^^^^^^^^^^^
    320 |               <TextField
    321 |                 fullWidth
    322 |                 type="number"

TS2769: No overload matches this call.
  Overload 1 of 2, '(props: { component: ElementType<any, keyof IntrinsicElements>; } & GridBaseProps & { sx?: SxProps<Theme> | undefined; } & SystemProps<...> & Omit<...>): Element | null', gave the following error.
    Property 'component' is missing in type '{ children: Element; item: true; xs: number; sm: number; }' but required in type '{ component: ElementType<any, keyof IntrinsicElements>; }'.
  Overload 2 of 2, '(props: DefaultComponentProps<GridTypeMap<{}, "div">>): Element | null', gave the following error.
    Type '{ children: Element; item: true; xs: number; sm: number; }' is not assignable to type 'IntrinsicAttributes & GridBaseProps & { sx?: SxProps<Theme> | undefined; } & SystemProps<Theme> & Omit<...>'.
      Property 'item' does not exist on type 'IntrinsicAttributes & GridBaseProps & { sx?: SxProps<Theme> | undefined; } & SystemProps<Theme> & Omit<...>'.
    329 |             </Grid>
    330 |
  > 331 |             <Grid item xs={12} sm={6}>
        |             ^^^^^^^^^^^^^^^^^^^^^^^^^^
    332 |               <TextField
    333 |                 fullWidth
    334 |                 type="number"

TS2769: No overload matches this call.
  Overload 1 of 2, '(props: { component: ElementType<any, keyof IntrinsicElements>; } & GridBaseProps & { sx?: SxProps<Theme> | undefined; } & SystemProps<...> & Omit<...>): Element | null', gave the following error.
    Property 'component' is missing in type '{ children: Element; item: true; xs: number; sm: number; }' but required in type '{ component: ElementType<any, keyof IntrinsicElements>; }'.
  Overload 2 of 2, '(props: DefaultComponentProps<GridTypeMap<{}, "div">>): Element | null', gave the following error.
    Type '{ children: Element; item: true; xs: number; sm: number; }' is not assignable to type 'IntrinsicAttributes & GridBaseProps & { sx?: SxProps<Theme> | undefined; } & SystemProps<Theme> & Omit<...>'.
      Property 'item' does not exist on type 'IntrinsicAttributes & GridBaseProps & { sx?: SxProps<Theme> | undefined; } & SystemProps<Theme> & Omit<...>'.
    340 |             </Grid>
    341 |
  > 342 |             <Grid item xs={12} sm={6}>
        |             ^^^^^^^^^^^^^^^^^^^^^^^^^^
    343 |               <TextField
    344 |                 fullWidth
    345 |                 type="number"

TS2769: No overload matches this call.
  Overload 1 of 2, '(props: { component: ElementType<any, keyof IntrinsicElements>; } & GridBaseProps & { sx?: SxProps<Theme> | undefined; } & SystemProps<...> & Omit<...>): Element | null', gave the following error.
    Property 'component' is missing in type '{ children: Element; item: true; xs: number; sm: number; }' but required in type '{ component: ElementType<any, keyof IntrinsicElements>; }'.
  Overload 2 of 2, '(props: DefaultComponentProps<GridTypeMap<{}, "div">>): Element | null', gave the following error.
    Type '{ children: Element; item: true; xs: number; sm: number; }' is not assignable to type 'IntrinsicAttributes & GridBaseProps & { sx?: SxProps<Theme> | undefined; } & SystemProps<Theme> & Omit<...>'.
      Property 'item' does not exist on type 'IntrinsicAttributes & GridBaseProps & { sx?: SxProps<Theme> | undefined; } & SystemProps<Theme> & Omit<...>'.
    351 |             </Grid>
    352 |
  > 353 |             <Grid item xs={12} sm={6}>
        |             ^^^^^^^^^^^^^^^^^^^^^^^^^^
    354 |               <TextField
    355 |                 fullWidth
    356 |                 type="number"

TS2769: No overload matches this call.
  Overload 1 of 2, '(props: { component: ElementType<any, keyof IntrinsicElements>; } & GridBaseProps & { sx?: SxProps<Theme> | undefined; } & SystemProps<...> & Omit<...>): Element | null', gave the following error.
    Property 'component' is missing in type '{ children: Element; item: true; xs: number; sm: number; }' but required in type '{ component: ElementType<any, keyof IntrinsicElements>; }'.
  Overload 2 of 2, '(props: DefaultComponentProps<GridTypeMap<{}, "div">>): Element | null', gave the following error.
    Type '{ children: Element; item: true; xs: number; sm: number; }' is not assignable to type 'IntrinsicAttributes & GridBaseProps & { sx?: SxProps<Theme> | undefined; } & SystemProps<Theme> & Omit<...>'.
      Property 'item' does not exist on type 'IntrinsicAttributes & GridBaseProps & { sx?: SxProps<Theme> | undefined; } & SystemProps<Theme> & Omit<...>'.
    362 |             </Grid>
    363 |
  > 364 |             <Grid item xs={12} sm={6}>
        |             ^^^^^^^^^^^^^^^^^^^^^^^^^^
    365 |               <TextField
    366 |                 fullWidth
    367 |                 type="number"

TS2769: No overload matches this call.
  Overload 1 of 2, '(props: { component: ElementType<any, keyof IntrinsicElements>; } & GridBaseProps & { sx?: SxProps<Theme> | undefined; } & SystemProps<...> & Omit<...>): Element | null', gave the following error.
    Property 'component' is missing in type '{ children: Element; item: true; xs: number; sm: number; }' but required in type '{ component: ElementType<any, keyof IntrinsicElements>; }'.
  Overload 2 of 2, '(props: DefaultComponentProps<GridTypeMap<{}, "div">>): Element | null', gave the following error.
    Type '{ children: Element; item: true; xs: number; sm: number; }' is not assignable to type 'IntrinsicAttributes & GridBaseProps & { sx?: SxProps<Theme> | undefined; } & SystemProps<Theme> & Omit<...>'.
      Property 'item' does not exist on type 'IntrinsicAttributes & GridBaseProps & { sx?: SxProps<Theme> | undefined; } & SystemProps<Theme> & Omit<...>'.
    373 |             </Grid>
    374 |
  > 375 |             <Grid item xs={12} sm={6}>
        |             ^^^^^^^^^^^^^^^^^^^^^^^^^^
    376 |               <TextField
    377 |                 fullWidth
    378 |                 type="date"

TS2769: No overload matches this call.
  Overload 1 of 2, '(props: { component: ElementType<any, keyof IntrinsicElements>; } & GridBaseProps & { sx?: SxProps<Theme> | undefined; } & SystemProps<...> & Omit<...>): Element | null', gave the following error.
    Property 'component' is missing in type '{ children: Element; item: true; xs: number; sm: number; }' but required in type '{ component: ElementType<any, keyof IntrinsicElements>; }'.
  Overload 2 of 2, '(props: DefaultComponentProps<GridTypeMap<{}, "div">>): Element | null', gave the following error.
    Type '{ children: Element; item: true; xs: number; sm: number; }' is not assignable to type 'IntrinsicAttributes & GridBaseProps & { sx?: SxProps<Theme> | undefined; } & SystemProps<Theme> & Omit<...>'.
      Property 'item' does not exist on type 'IntrinsicAttributes & GridBaseProps & { sx?: SxProps<Theme> | undefined; } & SystemProps<Theme> & Omit<...>'.
    385 |             </Grid>
    386 |
  > 387 |             <Grid item xs={12} sm={6}>
        |             ^^^^^^^^^^^^^^^^^^^^^^^^^^
    388 |               <TextField
    389 |                 fullWidth
    390 |                 type="date"

TS2769: No overload matches this call.
  Overload 1 of 2, '(props: { component: ElementType<any, keyof IntrinsicElements>; } & GridBaseProps & { sx?: SxProps<Theme> | undefined; } & SystemProps<...> & Omit<...>): Element | null', gave the following error.
    Property 'component' is missing in type '{ children: Element; item: true; xs: number; sm: number; }' but required in type '{ component: ElementType<any, keyof IntrinsicElements>; }'.
  Overload 2 of 2, '(props: DefaultComponentProps<GridTypeMap<{}, "div">>): Element | null', gave the following error.
    Type '{ children: Element; item: true; xs: number; sm: number; }' is not assignable to type 'IntrinsicAttributes & GridBaseProps & { sx?: SxProps<Theme> | undefined; } & SystemProps<Theme> & Omit<...>'.
      Property 'item' does not exist on type 'IntrinsicAttributes & GridBaseProps & { sx?: SxProps<Theme> | undefined; } & SystemProps<Theme> & Omit<...>'.
    397 |             </Grid>
    398 |
  > 399 |             <Grid item xs={12} sm={6}>
        |             ^^^^^^^^^^^^^^^^^^^^^^^^^^
    400 |               <FormControlLabel
    401 |                 control={
    402 |                   <Switch

TS2769: No overload matches this call.
  Overload 1 of 2, '(props: { component: ElementType<any, keyof IntrinsicElements>; } & GridBaseProps & { sx?: SxProps<Theme> | undefined; } & SystemProps<...> & Omit<...>): Element | null', gave the following error.
    Property 'component' is missing in type '{ children: Element; item: true; xs: number; sm: number; }' but required in type '{ component: ElementType<any, keyof IntrinsicElements>; }'.
  Overload 2 of 2, '(props: DefaultComponentProps<GridTypeMap<{}, "div">>): Element | null', gave the following error.
    Type '{ children: Element; item: true; xs: number; sm: number; }' is not assignable to type 'IntrinsicAttributes & GridBaseProps & { sx?: SxProps<Theme> | undefined; } & SystemProps<Theme> & Omit<...>'.
      Property 'item' does not exist on type 'IntrinsicAttributes & GridBaseProps & { sx?: SxProps<Theme> | undefined; } & SystemProps<Theme> & Omit<...>'.
    409 |             </Grid>
    410 |
  > 411 |             <Grid item xs={12} sm={6}>
        |             ^^^^^^^^^^^^^^^^^^^^^^^^^^
    412 |               <FormControlLabel
    413 |                 control={
    414 |                   <Switch

TS2769: No overload matches this call.
  Overload 1 of 2, '(props: { component: ElementType<any, keyof IntrinsicElements>; } & GridBaseProps & { sx?: SxProps<Theme> | undefined; } & SystemProps<...> & Omit<...>): Element | null', gave the following error.
    Property 'component' is missing in type '{ children: Element; item: true; xs: number; key: string; }' but required in type '{ component: ElementType<any, keyof IntrinsicElements>; }'.
  Overload 2 of 2, '(props: DefaultComponentProps<GridTypeMap<{}, "div">>): Element | null', gave the following error.
    Type '{ children: Element; item: true; xs: number; key: string; }' is not assignable to type 'IntrinsicAttributes & GridBaseProps & { sx?: SxProps<Theme> | undefined; } & SystemProps<Theme> & Omit<...>'.
      Property 'item' does not exist on type 'IntrinsicAttributes & GridBaseProps & { sx?: SxProps<Theme> | undefined; } & SystemProps<Theme> & Omit<...>'.
    192 |         <Grid container spacing={2}>
    193 |           {seoPages.map((page) => (
  > 194 |             <Grid item xs={12} key={page._id}>
        |             ^^^^^^^^^^^^^^^^^^^^^^^^^^^^^^^^^^
    195 |               <Card>
    196 |                 <CardContent>
    197 |                   <Box sx={{ display: 'flex', justifyContent: 'space-between', alignItems: 'start' }}>

TS2769: No overload matches this call.
  Overload 1 of 2, '(props: { component: ElementType<any, keyof IntrinsicElements>; } & GridBaseProps & { sx?: SxProps<Theme> | undefined; } & SystemProps<...> & Omit<...>): Element | null', gave the following error.
    Property 'component' is missing in type '{ children: Element; item: true; xs: number; }' but required in type '{ component: ElementType<any, keyof IntrinsicElements>; }'.
  Overload 2 of 2, '(props: DefaultComponentProps<GridTypeMap<{}, "div">>): Element | null', gave the following error.
    Type '{ children: Element; item: true; xs: number; }' is not assignable to type 'IntrinsicAttributes & GridBaseProps & { sx?: SxProps<Theme> | undefined; } & SystemProps<Theme> & Omit<...>'.
      Property 'item' does not exist on type 'IntrinsicAttributes & GridBaseProps & { sx?: SxProps<Theme> | undefined; } & SystemProps<Theme> & Omit<...>'.
    249 |         <DialogContent dividers>
    250 |           <Grid container spacing={2} sx={{ mt: 0.5 }}>
  > 251 |             <Grid item xs={12}>
        |             ^^^^^^^^^^^^^^^^^^^
    252 |               <TextField
    253 |                 fullWidth
    254 |                 label="Page Path"

TS2769: No overload matches this call.
  Overload 1 of 2, '(props: { component: ElementType<any, keyof IntrinsicElements>; } & GridBaseProps & { sx?: SxProps<Theme> | undefined; } & SystemProps<...> & Omit<...>): Element | null', gave the following error.
    Property 'component' is missing in type '{ children: Element; item: true; xs: number; }' but required in type '{ component: ElementType<any, keyof IntrinsicElements>; }'.
  Overload 2 of 2, '(props: DefaultComponentProps<GridTypeMap<{}, "div">>): Element | null', gave the following error.
    Type '{ children: Element; item: true; xs: number; }' is not assignable to type 'IntrinsicAttributes & GridBaseProps & { sx?: SxProps<Theme> | undefined; } & SystemProps<Theme> & Omit<...>'.
      Property 'item' does not exist on type 'IntrinsicAttributes & GridBaseProps & { sx?: SxProps<Theme> | undefined; } & SystemProps<Theme> & Omit<...>'.
    261 |             </Grid>
    262 |
  > 263 |             <Grid item xs={12}>
        |             ^^^^^^^^^^^^^^^^^^^
    264 |               <TextField
    265 |                 fullWidth
    266 |                 label="Page Title"

TS2769: No overload matches this call.
  Overload 1 of 2, '(props: { component: ElementType<any, keyof IntrinsicElements>; } & GridBaseProps & { sx?: SxProps<Theme> | undefined; } & SystemProps<...> & Omit<...>): Element | null', gave the following error.
    Property 'component' is missing in type '{ children: Element; item: true; xs: number; }' but required in type '{ component: ElementType<any, keyof IntrinsicElements>; }'.
  Overload 2 of 2, '(props: DefaultComponentProps<GridTypeMap<{}, "div">>): Element | null', gave the following error.
    Type '{ children: Element; item: true; xs: number; }' is not assignable to type 'IntrinsicAttributes & GridBaseProps & { sx?: SxProps<Theme> | undefined; } & SystemProps<Theme> & Omit<...>'.
      Property 'item' does not exist on type 'IntrinsicAttributes & GridBaseProps & { sx?: SxProps<Theme> | undefined; } & SystemProps<Theme> & Omit<...>'.
    273 |             </Grid>
    274 |
  > 275 |             <Grid item xs={12}>
        |             ^^^^^^^^^^^^^^^^^^^
    276 |               <TextField
    277 |                 fullWidth
    278 |                 label="Meta Description"

TS2769: No overload matches this call.
  Overload 1 of 2, '(props: { component: ElementType<any, keyof IntrinsicElements>; } & GridBaseProps & { sx?: SxProps<Theme> | undefined; } & SystemProps<...> & Omit<...>): Element | null', gave the following error.
    Property 'component' is missing in type '{ children: Element; item: true; xs: number; }' but required in type '{ component: ElementType<any, keyof IntrinsicElements>; }'.
  Overload 2 of 2, '(props: DefaultComponentProps<GridTypeMap<{}, "div">>): Element | null', gave the following error.
    Type '{ children: Element; item: true; xs: number; }' is not assignable to type 'IntrinsicAttributes & GridBaseProps & { sx?: SxProps<Theme> | undefined; } & SystemProps<Theme> & Omit<...>'.
      Property 'item' does not exist on type 'IntrinsicAttributes & GridBaseProps & { sx?: SxProps<Theme> | undefined; } & SystemProps<Theme> & Omit<...>'.
    287 |             </Grid>
    288 |
  > 289 |             <Grid item xs={12}>
        |             ^^^^^^^^^^^^^^^^^^^
    290 |               <TextField
    291 |                 fullWidth
    292 |                 label="Keywords (comma-separated)"

TS2769: No overload matches this call.
  Overload 1 of 2, '(props: { component: ElementType<any, keyof IntrinsicElements>; } & GridBaseProps & { sx?: SxProps<Theme> | undefined; } & SystemProps<...> & Omit<...>): Element | null', gave the following error.
    Property 'component' is missing in type '{ children: Element; item: true; xs: number; }' but required in type '{ component: ElementType<any, keyof IntrinsicElements>; }'.
  Overload 2 of 2, '(props: DefaultComponentProps<GridTypeMap<{}, "div">>): Element | null', gave the following error.
    Type '{ children: Element; item: true; xs: number; }' is not assignable to type 'IntrinsicAttributes & GridBaseProps & { sx?: SxProps<Theme> | undefined; } & SystemProps<Theme> & Omit<...>'.
      Property 'item' does not exist on type 'IntrinsicAttributes & GridBaseProps & { sx?: SxProps<Theme> | undefined; } & SystemProps<Theme> & Omit<...>'.
    297 |             </Grid>
    298 |
  > 299 |             <Grid item xs={12}>
        |             ^^^^^^^^^^^^^^^^^^^
    300 |               <TextField
    301 |                 fullWidth
    302 |                 label="OG Image URL"

TS2769: No overload matches this call.
  Overload 1 of 2, '(props: { component: ElementType<any, keyof IntrinsicElements>; } & GridBaseProps & { sx?: SxProps<Theme> | undefined; } & SystemProps<...> & Omit<...>): Element | null', gave the following error.
    Property 'component' is missing in type '{ children: Element; item: true; xs: number; sm: number; }' but required in type '{ component: ElementType<any, keyof IntrinsicElements>; }'.
  Overload 2 of 2, '(props: DefaultComponentProps<GridTypeMap<{}, "div">>): Element | null', gave the following error.
    Type '{ children: Element; item: true; xs: number; sm: number; }' is not assignable to type 'IntrinsicAttributes & GridBaseProps & { sx?: SxProps<Theme> | undefined; } & SystemProps<Theme> & Omit<...>'.
      Property 'item' does not exist on type 'IntrinsicAttributes & GridBaseProps & { sx?: SxProps<Theme> | undefined; } & SystemProps<Theme> & Omit<...>'.
    307 |             </Grid>
    308 |
  > 309 |             <Grid item xs={12} sm={6}>
        |             ^^^^^^^^^^^^^^^^^^^^^^^^^^
    310 |               <TextField
    311 |                 fullWidth
    312 |                 label="Canonical URL"

TS2769: No overload matches this call.
  Overload 1 of 2, '(props: { component: ElementType<any, keyof IntrinsicElements>; } & GridBaseProps & { sx?: SxProps<Theme> | undefined; } & SystemProps<...> & Omit<...>): Element | null', gave the following error.
    Property 'component' is missing in type '{ children: Element; item: true; xs: number; sm: number; }' but required in type '{ component: ElementType<any, keyof IntrinsicElements>; }'.
  Overload 2 of 2, '(props: DefaultComponentProps<GridTypeMap<{}, "div">>): Element | null', gave the following error.
    Type '{ children: Element; item: true; xs: number; sm: number; }' is not assignable to type 'IntrinsicAttributes & GridBaseProps & { sx?: SxProps<Theme> | undefined; } & SystemProps<Theme> & Omit<...>'.
      Property 'item' does not exist on type 'IntrinsicAttributes & GridBaseProps & { sx?: SxProps<Theme> | undefined; } & SystemProps<Theme> & Omit<...>'.
    317 |             </Grid>
    318 |
  > 319 |             <Grid item xs={12} sm={6}>
        |             ^^^^^^^^^^^^^^^^^^^^^^^^^^
    320 |               <FormControl fullWidth>
    321 |                 <InputLabel>Robots</InputLabel>
    322 |                 <Select

TS2769: No overload matches this call.
  Overload 1 of 2, '(props: { component: ElementType<any, keyof IntrinsicElements>; } & GridBaseProps & { sx?: SxProps<Theme> | undefined; } & SystemProps<...> & Omit<...>): Element | null', gave the following error.
    Property 'component' is missing in type '{ children: Element; item: true; xs: number; }' but required in type '{ component: ElementType<any, keyof IntrinsicElements>; }'.
  Overload 2 of 2, '(props: DefaultComponentProps<GridTypeMap<{}, "div">>): Element | null', gave the following error.
    Type '{ children: Element; item: true; xs: number; }' is not assignable to type 'IntrinsicAttributes & GridBaseProps & { sx?: SxProps<Theme> | undefined; } & SystemProps<Theme> & Omit<...>'.
      Property 'item' does not exist on type 'IntrinsicAttributes & GridBaseProps & { sx?: SxProps<Theme> | undefined; } & SystemProps<Theme> & Omit<...>'.
    333 |             </Grid>
    334 |
  > 335 |             <Grid item xs={12}>
        |             ^^^^^^^^^^^^^^^^^^^
    336 |               <FormControlLabel
    337 |                 control={
    338 |                   <Switch

TS2769: No overload matches this call.
  Overload 1 of 2, '(props: { component: ElementType<any, keyof IntrinsicElements>; } & GridBaseProps & { sx?: SxProps<Theme> | undefined; } & SystemProps<...> & Omit<...>): Element | null', gave the following error.
    Property 'component' is missing in type '{ children: Element; item: true; xs: number; md: number; lg: number; key: string; }' but required in type '{ component: ElementType<any, keyof IntrinsicElements>; }'.
  Overload 2 of 2, '(props: DefaultComponentProps<GridTypeMap<{}, "div">>): Element | null', gave the following error.
    Type '{ children: Element; item: true; xs: number; md: number; lg: number; key: string; }' is not assignable to type 'IntrinsicAttributes & GridBaseProps & { sx?: SxProps<Theme> | undefined; } & SystemProps<Theme> & Omit<...>'.
      Property 'item' does not exist on type 'IntrinsicAttributes & GridBaseProps & { sx?: SxProps<Theme> | undefined; } & SystemProps<Theme> & Omit<...>'.
    272 |           <Grid container spacing={3}>
    273 |             {testimonials.map((testimonial) => (
  > 274 |               <Grid item xs={12} md={6} lg={4} key={testimonial._id}>
        |               ^^^^^^^^^^^^^^^^^^^^^^^^^^^^^^^^^^^^^^^^^^^^^^^^^^^^^^^
    275 |                 <Card
    276 |                   sx={{
    277 |                     height: '100%',

TS2345: Argument of type '{ serviceAreas: { city: string; areas: string[]; }[]; firstName: string; lastName: string; email: string; phoneNumber: string; alternatePhone: string; dateOfBirth: string; gender: "other" | "male" | "female"; ... 11 more ...; maxBookingsPerDay: number; }' is not assignable to parameter of type 'CreateProfessionalData'.
  Property 'services' is missing in type '{ serviceAreas: { city: string; areas: string[]; }[]; firstName: string; lastName: string; email: string; phoneNumber: string; alternatePhone: string; dateOfBirth: string; gender: "other" | "male" | "female"; ... 11 more ...; maxBookingsPerDay: number; }' but required in type 'CreateProfessionalData'.
    199 |       }
    200 |
  > 201 |       const response = await ProfessionalsService.createProfessional(professionalData)
        |                                                                      ^^^^^^^^^^^^^^^^
    202 |
    203 |       // Success - redirect to professionals list
    204 |       navigate('/professionals', {

TS2769: No overload matches this call.
  Overload 1 of 2, '(props: { component: ElementType<any, keyof IntrinsicElements>; } & GridBaseProps & { sx?: SxProps<Theme> | undefined; } & SystemProps<...> & Omit<...>): Element | null', gave the following error.
    Property 'component' is missing in type '{ children: Element[]; item: true; xs: number; }' but required in type '{ component: ElementType<any, keyof IntrinsicElements>; }'.
  Overload 2 of 2, '(props: DefaultComponentProps<GridTypeMap<{}, "div">>): Element | null', gave the following error.
    Type '{ children: Element[]; item: true; xs: number; }' is not assignable to type 'IntrinsicAttributes & GridBaseProps & { sx?: SxProps<Theme> | undefined; } & SystemProps<Theme> & Omit<...>'.
      Property 'item' does not exist on type 'IntrinsicAttributes & GridBaseProps & { sx?: SxProps<Theme> | undefined; } & SystemProps<Theme> & Omit<...>'.
    234 |   const renderPersonalInfo = () => (
    235 |     <Grid container spacing={3}>
  > 236 |       <Grid item xs={12}>
        |       ^^^^^^^^^^^^^^^^^^^
    237 |         <Typography variant="h6" gutterBottom>
    238 |           Personal Information
    239 |         </Typography>

TS2769: No overload matches this call.
  Overload 1 of 2, '(props: { component: ElementType<any, keyof IntrinsicElements>; } & GridBaseProps & { sx?: SxProps<Theme> | undefined; } & SystemProps<...> & Omit<...>): Element | null', gave the following error.
    Property 'component' is missing in type '{ children: Element; item: true; xs: number; sm: number; }' but required in type '{ component: ElementType<any, keyof IntrinsicElements>; }'.
  Overload 2 of 2, '(props: DefaultComponentProps<GridTypeMap<{}, "div">>): Element | null', gave the following error.
    Type '{ children: Element; item: true; xs: number; sm: number; }' is not assignable to type 'IntrinsicAttributes & GridBaseProps & { sx?: SxProps<Theme> | undefined; } & SystemProps<Theme> & Omit<...>'.
      Property 'item' does not exist on type 'IntrinsicAttributes & GridBaseProps & { sx?: SxProps<Theme> | undefined; } & SystemProps<Theme> & Omit<...>'.
    243 |       </Grid>
    244 |
  > 245 |       <Grid item xs={12} sm={6}>
        |       ^^^^^^^^^^^^^^^^^^^^^^^^^^
    246 |         <TextField
    247 |           fullWidth
    248 |           required

TS2769: No overload matches this call.
  Overload 1 of 2, '(props: { component: ElementType<any, keyof IntrinsicElements>; } & GridBaseProps & { sx?: SxProps<Theme> | undefined; } & SystemProps<...> & Omit<...>): Element | null', gave the following error.
    Property 'component' is missing in type '{ children: Element; item: true; xs: number; sm: number; }' but required in type '{ component: ElementType<any, keyof IntrinsicElements>; }'.
  Overload 2 of 2, '(props: DefaultComponentProps<GridTypeMap<{}, "div">>): Element | null', gave the following error.
    Type '{ children: Element; item: true; xs: number; sm: number; }' is not assignable to type 'IntrinsicAttributes & GridBaseProps & { sx?: SxProps<Theme> | undefined; } & SystemProps<Theme> & Omit<...>'.
      Property 'item' does not exist on type 'IntrinsicAttributes & GridBaseProps & { sx?: SxProps<Theme> | undefined; } & SystemProps<Theme> & Omit<...>'.
    253 |       </Grid>
    254 |
  > 255 |       <Grid item xs={12} sm={6}>
        |       ^^^^^^^^^^^^^^^^^^^^^^^^^^
    256 |         <TextField
    257 |           fullWidth
    258 |           required

TS2769: No overload matches this call.
  Overload 1 of 2, '(props: { component: ElementType<any, keyof IntrinsicElements>; } & GridBaseProps & { sx?: SxProps<Theme> | undefined; } & SystemProps<...> & Omit<...>): Element | null', gave the following error.
    Property 'component' is missing in type '{ children: Element; item: true; xs: number; sm: number; }' but required in type '{ component: ElementType<any, keyof IntrinsicElements>; }'.
  Overload 2 of 2, '(props: DefaultComponentProps<GridTypeMap<{}, "div">>): Element | null', gave the following error.
    Type '{ children: Element; item: true; xs: number; sm: number; }' is not assignable to type 'IntrinsicAttributes & GridBaseProps & { sx?: SxProps<Theme> | undefined; } & SystemProps<Theme> & Omit<...>'.
      Property 'item' does not exist on type 'IntrinsicAttributes & GridBaseProps & { sx?: SxProps<Theme> | undefined; } & SystemProps<Theme> & Omit<...>'.
    263 |       </Grid>
    264 |
  > 265 |       <Grid item xs={12} sm={6}>
        |       ^^^^^^^^^^^^^^^^^^^^^^^^^^
    266 |         <TextField
    267 |           fullWidth
    268 |           required

TS2769: No overload matches this call.
  Overload 1 of 2, '(props: { component: ElementType<any, keyof IntrinsicElements>; } & GridBaseProps & { sx?: SxProps<Theme> | undefined; } & SystemProps<...> & Omit<...>): Element | null', gave the following error.
    Property 'component' is missing in type '{ children: Element; item: true; xs: number; sm: number; }' but required in type '{ component: ElementType<any, keyof IntrinsicElements>; }'.
  Overload 2 of 2, '(props: DefaultComponentProps<GridTypeMap<{}, "div">>): Element | null', gave the following error.
    Type '{ children: Element; item: true; xs: number; sm: number; }' is not assignable to type 'IntrinsicAttributes & GridBaseProps & { sx?: SxProps<Theme> | undefined; } & SystemProps<Theme> & Omit<...>'.
      Property 'item' does not exist on type 'IntrinsicAttributes & GridBaseProps & { sx?: SxProps<Theme> | undefined; } & SystemProps<Theme> & Omit<...>'.
    275 |       </Grid>
    276 |
  > 277 |       <Grid item xs={12} sm={6}>
        |       ^^^^^^^^^^^^^^^^^^^^^^^^^^
    278 |         <TextField
    279 |           fullWidth
    280 |           required

TS2769: No overload matches this call.
  Overload 1 of 2, '(props: { component: ElementType<any, keyof IntrinsicElements>; } & GridBaseProps & { sx?: SxProps<Theme> | undefined; } & SystemProps<...> & Omit<...>): Element | null', gave the following error.
    Property 'component' is missing in type '{ children: Element; item: true; xs: number; sm: number; }' but required in type '{ component: ElementType<any, keyof IntrinsicElements>; }'.
  Overload 2 of 2, '(props: DefaultComponentProps<GridTypeMap<{}, "div">>): Element | null', gave the following error.
    Type '{ children: Element; item: true; xs: number; sm: number; }' is not assignable to type 'IntrinsicAttributes & GridBaseProps & { sx?: SxProps<Theme> | undefined; } & SystemProps<Theme> & Omit<...>'.
      Property 'item' does not exist on type 'IntrinsicAttributes & GridBaseProps & { sx?: SxProps<Theme> | undefined; } & SystemProps<Theme> & Omit<...>'.
    287 |       </Grid>
    288 |
  > 289 |       <Grid item xs={12} sm={6}>
        |       ^^^^^^^^^^^^^^^^^^^^^^^^^^
    290 |         <TextField
    291 |           fullWidth
    292 |           label="Alternate Phone"

TS2769: No overload matches this call.
  Overload 1 of 2, '(props: { component: ElementType<any, keyof IntrinsicElements>; } & GridBaseProps & { sx?: SxProps<Theme> | undefined; } & SystemProps<...> & Omit<...>): Element | null', gave the following error.
    Property 'component' is missing in type '{ children: Element; item: true; xs: number; sm: number; }' but required in type '{ component: ElementType<any, keyof IntrinsicElements>; }'.
  Overload 2 of 2, '(props: DefaultComponentProps<GridTypeMap<{}, "div">>): Element | null', gave the following error.
    Type '{ children: Element; item: true; xs: number; sm: number; }' is not assignable to type 'IntrinsicAttributes & GridBaseProps & { sx?: SxProps<Theme> | undefined; } & SystemProps<Theme> & Omit<...>'.
      Property 'item' does not exist on type 'IntrinsicAttributes & GridBaseProps & { sx?: SxProps<Theme> | undefined; } & SystemProps<Theme> & Omit<...>'.
    297 |       </Grid>
    298 |
  > 299 |       <Grid item xs={12} sm={6}>
        |       ^^^^^^^^^^^^^^^^^^^^^^^^^^
    300 |         <TextField
    301 |           fullWidth
    302 |           type="date"

TS2769: No overload matches this call.
  Overload 1 of 2, '(props: { component: ElementType<any, keyof IntrinsicElements>; } & GridBaseProps & { sx?: SxProps<Theme> | undefined; } & SystemProps<...> & Omit<...>): Element | null', gave the following error.
    Property 'component' is missing in type '{ children: Element; item: true; xs: number; sm: number; }' but required in type '{ component: ElementType<any, keyof IntrinsicElements>; }'.
  Overload 2 of 2, '(props: DefaultComponentProps<GridTypeMap<{}, "div">>): Element | null', gave the following error.
    Type '{ children: Element; item: true; xs: number; sm: number; }' is not assignable to type 'IntrinsicAttributes & GridBaseProps & { sx?: SxProps<Theme> | undefined; } & SystemProps<Theme> & Omit<...>'.
      Property 'item' does not exist on type 'IntrinsicAttributes & GridBaseProps & { sx?: SxProps<Theme> | undefined; } & SystemProps<Theme> & Omit<...>'.
    308 |       </Grid>
    309 |
  > 310 |       <Grid item xs={12} sm={6}>
        |       ^^^^^^^^^^^^^^^^^^^^^^^^^^
    311 |         <FormControl fullWidth>
    312 |           <InputLabel>Gender</InputLabel>
    313 |           <Select

TS2769: No overload matches this call.
  Overload 1 of 2, '(props: { component: ElementType<any, keyof IntrinsicElements>; } & GridBaseProps & { sx?: SxProps<Theme> | undefined; } & SystemProps<...> & Omit<...>): Element | null', gave the following error.
    Property 'component' is missing in type '{ children: Element; item: true; xs: number; sm: number; }' but required in type '{ component: ElementType<any, keyof IntrinsicElements>; }'.
  Overload 2 of 2, '(props: DefaultComponentProps<GridTypeMap<{}, "div">>): Element | null', gave the following error.
    Type '{ children: Element; item: true; xs: number; sm: number; }' is not assignable to type 'IntrinsicAttributes & GridBaseProps & { sx?: SxProps<Theme> | undefined; } & SystemProps<Theme> & Omit<...>'.
      Property 'item' does not exist on type 'IntrinsicAttributes & GridBaseProps & { sx?: SxProps<Theme> | undefined; } & SystemProps<Theme> & Omit<...>'.
    323 |       </Grid>
    324 |
  > 325 |       <Grid item xs={12} sm={6}>
        |       ^^^^^^^^^^^^^^^^^^^^^^^^^^
    326 |         <TextField
    327 |           fullWidth
    328 |           required

TS2769: No overload matches this call.
  Overload 1 of 2, '(props: { component: ElementType<any, keyof IntrinsicElements>; } & GridBaseProps & { sx?: SxProps<Theme> | undefined; } & SystemProps<...> & Omit<...>): Element | null', gave the following error.
    Property 'component' is missing in type '{ children: Element[]; item: true; xs: number; }' but required in type '{ component: ElementType<any, keyof IntrinsicElements>; }'.
  Overload 2 of 2, '(props: DefaultComponentProps<GridTypeMap<{}, "div">>): Element | null', gave the following error.
    Type '{ children: Element[]; item: true; xs: number; }' is not assignable to type 'IntrinsicAttributes & GridBaseProps & { sx?: SxProps<Theme> | undefined; } & SystemProps<Theme> & Omit<...>'.
      Property 'item' does not exist on type 'IntrinsicAttributes & GridBaseProps & { sx?: SxProps<Theme> | undefined; } & SystemProps<Theme> & Omit<...>'.
    348 |   const renderProfessionalDetails = () => (
    349 |     <Grid container spacing={3}>
  > 350 |       <Grid item xs={12}>
        |       ^^^^^^^^^^^^^^^^^^^
    351 |         <Typography variant="h6" gutterBottom>
    352 |           Professional Details
    353 |         </Typography>

TS2769: No overload matches this call.
  Overload 1 of 2, '(props: { component: ElementType<any, keyof IntrinsicElements>; } & GridBaseProps & { sx?: SxProps<Theme> | undefined; } & SystemProps<...> & Omit<...>): Element | null', gave the following error.
    Property 'component' is missing in type '{ children: Element; item: true; xs: number; }' but required in type '{ component: ElementType<any, keyof IntrinsicElements>; }'.
  Overload 2 of 2, '(props: DefaultComponentProps<GridTypeMap<{}, "div">>): Element | null', gave the following error.
    Type '{ children: Element; item: true; xs: number; }' is not assignable to type 'IntrinsicAttributes & GridBaseProps & { sx?: SxProps<Theme> | undefined; } & SystemProps<Theme> & Omit<...>'.
      Property 'item' does not exist on type 'IntrinsicAttributes & GridBaseProps & { sx?: SxProps<Theme> | undefined; } & SystemProps<Theme> & Omit<...>'.
    357 |       </Grid>
    358 |
  > 359 |       <Grid item xs={12}>
        |       ^^^^^^^^^^^^^^^^^^^
    360 |         <FormControl fullWidth required>
    361 |           <InputLabel>Service Categories</InputLabel>
    362 |           <Select

TS2769: No overload matches this call.
  Overload 1 of 2, '(props: { component: ElementType<any, keyof IntrinsicElements>; } & GridBaseProps & { sx?: SxProps<Theme> | undefined; } & SystemProps<...> & Omit<...>): Element | null', gave the following error.
    Property 'component' is missing in type '{ children: Element[]; item: true; xs: number; }' but required in type '{ component: ElementType<any, keyof IntrinsicElements>; }'.
  Overload 2 of 2, '(props: DefaultComponentProps<GridTypeMap<{}, "div">>): Element | null', gave the following error.
    Type '{ children: Element[]; item: true; xs: number; }' is not assignable to type 'IntrinsicAttributes & GridBaseProps & { sx?: SxProps<Theme> | undefined; } & SystemProps<Theme> & Omit<...>'.
      Property 'item' does not exist on type 'IntrinsicAttributes & GridBaseProps & { sx?: SxProps<Theme> | undefined; } & SystemProps<Theme> & Omit<...>'.
    386 |       </Grid>
    387 |
  > 388 |       <Grid item xs={12}>
        |       ^^^^^^^^^^^^^^^^^^^
    389 |         <Typography variant="subtitle2" gutterBottom>
    390 |           Skills
    391 |         </Typography>

TS2769: No overload matches this call.
  Overload 1 of 2, '(props: { component: ElementType<any, keyof IntrinsicElements>; } & GridBaseProps & { sx?: SxProps<Theme> | undefined; } & SystemProps<...> & Omit<...>): Element | null', gave the following error.
    Property 'component' is missing in type '{ children: Element; item: true; xs: number; sm: number; }' but required in type '{ component: ElementType<any, keyof IntrinsicElements>; }'.
  Overload 2 of 2, '(props: DefaultComponentProps<GridTypeMap<{}, "div">>): Element | null', gave the following error.
    Type '{ children: Element; item: true; xs: number; sm: number; }' is not assignable to type 'IntrinsicAttributes & GridBaseProps & { sx?: SxProps<Theme> | undefined; } & SystemProps<Theme> & Omit<...>'.
      Property 'item' does not exist on type 'IntrinsicAttributes & GridBaseProps & { sx?: SxProps<Theme> | undefined; } & SystemProps<Theme> & Omit<...>'.
    415 |       </Grid>
    416 |
  > 417 |       <Grid item xs={12} sm={6}>
        |       ^^^^^^^^^^^^^^^^^^^^^^^^^^
    418 |         <TextField
    419 |           fullWidth
    420 |           required

TS2769: No overload matches this call.
  Overload 1 of 2, '(props: { component: ElementType<any, keyof IntrinsicElements>; } & GridBaseProps & { sx?: SxProps<Theme> | undefined; } & SystemProps<...> & Omit<...>): Element | null', gave the following error.
    Property 'component' is missing in type '{ children: Element; item: true; xs: number; sm: number; }' but required in type '{ component: ElementType<any, keyof IntrinsicElements>; }'.
  Overload 2 of 2, '(props: DefaultComponentProps<GridTypeMap<{}, "div">>): Element | null', gave the following error.
    Type '{ children: Element; item: true; xs: number; sm: number; }' is not assignable to type 'IntrinsicAttributes & GridBaseProps & { sx?: SxProps<Theme> | undefined; } & SystemProps<Theme> & Omit<...>'.
      Property 'item' does not exist on type 'IntrinsicAttributes & GridBaseProps & { sx?: SxProps<Theme> | undefined; } & SystemProps<Theme> & Omit<...>'.
    427 |       </Grid>
    428 |
  > 429 |       <Grid item xs={12} sm={6}>
        |       ^^^^^^^^^^^^^^^^^^^^^^^^^^
    430 |         <FormControl fullWidth required>
    431 |           <InputLabel>Expertise Level</InputLabel>
    432 |           <Select

TS2769: No overload matches this call.
  Overload 1 of 2, '(props: { component: ElementType<any, keyof IntrinsicElements>; } & GridBaseProps & { sx?: SxProps<Theme> | undefined; } & SystemProps<...> & Omit<...>): Element | null', gave the following error.
    Property 'component' is missing in type '{ children: Element; item: true; xs: number; }' but required in type '{ component: ElementType<any, keyof IntrinsicElements>; }'.
  Overload 2 of 2, '(props: DefaultComponentProps<GridTypeMap<{}, "div">>): Element | null', gave the following error.
    Type '{ children: Element; item: true; xs: number; }' is not assignable to type 'IntrinsicAttributes & GridBaseProps & { sx?: SxProps<Theme> | undefined; } & SystemProps<Theme> & Omit<...>'.
      Property 'item' does not exist on type 'IntrinsicAttributes & GridBaseProps & { sx?: SxProps<Theme> | undefined; } & SystemProps<Theme> & Omit<...>'.
    444 |       </Grid>
    445 |
  > 446 |       <Grid item xs={12}>
        |       ^^^^^^^^^^^^^^^^^^^
    447 |         <TextField
    448 |           fullWidth
    449 |           multiline

TS2769: No overload matches this call.
  Overload 1 of 2, '(props: { component: ElementType<any, keyof IntrinsicElements>; } & GridBaseProps & { sx?: SxProps<Theme> | undefined; } & SystemProps<...> & Omit<...>): Element | null', gave the following error.
    Property 'component' is missing in type '{ children: Element; item: true; xs: number; }' but required in type '{ component: ElementType<any, keyof IntrinsicElements>; }'.
  Overload 2 of 2, '(props: DefaultComponentProps<GridTypeMap<{}, "div">>): Element | null', gave the following error.
    Type '{ children: Element; item: true; xs: number; }' is not assignable to type 'IntrinsicAttributes & GridBaseProps & { sx?: SxProps<Theme> | undefined; } & SystemProps<Theme> & Omit<...>'.
      Property 'item' does not exist on type 'IntrinsicAttributes & GridBaseProps & { sx?: SxProps<Theme> | undefined; } & SystemProps<Theme> & Omit<...>'.
    456 |       </Grid>
    457 |
  > 458 |       <Grid item xs={12}>
        |       ^^^^^^^^^^^^^^^^^^^
    459 |         <FormControlLabel
    460 |           control={
    461 |             <Checkbox

TS2769: No overload matches this call.
  Overload 1 of 2, '(props: { component: ElementType<any, keyof IntrinsicElements>; } & GridBaseProps & { sx?: SxProps<Theme> | undefined; } & SystemProps<...> & Omit<...>): Element | null', gave the following error.
    Property 'component' is missing in type '{ children: Element[]; item: true; xs: number; }' but required in type '{ component: ElementType<any, keyof IntrinsicElements>; }'.
  Overload 2 of 2, '(props: DefaultComponentProps<GridTypeMap<{}, "div">>): Element | null', gave the following error.
    Type '{ children: Element[]; item: true; xs: number; }' is not assignable to type 'IntrinsicAttributes & GridBaseProps & { sx?: SxProps<Theme> | undefined; } & SystemProps<Theme> & Omit<...>'.
      Property 'item' does not exist on type 'IntrinsicAttributes & GridBaseProps & { sx?: SxProps<Theme> | undefined; } & SystemProps<Theme> & Omit<...>'.
    472 |   const renderLocationAvailability = () => (
    473 |     <Grid container spacing={3}>
  > 474 |       <Grid item xs={12}>
        |       ^^^^^^^^^^^^^^^^^^^
    475 |         <Typography variant="h6" gutterBottom>
    476 |           Location & Availability
    477 |         </Typography>

TS2769: No overload matches this call.
  Overload 1 of 2, '(props: { component: ElementType<any, keyof IntrinsicElements>; } & GridBaseProps & { sx?: SxProps<Theme> | undefined; } & SystemProps<...> & Omit<...>): Element | null', gave the following error.
    Property 'component' is missing in type '{ children: Element; item: true; xs: number; }' but required in type '{ component: ElementType<any, keyof IntrinsicElements>; }'.
  Overload 2 of 2, '(props: DefaultComponentProps<GridTypeMap<{}, "div">>): Element | null', gave the following error.
    Type '{ children: Element; item: true; xs: number; }' is not assignable to type 'IntrinsicAttributes & GridBaseProps & { sx?: SxProps<Theme> | undefined; } & SystemProps<Theme> & Omit<...>'.
      Property 'item' does not exist on type 'IntrinsicAttributes & GridBaseProps & { sx?: SxProps<Theme> | undefined; } & SystemProps<Theme> & Omit<...>'.
    481 |       </Grid>
    482 |
  > 483 |       <Grid item xs={12}>
        |       ^^^^^^^^^^^^^^^^^^^
    484 |         <TextField
    485 |           fullWidth
    486 |           label="Street / Building"

TS2769: No overload matches this call.
  Overload 1 of 2, '(props: { component: ElementType<any, keyof IntrinsicElements>; } & GridBaseProps & { sx?: SxProps<Theme> | undefined; } & SystemProps<...> & Omit<...>): Element | null', gave the following error.
    Property 'component' is missing in type '{ children: Element; item: true; xs: number; sm: number; }' but required in type '{ component: ElementType<any, keyof IntrinsicElements>; }'.
  Overload 2 of 2, '(props: DefaultComponentProps<GridTypeMap<{}, "div">>): Element | null', gave the following error.
    Type '{ children: Element; item: true; xs: number; sm: number; }' is not assignable to type 'IntrinsicAttributes & GridBaseProps & { sx?: SxProps<Theme> | undefined; } & SystemProps<Theme> & Omit<...>'.
      Property 'item' does not exist on type 'IntrinsicAttributes & GridBaseProps & { sx?: SxProps<Theme> | undefined; } & SystemProps<Theme> & Omit<...>'.
    490 |       </Grid>
    491 |
  > 492 |       <Grid item xs={12} sm={6}>
        |       ^^^^^^^^^^^^^^^^^^^^^^^^^^
    493 |         <TextField
    494 |           fullWidth
    495 |           required

TS2769: No overload matches this call.
  Overload 1 of 2, '(props: { component: ElementType<any, keyof IntrinsicElements>; } & GridBaseProps & { sx?: SxProps<Theme> | undefined; } & SystemProps<...> & Omit<...>): Element | null', gave the following error.
    Property 'component' is missing in type '{ children: Element; item: true; xs: number; sm: number; }' but required in type '{ component: ElementType<any, keyof IntrinsicElements>; }'.
  Overload 2 of 2, '(props: DefaultComponentProps<GridTypeMap<{}, "div">>): Element | null', gave the following error.
    Type '{ children: Element; item: true; xs: number; sm: number; }' is not assignable to type 'IntrinsicAttributes & GridBaseProps & { sx?: SxProps<Theme> | undefined; } & SystemProps<Theme> & Omit<...>'.
      Property 'item' does not exist on type 'IntrinsicAttributes & GridBaseProps & { sx?: SxProps<Theme> | undefined; } & SystemProps<Theme> & Omit<...>'.
    500 |       </Grid>
    501 |
  > 502 |       <Grid item xs={12} sm={6}>
        |       ^^^^^^^^^^^^^^^^^^^^^^^^^^
    503 |         <TextField
    504 |           fullWidth
    505 |           required

TS2769: No overload matches this call.
  Overload 1 of 2, '(props: { component: ElementType<any, keyof IntrinsicElements>; } & GridBaseProps & { sx?: SxProps<Theme> | undefined; } & SystemProps<...> & Omit<...>): Element | null', gave the following error.
    Property 'component' is missing in type '{ children: Element; item: true; xs: number; sm: number; }' but required in type '{ component: ElementType<any, keyof IntrinsicElements>; }'.
  Overload 2 of 2, '(props: DefaultComponentProps<GridTypeMap<{}, "div">>): Element | null', gave the following error.
    Type '{ children: Element; item: true; xs: number; sm: number; }' is not assignable to type 'IntrinsicAttributes & GridBaseProps & { sx?: SxProps<Theme> | undefined; } & SystemProps<Theme> & Omit<...>'.
      Property 'item' does not exist on type 'IntrinsicAttributes & GridBaseProps & { sx?: SxProps<Theme> | undefined; } & SystemProps<Theme> & Omit<...>'.
    510 |       </Grid>
    511 |
  > 512 |       <Grid item xs={12} sm={6}>
        |       ^^^^^^^^^^^^^^^^^^^^^^^^^^
    513 |         <TextField
    514 |           fullWidth
    515 |           required

TS2769: No overload matches this call.
  Overload 1 of 2, '(props: { component: ElementType<any, keyof IntrinsicElements>; } & GridBaseProps & { sx?: SxProps<Theme> | undefined; } & SystemProps<...> & Omit<...>): Element | null', gave the following error.
    Property 'component' is missing in type '{ children: Element; item: true; xs: number; sm: number; }' but required in type '{ component: ElementType<any, keyof IntrinsicElements>; }'.
  Overload 2 of 2, '(props: DefaultComponentProps<GridTypeMap<{}, "div">>): Element | null', gave the following error.
    Type '{ children: Element; item: true; xs: number; sm: number; }' is not assignable to type 'IntrinsicAttributes & GridBaseProps & { sx?: SxProps<Theme> | undefined; } & SystemProps<Theme> & Omit<...>'.
      Property 'item' does not exist on type 'IntrinsicAttributes & GridBaseProps & { sx?: SxProps<Theme> | undefined; } & SystemProps<Theme> & Omit<...>'.
    520 |       </Grid>
    521 |
  > 522 |       <Grid item xs={12} sm={6}>
        |       ^^^^^^^^^^^^^^^^^^^^^^^^^^
    523 |         <TextField
    524 |           fullWidth
    525 |           required

TS2769: No overload matches this call.
  Overload 1 of 2, '(props: { component: ElementType<any, keyof IntrinsicElements>; } & GridBaseProps & { sx?: SxProps<Theme> | undefined; } & SystemProps<...> & Omit<...>): Element | null', gave the following error.
    Property 'component' is missing in type '{ children: Element; item: true; xs: number; }' but required in type '{ component: ElementType<any, keyof IntrinsicElements>; }'.
  Overload 2 of 2, '(props: DefaultComponentProps<GridTypeMap<{}, "div">>): Element | null', gave the following error.
    Type '{ children: Element; item: true; xs: number; }' is not assignable to type 'IntrinsicAttributes & GridBaseProps & { sx?: SxProps<Theme> | undefined; } & SystemProps<Theme> & Omit<...>'.
      Property 'item' does not exist on type 'IntrinsicAttributes & GridBaseProps & { sx?: SxProps<Theme> | undefined; } & SystemProps<Theme> & Omit<...>'.
    531 |       </Grid>
    532 |
  > 533 |       <Grid item xs={12}>
        |       ^^^^^^^^^^^^^^^^^^^
    534 |         <Divider sx={{ my: 2 }} />
    535 |       </Grid>
    536 |

TS2769: No overload matches this call.
  Overload 1 of 2, '(props: { component: ElementType<any, keyof IntrinsicElements>; } & GridBaseProps & { sx?: SxProps<Theme> | undefined; } & SystemProps<...> & Omit<...>): Element | null', gave the following error.
    Property 'component' is missing in type '{ children: Element[]; item: true; xs: number; }' but required in type '{ component: ElementType<any, keyof IntrinsicElements>; }'.
  Overload 2 of 2, '(props: DefaultComponentProps<GridTypeMap<{}, "div">>): Element | null', gave the following error.
    Type '{ children: Element[]; item: true; xs: number; }' is not assignable to type 'IntrinsicAttributes & GridBaseProps & { sx?: SxProps<Theme> | undefined; } & SystemProps<Theme> & Omit<...>'.
      Property 'item' does not exist on type 'IntrinsicAttributes & GridBaseProps & { sx?: SxProps<Theme> | undefined; } & SystemProps<Theme> & Omit<...>'.
    535 |       </Grid>
    536 |
  > 537 |       <Grid item xs={12}>
        |       ^^^^^^^^^^^^^^^^^^^
    538 |         <Typography variant="subtitle1" gutterBottom>
    539 |           Working Days
    540 |         </Typography>

TS2769: No overload matches this call.
  Overload 1 of 2, '(props: { component: ElementType<any, keyof IntrinsicElements>; } & GridBaseProps & { sx?: SxProps<Theme> | undefined; } & SystemProps<...> & Omit<...>): Element | null', gave the following error.
    Property 'component' is missing in type '{ children: Element; item: true; xs: number; sm: number; }' but required in type '{ component: ElementType<any, keyof IntrinsicElements>; }'.
  Overload 2 of 2, '(props: DefaultComponentProps<GridTypeMap<{}, "div">>): Element | null', gave the following error.
    Type '{ children: Element; item: true; xs: number; sm: number; }' is not assignable to type 'IntrinsicAttributes & GridBaseProps & { sx?: SxProps<Theme> | undefined; } & SystemProps<Theme> & Omit<...>'.
      Property 'item' does not exist on type 'IntrinsicAttributes & GridBaseProps & { sx?: SxProps<Theme> | undefined; } & SystemProps<Theme> & Omit<...>'.
    557 |       </Grid>
    558 |
  > 559 |       <Grid item xs={12} sm={6}>
        |       ^^^^^^^^^^^^^^^^^^^^^^^^^^
    560 |         <TextField
    561 |           fullWidth
    562 |           type="time"

TS2769: No overload matches this call.
  Overload 1 of 2, '(props: { component: ElementType<any, keyof IntrinsicElements>; } & GridBaseProps & { sx?: SxProps<Theme> | undefined; } & SystemProps<...> & Omit<...>): Element | null', gave the following error.
    Property 'component' is missing in type '{ children: Element; item: true; xs: number; sm: number; }' but required in type '{ component: ElementType<any, keyof IntrinsicElements>; }'.
  Overload 2 of 2, '(props: DefaultComponentProps<GridTypeMap<{}, "div">>): Element | null', gave the following error.
    Type '{ children: Element; item: true; xs: number; sm: number; }' is not assignable to type 'IntrinsicAttributes & GridBaseProps & { sx?: SxProps<Theme> | undefined; } & SystemProps<Theme> & Omit<...>'.
      Property 'item' does not exist on type 'IntrinsicAttributes & GridBaseProps & { sx?: SxProps<Theme> | undefined; } & SystemProps<Theme> & Omit<...>'.
    568 |       </Grid>
    569 |
  > 570 |       <Grid item xs={12} sm={6}>
        |       ^^^^^^^^^^^^^^^^^^^^^^^^^^
    571 |         <TextField
    572 |           fullWidth
    573 |           type="time"

TS2769: No overload matches this call.
  Overload 1 of 2, '(props: { component: ElementType<any, keyof IntrinsicElements>; } & GridBaseProps & { sx?: SxProps<Theme> | undefined; } & SystemProps<...> & Omit<...>): Element | null', gave the following error.
    Property 'component' is missing in type '{ children: Element; item: true; xs: number; sm: number; }' but required in type '{ component: ElementType<any, keyof IntrinsicElements>; }'.
  Overload 2 of 2, '(props: DefaultComponentProps<GridTypeMap<{}, "div">>): Element | null', gave the following error.
    Type '{ children: Element; item: true; xs: number; sm: number; }' is not assignable to type 'IntrinsicAttributes & GridBaseProps & { sx?: SxProps<Theme> | undefined; } & SystemProps<Theme> & Omit<...>'.
      Property 'item' does not exist on type 'IntrinsicAttributes & GridBaseProps & { sx?: SxProps<Theme> | undefined; } & SystemProps<Theme> & Omit<...>'.
    579 |       </Grid>
    580 |
  > 581 |       <Grid item xs={12} sm={6}>
        |       ^^^^^^^^^^^^^^^^^^^^^^^^^^
    582 |         <FormControl fullWidth>
    583 |           <InputLabel>Initial Availability</InputLabel>
    584 |           <Select

TS2769: No overload matches this call.
  Overload 1 of 2, '(props: { component: ElementType<any, keyof IntrinsicElements>; } & GridBaseProps & { sx?: SxProps<Theme> | undefined; } & SystemProps<...> & Omit<...>): Element | null', gave the following error.
    Property 'component' is missing in type '{ children: Element; item: true; xs: number; sm: number; }' but required in type '{ component: ElementType<any, keyof IntrinsicElements>; }'.
  Overload 2 of 2, '(props: DefaultComponentProps<GridTypeMap<{}, "div">>): Element | null', gave the following error.
    Type '{ children: Element; item: true; xs: number; sm: number; }' is not assignable to type 'IntrinsicAttributes & GridBaseProps & { sx?: SxProps<Theme> | undefined; } & SystemProps<Theme> & Omit<...>'.
      Property 'item' does not exist on type 'IntrinsicAttributes & GridBaseProps & { sx?: SxProps<Theme> | undefined; } & SystemProps<Theme> & Omit<...>'.
    594 |       </Grid>
    595 |
  > 596 |       <Grid item xs={12} sm={6}>
        |       ^^^^^^^^^^^^^^^^^^^^^^^^^^
    597 |         <TextField
    598 |           fullWidth
    599 |           type="number"

TS2769: No overload matches this call.
  Overload 1 of 2, '(props: { component: ElementType<any, keyof IntrinsicElements>; } & GridBaseProps & { sx?: SxProps<Theme> | undefined; } & SystemProps<...> & Omit<...>): Element | null', gave the following error.
    Property 'component' is missing in type '{ children: Element[]; item: true; xs: number; }' but required in type '{ component: ElementType<any, keyof IntrinsicElements>; }'.
  Overload 2 of 2, '(props: DefaultComponentProps<GridTypeMap<{}, "div">>): Element | null', gave the following error.
    Type '{ children: Element[]; item: true; xs: number; }' is not assignable to type 'IntrinsicAttributes & GridBaseProps & { sx?: SxProps<Theme> | undefined; } & SystemProps<Theme> & Omit<...>'.
      Property 'item' does not exist on type 'IntrinsicAttributes & GridBaseProps & { sx?: SxProps<Theme> | undefined; } & SystemProps<Theme> & Omit<...>'.
    609 |   const renderReview = () => (
    610 |     <Grid container spacing={3}>
  > 611 |       <Grid item xs={12}>
        |       ^^^^^^^^^^^^^^^^^^^
    612 |         <Typography variant="h6" gutterBottom>
    613 |           Review Information
    614 |         </Typography>

TS2769: No overload matches this call.
  Overload 1 of 2, '(props: { component: ElementType<any, keyof IntrinsicElements>; } & GridBaseProps & { sx?: SxProps<Theme> | undefined; } & SystemProps<...> & Omit<...>): Element | null', gave the following error.
    Property 'component' is missing in type '{ children: Element; item: true; xs: number; }' but required in type '{ component: ElementType<any, keyof IntrinsicElements>; }'.
  Overload 2 of 2, '(props: DefaultComponentProps<GridTypeMap<{}, "div">>): Element | null', gave the following error.
    Type '{ children: Element; item: true; xs: number; }' is not assignable to type 'IntrinsicAttributes & GridBaseProps & { sx?: SxProps<Theme> | undefined; } & SystemProps<Theme> & Omit<...>'.
      Property 'item' does not exist on type 'IntrinsicAttributes & GridBaseProps & { sx?: SxProps<Theme> | undefined; } & SystemProps<Theme> & Omit<...>'.
    618 |       </Grid>
    619 |
  > 620 |       <Grid item xs={12}>
        |       ^^^^^^^^^^^^^^^^^^^
    621 |         <Paper variant="outlined" sx={{ p: 3 }}>
    622 |           <Typography variant="subtitle1" gutterBottom fontWeight="bold">
    623 |             Personal Information

TS2769: No overload matches this call.
  Overload 1 of 2, '(props: { component: ElementType<any, keyof IntrinsicElements>; } & GridBaseProps & { sx?: SxProps<Theme> | undefined; } & SystemProps<...> & Omit<...>): Element | null', gave the following error.
    Property 'component' is missing in type '{ children: Element; item: true; xs: number; }' but required in type '{ component: ElementType<any, keyof IntrinsicElements>; }'.
  Overload 2 of 2, '(props: DefaultComponentProps<GridTypeMap<{}, "div">>): Element | null', gave the following error.
    Type '{ children: Element; item: true; xs: number; }' is not assignable to type 'IntrinsicAttributes & GridBaseProps & { sx?: SxProps<Theme> | undefined; } & SystemProps<Theme> & Omit<...>'.
      Property 'item' does not exist on type 'IntrinsicAttributes & GridBaseProps & { sx?: SxProps<Theme> | undefined; } & SystemProps<Theme> & Omit<...>'.
    644 |       </Grid>
    645 |
  > 646 |       <Grid item xs={12}>
        |       ^^^^^^^^^^^^^^^^^^^
    647 |         <Paper variant="outlined" sx={{ p: 3 }}>
    648 |           <Typography variant="subtitle1" gutterBottom fontWeight="bold">
    649 |             Professional Details

TS2769: No overload matches this call.
  Overload 1 of 2, '(props: { component: ElementType<any, keyof IntrinsicElements>; } & GridBaseProps & { sx?: SxProps<Theme> | undefined; } & SystemProps<...> & Omit<...>): Element | null', gave the following error.
    Property 'component' is missing in type '{ children: Element; item: true; xs: number; }' but required in type '{ component: ElementType<any, keyof IntrinsicElements>; }'.
  Overload 2 of 2, '(props: DefaultComponentProps<GridTypeMap<{}, "div">>): Element | null', gave the following error.
    Type '{ children: Element; item: true; xs: number; }' is not assignable to type 'IntrinsicAttributes & GridBaseProps & { sx?: SxProps<Theme> | undefined; } & SystemProps<Theme> & Omit<...>'.
      Property 'item' does not exist on type 'IntrinsicAttributes & GridBaseProps & { sx?: SxProps<Theme> | undefined; } & SystemProps<Theme> & Omit<...>'.
    680 |       </Grid>
    681 |
  > 682 |       <Grid item xs={12}>
        |       ^^^^^^^^^^^^^^^^^^^
    683 |         <Paper variant="outlined" sx={{ p: 3 }}>
    684 |           <Typography variant="subtitle1" gutterBottom fontWeight="bold">
    685 |             Location & Availability

TS2769: No overload matches this call.
  Overload 1 of 2, '(props: { component: ElementType<any, keyof IntrinsicElements>; } & GridBaseProps & { sx?: SxProps<Theme> | undefined; } & SystemProps<...> & Omit<...>): Element | null', gave the following error.
    Property 'component' is missing in type '{ children: Element; item: true; xs: number; }' but required in type '{ component: ElementType<any, keyof IntrinsicElements>; }'.
  Overload 2 of 2, '(props: DefaultComponentProps<GridTypeMap<{}, "div">>): Element | null', gave the following error.
    Type '{ children: Element; item: true; xs: number; }' is not assignable to type 'IntrinsicAttributes & GridBaseProps & { sx?: SxProps<Theme> | undefined; } & SystemProps<Theme> & Omit<...>'.
      Property 'item' does not exist on type 'IntrinsicAttributes & GridBaseProps & { sx?: SxProps<Theme> | undefined; } & SystemProps<Theme> & Omit<...>'.
    712 |       </Grid>
    713 |
  > 714 |       <Grid item xs={12}>
        |       ^^^^^^^^^^^^^^^^^^^
    715 |         <Alert severity="info">
    716 |           <Typography variant="body2">
    717 |             <strong>Login Credentials:</strong><br />

TS2322: Type '{ label: string; value: ImageFile[]; onChange: (images: ImageFile[]) => void; maxFiles: number; maxSize: number; helperText: string; disabled: boolean; folder: string; }' is not assignable to type 'IntrinsicAttributes & ImageUploadFieldProps'.
  Property 'folder' does not exist on type 'IntrinsicAttributes & ImageUploadFieldProps'.
    502 |                     helperText="Upload your business logo. Recommended size: 400x400px (1:1 ratio). Max file size: 5MB"
    503 |                     disabled={previewMode}
  > 504 |                     folder="providers/logos"
        |                     ^^^^^^
    505 |                   />
    506 |                 </Box>
    507 |

TS2769: No overload matches this call.
  Overload 1 of 2, '(props: { component: ElementType<any, keyof IntrinsicElements>; } & GridBaseProps & { sx?: SxProps<Theme> | undefined; } & SystemProps<...> & Omit<...>): Element | null', gave the following error.
    Property 'component' is missing in type '{ children: Element; item: true; xs: number; }' but required in type '{ component: ElementType<any, keyof IntrinsicElements>; }'.
  Overload 2 of 2, '(props: DefaultComponentProps<GridTypeMap<{}, "div">>): Element | null', gave the following error.
    Type '{ children: Element; item: true; xs: number; }' is not assignable to type 'IntrinsicAttributes & GridBaseProps & { sx?: SxProps<Theme> | undefined; } & SystemProps<Theme> & Omit<...>'.
      Property 'item' does not exist on type 'IntrinsicAttributes & GridBaseProps & { sx?: SxProps<Theme> | undefined; } & SystemProps<Theme> & Omit<...>'.
    1806 |                   </Typography>
    1807 |                   <Grid container spacing={2}>
  > 1808 |                     <Grid item xs={12}>
         |                     ^^^^^^^^^^^^^^^^^^^
    1809 |                       <TextField
    1810 |                         fullWidth
    1811 |                         size="small"

TS2769: No overload matches this call.
  Overload 1 of 2, '(props: { component: ElementType<any, keyof IntrinsicElements>; } & GridBaseProps & { sx?: SxProps<Theme> | undefined; } & SystemProps<...> & Omit<...>): Element | null', gave the following error.
    Property 'component' is missing in type '{ children: Element; item: true; xs: number; }' but required in type '{ component: ElementType<any, keyof IntrinsicElements>; }'.
  Overload 2 of 2, '(props: DefaultComponentProps<GridTypeMap<{}, "div">>): Element | null', gave the following error.
    Type '{ children: Element; item: true; xs: number; }' is not assignable to type 'IntrinsicAttributes & GridBaseProps & { sx?: SxProps<Theme> | undefined; } & SystemProps<Theme> & Omit<...>'.
      Property 'item' does not exist on type 'IntrinsicAttributes & GridBaseProps & { sx?: SxProps<Theme> | undefined; } & SystemProps<Theme> & Omit<...>'.
    1818 |                       />
    1819 |                     </Grid>
  > 1820 |                     <Grid item xs={12}>
         |                     ^^^^^^^^^^^^^^^^^^^
    1821 |                       <TextField
    1822 |                         fullWidth
    1823 |                         size="small"

TS2769: No overload matches this call.
  Overload 1 of 2, '(props: { component: ElementType<any, keyof IntrinsicElements>; } & GridBaseProps & { sx?: SxProps<Theme> | undefined; } & SystemProps<...> & Omit<...>): Element | null', gave the following error.
    Property 'component' is missing in type '{ children: Element; item: true; xs: number; }' but required in type '{ component: ElementType<any, keyof IntrinsicElements>; }'.
  Overload 2 of 2, '(props: DefaultComponentProps<GridTypeMap<{}, "div">>): Element | null', gave the following error.
    Type '{ children: Element; item: true; xs: number; }' is not assignable to type 'IntrinsicAttributes & GridBaseProps & { sx?: SxProps<Theme> | undefined; } & SystemProps<Theme> & Omit<...>'.
      Property 'item' does not exist on type 'IntrinsicAttributes & GridBaseProps & { sx?: SxProps<Theme> | undefined; } & SystemProps<Theme> & Omit<...>'.
    1832 |                       />
    1833 |                     </Grid>
  > 1834 |                     <Grid item xs={12}>
         |                     ^^^^^^^^^^^^^^^^^^^
    1835 |                       <Button
    1836 |                         variant="contained"
    1837 |                         onClick={addProcessStep}

TS2769: No overload matches this call.
  Overload 1 of 2, '(props: { component: ElementType<any, keyof IntrinsicElements>; } & GridBaseProps & { sx?: SxProps<Theme> | undefined; } & SystemProps<...> & Omit<...>): Element | null', gave the following error.
    Property 'component' is missing in type '{ children: Element; item: true; xs: number; md: number; }' but required in type '{ component: ElementType<any, keyof IntrinsicElements>; }'.
  Overload 2 of 2, '(props: DefaultComponentProps<GridTypeMap<{}, "div">>): Element | null', gave the following error.
    Type '{ children: Element; item: true; xs: number; md: number; }' is not assignable to type 'IntrinsicAttributes & GridBaseProps & { sx?: SxProps<Theme> | undefined; } & SystemProps<Theme> & Omit<...>'.
      Property 'item' does not exist on type 'IntrinsicAttributes & GridBaseProps & { sx?: SxProps<Theme> | undefined; } & SystemProps<Theme> & Omit<...>'.
    1865 |               <Grid container spacing={3}>
    1866 |                 {/* What's Included */}
  > 1867 |                 <Grid item xs={12} md={6}>
         |                 ^^^^^^^^^^^^^^^^^^^^^^^^^^
    1868 |                   <Card sx={{ 
    1869 |                     height: '100%', 
    1870 |                     border: '2px solid',

TS2769: No overload matches this call.
  Overload 1 of 2, '(props: { component: ElementType<any, keyof IntrinsicElements>; } & GridBaseProps & { sx?: SxProps<Theme> | undefined; } & SystemProps<...> & Omit<...>): Element | null', gave the following error.
    Property 'component' is missing in type '{ children: Element; item: true; xs: number; md: number; }' but required in type '{ component: ElementType<any, keyof IntrinsicElements>; }'.
  Overload 2 of 2, '(props: DefaultComponentProps<GridTypeMap<{}, "div">>): Element | null', gave the following error.
    Type '{ children: Element; item: true; xs: number; md: number; }' is not assignable to type 'IntrinsicAttributes & GridBaseProps & { sx?: SxProps<Theme> | undefined; } & SystemProps<Theme> & Omit<...>'.
      Property 'item' does not exist on type 'IntrinsicAttributes & GridBaseProps & { sx?: SxProps<Theme> | undefined; } & SystemProps<Theme> & Omit<...>'.
    1957 |
    1958 |                 {/* What's Excluded */}
  > 1959 |                 <Grid item xs={12} md={6}>
         |                 ^^^^^^^^^^^^^^^^^^^^^^^^^^
    1960 |                   <Card sx={{ 
    1961 |                     height: '100%', 
    1962 |                     border: '2px solid',

TS2769: No overload matches this call.
  Overload 1 of 2, '(props: { component: ElementType<any, keyof IntrinsicElements>; } & GridBaseProps & { sx?: SxProps<Theme> | undefined; } & SystemProps<...> & Omit<...>): Element | null', gave the following error.
    Property 'component' is missing in type '{ children: Element; item: true; xs: number; md: number; }' but required in type '{ component: ElementType<any, keyof IntrinsicElements>; }'.
  Overload 2 of 2, '(props: DefaultComponentProps<GridTypeMap<{}, "div">>): Element | null', gave the following error.
    Type '{ children: Element; item: true; xs: number; md: number; }' is not assignable to type 'IntrinsicAttributes & GridBaseProps & { sx?: SxProps<Theme> | undefined; } & SystemProps<Theme> & Omit<...>'.
      Property 'item' does not exist on type 'IntrinsicAttributes & GridBaseProps & { sx?: SxProps<Theme> | undefined; } & SystemProps<Theme> & Omit<...>'.
    2066 |               <Grid container spacing={3}>
    2067 |                 {/* Please Note */}
  > 2068 |                 <Grid item xs={12} md={6}>
         |                 ^^^^^^^^^^^^^^^^^^^^^^^^^^
    2069 |                   <Card sx={{ 
    2070 |                     height: '100%', 
    2071 |                     border: '2px solid',

TS2769: No overload matches this call.
  Overload 1 of 2, '(props: { component: ElementType<any, keyof IntrinsicElements>; } & GridBaseProps & { sx?: SxProps<Theme> | undefined; } & SystemProps<...> & Omit<...>): Element | null', gave the following error.
    Property 'component' is missing in type '{ children: Element; item: true; xs: number; md: number; }' but required in type '{ component: ElementType<any, keyof IntrinsicElements>; }'.
  Overload 2 of 2, '(props: DefaultComponentProps<GridTypeMap<{}, "div">>): Element | null', gave the following error.
    Type '{ children: Element; item: true; xs: number; md: number; }' is not assignable to type 'IntrinsicAttributes & GridBaseProps & { sx?: SxProps<Theme> | undefined; } & SystemProps<Theme> & Omit<...>'.
      Property 'item' does not exist on type 'IntrinsicAttributes & GridBaseProps & { sx?: SxProps<Theme> | undefined; } & SystemProps<Theme> & Omit<...>'.
    2167 |
    2168 |                 {/* Our Promises */}
  > 2169 |                 <Grid item xs={12} md={6}>
         |                 ^^^^^^^^^^^^^^^^^^^^^^^^^^
    2170 |                   <Card sx={{ 
    2171 |                     height: '100%', 
    2172 |                     border: '2px solid',

TS2769: No overload matches this call.
  Overload 1 of 2, '(props: { component: ElementType<any, keyof IntrinsicElements>; } & GridBaseProps & { sx?: SxProps<Theme> | undefined; } & SystemProps<...> & Omit<...>): Element | null', gave the following error.
    Property 'component' is missing in type '{ children: Element; item: true; xs: number; }' but required in type '{ component: ElementType<any, keyof IntrinsicElements>; }'.
  Overload 2 of 2, '(props: DefaultComponentProps<GridTypeMap<{}, "div">>): Element | null', gave the following error.
    Type '{ children: Element; item: true; xs: number; }' is not assignable to type 'IntrinsicAttributes & GridBaseProps & { sx?: SxProps<Theme> | undefined; } & SystemProps<Theme> & Omit<...>'.
      Property 'item' does not exist on type 'IntrinsicAttributes & GridBaseProps & { sx?: SxProps<Theme> | undefined; } & SystemProps<Theme> & Omit<...>'.
    2379 |                   </Typography>
    2380 |                   <Grid container spacing={2}>
  > 2381 |                     <Grid item xs={12}>
         |                     ^^^^^^^^^^^^^^^^^^^
    2382 |                       <TextField
    2383 |                         fullWidth
    2384 |                         size="small"

TS2769: No overload matches this call.
  Overload 1 of 2, '(props: { component: ElementType<any, keyof IntrinsicElements>; } & GridBaseProps & { sx?: SxProps<Theme> | undefined; } & SystemProps<...> & Omit<...>): Element | null', gave the following error.
    Property 'component' is missing in type '{ children: Element; item: true; xs: number; }' but required in type '{ component: ElementType<any, keyof IntrinsicElements>; }'.
  Overload 2 of 2, '(props: DefaultComponentProps<GridTypeMap<{}, "div">>): Element | null', gave the following error.
    Type '{ children: Element; item: true; xs: number; }' is not assignable to type 'IntrinsicAttributes & GridBaseProps & { sx?: SxProps<Theme> | undefined; } & SystemProps<Theme> & Omit<...>'.
      Property 'item' does not exist on type 'IntrinsicAttributes & GridBaseProps & { sx?: SxProps<Theme> | undefined; } & SystemProps<Theme> & Omit<...>'.
    2391 |                       />
    2392 |                     </Grid>
  > 2393 |                     <Grid item xs={12}>
         |                     ^^^^^^^^^^^^^^^^^^^
    2394 |                       <TextField
    2395 |                         fullWidth
    2396 |                         size="small"

TS2769: No overload matches this call.
  Overload 1 of 2, '(props: { component: ElementType<any, keyof IntrinsicElements>; } & GridBaseProps & { sx?: SxProps<Theme> | undefined; } & SystemProps<...> & Omit<...>): Element | null', gave the following error.
    Property 'component' is missing in type '{ children: Element; item: true; xs: number; }' but required in type '{ component: ElementType<any, keyof IntrinsicElements>; }'.
  Overload 2 of 2, '(props: DefaultComponentProps<GridTypeMap<{}, "div">>): Element | null', gave the following error.
    Type '{ children: Element; item: true; xs: number; }' is not assignable to type 'IntrinsicAttributes & GridBaseProps & { sx?: SxProps<Theme> | undefined; } & SystemProps<Theme> & Omit<...>'.
      Property 'item' does not exist on type 'IntrinsicAttributes & GridBaseProps & { sx?: SxProps<Theme> | undefined; } & SystemProps<Theme> & Omit<...>'.
    2405 |                       />
    2406 |                     </Grid>
  > 2407 |                     <Grid item xs={12}>
         |                     ^^^^^^^^^^^^^^^^^^^
    2408 |                       <Button
    2409 |                         variant="contained"
    2410 |                         onClick={addFaq}

TS2769: No overload matches this call.
  Overload 1 of 2, '(props: { component: ElementType<any, keyof IntrinsicElements>; } & GridBaseProps & { sx?: SxProps<Theme> | undefined; } & SystemProps<...> & Omit<...>): Element | null', gave the following error.
    Property 'component' is missing in type '{ children: Element; item: true; xs: number; sm: number; lg: number; }' but required in type '{ component: ElementType<any, keyof IntrinsicElements>; }'.
  Overload 2 of 2, '(props: DefaultComponentProps<GridTypeMap<{}, "div">>): Element | null', gave the following error.
    Type '{ children: Element; item: true; xs: number; sm: number; lg: number; }' is not assignable to type 'IntrinsicAttributes & GridBaseProps & { sx?: SxProps<Theme> | undefined; } & SystemProps<Theme> & Omit<...>'.
      Property 'item' does not exist on type 'IntrinsicAttributes & GridBaseProps & { sx?: SxProps<Theme> | undefined; } & SystemProps<Theme> & Omit<...>'.
    189 |       {/* Key Stats Cards */}
    190 |       <Grid container spacing={3} sx={{ mb: 4 }}>
  > 191 |         <Grid item xs={12} sm={6} lg={3}>
        |         ^^^^^^^^^^^^^^^^^^^^^^^^^^^^^^^^^
    192 |           <Card sx={{ 
    193 |             height: '100%',
    194 |             background: 'linear-gradient(135deg, #667eea 0%, #764ba2 100%)',

TS2769: No overload matches this call.
  Overload 1 of 2, '(props: { component: ElementType<any, keyof IntrinsicElements>; } & GridBaseProps & { sx?: SxProps<Theme> | undefined; } & SystemProps<...> & Omit<...>): Element | null', gave the following error.
    Property 'component' is missing in type '{ children: Element; item: true; xs: number; sm: number; lg: number; }' but required in type '{ component: ElementType<any, keyof IntrinsicElements>; }'.
  Overload 2 of 2, '(props: DefaultComponentProps<GridTypeMap<{}, "div">>): Element | null', gave the following error.
    Type '{ children: Element; item: true; xs: number; sm: number; lg: number; }' is not assignable to type 'IntrinsicAttributes & GridBaseProps & { sx?: SxProps<Theme> | undefined; } & SystemProps<Theme> & Omit<...>'.
      Property 'item' does not exist on type 'IntrinsicAttributes & GridBaseProps & { sx?: SxProps<Theme> | undefined; } & SystemProps<Theme> & Omit<...>'.
    227 |         </Grid>
    228 |
  > 229 |         <Grid item xs={12} sm={6} lg={3}>
        |         ^^^^^^^^^^^^^^^^^^^^^^^^^^^^^^^^^
    230 |           <Card sx={{ 
    231 |             height: '100%',
    232 |             background: 'linear-gradient(135deg, #f093fb 0%, #f5576c 100%)',

TS2769: No overload matches this call.
  Overload 1 of 2, '(props: { component: ElementType<any, keyof IntrinsicElements>; } & GridBaseProps & { sx?: SxProps<Theme> | undefined; } & SystemProps<...> & Omit<...>): Element | null', gave the following error.
    Property 'component' is missing in type '{ children: Element; item: true; xs: number; sm: number; lg: number; }' but required in type '{ component: ElementType<any, keyof IntrinsicElements>; }'.
  Overload 2 of 2, '(props: DefaultComponentProps<GridTypeMap<{}, "div">>): Element | null', gave the following error.
    Type '{ children: Element; item: true; xs: number; sm: number; lg: number; }' is not assignable to type 'IntrinsicAttributes & GridBaseProps & { sx?: SxProps<Theme> | undefined; } & SystemProps<Theme> & Omit<...>'.
      Property 'item' does not exist on type 'IntrinsicAttributes & GridBaseProps & { sx?: SxProps<Theme> | undefined; } & SystemProps<Theme> & Omit<...>'.
    265 |         </Grid>
    266 |
  > 267 |         <Grid item xs={12} sm={6} lg={3}>
        |         ^^^^^^^^^^^^^^^^^^^^^^^^^^^^^^^^^
    268 |           <Card sx={{ 
    269 |             height: '100%',
    270 |             background: 'linear-gradient(135deg, #4facfe 0%, #00f2fe 100%)',

TS2769: No overload matches this call.
  Overload 1 of 2, '(props: { component: ElementType<any, keyof IntrinsicElements>; } & GridBaseProps & { sx?: SxProps<Theme> | undefined; } & SystemProps<...> & Omit<...>): Element | null', gave the following error.
    Property 'component' is missing in type '{ children: Element; item: true; xs: number; sm: number; lg: number; }' but required in type '{ component: ElementType<any, keyof IntrinsicElements>; }'.
  Overload 2 of 2, '(props: DefaultComponentProps<GridTypeMap<{}, "div">>): Element | null', gave the following error.
    Type '{ children: Element; item: true; xs: number; sm: number; lg: number; }' is not assignable to type 'IntrinsicAttributes & GridBaseProps & { sx?: SxProps<Theme> | undefined; } & SystemProps<Theme> & Omit<...>'.
      Property 'item' does not exist on type 'IntrinsicAttributes & GridBaseProps & { sx?: SxProps<Theme> | undefined; } & SystemProps<Theme> & Omit<...>'.
    303 |         </Grid>
    304 |
  > 305 |         <Grid item xs={12} sm={6} lg={3}>
        |         ^^^^^^^^^^^^^^^^^^^^^^^^^^^^^^^^^
    306 |           <Card sx={{ 
    307 |             height: '100%',
    308 |             background: 'linear-gradient(135deg, #43e97b 0%, #38f9d7 100%)',

TS2769: No overload matches this call.
  Overload 1 of 2, '(props: { component: ElementType<any, keyof IntrinsicElements>; } & GridBaseProps & { sx?: SxProps<Theme> | undefined; } & SystemProps<...> & Omit<...>): Element | null', gave the following error.
    Property 'component' is missing in type '{ children: Element; item: true; xs: number; lg: number; }' but required in type '{ component: ElementType<any, keyof IntrinsicElements>; }'.
  Overload 2 of 2, '(props: DefaultComponentProps<GridTypeMap<{}, "div">>): Element | null', gave the following error.
    Type '{ children: Element; item: true; xs: number; lg: number; }' is not assignable to type 'IntrinsicAttributes & GridBaseProps & { sx?: SxProps<Theme> | undefined; } & SystemProps<Theme> & Omit<...>'.
      Property 'item' does not exist on type 'IntrinsicAttributes & GridBaseProps & { sx?: SxProps<Theme> | undefined; } & SystemProps<Theme> & Omit<...>'.
    345 |       <Grid container spacing={3} sx={{ mb: 4 }}>
    346 |         {/* Revenue Chart */}
  > 347 |         <Grid item xs={12} lg={8}>
        |         ^^^^^^^^^^^^^^^^^^^^^^^^^^
    348 |           <Paper sx={{ p: 3, height: '100%' }}>
    349 |             <Box sx={{ display: 'flex', justifyContent: 'space-between', alignItems: 'center', mb: 3 }}>
    350 |               <Box>

TS2769: No overload matches this call.
  Overload 1 of 2, '(props: { component: ElementType<any, keyof IntrinsicElements>; } & GridBaseProps & { sx?: SxProps<Theme> | undefined; } & SystemProps<...> & Omit<...>): Element | null', gave the following error.
    Property 'component' is missing in type '{ children: Element; item: true; xs: number; lg: number; }' but required in type '{ component: ElementType<any, keyof IntrinsicElements>; }'.
  Overload 2 of 2, '(props: DefaultComponentProps<GridTypeMap<{}, "div">>): Element | null', gave the following error.
    Type '{ children: Element; item: true; xs: number; lg: number; }' is not assignable to type 'IntrinsicAttributes & GridBaseProps & { sx?: SxProps<Theme> | undefined; } & SystemProps<Theme> & Omit<...>'.
      Property 'item' does not exist on type 'IntrinsicAttributes & GridBaseProps & { sx?: SxProps<Theme> | undefined; } & SystemProps<Theme> & Omit<...>'.
    411 |
    412 |         {/* Category Performance */}
  > 413 |         <Grid item xs={12} lg={4}>
        |         ^^^^^^^^^^^^^^^^^^^^^^^^^^
    414 |           <Paper sx={{ p: 3, height: '100%' }}>
    415 |             <Box sx={{ display: 'flex', justifyContent: 'space-between', alignItems: 'center', mb: 3 }}>
    416 |               <Box>

TS2769: No overload matches this call.
  Overload 1 of 2, '(props: { component: ElementType<any, keyof IntrinsicElements>; } & GridBaseProps & { sx?: SxProps<Theme> | undefined; } & SystemProps<...> & Omit<...>): Element | null', gave the following error.
    Property 'component' is missing in type '{ children: Element; item: true; xs: number; lg: number; }' but required in type '{ component: ElementType<any, keyof IntrinsicElements>; }'.
  Overload 2 of 2, '(props: DefaultComponentProps<GridTypeMap<{}, "div">>): Element | null', gave the following error.
    Type '{ children: Element; item: true; xs: number; lg: number; }' is not assignable to type 'IntrinsicAttributes & GridBaseProps & { sx?: SxProps<Theme> | undefined; } & SystemProps<Theme> & Omit<...>'.
      Property 'item' does not exist on type 'IntrinsicAttributes & GridBaseProps & { sx?: SxProps<Theme> | undefined; } & SystemProps<Theme> & Omit<...>'.
    475 |       <Grid container spacing={3}>
    476 |         {/* Recent Orders */}
  > 477 |         <Grid item xs={12} lg={8}>
        |         ^^^^^^^^^^^^^^^^^^^^^^^^^^
    478 |           <Paper sx={{ p: 3 }}>
    479 |             <Box sx={{ display: 'flex', justifyContent: 'space-between', alignItems: 'center', mb: 3 }}>
    480 |               <Box>

TS2769: No overload matches this call.
  Overload 1 of 2, '(props: { component: ElementType<any, keyof IntrinsicElements>; } & GridBaseProps & { sx?: SxProps<Theme> | undefined; } & SystemProps<...> & Omit<...>): Element | null', gave the following error.
    Property 'component' is missing in type '{ children: Element; item: true; xs: number; lg: number; }' but required in type '{ component: ElementType<any, keyof IntrinsicElements>; }'.
  Overload 2 of 2, '(props: DefaultComponentProps<GridTypeMap<{}, "div">>): Element | null', gave the following error.
    Type '{ children: Element; item: true; xs: number; lg: number; }' is not assignable to type 'IntrinsicAttributes & GridBaseProps & { sx?: SxProps<Theme> | undefined; } & SystemProps<Theme> & Omit<...>'.
      Property 'item' does not exist on type 'IntrinsicAttributes & GridBaseProps & { sx?: SxProps<Theme> | undefined; } & SystemProps<Theme> & Omit<...>'.
    556 |
    557 |         {/* Top Providers */}
  > 558 |         <Grid item xs={12} lg={4}>
        |         ^^^^^^^^^^^^^^^^^^^^^^^^^^
    559 |           <Paper sx={{ p: 3 }}>
    560 |             <Box sx={{ display: 'flex', justifyContent: 'space-between', alignItems: 'center', mb: 3 }}>
    561 |               <Box>

TS2769: No overload matches this call.
  Overload 1 of 2, '(props: { component: ElementType<any, keyof IntrinsicElements>; } & GridBaseProps & { sx?: SxProps<Theme> | undefined; } & SystemProps<...> & Omit<...>): Element | null', gave the following error.
    Property 'component' is missing in type '{ children: Element; item: true; xs: number; sm: number; lg: number; }' but required in type '{ component: ElementType<any, keyof IntrinsicElements>; }'.
  Overload 2 of 2, '(props: DefaultComponentProps<GridTypeMap<{}, "div">>): Element | null', gave the following error.
    Type '{ children: Element; item: true; xs: number; sm: number; lg: number; }' is not assignable to type 'IntrinsicAttributes & GridBaseProps & { sx?: SxProps<Theme> | undefined; } & SystemProps<Theme> & Omit<...>'.
      Property 'item' does not exist on type 'IntrinsicAttributes & GridBaseProps & { sx?: SxProps<Theme> | undefined; } & SystemProps<Theme> & Omit<...>'.
    190 |       {/* Key Stats Cards */}
    191 |       <Grid container spacing={3} sx={{ mb: 4 }}>
  > 192 |         <Grid item xs={12} sm={6} lg={3}>
        |         ^^^^^^^^^^^^^^^^^^^^^^^^^^^^^^^^^
    193 |           <Card sx={{ 
    194 |             height: '100%',
    195 |             background: 'linear-gradient(135deg, #667eea 0%, #764ba2 100%)',

TS2769: No overload matches this call.
  Overload 1 of 2, '(props: { component: ElementType<any, keyof IntrinsicElements>; } & GridBaseProps & { sx?: SxProps<Theme> | undefined; } & SystemProps<...> & Omit<...>): Element | null', gave the following error.
    Property 'component' is missing in type '{ children: Element; item: true; xs: number; sm: number; lg: number; }' but required in type '{ component: ElementType<any, keyof IntrinsicElements>; }'.
  Overload 2 of 2, '(props: DefaultComponentProps<GridTypeMap<{}, "div">>): Element | null', gave the following error.
    Type '{ children: Element; item: true; xs: number; sm: number; lg: number; }' is not assignable to type 'IntrinsicAttributes & GridBaseProps & { sx?: SxProps<Theme> | undefined; } & SystemProps<Theme> & Omit<...>'.
      Property 'item' does not exist on type 'IntrinsicAttributes & GridBaseProps & { sx?: SxProps<Theme> | undefined; } & SystemProps<Theme> & Omit<...>'.
    227 |           </Card>
    228 |         </Grid>
  > 229 |         <Grid item xs={12} sm={6} lg={3}>
        |         ^^^^^^^^^^^^^^^^^^^^^^^^^^^^^^^^^
    230 |           <Card sx={{ 
    231 |             height: '100%',
    232 |             background: 'linear-gradient(135deg, #f093fb 0%, #f5576c 100%)',

TS2769: No overload matches this call.
  Overload 1 of 2, '(props: { component: ElementType<any, keyof IntrinsicElements>; } & GridBaseProps & { sx?: SxProps<Theme> | undefined; } & SystemProps<...> & Omit<...>): Element | null', gave the following error.
    Property 'component' is missing in type '{ children: Element; item: true; xs: number; sm: number; lg: number; }' but required in type '{ component: ElementType<any, keyof IntrinsicElements>; }'.
  Overload 2 of 2, '(props: DefaultComponentProps<GridTypeMap<{}, "div">>): Element | null', gave the following error.
    Type '{ children: Element; item: true; xs: number; sm: number; lg: number; }' is not assignable to type 'IntrinsicAttributes & GridBaseProps & { sx?: SxProps<Theme> | undefined; } & SystemProps<Theme> & Omit<...>'.
      Property 'item' does not exist on type 'IntrinsicAttributes & GridBaseProps & { sx?: SxProps<Theme> | undefined; } & SystemProps<Theme> & Omit<...>'.
    264 |           </Card>
    265 |         </Grid>
  > 266 |         <Grid item xs={12} sm={6} lg={3}>
        |         ^^^^^^^^^^^^^^^^^^^^^^^^^^^^^^^^^
    267 |           <Card sx={{ 
    268 |             height: '100%',
    269 |             background: 'linear-gradient(135deg, #4facfe 0%, #00f2fe 100%)',

TS2769: No overload matches this call.
  Overload 1 of 2, '(props: { component: ElementType<any, keyof IntrinsicElements>; } & GridBaseProps & { sx?: SxProps<Theme> | undefined; } & SystemProps<...> & Omit<...>): Element | null', gave the following error.
    Property 'component' is missing in type '{ children: Element; item: true; xs: number; sm: number; lg: number; }' but required in type '{ component: ElementType<any, keyof IntrinsicElements>; }'.
  Overload 2 of 2, '(props: DefaultComponentProps<GridTypeMap<{}, "div">>): Element | null', gave the following error.
    Type '{ children: Element; item: true; xs: number; sm: number; lg: number; }' is not assignable to type 'IntrinsicAttributes & GridBaseProps & { sx?: SxProps<Theme> | undefined; } & SystemProps<Theme> & Omit<...>'.
      Property 'item' does not exist on type 'IntrinsicAttributes & GridBaseProps & { sx?: SxProps<Theme> | undefined; } & SystemProps<Theme> & Omit<...>'.
    301 |           </Card>
    302 |         </Grid>
  > 303 |         <Grid item xs={12} sm={6} lg={3}>
        |         ^^^^^^^^^^^^^^^^^^^^^^^^^^^^^^^^^
    304 |           <Card sx={{ 
    305 |             height: '100%',
    306 |             background: 'linear-gradient(135deg, #43e97b 0%, #38f9d7 100%)',

TS2769: No overload matches this call.
  Overload 1 of 2, '(props: { component: ElementType<any, keyof IntrinsicElements>; } & GridBaseProps & { sx?: SxProps<Theme> | undefined; } & SystemProps<...> & Omit<...>): Element | null', gave the following error.
    Property 'component' is missing in type '{ children: Element; item: true; xs: number; lg: number; }' but required in type '{ component: ElementType<any, keyof IntrinsicElements>; }'.
  Overload 2 of 2, '(props: DefaultComponentProps<GridTypeMap<{}, "div">>): Element | null', gave the following error.
    Type '{ children: Element; item: true; xs: number; lg: number; }' is not assignable to type 'IntrinsicAttributes & GridBaseProps & { sx?: SxProps<Theme> | undefined; } & SystemProps<Theme> & Omit<...>'.
      Property 'item' does not exist on type 'IntrinsicAttributes & GridBaseProps & { sx?: SxProps<Theme> | undefined; } & SystemProps<Theme> & Omit<...>'.
    342 |       <Grid container spacing={3} sx={{ mb: 4 }}>
    343 |         {/* Revenue Chart */}
  > 344 |         <Grid item xs={12} lg={8}>
        |         ^^^^^^^^^^^^^^^^^^^^^^^^^^
    345 |           <Paper sx={{ p: 3, height: '100%' }}>
    346 |             <Box sx={{ display: 'flex', justifyContent: 'space-between', alignItems: 'center', mb: 3 }}>
    347 |               <Box>

TS2769: No overload matches this call.
  Overload 1 of 2, '(props: { component: ElementType<any, keyof IntrinsicElements>; } & GridBaseProps & { sx?: SxProps<Theme> | undefined; } & SystemProps<...> & Omit<...>): Element | null', gave the following error.
    Property 'component' is missing in type '{ children: Element; item: true; xs: number; lg: number; }' but required in type '{ component: ElementType<any, keyof IntrinsicElements>; }'.
  Overload 2 of 2, '(props: DefaultComponentProps<GridTypeMap<{}, "div">>): Element | null', gave the following error.
    Type '{ children: Element; item: true; xs: number; lg: number; }' is not assignable to type 'IntrinsicAttributes & GridBaseProps & { sx?: SxProps<Theme> | undefined; } & SystemProps<Theme> & Omit<...>'.
      Property 'item' does not exist on type 'IntrinsicAttributes & GridBaseProps & { sx?: SxProps<Theme> | undefined; } & SystemProps<Theme> & Omit<...>'.
    407 |         </Grid>
    408 |         {/* Category Performance */}
  > 409 |         <Grid item xs={12} lg={4}>
        |         ^^^^^^^^^^^^^^^^^^^^^^^^^^
    410 |           <Paper sx={{ p: 3, height: '100%' }}>
    411 |             <Box sx={{ display: 'flex', justifyContent: 'space-between', alignItems: 'center', mb: 3 }}>
    412 |               <Box>

TS2769: No overload matches this call.
  Overload 1 of 2, '(props: { component: ElementType<any, keyof IntrinsicElements>; } & GridBaseProps & { sx?: SxProps<Theme> | undefined; } & SystemProps<...> & Omit<...>): Element | null', gave the following error.
    Property 'component' is missing in type '{ children: Element; item: true; xs: number; lg: number; }' but required in type '{ component: ElementType<any, keyof IntrinsicElements>; }'.
  Overload 2 of 2, '(props: DefaultComponentProps<GridTypeMap<{}, "div">>): Element | null', gave the following error.
    Type '{ children: Element; item: true; xs: number; lg: number; }' is not assignable to type 'IntrinsicAttributes & GridBaseProps & { sx?: SxProps<Theme> | undefined; } & SystemProps<Theme> & Omit<...>'.
      Property 'item' does not exist on type 'IntrinsicAttributes & GridBaseProps & { sx?: SxProps<Theme> | undefined; } & SystemProps<Theme> & Omit<...>'.
    470 |       <Grid container spacing={3}>
    471 |         {/* Recent Orders */}
  > 472 |         <Grid item xs={12} lg={8}>
        |         ^^^^^^^^^^^^^^^^^^^^^^^^^^
    473 |           <Paper sx={{ p: 3 }}>
    474 |             <Box sx={{ display: 'flex', justifyContent: 'space-between', alignItems: 'center', mb: 3 }}>
    475 |               <Box>

TS2769: No overload matches this call.
  Overload 1 of 2, '(props: { component: ElementType<any, keyof IntrinsicElements>; } & GridBaseProps & { sx?: SxProps<Theme> | undefined; } & SystemProps<...> & Omit<...>): Element | null', gave the following error.
    Property 'component' is missing in type '{ children: Element; item: true; xs: number; lg: number; }' but required in type '{ component: ElementType<any, keyof IntrinsicElements>; }'.
  Overload 2 of 2, '(props: DefaultComponentProps<GridTypeMap<{}, "div">>): Element | null', gave the following error.
    Type '{ children: Element; item: true; xs: number; lg: number; }' is not assignable to type 'IntrinsicAttributes & GridBaseProps & { sx?: SxProps<Theme> | undefined; } & SystemProps<Theme> & Omit<...>'.
      Property 'item' does not exist on type 'IntrinsicAttributes & GridBaseProps & { sx?: SxProps<Theme> | undefined; } & SystemProps<Theme> & Omit<...>'.
    550 |         </Grid>
    551 |         {/* Top Providers */}
  > 552 |         <Grid item xs={12} lg={4}>
        |         ^^^^^^^^^^^^^^^^^^^^^^^^^^
    553 |           <Paper sx={{ p: 3 }}>
    554 |             <Box sx={{ display: 'flex', justifyContent: 'space-between', alignItems: 'center', mb: 3 }}>
    555 |               <Box>

TS2322: Type '{ label: string; value: any; onChange: (images: ImageFile[]) => void; maxFiles: number; maxSize: number; helperText: string; disabled: boolean; folder: string; }' is not assignable to type 'IntrinsicAttributes & ImageUploadFieldProps'.
  Property 'folder' does not exist on type 'IntrinsicAttributes & ImageUploadFieldProps'.
    572 |                     helperText="Upload your business logo. Recommended size: 400x400px (1:1 ratio). Max file size: 5MB"
    573 |                     disabled={previewMode}
  > 574 |                     folder="providers/logos"
        |                     ^^^^^^
    575 |                   />
    576 |                 </Box>
    577 |

TS2769: No overload matches this call.
  Overload 1 of 2, '(props: { component: ElementType<any, keyof IntrinsicElements>; } & GridBaseProps & { sx?: SxProps<Theme> | undefined; } & SystemProps<...> & Omit<...>): Element | null', gave the following error.
    Property 'component' is missing in type '{ children: Element; item: true; xs: number; sm: number; md: number; }' but required in type '{ component: ElementType<any, keyof IntrinsicElements>; }'.
  Overload 2 of 2, '(props: DefaultComponentProps<GridTypeMap<{}, "div">>): Element | null', gave the following error.
    Type '{ children: Element; item: true; xs: number; sm: number; md: number; }' is not assignable to type 'IntrinsicAttributes & GridBaseProps & { sx?: SxProps<Theme> | undefined; } & SystemProps<Theme> & Omit<...>'.
      Property 'item' does not exist on type 'IntrinsicAttributes & GridBaseProps & { sx?: SxProps<Theme> | undefined; } & SystemProps<Theme> & Omit<...>'.
    290 |           {/* Quick Stats */}
    291 |           <Grid container spacing={2}>
  > 292 |             <Grid item xs={12} sm={6} md={3}>
        |             ^^^^^^^^^^^^^^^^^^^^^^^^^^^^^^^^^
    293 |               {renderStatsCard(
    294 |                 'Total Categories',
    295 |                 stats.totalCategories,

TS2769: No overload matches this call.
  Overload 1 of 2, '(props: { component: ElementType<any, keyof IntrinsicElements>; } & GridBaseProps & { sx?: SxProps<Theme> | undefined; } & SystemProps<...> & Omit<...>): Element | null', gave the following error.
    Property 'component' is missing in type '{ children: Element; item: true; xs: number; sm: number; md: number; }' but required in type '{ component: ElementType<any, keyof IntrinsicElements>; }'.
  Overload 2 of 2, '(props: DefaultComponentProps<GridTypeMap<{}, "div">>): Element | null', gave the following error.
    Type '{ children: Element; item: true; xs: number; sm: number; md: number; }' is not assignable to type 'IntrinsicAttributes & GridBaseProps & { sx?: SxProps<Theme> | undefined; } & SystemProps<Theme> & Omit<...>'.
      Property 'item' does not exist on type 'IntrinsicAttributes & GridBaseProps & { sx?: SxProps<Theme> | undefined; } & SystemProps<Theme> & Omit<...>'.
    298 |               )}
    299 |             </Grid>
  > 300 |             <Grid item xs={12} sm={6} md={3}>
        |             ^^^^^^^^^^^^^^^^^^^^^^^^^^^^^^^^^
    301 |               {renderStatsCard(
    302 |                 'Active Categories',
    303 |                 stats.activeCategories,

TS2769: No overload matches this call.
  Overload 1 of 2, '(props: { component: ElementType<any, keyof IntrinsicElements>; } & GridBaseProps & { sx?: SxProps<Theme> | undefined; } & SystemProps<...> & Omit<...>): Element | null', gave the following error.
    Property 'component' is missing in type '{ children: Element; item: true; xs: number; sm: number; md: number; }' but required in type '{ component: ElementType<any, keyof IntrinsicElements>; }'.
  Overload 2 of 2, '(props: DefaultComponentProps<GridTypeMap<{}, "div">>): Element | null', gave the following error.
    Type '{ children: Element; item: true; xs: number; sm: number; md: number; }' is not assignable to type 'IntrinsicAttributes & GridBaseProps & { sx?: SxProps<Theme> | undefined; } & SystemProps<Theme> & Omit<...>'.
      Property 'item' does not exist on type 'IntrinsicAttributes & GridBaseProps & { sx?: SxProps<Theme> | undefined; } & SystemProps<Theme> & Omit<...>'.
    306 |               )}
    307 |             </Grid>
  > 308 |             <Grid item xs={12} sm={6} md={3}>
        |             ^^^^^^^^^^^^^^^^^^^^^^^^^^^^^^^^^
    309 |               {renderStatsCard(
    310 |                 'Root Categories',
    311 |                 stats.rootCategories,

TS2769: No overload matches this call.
  Overload 1 of 2, '(props: { component: ElementType<any, keyof IntrinsicElements>; } & GridBaseProps & { sx?: SxProps<Theme> | undefined; } & SystemProps<...> & Omit<...>): Element | null', gave the following error.
    Property 'component' is missing in type '{ children: Element; item: true; xs: number; sm: number; md: number; }' but required in type '{ component: ElementType<any, keyof IntrinsicElements>; }'.
  Overload 2 of 2, '(props: DefaultComponentProps<GridTypeMap<{}, "div">>): Element | null', gave the following error.
    Type '{ children: Element; item: true; xs: number; sm: number; md: number; }' is not assignable to type 'IntrinsicAttributes & GridBaseProps & { sx?: SxProps<Theme> | undefined; } & SystemProps<Theme> & Omit<...>'.
      Property 'item' does not exist on type 'IntrinsicAttributes & GridBaseProps & { sx?: SxProps<Theme> | undefined; } & SystemProps<Theme> & Omit<...>'.
    314 |               )}
    315 |             </Grid>
  > 316 |             <Grid item xs={12} sm={6} md={3}>
        |             ^^^^^^^^^^^^^^^^^^^^^^^^^^^^^^^^^
    317 |               {renderStatsCard(
    318 |                 'Total Views',
    319 |                 stats.totalViews,

TS2339: Property 'invoices' does not exist on type 'InvoicesResponse'.
    112 |
    113 |       if (response.success && response.data) {
  > 114 |         const invoicesData = response.data.invoices || []
        |                                            ^^^^^^^^
    115 |         setInvoices(invoicesData)
    116 |         calculateStats(invoicesData)
    117 |         console.log(`✅ Loaded ${invoicesData.length} invoices`)

TS2339: Property 'error' does not exist on type 'ApiResponse<InvoicesResponse>'.
    117 |         console.log(`✅ Loaded ${invoicesData.length} invoices`)
    118 |       } else {
  > 119 |         throw new Error(response.error || 'Failed to load invoices')
        |                                  ^^^^^
    120 |       }
    121 |     } catch (err: any) {
    122 |       console.error('❌ Failed to load invoices:', err)

TS2322: Type '{ title: string; subtitle: string; icon: Element; action: Element; }' is not assignable to type 'IntrinsicAttributes & PageHeaderProps'.
  Property 'icon' does not exist on type 'IntrinsicAttributes & PageHeaderProps'.
    258 |         title="Invoices"
    259 |         subtitle="Manage and track all billing documents"
  > 260 |         icon={<ReceiptIcon />}
        |         ^^^^
    261 |         action={
    262 |           <Button
    263 |             variant="contained"

TS2769: No overload matches this call.
  Overload 1 of 2, '(props: { component: ElementType<any, keyof IntrinsicElements>; } & GridBaseProps & { sx?: SxProps<Theme> | undefined; } & SystemProps<...> & Omit<...>): Element | null', gave the following error.
    Property 'component' is missing in type '{ children: Element; item: true; xs: number; sm: number; md: number; }' but required in type '{ component: ElementType<any, keyof IntrinsicElements>; }'.
  Overload 2 of 2, '(props: DefaultComponentProps<GridTypeMap<{}, "div">>): Element | null', gave the following error.
    Type '{ children: Element; item: true; xs: number; sm: number; md: number; }' is not assignable to type 'IntrinsicAttributes & GridBaseProps & { sx?: SxProps<Theme> | undefined; } & SystemProps<Theme> & Omit<...>'.
      Property 'item' does not exist on type 'IntrinsicAttributes & GridBaseProps & { sx?: SxProps<Theme> | undefined; } & SystemProps<Theme> & Omit<...>'.
    278 |       {/* Stats Cards */}
    279 |       <Grid container spacing={3} sx={{ mb: 3 }}>
  > 280 |         <Grid item xs={12} sm={6} md={3}>
        |         ^^^^^^^^^^^^^^^^^^^^^^^^^^^^^^^^^
    281 |           <Card
    282 |             sx={{
    283 |               background: 'linear-gradient(135deg, #667eea 0%, #764ba2 100%)',

TS2769: No overload matches this call.
  Overload 1 of 2, '(props: { component: ElementType<any, keyof IntrinsicElements>; } & GridBaseProps & { sx?: SxProps<Theme> | undefined; } & SystemProps<...> & Omit<...>): Element | null', gave the following error.
    Property 'component' is missing in type '{ children: Element; item: true; xs: number; sm: number; md: number; }' but required in type '{ component: ElementType<any, keyof IntrinsicElements>; }'.
  Overload 2 of 2, '(props: DefaultComponentProps<GridTypeMap<{}, "div">>): Element | null', gave the following error.
    Type '{ children: Element; item: true; xs: number; sm: number; md: number; }' is not assignable to type 'IntrinsicAttributes & GridBaseProps & { sx?: SxProps<Theme> | undefined; } & SystemProps<Theme> & Omit<...>'.
      Property 'item' does not exist on type 'IntrinsicAttributes & GridBaseProps & { sx?: SxProps<Theme> | undefined; } & SystemProps<Theme> & Omit<...>'.
    301 |         </Grid>
    302 |
  > 303 |         <Grid item xs={12} sm={6} md={3}>
        |         ^^^^^^^^^^^^^^^^^^^^^^^^^^^^^^^^^
    304 |           <Card>
    305 |             <CardContent>
    306 |               <Box display="flex" justifyContent="space-between" alignItems="center">

TS2769: No overload matches this call.
  Overload 1 of 2, '(props: { component: ElementType<any, keyof IntrinsicElements>; } & GridBaseProps & { sx?: SxProps<Theme> | undefined; } & SystemProps<...> & Omit<...>): Element | null', gave the following error.
    Property 'component' is missing in type '{ children: Element; item: true; xs: number; sm: number; md: number; }' but required in type '{ component: ElementType<any, keyof IntrinsicElements>; }'.
  Overload 2 of 2, '(props: DefaultComponentProps<GridTypeMap<{}, "div">>): Element | null', gave the following error.
    Type '{ children: Element; item: true; xs: number; sm: number; md: number; }' is not assignable to type 'IntrinsicAttributes & GridBaseProps & { sx?: SxProps<Theme> | undefined; } & SystemProps<Theme> & Omit<...>'.
      Property 'item' does not exist on type 'IntrinsicAttributes & GridBaseProps & { sx?: SxProps<Theme> | undefined; } & SystemProps<Theme> & Omit<...>'.
    319 |         </Grid>
    320 |
  > 321 |         <Grid item xs={12} sm={6} md={3}>
        |         ^^^^^^^^^^^^^^^^^^^^^^^^^^^^^^^^^
    322 |           <Card>
    323 |             <CardContent>
    324 |               <Box display="flex" justifyContent="space-between" alignItems="center">

TS2769: No overload matches this call.
  Overload 1 of 2, '(props: { component: ElementType<any, keyof IntrinsicElements>; } & GridBaseProps & { sx?: SxProps<Theme> | undefined; } & SystemProps<...> & Omit<...>): Element | null', gave the following error.
    Property 'component' is missing in type '{ children: Element; item: true; xs: number; sm: number; md: number; }' but required in type '{ component: ElementType<any, keyof IntrinsicElements>; }'.
  Overload 2 of 2, '(props: DefaultComponentProps<GridTypeMap<{}, "div">>): Element | null', gave the following error.
    Type '{ children: Element; item: true; xs: number; sm: number; md: number; }' is not assignable to type 'IntrinsicAttributes & GridBaseProps & { sx?: SxProps<Theme> | undefined; } & SystemProps<Theme> & Omit<...>'.
      Property 'item' does not exist on type 'IntrinsicAttributes & GridBaseProps & { sx?: SxProps<Theme> | undefined; } & SystemProps<Theme> & Omit<...>'.
    337 |         </Grid>
    338 |
  > 339 |         <Grid item xs={12} sm={6} md={3}>
        |         ^^^^^^^^^^^^^^^^^^^^^^^^^^^^^^^^^
    340 |           <Card>
    341 |             <CardContent>
    342 |               <Box display="flex" justifyContent="space-between" alignItems="center">

TS2322: Type '{ children: string; align: "right"; fontWeight: string; }' is not assignable to type 'IntrinsicAttributes & TableCellProps'.
  Property 'fontWeight' does not exist on type 'IntrinsicAttributes & TableCellProps'.
    608 |                         <TableCell align="center">{item.quantity}</TableCell>
    609 |                         <TableCell align="right">{formatCurrency(item.unitPrice)}</TableCell>
  > 610 |                         <TableCell align="right" fontWeight="600">
        |                                                  ^^^^^^^^^^
    611 |                           {formatCurrency(item.amount)}
    612 |                         </TableCell>
    613 |                       </TableRow>

TS2339: Property 'error' does not exist on type 'ApiResponse<OrdersResponse>'.
    103 |         }
    104 |       } else {
  > 105 |         throw new Error(response.error || 'Failed to fetch orders')
        |                                  ^^^^^
    106 |       }
    107 |     } catch (err: any) {
    108 |       console.error('Error fetching orders:', err)

TS2769: No overload matches this call.
  Overload 1 of 2, '(props: { component: ElementType<any, keyof IntrinsicElements>; } & GridBaseProps & { sx?: SxProps<Theme> | undefined; } & SystemProps<...> & Omit<...>): Element | null', gave the following error.
    Property 'component' is missing in type '{ children: Element; item: true; xs: number; sm: number; md: number; }' but required in type '{ component: ElementType<any, keyof IntrinsicElements>; }'.
  Overload 2 of 2, '(props: DefaultComponentProps<GridTypeMap<{}, "div">>): Element | null', gave the following error.
    Type '{ children: Element; item: true; xs: number; sm: number; md: number; }' is not assignable to type 'IntrinsicAttributes & GridBaseProps & { sx?: SxProps<Theme> | undefined; } & SystemProps<Theme> & Omit<...>'.
      Property 'item' does not exist on type 'IntrinsicAttributes & GridBaseProps & { sx?: SxProps<Theme> | undefined; } & SystemProps<Theme> & Omit<...>'.
    260 |
    261 |           <Grid container spacing={2} sx={{ mb: 2 }}>
  > 262 |             <Grid item xs={12} sm={6} md={3}>
        |             ^^^^^^^^^^^^^^^^^^^^^^^^^^^^^^^^^
    263 |               <Box sx={{ display: 'flex', alignItems: 'center', gap: 1 }}>
    264 |                 <ShoppingCartIcon sx={{ color: 'text.secondary', fontSize: 20 }} />
    265 |                 <Box>

TS2769: No overload matches this call.
  Overload 1 of 2, '(props: { component: ElementType<any, keyof IntrinsicElements>; } & GridBaseProps & { sx?: SxProps<Theme> | undefined; } & SystemProps<...> & Omit<...>): Element | null', gave the following error.
    Property 'component' is missing in type '{ children: Element; item: true; xs: number; sm: number; md: number; }' but required in type '{ component: ElementType<any, keyof IntrinsicElements>; }'.
  Overload 2 of 2, '(props: DefaultComponentProps<GridTypeMap<{}, "div">>): Element | null', gave the following error.
    Type '{ children: Element; item: true; xs: number; sm: number; md: number; }' is not assignable to type 'IntrinsicAttributes & GridBaseProps & { sx?: SxProps<Theme> | undefined; } & SystemProps<Theme> & Omit<...>'.
      Property 'item' does not exist on type 'IntrinsicAttributes & GridBaseProps & { sx?: SxProps<Theme> | undefined; } & SystemProps<Theme> & Omit<...>'.
    274 |             </Grid>
    275 |             
  > 276 |             <Grid item xs={12} sm={6} md={3}>
        |             ^^^^^^^^^^^^^^^^^^^^^^^^^^^^^^^^^
    277 |               <Box sx={{ display: 'flex', alignItems: 'center', gap: 1 }}>
    278 |                 <ShippingIcon sx={{ color: 'text.secondary', fontSize: 20 }} />
    279 |                 <Box>

TS2769: No overload matches this call.
  Overload 1 of 2, '(props: { component: ElementType<any, keyof IntrinsicElements>; } & GridBaseProps & { sx?: SxProps<Theme> | undefined; } & SystemProps<...> & Omit<...>): Element | null', gave the following error.
    Property 'component' is missing in type '{ children: Element; item: true; xs: number; sm: number; md: number; }' but required in type '{ component: ElementType<any, keyof IntrinsicElements>; }'.
  Overload 2 of 2, '(props: DefaultComponentProps<GridTypeMap<{}, "div">>): Element | null', gave the following error.
    Type '{ children: Element; item: true; xs: number; sm: number; md: number; }' is not assignable to type 'IntrinsicAttributes & GridBaseProps & { sx?: SxProps<Theme> | undefined; } & SystemProps<Theme> & Omit<...>'.
      Property 'item' does not exist on type 'IntrinsicAttributes & GridBaseProps & { sx?: SxProps<Theme> | undefined; } & SystemProps<Theme> & Omit<...>'.
    288 |             </Grid>
    289 |             
  > 290 |             <Grid item xs={12} sm={6} md={3}>
        |             ^^^^^^^^^^^^^^^^^^^^^^^^^^^^^^^^^
    291 |               <Box sx={{ display: 'flex', alignItems: 'center', gap: 1 }}>
    292 |                 <Typography variant="body2" sx={{ fontWeight: 500 }}>
    293 |                   {order.shippingAddress.city}, {order.shippingAddress.state}

TS2769: No overload matches this call.
  Overload 1 of 2, '(props: { component: ElementType<any, keyof IntrinsicElements>; } & GridBaseProps & { sx?: SxProps<Theme> | undefined; } & SystemProps<...> & Omit<...>): Element | null', gave the following error.
    Property 'component' is missing in type '{ children: Element; item: true; xs: number; sm: number; md: number; }' but required in type '{ component: ElementType<any, keyof IntrinsicElements>; }'.
  Overload 2 of 2, '(props: DefaultComponentProps<GridTypeMap<{}, "div">>): Element | null', gave the following error.
    Type '{ children: Element; item: true; xs: number; sm: number; md: number; }' is not assignable to type 'IntrinsicAttributes & GridBaseProps & { sx?: SxProps<Theme> | undefined; } & SystemProps<Theme> & Omit<...>'.
      Property 'item' does not exist on type 'IntrinsicAttributes & GridBaseProps & { sx?: SxProps<Theme> | undefined; } & SystemProps<Theme> & Omit<...>'.
    299 |             </Grid>
    300 |             
  > 301 |             <Grid item xs={12} sm={6} md={3}>
        |             ^^^^^^^^^^^^^^^^^^^^^^^^^^^^^^^^^
    302 |               <Box sx={{ display: 'flex', alignItems: 'center', gap: 1 }}>
    303 |                 <Typography variant="body2" sx={{ fontWeight: 500 }}>
    304 |                   {formatDate(order.createdAt)}

TS2769: No overload matches this call.
  Overload 1 of 2, '(props: { component: ElementType<any, keyof IntrinsicElements>; } & GridBaseProps & { sx?: SxProps<Theme> | undefined; } & SystemProps<...> & Omit<...>): Element | null', gave the following error.
    Property 'component' is missing in type '{ children: Element; item: true; xs: number; sm: number; }' but required in type '{ component: ElementType<any, keyof IntrinsicElements>; }'.
  Overload 2 of 2, '(props: DefaultComponentProps<GridTypeMap<{}, "div">>): Element | null', gave the following error.
    Type '{ children: Element; item: true; xs: number; sm: number; }' is not assignable to type 'IntrinsicAttributes & GridBaseProps & { sx?: SxProps<Theme> | undefined; } & SystemProps<Theme> & Omit<...>'.
      Property 'item' does not exist on type 'IntrinsicAttributes & GridBaseProps & { sx?: SxProps<Theme> | undefined; } & SystemProps<Theme> & Omit<...>'.
    407 |       {/* Stats */}
    408 |       <Grid container spacing={2} sx={{ mb: 4 }}>
  > 409 |         <Grid item xs={6} sm={2.4}>
        |         ^^^^^^^^^^^^^^^^^^^^^^^^^^^
    410 |           <StatCard title="Pending" value={orderStats.pending} color="warning" />
    411 |         </Grid>
    412 |         <Grid item xs={6} sm={2.4}>

TS2769: No overload matches this call.
  Overload 1 of 2, '(props: { component: ElementType<any, keyof IntrinsicElements>; } & GridBaseProps & { sx?: SxProps<Theme> | undefined; } & SystemProps<...> & Omit<...>): Element | null', gave the following error.
    Property 'component' is missing in type '{ children: Element; item: true; xs: number; sm: number; }' but required in type '{ component: ElementType<any, keyof IntrinsicElements>; }'.
  Overload 2 of 2, '(props: DefaultComponentProps<GridTypeMap<{}, "div">>): Element | null', gave the following error.
    Type '{ children: Element; item: true; xs: number; sm: number; }' is not assignable to type 'IntrinsicAttributes & GridBaseProps & { sx?: SxProps<Theme> | undefined; } & SystemProps<Theme> & Omit<...>'.
      Property 'item' does not exist on type 'IntrinsicAttributes & GridBaseProps & { sx?: SxProps<Theme> | undefined; } & SystemProps<Theme> & Omit<...>'.
    410 |           <StatCard title="Pending" value={orderStats.pending} color="warning" />
    411 |         </Grid>
  > 412 |         <Grid item xs={6} sm={2.4}>
        |         ^^^^^^^^^^^^^^^^^^^^^^^^^^^
    413 |           <StatCard title="Processing" value={orderStats.processing} color="info" />
    414 |         </Grid>
    415 |         <Grid item xs={6} sm={2.4}>

TS2769: No overload matches this call.
  Overload 1 of 2, '(props: { component: ElementType<any, keyof IntrinsicElements>; } & GridBaseProps & { sx?: SxProps<Theme> | undefined; } & SystemProps<...> & Omit<...>): Element | null', gave the following error.
    Property 'component' is missing in type '{ children: Element; item: true; xs: number; sm: number; }' but required in type '{ component: ElementType<any, keyof IntrinsicElements>; }'.
  Overload 2 of 2, '(props: DefaultComponentProps<GridTypeMap<{}, "div">>): Element | null', gave the following error.
    Type '{ children: Element; item: true; xs: number; sm: number; }' is not assignable to type 'IntrinsicAttributes & GridBaseProps & { sx?: SxProps<Theme> | undefined; } & SystemProps<Theme> & Omit<...>'.
      Property 'item' does not exist on type 'IntrinsicAttributes & GridBaseProps & { sx?: SxProps<Theme> | undefined; } & SystemProps<Theme> & Omit<...>'.
    413 |           <StatCard title="Processing" value={orderStats.processing} color="info" />
    414 |         </Grid>
  > 415 |         <Grid item xs={6} sm={2.4}>
        |         ^^^^^^^^^^^^^^^^^^^^^^^^^^^
    416 |           <StatCard title="Shipped" value={orderStats.shipped} color="primary" />
    417 |         </Grid>
    418 |         <Grid item xs={6} sm={2.4}>

TS2769: No overload matches this call.
  Overload 1 of 2, '(props: { component: ElementType<any, keyof IntrinsicElements>; } & GridBaseProps & { sx?: SxProps<Theme> | undefined; } & SystemProps<...> & Omit<...>): Element | null', gave the following error.
    Property 'component' is missing in type '{ children: Element; item: true; xs: number; sm: number; }' but required in type '{ component: ElementType<any, keyof IntrinsicElements>; }'.
  Overload 2 of 2, '(props: DefaultComponentProps<GridTypeMap<{}, "div">>): Element | null', gave the following error.
    Type '{ children: Element; item: true; xs: number; sm: number; }' is not assignable to type 'IntrinsicAttributes & GridBaseProps & { sx?: SxProps<Theme> | undefined; } & SystemProps<Theme> & Omit<...>'.
      Property 'item' does not exist on type 'IntrinsicAttributes & GridBaseProps & { sx?: SxProps<Theme> | undefined; } & SystemProps<Theme> & Omit<...>'.
    416 |           <StatCard title="Shipped" value={orderStats.shipped} color="primary" />
    417 |         </Grid>
  > 418 |         <Grid item xs={6} sm={2.4}>
        |         ^^^^^^^^^^^^^^^^^^^^^^^^^^^
    419 |           <StatCard title="Delivered" value={orderStats.delivered} color="success" />
    420 |         </Grid>
    421 |         <Grid item xs={6} sm={2.4}>

TS2769: No overload matches this call.
  Overload 1 of 2, '(props: { component: ElementType<any, keyof IntrinsicElements>; } & GridBaseProps & { sx?: SxProps<Theme> | undefined; } & SystemProps<...> & Omit<...>): Element | null', gave the following error.
    Property 'component' is missing in type '{ children: Element; item: true; xs: number; sm: number; }' but required in type '{ component: ElementType<any, keyof IntrinsicElements>; }'.
  Overload 2 of 2, '(props: DefaultComponentProps<GridTypeMap<{}, "div">>): Element | null', gave the following error.
    Type '{ children: Element; item: true; xs: number; sm: number; }' is not assignable to type 'IntrinsicAttributes & GridBaseProps & { sx?: SxProps<Theme> | undefined; } & SystemProps<Theme> & Omit<...>'.
      Property 'item' does not exist on type 'IntrinsicAttributes & GridBaseProps & { sx?: SxProps<Theme> | undefined; } & SystemProps<Theme> & Omit<...>'.
    419 |           <StatCard title="Delivered" value={orderStats.delivered} color="success" />
    420 |         </Grid>
  > 421 |         <Grid item xs={6} sm={2.4}>
        |         ^^^^^^^^^^^^^^^^^^^^^^^^^^^
    422 |           <StatCard title="Cancelled" value={orderStats.cancelled} color="error" />
    423 |         </Grid>
    424 |       </Grid>

TS2769: No overload matches this call.
  Overload 1 of 2, '(props: { component: ElementType<any, keyof IntrinsicElements>; } & GridBaseProps & { sx?: SxProps<Theme> | undefined; } & SystemProps<...> & Omit<...>): Element | null', gave the following error.
    Property 'component' is missing in type '{ children: Element; item: true; xs: number; md: number; }' but required in type '{ component: ElementType<any, keyof IntrinsicElements>; }'.
  Overload 2 of 2, '(props: DefaultComponentProps<GridTypeMap<{}, "div">>): Element | null', gave the following error.
    Type '{ children: Element; item: true; xs: number; md: number; }' is not assignable to type 'IntrinsicAttributes & GridBaseProps & { sx?: SxProps<Theme> | undefined; } & SystemProps<Theme> & Omit<...>'.
      Property 'item' does not exist on type 'IntrinsicAttributes & GridBaseProps & { sx?: SxProps<Theme> | undefined; } & SystemProps<Theme> & Omit<...>'.
    428 |         <CardContent>
    429 |           <Grid container spacing={2} alignItems="center">
  > 430 |             <Grid item xs={12} md={6}>
        |             ^^^^^^^^^^^^^^^^^^^^^^^^^^
    431 |               <TextField
    432 |                 fullWidth
    433 |                 placeholder="Search by order number, customer, notes..."

TS2769: No overload matches this call.
  Overload 1 of 2, '(props: { component: ElementType<any, keyof IntrinsicElements>; } & GridBaseProps & { sx?: SxProps<Theme> | undefined; } & SystemProps<...> & Omit<...>): Element | null', gave the following error.
    Property 'component' is missing in type '{ children: Element; item: true; xs: number; md: number; }' but required in type '{ component: ElementType<any, keyof IntrinsicElements>; }'.
  Overload 2 of 2, '(props: DefaultComponentProps<GridTypeMap<{}, "div">>): Element | null', gave the following error.
    Type '{ children: Element; item: true; xs: number; md: number; }' is not assignable to type 'IntrinsicAttributes & GridBaseProps & { sx?: SxProps<Theme> | undefined; } & SystemProps<Theme> & Omit<...>'.
      Property 'item' does not exist on type 'IntrinsicAttributes & GridBaseProps & { sx?: SxProps<Theme> | undefined; } & SystemProps<Theme> & Omit<...>'.
    443 |               />
    444 |             </Grid>
  > 445 |             <Grid item xs={12} md={3}>
        |             ^^^^^^^^^^^^^^^^^^^^^^^^^^
    446 |               <FormControl fullWidth>
    447 |                 <InputLabel>Status</InputLabel>
    448 |                 <Select

TS2769: No overload matches this call.
  Overload 1 of 2, '(props: { component: ElementType<any, keyof IntrinsicElements>; } & GridBaseProps & { sx?: SxProps<Theme> | undefined; } & SystemProps<...> & Omit<...>): Element | null', gave the following error.
    Property 'component' is missing in type '{ children: Element; item: true; xs: number; md: number; }' but required in type '{ component: ElementType<any, keyof IntrinsicElements>; }'.
  Overload 2 of 2, '(props: DefaultComponentProps<GridTypeMap<{}, "div">>): Element | null', gave the following error.
    Type '{ children: Element; item: true; xs: number; md: number; }' is not assignable to type 'IntrinsicAttributes & GridBaseProps & { sx?: SxProps<Theme> | undefined; } & SystemProps<Theme> & Omit<...>'.
      Property 'item' does not exist on type 'IntrinsicAttributes & GridBaseProps & { sx?: SxProps<Theme> | undefined; } & SystemProps<Theme> & Omit<...>'.
    463 |               </FormControl>
    464 |             </Grid>
  > 465 |             <Grid item xs={12} md={3}>
        |             ^^^^^^^^^^^^^^^^^^^^^^^^^^
    466 |               <Button
    467 |                 variant="outlined"
    468 |                 startIcon={<FilterIcon />}

TS2339: Property 'totalRevenue' does not exist on type 'ApiResponse<{ total: number; byStatus: Record<string, number>; totalRevenue: number; totalRefunds: number; averageTransactionAmount: number; successRate: number; monthlyStats: { month: string; transactions: number; revenue: number; refunds: number; }[]; }>'.
    92 |       const statsData = await PaymentsService.getPaymentStats()
    93 |       setStats({
  > 94 |         totalRevenue: statsData.totalRevenue || 0,
       |                                 ^^^^^^^^^^^^
    95 |         pendingPayments: statsData.byStatus?.pending || 0,
    96 |         completedPayments: statsData.byStatus?.completed || 0,
    97 |         refundedAmount: statsData.totalRefunds || 0,

TS2339: Property 'byStatus' does not exist on type 'ApiResponse<{ total: number; byStatus: Record<string, number>; totalRevenue: number; totalRefunds: number; averageTransactionAmount: number; successRate: number; monthlyStats: { month: string; transactions: number; revenue: number; refunds: number; }[]; }>'.
    93 |       setStats({
    94 |         totalRevenue: statsData.totalRevenue || 0,
  > 95 |         pendingPayments: statsData.byStatus?.pending || 0,
       |                                    ^^^^^^^^
    96 |         completedPayments: statsData.byStatus?.completed || 0,
    97 |         refundedAmount: statsData.totalRefunds || 0,
    98 |       })

TS2339: Property 'byStatus' does not exist on type 'ApiResponse<{ total: number; byStatus: Record<string, number>; totalRevenue: number; totalRefunds: number; averageTransactionAmount: number; successRate: number; monthlyStats: { month: string; transactions: number; revenue: number; refunds: number; }[]; }>'.
    94 |         totalRevenue: statsData.totalRevenue || 0,
    95 |         pendingPayments: statsData.byStatus?.pending || 0,
  > 96 |         completedPayments: statsData.byStatus?.completed || 0,
       |                                      ^^^^^^^^
    97 |         refundedAmount: statsData.totalRefunds || 0,
    98 |       })
    99 |

TS2339: Property 'totalRefunds' does not exist on type 'ApiResponse<{ total: number; byStatus: Record<string, number>; totalRevenue: number; totalRefunds: number; averageTransactionAmount: number; successRate: number; monthlyStats: { month: string; transactions: number; revenue: number; refunds: number; }[]; }>'.
     95 |         pendingPayments: statsData.byStatus?.pending || 0,
     96 |         completedPayments: statsData.byStatus?.completed || 0,
  >  97 |         refundedAmount: statsData.totalRefunds || 0,
        |                                   ^^^^^^^^^^^^
     98 |       })
     99 |       
    100 |       // Fetch payments list

TS2339: Property 'payments' does not exist on type 'ApiResponse<{ payments: Payment[]; pagination: { page: number; limit: number; total: number; totalPages: number; }; }>'.
    108 |       
    109 |       const paymentsData = await PaymentsService.getPayments(query)
  > 110 |       setPayments(paymentsData.payments || [])
        |                                ^^^^^^^^
    111 |       if (paymentsData.pagination) {
    112 |         setPagination(paymentsData.pagination)
    113 |       }

TS2339: Property 'pagination' does not exist on type 'ApiResponse<{ payments: Payment[]; pagination: { page: number; limit: number; total: number; totalPages: number; }; }>'.
    109 |       const paymentsData = await PaymentsService.getPayments(query)
    110 |       setPayments(paymentsData.payments || [])
  > 111 |       if (paymentsData.pagination) {
        |                        ^^^^^^^^^^
    112 |         setPagination(paymentsData.pagination)
    113 |       }
    114 |

TS2339: Property 'pagination' does not exist on type 'ApiResponse<{ payments: Payment[]; pagination: { page: number; limit: number; total: number; totalPages: number; }; }>'.
    110 |       setPayments(paymentsData.payments || [])
    111 |       if (paymentsData.pagination) {
  > 112 |         setPagination(paymentsData.pagination)
        |                                    ^^^^^^^^^^
    113 |       }
    114 |       
    115 |     } catch (err: any) {

TS2769: No overload matches this call.
  Overload 1 of 2, '(props: { component: ElementType<any, keyof IntrinsicElements>; } & GridBaseProps & { sx?: SxProps<Theme> | undefined; } & SystemProps<...> & Omit<...>): Element | null', gave the following error.
    Property 'component' is missing in type '{ children: Element; item: true; xs: number; sm: number; md: number; }' but required in type '{ component: ElementType<any, keyof IntrinsicElements>; }'.
  Overload 2 of 2, '(props: DefaultComponentProps<GridTypeMap<{}, "div">>): Element | null', gave the following error.
    Type '{ children: Element; item: true; xs: number; sm: number; md: number; }' is not assignable to type 'IntrinsicAttributes & GridBaseProps & { sx?: SxProps<Theme> | undefined; } & SystemProps<Theme> & Omit<...>'.
      Property 'item' does not exist on type 'IntrinsicAttributes & GridBaseProps & { sx?: SxProps<Theme> | undefined; } & SystemProps<Theme> & Omit<...>'.
    246 |       {/* Stats Cards */}
    247 |       <Grid container spacing={3} sx={{ mb: 4 }}>
  > 248 |         <Grid item xs={12} sm={6} md={3}>
        |         ^^^^^^^^^^^^^^^^^^^^^^^^^^^^^^^^^
    249 |           <Card sx={{ borderRadius: 2 }}>
    250 |             <CardContent>
    251 |               <Box sx={{ display: 'flex', alignItems: 'center', justifyContent: 'space-between', mb: 2 }}>

TS2769: No overload matches this call.
  Overload 1 of 2, '(props: { component: ElementType<any, keyof IntrinsicElements>; } & GridBaseProps & { sx?: SxProps<Theme> | undefined; } & SystemProps<...> & Omit<...>): Element | null', gave the following error.
    Property 'component' is missing in type '{ children: Element; item: true; xs: number; sm: number; md: number; }' but required in type '{ component: ElementType<any, keyof IntrinsicElements>; }'.
  Overload 2 of 2, '(props: DefaultComponentProps<GridTypeMap<{}, "div">>): Element | null', gave the following error.
    Type '{ children: Element; item: true; xs: number; sm: number; md: number; }' is not assignable to type 'IntrinsicAttributes & GridBaseProps & { sx?: SxProps<Theme> | undefined; } & SystemProps<Theme> & Omit<...>'.
      Property 'item' does not exist on type 'IntrinsicAttributes & GridBaseProps & { sx?: SxProps<Theme> | undefined; } & SystemProps<Theme> & Omit<...>'.
    275 |         </Grid>
    276 |
  > 277 |         <Grid item xs={12} sm={6} md={3}>
        |         ^^^^^^^^^^^^^^^^^^^^^^^^^^^^^^^^^
    278 |           <Card sx={{ borderRadius: 2 }}>
    279 |             <CardContent>
    280 |               <Box sx={{ display: 'flex', alignItems: 'center', justifyContent: 'space-between', mb: 2 }}>

TS2769: No overload matches this call.
  Overload 1 of 2, '(props: { component: ElementType<any, keyof IntrinsicElements>; } & GridBaseProps & { sx?: SxProps<Theme> | undefined; } & SystemProps<...> & Omit<...>): Element | null', gave the following error.
    Property 'component' is missing in type '{ children: Element; item: true; xs: number; sm: number; md: number; }' but required in type '{ component: ElementType<any, keyof IntrinsicElements>; }'.
  Overload 2 of 2, '(props: DefaultComponentProps<GridTypeMap<{}, "div">>): Element | null', gave the following error.
    Type '{ children: Element; item: true; xs: number; sm: number; md: number; }' is not assignable to type 'IntrinsicAttributes & GridBaseProps & { sx?: SxProps<Theme> | undefined; } & SystemProps<Theme> & Omit<...>'.
      Property 'item' does not exist on type 'IntrinsicAttributes & GridBaseProps & { sx?: SxProps<Theme> | undefined; } & SystemProps<Theme> & Omit<...>'.
    304 |         </Grid>
    305 |
  > 306 |         <Grid item xs={12} sm={6} md={3}>
        |         ^^^^^^^^^^^^^^^^^^^^^^^^^^^^^^^^^
    307 |           <Card sx={{ borderRadius: 2 }}>
    308 |             <CardContent>
    309 |               <Box sx={{ display: 'flex', alignItems: 'center', justifyContent: 'space-between', mb: 2 }}>

TS2769: No overload matches this call.
  Overload 1 of 2, '(props: { component: ElementType<any, keyof IntrinsicElements>; } & GridBaseProps & { sx?: SxProps<Theme> | undefined; } & SystemProps<...> & Omit<...>): Element | null', gave the following error.
    Property 'component' is missing in type '{ children: Element; item: true; xs: number; sm: number; md: number; }' but required in type '{ component: ElementType<any, keyof IntrinsicElements>; }'.
  Overload 2 of 2, '(props: DefaultComponentProps<GridTypeMap<{}, "div">>): Element | null', gave the following error.
    Type '{ children: Element; item: true; xs: number; sm: number; md: number; }' is not assignable to type 'IntrinsicAttributes & GridBaseProps & { sx?: SxProps<Theme> | undefined; } & SystemProps<Theme> & Omit<...>'.
      Property 'item' does not exist on type 'IntrinsicAttributes & GridBaseProps & { sx?: SxProps<Theme> | undefined; } & SystemProps<Theme> & Omit<...>'.
    333 |         </Grid>
    334 |
  > 335 |         <Grid item xs={12} sm={6} md={3}>
        |         ^^^^^^^^^^^^^^^^^^^^^^^^^^^^^^^^^
    336 |           <Card sx={{ borderRadius: 2 }}>
    337 |             <CardContent>
    338 |               <Box sx={{ display: 'flex', alignItems: 'center', justifyContent: 'space-between', mb: 2 }}>

TS2551: Property 'transaction_id' does not exist on type 'Payment'. Did you mean 'transactionId'?
    446 |                       <TableCell>
    447 |                         <Typography variant="body2" sx={{ fontWeight: 600 }}>
  > 448 |                           {payment.transaction_id || `TXN-${payment.id.slice(0, 8)}`}
        |                                    ^^^^^^^^^^^^^^
    449 |                         </Typography>
    450 |                       </TableCell>
    451 |                       <TableCell>

TS2551: Property 'booking_id' does not exist on type 'Payment'. Did you mean 'bookingId'?
    450 |                       </TableCell>
    451 |                       <TableCell>
  > 452 |                         <Typography variant="body2">{payment.booking_id || 'N/A'}</Typography>
        |                                                              ^^^^^^^^^^
    453 |                       </TableCell>
    454 |                       <TableCell>
    455 |                         <Box sx={{ display: 'flex', alignItems: 'center', gap: 1 }}>

TS2339: Property 'customer_name' does not exist on type 'Payment'.
    455 |                         <Box sx={{ display: 'flex', alignItems: 'center', gap: 1 }}>
    456 |                           <Avatar sx={{ width: 32, height: 32 }}>
  > 457 |                             {payment.customer_name?.charAt(0) || payment.customer?.name?.charAt(0) || 'C'}
        |                                      ^^^^^^^^^^^^^
    458 |                           </Avatar>
    459 |                           <Box>
    460 |                             <Typography variant="body2" sx={{ fontWeight: 500 }}>

TS2339: Property 'customer' does not exist on type 'Payment'.
    455 |                         <Box sx={{ display: 'flex', alignItems: 'center', gap: 1 }}>
    456 |                           <Avatar sx={{ width: 32, height: 32 }}>
  > 457 |                             {payment.customer_name?.charAt(0) || payment.customer?.name?.charAt(0) || 'C'}
        |                                                                          ^^^^^^^^
    458 |                           </Avatar>
    459 |                           <Box>
    460 |                             <Typography variant="body2" sx={{ fontWeight: 500 }}>

TS2339: Property 'customer_name' does not exist on type 'Payment'.
    459 |                           <Box>
    460 |                             <Typography variant="body2" sx={{ fontWeight: 500 }}>
  > 461 |                               {payment.customer_name || payment.customer?.name || 'N/A'}
        |                                        ^^^^^^^^^^^^^
    462 |                             </Typography>
    463 |                             <Typography variant="caption" color="text.secondary">
    464 |                               {payment.customer_email || payment.customer?.email || ''}

TS2339: Property 'customer' does not exist on type 'Payment'.
    459 |                           <Box>
    460 |                             <Typography variant="body2" sx={{ fontWeight: 500 }}>
  > 461 |                               {payment.customer_name || payment.customer?.name || 'N/A'}
        |                                                                 ^^^^^^^^
    462 |                             </Typography>
    463 |                             <Typography variant="caption" color="text.secondary">
    464 |                               {payment.customer_email || payment.customer?.email || ''}

TS2339: Property 'customer_email' does not exist on type 'Payment'.
    462 |                             </Typography>
    463 |                             <Typography variant="caption" color="text.secondary">
  > 464 |                               {payment.customer_email || payment.customer?.email || ''}
        |                                        ^^^^^^^^^^^^^^
    465 |                             </Typography>
    466 |                           </Box>
    467 |                         </Box>

TS2339: Property 'customer' does not exist on type 'Payment'.
    462 |                             </Typography>
    463 |                             <Typography variant="caption" color="text.secondary">
  > 464 |                               {payment.customer_email || payment.customer?.email || ''}
        |                                                                  ^^^^^^^^
    465 |                             </Typography>
    466 |                           </Box>
    467 |                         </Box>

TS2339: Property 'provider_name' does not exist on type 'Payment'.
    468 |                       </TableCell>
    469 |                       <TableCell>
  > 470 |                         <Typography variant="body2">{payment.provider_name || payment.provider?.name || 'N/A'}</Typography>
        |                                                              ^^^^^^^^^^^^^
    471 |                         <Typography variant="caption" color="text.secondary">
    472 |                           {payment.provider_email || payment.provider?.email || ''}
    473 |                         </Typography>

TS2339: Property 'provider' does not exist on type 'Payment'.
    468 |                       </TableCell>
    469 |                       <TableCell>
  > 470 |                         <Typography variant="body2">{payment.provider_name || payment.provider?.name || 'N/A'}</Typography>
        |                                                                                       ^^^^^^^^
    471 |                         <Typography variant="caption" color="text.secondary">
    472 |                           {payment.provider_email || payment.provider?.email || ''}
    473 |                         </Typography>

TS2339: Property 'provider_email' does not exist on type 'Payment'.
    470 |                         <Typography variant="body2">{payment.provider_name || payment.provider?.name || 'N/A'}</Typography>
    471 |                         <Typography variant="caption" color="text.secondary">
  > 472 |                           {payment.provider_email || payment.provider?.email || ''}
        |                                    ^^^^^^^^^^^^^^
    473 |                         </Typography>
    474 |                       </TableCell>
    475 |                       <TableCell>

TS2339: Property 'provider' does not exist on type 'Payment'.
    470 |                         <Typography variant="body2">{payment.provider_name || payment.provider?.name || 'N/A'}</Typography>
    471 |                         <Typography variant="caption" color="text.secondary">
  > 472 |                           {payment.provider_email || payment.provider?.email || ''}
        |                                                              ^^^^^^^^
    473 |                         </Typography>
    474 |                       </TableCell>
    475 |                       <TableCell>

TS2339: Property 'service_name' does not exist on type 'Payment'.
    474 |                       </TableCell>
    475 |                       <TableCell>
  > 476 |                         <Typography variant="body2">{payment.service_name || payment.service || 'N/A'}</Typography>
        |                                                              ^^^^^^^^^^^^
    477 |                         <Typography variant="caption" color="text.secondary">
    478 |                           {payment.category || ''}
    479 |                         </Typography>

TS2339: Property 'service' does not exist on type 'Payment'.
    474 |                       </TableCell>
    475 |                       <TableCell>
  > 476 |                         <Typography variant="body2">{payment.service_name || payment.service || 'N/A'}</Typography>
        |                                                                                      ^^^^^^^
    477 |                         <Typography variant="caption" color="text.secondary">
    478 |                           {payment.category || ''}
    479 |                         </Typography>

TS2339: Property 'category' does not exist on type 'Payment'.
    476 |                         <Typography variant="body2">{payment.service_name || payment.service || 'N/A'}</Typography>
    477 |                         <Typography variant="caption" color="text.secondary">
  > 478 |                           {payment.category || ''}
        |                                    ^^^^^^^^
    479 |                         </Typography>
    480 |                       </TableCell>
    481 |                       <TableCell>

TS2551: Property 'payment_method' does not exist on type 'Payment'. Did you mean 'paymentMethod'?
    481 |                       <TableCell>
    482 |                         <Chip
  > 483 |                           icon={getPaymentMethodIcon(payment.payment_method || payment.paymentMethod || 'card')}
        |                                                              ^^^^^^^^^^^^^^
    484 |                           label={(payment.payment_method || payment.paymentMethod || 'card').toUpperCase()}
    485 |                           size="small"
    486 |                           variant="outlined"

TS2551: Property 'payment_method' does not exist on type 'Payment'. Did you mean 'paymentMethod'?
    482 |                         <Chip
    483 |                           icon={getPaymentMethodIcon(payment.payment_method || payment.paymentMethod || 'card')}
  > 484 |                           label={(payment.payment_method || payment.paymentMethod || 'card').toUpperCase()}
        |                                           ^^^^^^^^^^^^^^
    485 |                           size="small"
    486 |                           variant="outlined"
    487 |                         />

TS2339: Property 'platform_fee' does not exist on type 'Payment'.
    492 |                         </Typography>
    493 |                         <Typography variant="caption" color="text.secondary">
  > 494 |                           Fee: ${payment.platform_fee || payment.fee || 0}
        |                                          ^^^^^^^^^^^^
    495 |                         </Typography>
    496 |                       </TableCell>
    497 |                       <TableCell>

TS2339: Property 'fee' does not exist on type 'Payment'.
    492 |                         </Typography>
    493 |                         <Typography variant="caption" color="text.secondary">
  > 494 |                           Fee: ${payment.platform_fee || payment.fee || 0}
        |                                                                  ^^^
    495 |                         </Typography>
    496 |                       </TableCell>
    497 |                       <TableCell>

TS2551: Property 'created_at' does not exist on type 'Payment'. Did you mean 'createdAt'?
    505 |                       </TableCell>
    506 |                       <TableCell>
  > 507 |                         <Typography variant="body2">{payment.created_at || payment.createdAt || 'N/A'}</Typography>
        |                                                              ^^^^^^^^^^
    508 |                       </TableCell>
    509 |                       <TableCell align="right">
    510 |                         <IconButton

TS2769: No overload matches this call.
  Overload 1 of 2, '(props: { component: ElementType<any, keyof IntrinsicElements>; } & GridBaseProps & { sx?: SxProps<Theme> | undefined; } & SystemProps<...> & Omit<...>): Element | null', gave the following error.
    Property 'component' is missing in type '{ children: Element; item: true; xs: number; }' but required in type '{ component: ElementType<any, keyof IntrinsicElements>; }'.
  Overload 2 of 2, '(props: DefaultComponentProps<GridTypeMap<{}, "div">>): Element | null', gave the following error.
    Type '{ children: Element; item: true; xs: number; }' is not assignable to type 'IntrinsicAttributes & GridBaseProps & { sx?: SxProps<Theme> | undefined; } & SystemProps<Theme> & Omit<...>'.
      Property 'item' does not exist on type 'IntrinsicAttributes & GridBaseProps & { sx?: SxProps<Theme> | undefined; } & SystemProps<Theme> & Omit<...>'.
    561 |           {selectedPayment && (
    562 |             <Grid container spacing={3}>
  > 563 |               <Grid item xs={12}>
        |               ^^^^^^^^^^^^^^^^^^^
    564 |                 <Paper sx={{ p: 2, bgcolor: 'primary.main', color: 'white' }}>
    565 |                   <Typography variant="h5" sx={{ fontWeight: 700, mb: 0.5 }}>
    566 |                     {selectedPayment.transactionId}

TS2769: No overload matches this call.
  Overload 1 of 2, '(props: { component: ElementType<any, keyof IntrinsicElements>; } & GridBaseProps & { sx?: SxProps<Theme> | undefined; } & SystemProps<...> & Omit<...>): Element | null', gave the following error.
    Property 'component' is missing in type '{ children: Element[]; item: true; xs: number; md: number; }' but required in type '{ component: ElementType<any, keyof IntrinsicElements>; }'.
  Overload 2 of 2, '(props: DefaultComponentProps<GridTypeMap<{}, "div">>): Element | null', gave the following error.
    Type '{ children: Element[]; item: true; xs: number; md: number; }' is not assignable to type 'IntrinsicAttributes & GridBaseProps & { sx?: SxProps<Theme> | undefined; } & SystemProps<Theme> & Omit<...>'.
      Property 'item' does not exist on type 'IntrinsicAttributes & GridBaseProps & { sx?: SxProps<Theme> | undefined; } & SystemProps<Theme> & Omit<...>'.
    589 |               </Grid>
    590 |
  > 591 |               <Grid item xs={12} md={6}>
        |               ^^^^^^^^^^^^^^^^^^^^^^^^^^
    592 |                 <Typography variant="subtitle2" color="text.secondary" gutterBottom>
    593 |                   Customer Information
    594 |                 </Typography>

TS2339: Property 'customer' does not exist on type 'Payment'.
    596 |                   <Box sx={{ display: 'flex', alignItems: 'center', gap: 1 }}>
    597 |                     <PersonIcon fontSize="small" color="action" />
  > 598 |                     <Typography variant="body2">{selectedPayment.customer.name}</Typography>
        |                                                                  ^^^^^^^^
    599 |                   </Box>
    600 |                   <Box sx={{ display: 'flex', alignItems: 'center', gap: 1 }}>
    601 |                     <Typography variant="body2">{selectedPayment.customer.email}</Typography>

TS2339: Property 'customer' does not exist on type 'Payment'.
    599 |                   </Box>
    600 |                   <Box sx={{ display: 'flex', alignItems: 'center', gap: 1 }}>
  > 601 |                     <Typography variant="body2">{selectedPayment.customer.email}</Typography>
        |                                                                  ^^^^^^^^
    602 |                   </Box>
    603 |                 </Stack>
    604 |               </Grid>

TS2769: No overload matches this call.
  Overload 1 of 2, '(props: { component: ElementType<any, keyof IntrinsicElements>; } & GridBaseProps & { sx?: SxProps<Theme> | undefined; } & SystemProps<...> & Omit<...>): Element | null', gave the following error.
    Property 'component' is missing in type '{ children: Element[]; item: true; xs: number; md: number; }' but required in type '{ component: ElementType<any, keyof IntrinsicElements>; }'.
  Overload 2 of 2, '(props: DefaultComponentProps<GridTypeMap<{}, "div">>): Element | null', gave the following error.
    Type '{ children: Element[]; item: true; xs: number; md: number; }' is not assignable to type 'IntrinsicAttributes & GridBaseProps & { sx?: SxProps<Theme> | undefined; } & SystemProps<Theme> & Omit<...>'.
      Property 'item' does not exist on type 'IntrinsicAttributes & GridBaseProps & { sx?: SxProps<Theme> | undefined; } & SystemProps<Theme> & Omit<...>'.
    604 |               </Grid>
    605 |
  > 606 |               <Grid item xs={12} md={6}>
        |               ^^^^^^^^^^^^^^^^^^^^^^^^^^
    607 |                 <Typography variant="subtitle2" color="text.secondary" gutterBottom>
    608 |                   Provider Information
    609 |                 </Typography>

TS2339: Property 'provider' does not exist on type 'Payment'.
    611 |                   <Box sx={{ display: 'flex', alignItems: 'center', gap: 1 }}>
    612 |                     <PersonIcon fontSize="small" color="action" />
  > 613 |                     <Typography variant="body2">{selectedPayment.provider.name}</Typography>
        |                                                                  ^^^^^^^^
    614 |                   </Box>
    615 |                   <Box sx={{ display: 'flex', alignItems: 'center', gap: 1 }}>
    616 |                     <Typography variant="body2">{selectedPayment.provider.email}</Typography>

TS2339: Property 'provider' does not exist on type 'Payment'.
    614 |                   </Box>
    615 |                   <Box sx={{ display: 'flex', alignItems: 'center', gap: 1 }}>
  > 616 |                     <Typography variant="body2">{selectedPayment.provider.email}</Typography>
        |                                                                  ^^^^^^^^
    617 |                   </Box>
    618 |                 </Stack>
    619 |               </Grid>

TS2769: No overload matches this call.
  Overload 1 of 2, '(props: { component: ElementType<any, keyof IntrinsicElements>; } & GridBaseProps & { sx?: SxProps<Theme> | undefined; } & SystemProps<...> & Omit<...>): Element | null', gave the following error.
    Property 'component' is missing in type '{ children: Element[]; item: true; xs: number; }' but required in type '{ component: ElementType<any, keyof IntrinsicElements>; }'.
  Overload 2 of 2, '(props: DefaultComponentProps<GridTypeMap<{}, "div">>): Element | null', gave the following error.
    Type '{ children: Element[]; item: true; xs: number; }' is not assignable to type 'IntrinsicAttributes & GridBaseProps & { sx?: SxProps<Theme> | undefined; } & SystemProps<Theme> & Omit<...>'.
      Property 'item' does not exist on type 'IntrinsicAttributes & GridBaseProps & { sx?: SxProps<Theme> | undefined; } & SystemProps<Theme> & Omit<...>'.
    619 |               </Grid>
    620 |
  > 621 |               <Grid item xs={12}>
        |               ^^^^^^^^^^^^^^^^^^^
    622 |                 <Typography variant="subtitle2" color="text.secondary" gutterBottom>
    623 |                   Payment Breakdown
    624 |                 </Typography>

TS2339: Property 'fee' does not exist on type 'Payment'.
    636 |                       </Typography>
    637 |                       <Typography variant="body2" color="text.secondary">
  > 638 |                         -${selectedPayment.fee}
        |                                            ^^^
    639 |                       </Typography>
    640 |                     </Box>
    641 |                     <Divider />

TS2551: Property 'netAmount' does not exist on type 'Payment'. Did you mean 'amount'?
    645 |                       </Typography>
    646 |                       <Typography variant="body1" sx={{ fontWeight: 700, color: 'success.main' }}>
  > 647 |                         ${selectedPayment.netAmount}
        |                                           ^^^^^^^^^
    648 |                       </Typography>
    649 |                     </Box>
    650 |                   </Stack>

TS2769: No overload matches this call.
  Overload 1 of 2, '(props: { component: ElementType<any, keyof IntrinsicElements>; } & GridBaseProps & { sx?: SxProps<Theme> | undefined; } & SystemProps<...> & Omit<...>): Element | null', gave the following error.
    Property 'component' is missing in type '{ children: Element[]; item: true; xs: number; md: number; }' but required in type '{ component: ElementType<any, keyof IntrinsicElements>; }'.
  Overload 2 of 2, '(props: DefaultComponentProps<GridTypeMap<{}, "div">>): Element | null', gave the following error.
    Type '{ children: Element[]; item: true; xs: number; md: number; }' is not assignable to type 'IntrinsicAttributes & GridBaseProps & { sx?: SxProps<Theme> | undefined; } & SystemProps<Theme> & Omit<...>'.
      Property 'item' does not exist on type 'IntrinsicAttributes & GridBaseProps & { sx?: SxProps<Theme> | undefined; } & SystemProps<Theme> & Omit<...>'.
    652 |               </Grid>
    653 |
  > 654 |               <Grid item xs={12} md={6}>
        |               ^^^^^^^^^^^^^^^^^^^^^^^^^^
    655 |                 <Typography variant="subtitle2" color="text.secondary" gutterBottom>
    656 |                   Service Details
    657 |                 </Typography>

TS2339: Property 'service' does not exist on type 'Payment'.
    658 |                 <Stack spacing={1}>
    659 |                   <Typography variant="body2" sx={{ fontWeight: 600 }}>
  > 660 |                     {selectedPayment.service}
        |                                      ^^^^^^^
    661 |                   </Typography>
    662 |                   <Typography variant="caption" color="text.secondary">
    663 |                     {selectedPayment.category}

TS2339: Property 'category' does not exist on type 'Payment'.
    661 |                   </Typography>
    662 |                   <Typography variant="caption" color="text.secondary">
  > 663 |                     {selectedPayment.category}
        |                                      ^^^^^^^^
    664 |                   </Typography>
    665 |                 </Stack>
    666 |               </Grid>

TS2769: No overload matches this call.
  Overload 1 of 2, '(props: { component: ElementType<any, keyof IntrinsicElements>; } & GridBaseProps & { sx?: SxProps<Theme> | undefined; } & SystemProps<...> & Omit<...>): Element | null', gave the following error.
    Property 'component' is missing in type '{ children: Element[]; item: true; xs: number; md: number; }' but required in type '{ component: ElementType<any, keyof IntrinsicElements>; }'.
  Overload 2 of 2, '(props: DefaultComponentProps<GridTypeMap<{}, "div">>): Element | null', gave the following error.
    Type '{ children: Element[]; item: true; xs: number; md: number; }' is not assignable to type 'IntrinsicAttributes & GridBaseProps & { sx?: SxProps<Theme> | undefined; } & SystemProps<Theme> & Omit<...>'.
      Property 'item' does not exist on type 'IntrinsicAttributes & GridBaseProps & { sx?: SxProps<Theme> | undefined; } & SystemProps<Theme> & Omit<...>'.
    666 |               </Grid>
    667 |
  > 668 |               <Grid item xs={12} md={6}>
        |               ^^^^^^^^^^^^^^^^^^^^^^^^^^
    669 |                 <Typography variant="subtitle2" color="text.secondary" gutterBottom>
    670 |                   Payment Information
    671 |                 </Typography>

TS2339: Property 'completedAt' does not exist on type 'Payment'.
    681 |                     <Typography variant="body2">{selectedPayment.createdAt}</Typography>
    682 |                   </Box>
  > 683 |                   {selectedPayment.completedAt && (
        |                                    ^^^^^^^^^^^
    684 |                     <Typography variant="caption" color="text.secondary">
    685 |                       Completed: {selectedPayment.completedAt}
    686 |                     </Typography>

TS2339: Property 'completedAt' does not exist on type 'Payment'.
    683 |                   {selectedPayment.completedAt && (
    684 |                     <Typography variant="caption" color="text.secondary">
  > 685 |                       Completed: {selectedPayment.completedAt}
        |                                                   ^^^^^^^^^^^
    686 |                     </Typography>
    687 |                   )}
    688 |                 </Stack>

TS2769: No overload matches this call.
  Overload 1 of 2, '(props: { component: ElementType<any, keyof IntrinsicElements>; } & GridBaseProps & { sx?: SxProps<Theme> | undefined; } & SystemProps<...> & Omit<...>): Element | null', gave the following error.
    Property 'component' is missing in type '{ children: Element; item: true; xs: number; sm: number; }' but required in type '{ component: ElementType<any, keyof IntrinsicElements>; }'.
  Overload 2 of 2, '(props: DefaultComponentProps<GridTypeMap<{}, "div">>): Element | null', gave the following error.
    Type '{ children: Element; item: true; xs: number; sm: number; }' is not assignable to type 'IntrinsicAttributes & GridBaseProps & { sx?: SxProps<Theme> | undefined; } & SystemProps<Theme> & Omit<...>'.
      Property 'item' does not exist on type 'IntrinsicAttributes & GridBaseProps & { sx?: SxProps<Theme> | undefined; } & SystemProps<Theme> & Omit<...>'.
    350 |         {/* Compact Stats */}
    351 |         <Grid container spacing={2} sx={{ mb: 2 }}>
  > 352 |           <Grid item xs={6} sm={3}>
        |           ^^^^^^^^^^^^^^^^^^^^^^^^^
    353 |             <Card sx={{ 
    354 |               height: '100%',
    355 |               background: 'linear-gradient(135deg, #667eea 0%, #764ba2 100%)',

TS2769: No overload matches this call.
  Overload 1 of 2, '(props: { component: ElementType<any, keyof IntrinsicElements>; } & GridBaseProps & { sx?: SxProps<Theme> | undefined; } & SystemProps<...> & Omit<...>): Element | null', gave the following error.
    Property 'component' is missing in type '{ children: Element; item: true; xs: number; sm: number; }' but required in type '{ component: ElementType<any, keyof IntrinsicElements>; }'.
  Overload 2 of 2, '(props: DefaultComponentProps<GridTypeMap<{}, "div">>): Element | null', gave the following error.
    Type '{ children: Element; item: true; xs: number; sm: number; }' is not assignable to type 'IntrinsicAttributes & GridBaseProps & { sx?: SxProps<Theme> | undefined; } & SystemProps<Theme> & Omit<...>'.
      Property 'item' does not exist on type 'IntrinsicAttributes & GridBaseProps & { sx?: SxProps<Theme> | undefined; } & SystemProps<Theme> & Omit<...>'.
    371 |           </Grid>
    372 |           
  > 373 |           <Grid item xs={6} sm={3}>
        |           ^^^^^^^^^^^^^^^^^^^^^^^^^
    374 |             <Card sx={{ 
    375 |               height: '100%',
    376 |               background: 'linear-gradient(135deg, #11998e 0%, #38ef7d 100%)',

TS2769: No overload matches this call.
  Overload 1 of 2, '(props: { component: ElementType<any, keyof IntrinsicElements>; } & GridBaseProps & { sx?: SxProps<Theme> | undefined; } & SystemProps<...> & Omit<...>): Element | null', gave the following error.
    Property 'component' is missing in type '{ children: Element; item: true; xs: number; sm: number; }' but required in type '{ component: ElementType<any, keyof IntrinsicElements>; }'.
  Overload 2 of 2, '(props: DefaultComponentProps<GridTypeMap<{}, "div">>): Element | null', gave the following error.
    Type '{ children: Element; item: true; xs: number; sm: number; }' is not assignable to type 'IntrinsicAttributes & GridBaseProps & { sx?: SxProps<Theme> | undefined; } & SystemProps<Theme> & Omit<...>'.
      Property 'item' does not exist on type 'IntrinsicAttributes & GridBaseProps & { sx?: SxProps<Theme> | undefined; } & SystemProps<Theme> & Omit<...>'.
    392 |           </Grid>
    393 |           
  > 394 |           <Grid item xs={6} sm={3}>
        |           ^^^^^^^^^^^^^^^^^^^^^^^^^
    395 |             <Card sx={{ 
    396 |               height: '100%',
    397 |               background: 'linear-gradient(135deg, #f093fb 0%, #f5576c 100%)',

TS2769: No overload matches this call.
  Overload 1 of 2, '(props: { component: ElementType<any, keyof IntrinsicElements>; } & GridBaseProps & { sx?: SxProps<Theme> | undefined; } & SystemProps<...> & Omit<...>): Element | null', gave the following error.
    Property 'component' is missing in type '{ children: Element; item: true; xs: number; sm: number; }' but required in type '{ component: ElementType<any, keyof IntrinsicElements>; }'.
  Overload 2 of 2, '(props: DefaultComponentProps<GridTypeMap<{}, "div">>): Element | null', gave the following error.
    Type '{ children: Element; item: true; xs: number; sm: number; }' is not assignable to type 'IntrinsicAttributes & GridBaseProps & { sx?: SxProps<Theme> | undefined; } & SystemProps<Theme> & Omit<...>'.
      Property 'item' does not exist on type 'IntrinsicAttributes & GridBaseProps & { sx?: SxProps<Theme> | undefined; } & SystemProps<Theme> & Omit<...>'.
    413 |           </Grid>
    414 |
  > 415 |           <Grid item xs={6} sm={3}>
        |           ^^^^^^^^^^^^^^^^^^^^^^^^^
    416 |             <Card sx={{ 
    417 |               height: '100%',
    418 |               background: 'linear-gradient(135deg, #4facfe 0%, #00f2fe 100%)',

TS2769: No overload matches this call.
  Overload 1 of 2, '(props: { component: ElementType<any, keyof IntrinsicElements>; } & GridBaseProps & { sx?: SxProps<Theme> | undefined; } & SystemProps<...> & Omit<...>): Element | null', gave the following error.
    Property 'component' is missing in type '{ children: Element; item: true; xs: number; md: number; }' but required in type '{ component: ElementType<any, keyof IntrinsicElements>; }'.
  Overload 2 of 2, '(props: DefaultComponentProps<GridTypeMap<{}, "div">>): Element | null', gave the following error.
    Type '{ children: Element; item: true; xs: number; md: number; }' is not assignable to type 'IntrinsicAttributes & GridBaseProps & { sx?: SxProps<Theme> | undefined; } & SystemProps<Theme> & Omit<...>'.
      Property 'item' does not exist on type 'IntrinsicAttributes & GridBaseProps & { sx?: SxProps<Theme> | undefined; } & SystemProps<Theme> & Omit<...>'.
    462 |           {showFilters && (
    463 |             <Grid container spacing={2}>
  > 464 |               <Grid item xs={12} md={4}>
        |               ^^^^^^^^^^^^^^^^^^^^^^^^^^
    465 |                 <TextField
    466 |                   fullWidth
    467 |                   size="small"

TS2769: No overload matches this call.
  Overload 1 of 2, '(props: { component: ElementType<any, keyof IntrinsicElements>; } & GridBaseProps & { sx?: SxProps<Theme> | undefined; } & SystemProps<...> & Omit<...>): Element | null', gave the following error.
    Property 'component' is missing in type '{ children: Element; item: true; xs: number; md: number; }' but required in type '{ component: ElementType<any, keyof IntrinsicElements>; }'.
  Overload 2 of 2, '(props: DefaultComponentProps<GridTypeMap<{}, "div">>): Element | null', gave the following error.
    Type '{ children: Element; item: true; xs: number; md: number; }' is not assignable to type 'IntrinsicAttributes & GridBaseProps & { sx?: SxProps<Theme> | undefined; } & SystemProps<Theme> & Omit<...>'.
      Property 'item' does not exist on type 'IntrinsicAttributes & GridBaseProps & { sx?: SxProps<Theme> | undefined; } & SystemProps<Theme> & Omit<...>'.
    479 |               </Grid>
    480 |               
  > 481 |               <Grid item xs={12} md={3}>
        |               ^^^^^^^^^^^^^^^^^^^^^^^^^^
    482 |                 <FormControl fullWidth size="small">
    483 |                   <InputLabel>Category</InputLabel>
    484 |                   <Select

TS2769: No overload matches this call.
  Overload 1 of 2, '(props: { component: ElementType<any, keyof IntrinsicElements>; } & GridBaseProps & { sx?: SxProps<Theme> | undefined; } & SystemProps<...> & Omit<...>): Element | null', gave the following error.
    Property 'component' is missing in type '{ children: Element; item: true; xs: number; md: number; }' but required in type '{ component: ElementType<any, keyof IntrinsicElements>; }'.
  Overload 2 of 2, '(props: DefaultComponentProps<GridTypeMap<{}, "div">>): Element | null', gave the following error.
    Type '{ children: Element; item: true; xs: number; md: number; }' is not assignable to type 'IntrinsicAttributes & GridBaseProps & { sx?: SxProps<Theme> | undefined; } & SystemProps<Theme> & Omit<...>'.
      Property 'item' does not exist on type 'IntrinsicAttributes & GridBaseProps & { sx?: SxProps<Theme> | undefined; } & SystemProps<Theme> & Omit<...>'.
    497 |               </Grid>
    498 |               
  > 499 |               <Grid item xs={12} md={3}>
        |               ^^^^^^^^^^^^^^^^^^^^^^^^^^
    500 |                 <FormControl fullWidth size="small">
    501 |                   <InputLabel>Status</InputLabel>
    502 |                   <Select

TS2769: No overload matches this call.
  Overload 1 of 2, '(props: { component: ElementType<any, keyof IntrinsicElements>; } & GridBaseProps & { sx?: SxProps<Theme> | undefined; } & SystemProps<...> & Omit<...>): Element | null', gave the following error.
    Property 'component' is missing in type '{ children: Element; item: true; xs: number; md: number; }' but required in type '{ component: ElementType<any, keyof IntrinsicElements>; }'.
  Overload 2 of 2, '(props: DefaultComponentProps<GridTypeMap<{}, "div">>): Element | null', gave the following error.
    Type '{ children: Element; item: true; xs: number; md: number; }' is not assignable to type 'IntrinsicAttributes & GridBaseProps & { sx?: SxProps<Theme> | undefined; } & SystemProps<Theme> & Omit<...>'.
      Property 'item' does not exist on type 'IntrinsicAttributes & GridBaseProps & { sx?: SxProps<Theme> | undefined; } & SystemProps<Theme> & Omit<...>'.
    512 |               </Grid>
    513 |               
  > 514 |               <Grid item xs={12} md={2}>
        |               ^^^^^^^^^^^^^^^^^^^^^^^^^^
    515 |                 <Button
    516 |                   fullWidth
    517 |                   size="small"

TS2769: No overload matches this call.
  Overload 1 of 2, '(props: { component: ElementType<any, keyof IntrinsicElements>; } & GridBaseProps & { sx?: SxProps<Theme> | undefined; } & SystemProps<...> & Omit<...>): Element | null', gave the following error.
    Property 'component' is missing in type '{ children: Element; item: true; xs: number; sm: number; md: number; key: string; }' but required in type '{ component: ElementType<any, keyof IntrinsicElements>; }'.
  Overload 2 of 2, '(props: DefaultComponentProps<GridTypeMap<{}, "div">>): Element | null', gave the following error.
    Type '{ children: Element; item: true; xs: number; sm: number; md: number; key: string; }' is not assignable to type 'IntrinsicAttributes & GridBaseProps & { sx?: SxProps<Theme> | undefined; } & SystemProps<Theme> & Omit<...>'.
      Property 'item' does not exist on type 'IntrinsicAttributes & GridBaseProps & { sx?: SxProps<Theme> | undefined; } & SystemProps<Theme> & Omit<...>'.
    691 |         <Grid container spacing={2}>
    692 |           {services.map((service) => (
  > 693 |             <Grid item xs={12} sm={6} md={4} key={service.id}>
        |             ^^^^^^^^^^^^^^^^^^^^^^^^^^^^^^^^^^^^^^^^^^^^^^^^^^
    694 |               <Card 
    695 |                 sx={{ 
    696 |                   height: '100%',

TS2769: No overload matches this call.
  Overload 1 of 2, '(props: { component: ElementType<any, keyof IntrinsicElements>; } & GridBaseProps & { sx?: SxProps<Theme> | undefined; } & SystemProps<...> & Omit<...>): Element | null', gave the following error.
    Property 'component' is missing in type '{ children: Element[]; item: true; xs: number; }' but required in type '{ component: ElementType<any, keyof IntrinsicElements>; }'.
  Overload 2 of 2, '(props: DefaultComponentProps<GridTypeMap<{}, "div">>): Element | null', gave the following error.
    Type '{ children: Element[]; item: true; xs: number; }' is not assignable to type 'IntrinsicAttributes & GridBaseProps & { sx?: SxProps<Theme> | undefined; } & SystemProps<Theme> & Omit<...>'.
      Property 'item' does not exist on type 'IntrinsicAttributes & GridBaseProps & { sx?: SxProps<Theme> | undefined; } & SystemProps<Theme> & Omit<...>'.
    915 |                 {previewTab === 0 && (
    916 |                   <Grid container spacing={2}>
  > 917 |                     <Grid item xs={12}>
        |                     ^^^^^^^^^^^^^^^^^^^
    918 |                       <Typography variant="subtitle2" sx={{ fontWeight: 700, mb: 1, color: 'primary.main' }}>
    919 |                         Description
    920 |                       </Typography>

TS2769: No overload matches this call.
  Overload 1 of 2, '(props: { component: ElementType<any, keyof IntrinsicElements>; } & GridBaseProps & { sx?: SxProps<Theme> | undefined; } & SystemProps<...> & Omit<...>): Element | null', gave the following error.
    Property 'component' is missing in type '{ children: Element; item: true; xs: number; sm: number; }' but required in type '{ component: ElementType<any, keyof IntrinsicElements>; }'.
  Overload 2 of 2, '(props: DefaultComponentProps<GridTypeMap<{}, "div">>): Element | null', gave the following error.
    Type '{ children: Element; item: true; xs: number; sm: number; }' is not assignable to type 'IntrinsicAttributes & GridBaseProps & { sx?: SxProps<Theme> | undefined; } & SystemProps<Theme> & Omit<...>'.
      Property 'item' does not exist on type 'IntrinsicAttributes & GridBaseProps & { sx?: SxProps<Theme> | undefined; } & SystemProps<Theme> & Omit<...>'.
    924 |                     </Grid>
    925 |
  > 926 |                     <Grid item xs={12} sm={6}>
        |                     ^^^^^^^^^^^^^^^^^^^^^^^^^^
    927 |                       <Card elevation={0} sx={{ border: '1px solid', borderColor: 'divider', borderRadius: 2, height: '100%' }}>
    928 |                         <CardContent>
    929 |                           <Typography variant="subtitle2" sx={{ fontWeight: 700, mb: 2, color: 'success.main' }}>

TS2769: No overload matches this call.
  Overload 1 of 2, '(props: { component: ElementType<any, keyof IntrinsicElements>; } & GridBaseProps & { sx?: SxProps<Theme> | undefined; } & SystemProps<...> & Omit<...>): Element | null', gave the following error.
    Property 'component' is missing in type '{ children: Element; item: true; xs: number; sm: number; }' but required in type '{ component: ElementType<any, keyof IntrinsicElements>; }'.
  Overload 2 of 2, '(props: DefaultComponentProps<GridTypeMap<{}, "div">>): Element | null', gave the following error.
    Type '{ children: Element; item: true; xs: number; sm: number; }' is not assignable to type 'IntrinsicAttributes & GridBaseProps & { sx?: SxProps<Theme> | undefined; } & SystemProps<Theme> & Omit<...>'.
      Property 'item' does not exist on type 'IntrinsicAttributes & GridBaseProps & { sx?: SxProps<Theme> | undefined; } & SystemProps<Theme> & Omit<...>'.
    940 |                     </Grid>
    941 |
  > 942 |                     <Grid item xs={12} sm={6}>
        |                     ^^^^^^^^^^^^^^^^^^^^^^^^^^
    943 |                       <Card elevation={0} sx={{ border: '1px solid', borderColor: 'divider', borderRadius: 2, height: '100%' }}>
    944 |                         <CardContent>
    945 |                           <Typography variant="subtitle2" sx={{ fontWeight: 700, mb: 2, color: 'warning.main' }}>

TS2769: No overload matches this call.
  Overload 1 of 2, '(props: { component: ElementType<any, keyof IntrinsicElements>; } & GridBaseProps & { sx?: SxProps<Theme> | undefined; } & SystemProps<...> & Omit<...>): Element | null', gave the following error.
    Property 'component' is missing in type '{ children: Element; item: true; xs: number; }' but required in type '{ component: ElementType<any, keyof IntrinsicElements>; }'.
  Overload 2 of 2, '(props: DefaultComponentProps<GridTypeMap<{}, "div">>): Element | null', gave the following error.
    Type '{ children: Element; item: true; xs: number; }' is not assignable to type 'IntrinsicAttributes & GridBaseProps & { sx?: SxProps<Theme> | undefined; } & SystemProps<Theme> & Omit<...>'.
      Property 'item' does not exist on type 'IntrinsicAttributes & GridBaseProps & { sx?: SxProps<Theme> | undefined; } & SystemProps<Theme> & Omit<...>'.
    971 |                     </Grid>
    972 |
  > 973 |                     <Grid item xs={12}>
        |                     ^^^^^^^^^^^^^^^^^^^
    974 |                       <Card elevation={0} sx={{ border: '1px solid', borderColor: 'divider', borderRadius: 2 }}>
    975 |                         <CardContent>
    976 |                           <Typography variant="subtitle2" sx={{ fontWeight: 700, mb: 2 }}>

TS2769: No overload matches this call.
  Overload 1 of 2, '(props: { component: ElementType<any, keyof IntrinsicElements>; } & GridBaseProps & { sx?: SxProps<Theme> | undefined; } & SystemProps<...> & Omit<...>): Element | null', gave the following error.
    Property 'component' is missing in type '{ children: Element; item: true; xs: number; sm: number; }' but required in type '{ component: ElementType<any, keyof IntrinsicElements>; }'.
  Overload 2 of 2, '(props: DefaultComponentProps<GridTypeMap<{}, "div">>): Element | null', gave the following error.
    Type '{ children: Element; item: true; xs: number; sm: number; }' is not assignable to type 'IntrinsicAttributes & GridBaseProps & { sx?: SxProps<Theme> | undefined; } & SystemProps<Theme> & Omit<...>'.
      Property 'item' does not exist on type 'IntrinsicAttributes & GridBaseProps & { sx?: SxProps<Theme> | undefined; } & SystemProps<Theme> & Omit<...>'.
    1007 |                 {previewTab === 1 && (
    1008 |                   <Grid container spacing={2}>
  > 1009 |                     <Grid item xs={12} sm={6}>
         |                     ^^^^^^^^^^^^^^^^^^^^^^^^^^
    1010 |                       <Card elevation={0} sx={{ border: '1px solid', borderColor: 'divider', borderRadius: 2 }}>
    1011 |                         <CardContent>
    1012 |                           <Typography variant="subtitle2" sx={{ fontWeight: 700, mb: 2, color: 'primary.main' }}>

TS2769: No overload matches this call.
  Overload 1 of 2, '(props: { component: ElementType<any, keyof IntrinsicElements>; } & GridBaseProps & { sx?: SxProps<Theme> | undefined; } & SystemProps<...> & Omit<...>): Element | null', gave the following error.
    Property 'component' is missing in type '{ children: Element; item: true; xs: number; sm: number; }' but required in type '{ component: ElementType<any, keyof IntrinsicElements>; }'.
  Overload 2 of 2, '(props: DefaultComponentProps<GridTypeMap<{}, "div">>): Element | null', gave the following error.
    Type '{ children: Element; item: true; xs: number; sm: number; }' is not assignable to type 'IntrinsicAttributes & GridBaseProps & { sx?: SxProps<Theme> | undefined; } & SystemProps<Theme> & Omit<...>'.
      Property 'item' does not exist on type 'IntrinsicAttributes & GridBaseProps & { sx?: SxProps<Theme> | undefined; } & SystemProps<Theme> & Omit<...>'.
    1033 |                     </Grid>
    1034 |
  > 1035 |                     <Grid item xs={12} sm={6}>
         |                     ^^^^^^^^^^^^^^^^^^^^^^^^^^
    1036 |                       <Card elevation={0} sx={{ border: '1px solid', borderColor: 'divider', borderRadius: 2 }}>
    1037 |                         <CardContent>
    1038 |                           <Typography variant="subtitle2" sx={{ fontWeight: 700, mb: 2, color: 'success.main' }}>

TS2769: No overload matches this call.
  Overload 1 of 2, '(props: { component: ElementType<any, keyof IntrinsicElements>; } & GridBaseProps & { sx?: SxProps<Theme> | undefined; } & SystemProps<...> & Omit<...>): Element | null', gave the following error.
    Property 'component' is missing in type '{ children: Element[]; item: true; xs: number; }' but required in type '{ component: ElementType<any, keyof IntrinsicElements>; }'.
  Overload 2 of 2, '(props: DefaultComponentProps<GridTypeMap<{}, "div">>): Element | null', gave the following error.
    Type '{ children: Element[]; item: true; xs: number; }' is not assignable to type 'IntrinsicAttributes & GridBaseProps & { sx?: SxProps<Theme> | undefined; } & SystemProps<Theme> & Omit<...>'.
      Property 'item' does not exist on type 'IntrinsicAttributes & GridBaseProps & { sx?: SxProps<Theme> | undefined; } & SystemProps<Theme> & Omit<...>'.
    1068 |                 {previewTab === 2 && (
    1069 |                   <Grid container spacing={2}>
  > 1070 |                     <Grid item xs={12}>
         |                     ^^^^^^^^^^^^^^^^^^^
    1071 |                       <Typography variant="subtitle2" sx={{ fontWeight: 700, mb: 2, color: 'primary.main' }}>
    1072 |                         Features
    1073 |                       </Typography>

TS2769: No overload matches this call.
  Overload 1 of 2, '(props: { component: ElementType<any, keyof IntrinsicElements>; } & GridBaseProps & { sx?: SxProps<Theme> | undefined; } & SystemProps<...> & Omit<...>): Element | null', gave the following error.
    Property 'component' is missing in type '{ children: Element; item: true; xs: number; }' but required in type '{ component: ElementType<any, keyof IntrinsicElements>; }'.
  Overload 2 of 2, '(props: DefaultComponentProps<GridTypeMap<{}, "div">>): Element | null', gave the following error.
    Type '{ children: Element; item: true; xs: number; }' is not assignable to type 'IntrinsicAttributes & GridBaseProps & { sx?: SxProps<Theme> | undefined; } & SystemProps<Theme> & Omit<...>'.
      Property 'item' does not exist on type 'IntrinsicAttributes & GridBaseProps & { sx?: SxProps<Theme> | undefined; } & SystemProps<Theme> & Omit<...>'.
    1083 |                     </Grid>
    1084 |
  > 1085 |                     <Grid item xs={12}>
         |                     ^^^^^^^^^^^^^^^^^^^
    1086 |                       <Divider />
    1087 |                     </Grid>
    1088 |

TS2769: No overload matches this call.
  Overload 1 of 2, '(props: { component: ElementType<any, keyof IntrinsicElements>; } & GridBaseProps & { sx?: SxProps<Theme> | undefined; } & SystemProps<...> & Omit<...>): Element | null', gave the following error.
    Property 'component' is missing in type '{ children: Element[]; item: true; xs: number; }' but required in type '{ component: ElementType<any, keyof IntrinsicElements>; }'.
  Overload 2 of 2, '(props: DefaultComponentProps<GridTypeMap<{}, "div">>): Element | null', gave the following error.
    Type '{ children: Element[]; item: true; xs: number; }' is not assignable to type 'IntrinsicAttributes & GridBaseProps & { sx?: SxProps<Theme> | undefined; } & SystemProps<Theme> & Omit<...>'.
      Property 'item' does not exist on type 'IntrinsicAttributes & GridBaseProps & { sx?: SxProps<Theme> | undefined; } & SystemProps<Theme> & Omit<...>'.
    1087 |                     </Grid>
    1088 |
  > 1089 |                     <Grid item xs={12}>
         |                     ^^^^^^^^^^^^^^^^^^^
    1090 |                       <Typography variant="subtitle2" sx={{ fontWeight: 700, mb: 2, color: 'secondary.main' }}>
    1091 |                         Requirements
    1092 |                       </Typography>

TS2769: No overload matches this call.
  Overload 1 of 2, '(props: { component: ElementType<any, keyof IntrinsicElements>; } & GridBaseProps & { sx?: SxProps<Theme> | undefined; } & SystemProps<...> & Omit<...>): Element | null', gave the following error.
    Property 'component' is missing in type '{ children: Element; item: true; xs: number; }' but required in type '{ component: ElementType<any, keyof IntrinsicElements>; }'.
  Overload 2 of 2, '(props: DefaultComponentProps<GridTypeMap<{}, "div">>): Element | null', gave the following error.
    Type '{ children: Element; item: true; xs: number; }' is not assignable to type 'IntrinsicAttributes & GridBaseProps & { sx?: SxProps<Theme> | undefined; } & SystemProps<Theme> & Omit<...>'.
      Property 'item' does not exist on type 'IntrinsicAttributes & GridBaseProps & { sx?: SxProps<Theme> | undefined; } & SystemProps<Theme> & Omit<...>'.
    1107 |                     </Grid>
    1108 |
  > 1109 |                     <Grid item xs={12}>
         |                     ^^^^^^^^^^^^^^^^^^^
    1110 |                       <Divider />
    1111 |                     </Grid>
    1112 |

TS2769: No overload matches this call.
  Overload 1 of 2, '(props: { component: ElementType<any, keyof IntrinsicElements>; } & GridBaseProps & { sx?: SxProps<Theme> | undefined; } & SystemProps<...> & Omit<...>): Element | null', gave the following error.
    Property 'component' is missing in type '{ children: Element[]; item: true; xs: number; }' but required in type '{ component: ElementType<any, keyof IntrinsicElements>; }'.
  Overload 2 of 2, '(props: DefaultComponentProps<GridTypeMap<{}, "div">>): Element | null', gave the following error.
    Type '{ children: Element[]; item: true; xs: number; }' is not assignable to type 'IntrinsicAttributes & GridBaseProps & { sx?: SxProps<Theme> | undefined; } & SystemProps<Theme> & Omit<...>'.
      Property 'item' does not exist on type 'IntrinsicAttributes & GridBaseProps & { sx?: SxProps<Theme> | undefined; } & SystemProps<Theme> & Omit<...>'.
    1111 |                     </Grid>
    1112 |
  > 1113 |                     <Grid item xs={12}>
         |                     ^^^^^^^^^^^^^^^^^^^
    1114 |                       <Typography variant="subtitle2" sx={{ fontWeight: 700, mb: 2, color: 'info.main' }}>
    1115 |                         Tags
    1116 |                       </Typography>

TS2769: No overload matches this call.
  Overload 1 of 2, '(props: { component: ElementType<any, keyof IntrinsicElements>; } & GridBaseProps & { sx?: SxProps<Theme> | undefined; } & SystemProps<...> & Omit<...>): Element | null', gave the following error.
    Property 'component' is missing in type '{ children: Element; item: true; xs: number; sm: number; }' but required in type '{ component: ElementType<any, keyof IntrinsicElements>; }'.
  Overload 2 of 2, '(props: DefaultComponentProps<GridTypeMap<{}, "div">>): Element | null', gave the following error.
    Type '{ children: Element; item: true; xs: number; sm: number; }' is not assignable to type 'IntrinsicAttributes & GridBaseProps & { sx?: SxProps<Theme> | undefined; } & SystemProps<Theme> & Omit<...>'.
      Property 'item' does not exist on type 'IntrinsicAttributes & GridBaseProps & { sx?: SxProps<Theme> | undefined; } & SystemProps<Theme> & Omit<...>'.
    1131 |                 {previewTab === 3 && (
    1132 |                   <Grid container spacing={2}>
  > 1133 |                     <Grid item xs={12} sm={6}>
         |                     ^^^^^^^^^^^^^^^^^^^^^^^^^^
    1134 |                       <Card elevation={0} sx={{ border: '1px solid', borderColor: 'divider', borderRadius: 2 }}>
    1135 |                         <CardContent>
    1136 |                           <Typography variant="subtitle2" sx={{ fontWeight: 700, mb: 2 }}>

TS2769: No overload matches this call.
  Overload 1 of 2, '(props: { component: ElementType<any, keyof IntrinsicElements>; } & GridBaseProps & { sx?: SxProps<Theme> | undefined; } & SystemProps<...> & Omit<...>): Element | null', gave the following error.
    Property 'component' is missing in type '{ children: Element; item: true; xs: number; sm: number; }' but required in type '{ component: ElementType<any, keyof IntrinsicElements>; }'.
  Overload 2 of 2, '(props: DefaultComponentProps<GridTypeMap<{}, "div">>): Element | null', gave the following error.
    Type '{ children: Element; item: true; xs: number; sm: number; }' is not assignable to type 'IntrinsicAttributes & GridBaseProps & { sx?: SxProps<Theme> | undefined; } & SystemProps<Theme> & Omit<...>'.
      Property 'item' does not exist on type 'IntrinsicAttributes & GridBaseProps & { sx?: SxProps<Theme> | undefined; } & SystemProps<Theme> & Omit<...>'.
    1150 |                     </Grid>
    1151 |
  > 1152 |                     <Grid item xs={12} sm={6}>
         |                     ^^^^^^^^^^^^^^^^^^^^^^^^^^
    1153 |                       <Card elevation={0} sx={{ border: '1px solid', borderColor: 'divider', borderRadius: 2 }}>
    1154 |                         <CardContent>
    1155 |                           <Typography variant="subtitle2" sx={{ fontWeight: 700, mb: 2 }}>

TS2769: No overload matches this call.
  Overload 1 of 2, '(props: { component: ElementType<any, keyof IntrinsicElements>; } & GridBaseProps & { sx?: SxProps<Theme> | undefined; } & SystemProps<...> & Omit<...>): Element | null', gave the following error.
    Property 'component' is missing in type '{ children: Element; item: true; xs: number; }' but required in type '{ component: ElementType<any, keyof IntrinsicElements>; }'.
  Overload 2 of 2, '(props: DefaultComponentProps<GridTypeMap<{}, "div">>): Element | null', gave the following error.
    Type '{ children: Element; item: true; xs: number; }' is not assignable to type 'IntrinsicAttributes & GridBaseProps & { sx?: SxProps<Theme> | undefined; } & SystemProps<Theme> & Omit<...>'.
      Property 'item' does not exist on type 'IntrinsicAttributes & GridBaseProps & { sx?: SxProps<Theme> | undefined; } & SystemProps<Theme> & Omit<...>'.
    1169 |                     </Grid>
    1170 |
  > 1171 |                     <Grid item xs={12}>
         |                     ^^^^^^^^^^^^^^^^^^^
    1172 |                       <Card elevation={0} sx={{ border: '1px solid', borderColor: 'divider', borderRadius: 2 }}>
    1173 |                         <CardContent>
    1174 |                           <Typography variant="subtitle2" sx={{ fontWeight: 700, mb: 2 }}>

TS2769: No overload matches this call.
  Overload 1 of 2, '(props: { component: ElementType<any, keyof IntrinsicElements>; } & GridBaseProps & { sx?: SxProps<Theme> | undefined; } & SystemProps<...> & Omit<...>): Element | null', gave the following error.
    Property 'component' is missing in type '{ children: Element[]; item: true; xs: number; }' but required in type '{ component: ElementType<any, keyof IntrinsicElements>; }'.
  Overload 2 of 2, '(props: DefaultComponentProps<GridTypeMap<{}, "div">>): Element | null', gave the following error.
    Type '{ children: Element[]; item: true; xs: number; }' is not assignable to type 'IntrinsicAttributes & GridBaseProps & { sx?: SxProps<Theme> | undefined; } & SystemProps<Theme> & Omit<...>'.
      Property 'item' does not exist on type 'IntrinsicAttributes & GridBaseProps & { sx?: SxProps<Theme> | undefined; } & SystemProps<Theme> & Omit<...>'.
    1212 |                 {previewTab === 4 && (
    1213 |                   <Grid container spacing={2}>
  > 1214 |                     <Grid item xs={12}>
         |                     ^^^^^^^^^^^^^^^^^^^
    1215 |                       <Typography variant="subtitle2" sx={{ fontWeight: 700, mb: 2 }}>
    1216 |                         Product Options
    1217 |                       </Typography>

TS2769: No overload matches this call.
  Overload 1 of 2, '(props: { component: ElementType<any, keyof IntrinsicElements>; } & GridBaseProps & { sx?: SxProps<Theme> | undefined; } & SystemProps<...> & Omit<...>): Element | null', gave the following error.
    Property 'component' is missing in type '{ children: Element[]; item: true; xs: number; }' but required in type '{ component: ElementType<any, keyof IntrinsicElements>; }'.
  Overload 2 of 2, '(props: DefaultComponentProps<GridTypeMap<{}, "div">>): Element | null', gave the following error.
    Type '{ children: Element[]; item: true; xs: number; }' is not assignable to type 'IntrinsicAttributes & GridBaseProps & { sx?: SxProps<Theme> | undefined; } & SystemProps<Theme> & Omit<...>'.
      Property 'item' does not exist on type 'IntrinsicAttributes & GridBaseProps & { sx?: SxProps<Theme> | undefined; } & SystemProps<Theme> & Omit<...>'.
    1229 |                                 <Grid container spacing={1}>
    1230 |                                   {product.brand && (
  > 1231 |                                     <Grid item xs={6}>
         |                                     ^^^^^^^^^^^^^^^^^^
    1232 |                                       <Typography variant="caption" color="text.secondary">Brand</Typography>
    1233 |                                       <Typography variant="body2">{product.brand}</Typography>
    1234 |                                     </Grid>

TS2769: No overload matches this call.
  Overload 1 of 2, '(props: { component: ElementType<any, keyof IntrinsicElements>; } & GridBaseProps & { sx?: SxProps<Theme> | undefined; } & SystemProps<...> & Omit<...>): Element | null', gave the following error.
    Property 'component' is missing in type '{ children: Element[]; item: true; xs: number; }' but required in type '{ component: ElementType<any, keyof IntrinsicElements>; }'.
  Overload 2 of 2, '(props: DefaultComponentProps<GridTypeMap<{}, "div">>): Element | null', gave the following error.
    Type '{ children: Element[]; item: true; xs: number; }' is not assignable to type 'IntrinsicAttributes & GridBaseProps & { sx?: SxProps<Theme> | undefined; } & SystemProps<Theme> & Omit<...>'.
      Property 'item' does not exist on type 'IntrinsicAttributes & GridBaseProps & { sx?: SxProps<Theme> | undefined; } & SystemProps<Theme> & Omit<...>'.
    1235 |                                   )}
    1236 |                                   {product.warranty && (
  > 1237 |                                     <Grid item xs={6}>
         |                                     ^^^^^^^^^^^^^^^^^^
    1238 |                                       <Typography variant="caption" color="text.secondary">Warranty</Typography>
    1239 |                                       <Typography variant="body2">{product.warranty}</Typography>
    1240 |                                     </Grid>

TS2769: No overload matches this call.
  Overload 1 of 2, '(props: { component: ElementType<any, keyof IntrinsicElements>; } & GridBaseProps & { sx?: SxProps<Theme> | undefined; } & SystemProps<...> & Omit<...>): Element | null', gave the following error.
    Property 'component' is missing in type '{ children: Element[]; item: true; xs: number; }' but required in type '{ component: ElementType<any, keyof IntrinsicElements>; }'.
  Overload 2 of 2, '(props: DefaultComponentProps<GridTypeMap<{}, "div">>): Element | null', gave the following error.
    Type '{ children: Element[]; item: true; xs: number; }' is not assignable to type 'IntrinsicAttributes & GridBaseProps & { sx?: SxProps<Theme> | undefined; } & SystemProps<Theme> & Omit<...>'.
      Property 'item' does not exist on type 'IntrinsicAttributes & GridBaseProps & { sx?: SxProps<Theme> | undefined; } & SystemProps<Theme> & Omit<...>'.
    1241 |                                   )}
    1242 |                                   {product.description && (
  > 1243 |                                     <Grid item xs={12}>
         |                                     ^^^^^^^^^^^^^^^^^^^
    1244 |                                       <Typography variant="caption" color="text.secondary">Description</Typography>
    1245 |                                       <Typography variant="body2">{product.description}</Typography>
    1246 |                                     </Grid>

TS2769: No overload matches this call.
  Overload 1 of 2, '(props: { component: ElementType<any, keyof IntrinsicElements>; } & GridBaseProps & { sx?: SxProps<Theme> | undefined; } & SystemProps<...> & Omit<...>): Element | null', gave the following error.
    Property 'component' is missing in type '{ children: Element; item: true; xs: number; }' but required in type '{ component: ElementType<any, keyof IntrinsicElements>; }'.
  Overload 2 of 2, '(props: DefaultComponentProps<GridTypeMap<{}, "div">>): Element | null', gave the following error.
    Type '{ children: Element; item: true; xs: number; }' is not assignable to type 'IntrinsicAttributes & GridBaseProps & { sx?: SxProps<Theme> | undefined; } & SystemProps<Theme> & Omit<...>'.
      Property 'item' does not exist on type 'IntrinsicAttributes & GridBaseProps & { sx?: SxProps<Theme> | undefined; } & SystemProps<Theme> & Omit<...>'.
    1256 |                     </Grid>
    1257 |
  > 1258 |                     <Grid item xs={12}>
         |                     ^^^^^^^^^^^^^^^^^^^
    1259 |                       <Divider sx={{ my: 2 }} />
    1260 |                     </Grid>
    1261 |

TS2769: No overload matches this call.
  Overload 1 of 2, '(props: { component: ElementType<any, keyof IntrinsicElements>; } & GridBaseProps & { sx?: SxProps<Theme> | undefined; } & SystemProps<...> & Omit<...>): Element | null', gave the following error.
    Property 'component' is missing in type '{ children: Element[]; item: true; xs: number; }' but required in type '{ component: ElementType<any, keyof IntrinsicElements>; }'.
  Overload 2 of 2, '(props: DefaultComponentProps<GridTypeMap<{}, "div">>): Element | null', gave the following error.
    Type '{ children: Element[]; item: true; xs: number; }' is not assignable to type 'IntrinsicAttributes & GridBaseProps & { sx?: SxProps<Theme> | undefined; } & SystemProps<Theme> & Omit<...>'.
      Property 'item' does not exist on type 'IntrinsicAttributes & GridBaseProps & { sx?: SxProps<Theme> | undefined; } & SystemProps<Theme> & Omit<...>'.
    1260 |                     </Grid>
    1261 |
  > 1262 |                     <Grid item xs={12}>
         |                     ^^^^^^^^^^^^^^^^^^^
    1263 |                       <Typography variant="subtitle2" sx={{ fontWeight: 700, mb: 2 }}>
    1264 |                         Service Areas
    1265 |                       </Typography>

TS2769: No overload matches this call.
  Overload 1 of 2, '(props: { component: ElementType<any, keyof IntrinsicElements>; } & GridBaseProps & { sx?: SxProps<Theme> | undefined; } & SystemProps<...> & Omit<...>): Element | null', gave the following error.
    Property 'component' is missing in type '{ children: Element; item: true; xs: number; sm: number; }' but required in type '{ component: ElementType<any, keyof IntrinsicElements>; }'.
  Overload 2 of 2, '(props: DefaultComponentProps<GridTypeMap<{}, "div">>): Element | null', gave the following error.
    Type '{ children: Element; item: true; xs: number; sm: number; }' is not assignable to type 'IntrinsicAttributes & GridBaseProps & { sx?: SxProps<Theme> | undefined; } & SystemProps<Theme> & Omit<...>'.
      Property 'item' does not exist on type 'IntrinsicAttributes & GridBaseProps & { sx?: SxProps<Theme> | undefined; } & SystemProps<Theme> & Omit<...>'.
    253 |
    254 |         <Grid container spacing={2}>
  > 255 |           <Grid item xs={12} sm={6}>
        |           ^^^^^^^^^^^^^^^^^^^^^^^^^^
    256 |             <Box display="flex" alignItems="center" gap={1} mb={1}>
    257 |               <Person fontSize="small" color="action" />
    258 |               <Box>

TS2769: No overload matches this call.
  Overload 1 of 2, '(props: { component: ElementType<any, keyof IntrinsicElements>; } & GridBaseProps & { sx?: SxProps<Theme> | undefined; } & SystemProps<...> & Omit<...>): Element | null', gave the following error.
    Property 'component' is missing in type '{ children: Element; item: true; xs: number; sm: number; }' but required in type '{ component: ElementType<any, keyof IntrinsicElements>; }'.
  Overload 2 of 2, '(props: DefaultComponentProps<GridTypeMap<{}, "div">>): Element | null', gave the following error.
    Type '{ children: Element; item: true; xs: number; sm: number; }' is not assignable to type 'IntrinsicAttributes & GridBaseProps & { sx?: SxProps<Theme> | undefined; } & SystemProps<Theme> & Omit<...>'.
      Property 'item' does not exist on type 'IntrinsicAttributes & GridBaseProps & { sx?: SxProps<Theme> | undefined; } & SystemProps<Theme> & Omit<...>'.
    267 |           </Grid>
    268 |
  > 269 |           <Grid item xs={12} sm={6}>
        |           ^^^^^^^^^^^^^^^^^^^^^^^^^^
    270 |             <Box display="flex" alignItems="center" gap={1} mb={1}>
    271 |               <CalendarToday fontSize="small" color="action" />
    272 |               <Box>

TS2769: No overload matches this call.
  Overload 1 of 2, '(props: { component: ElementType<any, keyof IntrinsicElements>; } & GridBaseProps & { sx?: SxProps<Theme> | undefined; } & SystemProps<...> & Omit<...>): Element | null', gave the following error.
    Property 'component' is missing in type '{ children: Element; item: true; xs: number; }' but required in type '{ component: ElementType<any, keyof IntrinsicElements>; }'.
  Overload 2 of 2, '(props: DefaultComponentProps<GridTypeMap<{}, "div">>): Element | null', gave the following error.
    Type '{ children: Element; item: true; xs: number; }' is not assignable to type 'IntrinsicAttributes & GridBaseProps & { sx?: SxProps<Theme> | undefined; } & SystemProps<Theme> & Omit<...>'.
      Property 'item' does not exist on type 'IntrinsicAttributes & GridBaseProps & { sx?: SxProps<Theme> | undefined; } & SystemProps<Theme> & Omit<...>'.
    281 |           </Grid>
    282 |
  > 283 |           <Grid item xs={12}>
        |           ^^^^^^^^^^^^^^^^^^^
    284 |             <Box display="flex" alignItems="start" gap={1}>
    285 |               <LocationOn fontSize="small" color="action" sx={{ mt: 0.5 }} />
    286 |               <Typography variant="body2">

TS2339: Property 'user' does not exist on type 'AuthState | undefined'.
    105 |
    106 | export function ProfessionalDashboard() {
  > 107 |   const { user } = useAppSelector((state) => state.auth)
        |           ^^^^
    108 |   const [loading, setLoading] = useState(true)
    109 |   const [error, setError] = useState<string | null>(null)
    110 |   const [stats, setStats] = useState<Stats>({

TS2367: This comparison appears to be unintentional because the types '"in_progress" | "completed" | "cancelled" | "scheduled"' and '"pending"' have no overlap.
    139 |         
    140 |         // Calculate stats from bookings
  > 141 |         const pending = allBookings.filter(b => b.status === 'pending').length
        |                                                 ^^^^^^^^^^^^^^^^^^^^^^
    142 |         const completed = allBookings.filter(b => b.status === 'completed').length
    143 |         const today = new Date().toISOString().split('T')[0]
    144 |         const todaysCount = allBookings.filter(b =>

TS2339: Property 'completedDate' does not exist on type 'Booking'.
    153 |         const thisMonthEarnings = allBookings
    154 |           .filter(b => {
  > 155 |             if (b.status !== 'completed' || !b.completedDate) return false
        |                                                ^^^^^^^^^^^^^
    156 |             const bookingMonth = new Date(b.completedDate).getMonth()
    157 |             return bookingMonth === thisMonth
    158 |           })

TS2339: Property 'completedDate' does not exist on type 'Booking'.
    154 |           .filter(b => {
    155 |             if (b.status !== 'completed' || !b.completedDate) return false
  > 156 |             const bookingMonth = new Date(b.completedDate).getMonth()
        |                                             ^^^^^^^^^^^^^
    157 |             return bookingMonth === thisMonth
    158 |           })
    159 |           .reduce((sum, b) => sum + (b.totalAmount || 0), 0)

TS2339: Property '_id' does not exist on type 'Booking'.
    175 |           .slice(0, 5)
    176 |           .map(booking => ({
  > 177 |             _id: booking._id || booking.id,
        |                          ^^^
    178 |             serviceName: booking.services?.[0]?.serviceName || booking.services?.[0]?.serviceDetails?.name || 'Service',
    179 |             customerName: `${booking.customer?.firstName || ''} ${booking.customer?.lastName || ''}`.trim() || 'Customer',
    180 |             customerPhone: booking.customer?.phone || booking.address?.phone || 'N/A',

TS2339: Property 'services' does not exist on type 'Booking'.
    176 |           .map(booking => ({
    177 |             _id: booking._id || booking.id,
  > 178 |             serviceName: booking.services?.[0]?.serviceName || booking.services?.[0]?.serviceDetails?.name || 'Service',
        |                                  ^^^^^^^^
    179 |             customerName: `${booking.customer?.firstName || ''} ${booking.customer?.lastName || ''}`.trim() || 'Customer',
    180 |             customerPhone: booking.customer?.phone || booking.address?.phone || 'N/A',
    181 |             scheduledDate: booking.scheduledDate ? new Date(booking.scheduledDate).toISOString().split('T')[0] : 'N/A',

TS2339: Property 'services' does not exist on type 'Booking'.
    176 |           .map(booking => ({
    177 |             _id: booking._id || booking.id,
  > 178 |             serviceName: booking.services?.[0]?.serviceName || booking.services?.[0]?.serviceDetails?.name || 'Service',
        |                                                                        ^^^^^^^^
    179 |             customerName: `${booking.customer?.firstName || ''} ${booking.customer?.lastName || ''}`.trim() || 'Customer',
    180 |             customerPhone: booking.customer?.phone || booking.address?.phone || 'N/A',
    181 |             scheduledDate: booking.scheduledDate ? new Date(booking.scheduledDate).toISOString().split('T')[0] : 'N/A',

TS2339: Property 'address' does not exist on type 'Booking'.
    178 |             serviceName: booking.services?.[0]?.serviceName || booking.services?.[0]?.serviceDetails?.name || 'Service',
    179 |             customerName: `${booking.customer?.firstName || ''} ${booking.customer?.lastName || ''}`.trim() || 'Customer',
  > 180 |             customerPhone: booking.customer?.phone || booking.address?.phone || 'N/A',
        |                                                               ^^^^^^^
    181 |             scheduledDate: booking.scheduledDate ? new Date(booking.scheduledDate).toISOString().split('T')[0] : 'N/A',
    182 |             scheduledTime: booking.scheduledTime || 'N/A',
    183 |             address: {

TS2339: Property 'address' does not exist on type 'Booking'.
    182 |             scheduledTime: booking.scheduledTime || 'N/A',
    183 |             address: {
  > 184 |               area: booking.address?.area || '',
        |                             ^^^^^^^
    185 |               city: booking.address?.city || 'N/A',
    186 |             },
    187 |             status: booking.status || 'pending',

TS2339: Property 'address' does not exist on type 'Booking'.
    183 |             address: {
    184 |               area: booking.address?.area || '',
  > 185 |               city: booking.address?.city || 'N/A',
        |                             ^^^^^^^
    186 |             },
    187 |             status: booking.status || 'pending',
    188 |             totalAmount: booking.totalAmount || 0,

TS2339: Property '_id' does not exist on type 'Booking'.
    195 |           .filter(b => b.scheduledDate && b.scheduledDate.startsWith(today))
    196 |           .map(booking => ({
  > 197 |             _id: booking._id || booking.id,
        |                          ^^^
    198 |             serviceName: booking.services?.[0]?.serviceName || booking.services?.[0]?.serviceDetails?.name || 'Service',
    199 |             customerName: `${booking.customer?.firstName || ''} ${booking.customer?.lastName || ''}`.trim() || 'Customer',
    200 |             customerPhone: booking.customer?.phone || booking.address?.phone || 'N/A',

TS2339: Property 'services' does not exist on type 'Booking'.
    196 |           .map(booking => ({
    197 |             _id: booking._id || booking.id,
  > 198 |             serviceName: booking.services?.[0]?.serviceName || booking.services?.[0]?.serviceDetails?.name || 'Service',
        |                                  ^^^^^^^^
    199 |             customerName: `${booking.customer?.firstName || ''} ${booking.customer?.lastName || ''}`.trim() || 'Customer',
    200 |             customerPhone: booking.customer?.phone || booking.address?.phone || 'N/A',
    201 |             scheduledDate: booking.scheduledDate ? new Date(booking.scheduledDate).toISOString().split('T')[0] : 'N/A',

TS2339: Property 'services' does not exist on type 'Booking'.
    196 |           .map(booking => ({
    197 |             _id: booking._id || booking.id,
  > 198 |             serviceName: booking.services?.[0]?.serviceName || booking.services?.[0]?.serviceDetails?.name || 'Service',
        |                                                                        ^^^^^^^^
    199 |             customerName: `${booking.customer?.firstName || ''} ${booking.customer?.lastName || ''}`.trim() || 'Customer',
    200 |             customerPhone: booking.customer?.phone || booking.address?.phone || 'N/A',
    201 |             scheduledDate: booking.scheduledDate ? new Date(booking.scheduledDate).toISOString().split('T')[0] : 'N/A',

TS2339: Property 'address' does not exist on type 'Booking'.
    198 |             serviceName: booking.services?.[0]?.serviceName || booking.services?.[0]?.serviceDetails?.name || 'Service',
    199 |             customerName: `${booking.customer?.firstName || ''} ${booking.customer?.lastName || ''}`.trim() || 'Customer',
  > 200 |             customerPhone: booking.customer?.phone || booking.address?.phone || 'N/A',
        |                                                               ^^^^^^^
    201 |             scheduledDate: booking.scheduledDate ? new Date(booking.scheduledDate).toISOString().split('T')[0] : 'N/A',
    202 |             scheduledTime: booking.scheduledTime || 'N/A',
    203 |             address: {

TS2339: Property 'address' does not exist on type 'Booking'.
    202 |             scheduledTime: booking.scheduledTime || 'N/A',
    203 |             address: {
  > 204 |               area: booking.address?.area || '',
        |                             ^^^^^^^
    205 |               city: booking.address?.city || 'N/A',
    206 |             },
    207 |             status: booking.status || 'pending',

TS2339: Property 'address' does not exist on type 'Booking'.
    203 |             address: {
    204 |               area: booking.address?.area || '',
  > 205 |               city: booking.address?.city || 'N/A',
        |                             ^^^^^^^
    206 |             },
    207 |             status: booking.status || 'pending',
    208 |             totalAmount: booking.totalAmount || 0,

TS2769: No overload matches this call.
  Overload 1 of 2, '(props: { component: ElementType<any, keyof IntrinsicElements>; } & GridBaseProps & { sx?: SxProps<Theme> | undefined; } & SystemProps<...> & Omit<...>): Element | null', gave the following error.
    Property 'component' is missing in type '{ children: Element; item: true; xs: number; sm: number; md: number; }' but required in type '{ component: ElementType<any, keyof IntrinsicElements>; }'.
  Overload 2 of 2, '(props: DefaultComponentProps<GridTypeMap<{}, "div">>): Element | null', gave the following error.
    Type '{ children: Element; item: true; xs: number; sm: number; md: number; }' is not assignable to type 'IntrinsicAttributes & GridBaseProps & { sx?: SxProps<Theme> | undefined; } & SystemProps<Theme> & Omit<...>'.
      Property 'item' does not exist on type 'IntrinsicAttributes & GridBaseProps & { sx?: SxProps<Theme> | undefined; } & SystemProps<Theme> & Omit<...>'.
    298 |       {/* Stats Cards */}
    299 |       <Grid container spacing={3} mb={3}>
  > 300 |         <Grid item xs={12} sm={6} md={3}>
        |         ^^^^^^^^^^^^^^^^^^^^^^^^^^^^^^^^^
    301 |           <Card elevation={0} sx={{ border: '1px solid #e0e0e0' }}>
    302 |             <CardContent>
    303 |               <Box display="flex" alignItems="center" justifyContent="space-between">

TS2769: No overload matches this call.
  Overload 1 of 2, '(props: { component: ElementType<any, keyof IntrinsicElements>; } & GridBaseProps & { sx?: SxProps<Theme> | undefined; } & SystemProps<...> & Omit<...>): Element | null', gave the following error.
    Property 'component' is missing in type '{ children: Element; item: true; xs: number; sm: number; md: number; }' but required in type '{ component: ElementType<any, keyof IntrinsicElements>; }'.
  Overload 2 of 2, '(props: DefaultComponentProps<GridTypeMap<{}, "div">>): Element | null', gave the following error.
    Type '{ children: Element; item: true; xs: number; sm: number; md: number; }' is not assignable to type 'IntrinsicAttributes & GridBaseProps & { sx?: SxProps<Theme> | undefined; } & SystemProps<Theme> & Omit<...>'.
      Property 'item' does not exist on type 'IntrinsicAttributes & GridBaseProps & { sx?: SxProps<Theme> | undefined; } & SystemProps<Theme> & Omit<...>'.
    321 |         </Grid>
    322 |
  > 323 |         <Grid item xs={12} sm={6} md={3}>
        |         ^^^^^^^^^^^^^^^^^^^^^^^^^^^^^^^^^
    324 |           <Card elevation={0} sx={{ border: '1px solid #e0e0e0' }}>
    325 |             <CardContent>
    326 |               <Box display="flex" alignItems="center" justifyContent="space-between">

TS2769: No overload matches this call.
  Overload 1 of 2, '(props: { component: ElementType<any, keyof IntrinsicElements>; } & GridBaseProps & { sx?: SxProps<Theme> | undefined; } & SystemProps<...> & Omit<...>): Element | null', gave the following error.
    Property 'component' is missing in type '{ children: Element; item: true; xs: number; sm: number; md: number; }' but required in type '{ component: ElementType<any, keyof IntrinsicElements>; }'.
  Overload 2 of 2, '(props: DefaultComponentProps<GridTypeMap<{}, "div">>): Element | null', gave the following error.
    Type '{ children: Element; item: true; xs: number; sm: number; md: number; }' is not assignable to type 'IntrinsicAttributes & GridBaseProps & { sx?: SxProps<Theme> | undefined; } & SystemProps<Theme> & Omit<...>'.
      Property 'item' does not exist on type 'IntrinsicAttributes & GridBaseProps & { sx?: SxProps<Theme> | undefined; } & SystemProps<Theme> & Omit<...>'.
    344 |         </Grid>
    345 |
  > 346 |         <Grid item xs={12} sm={6} md={3}>
        |         ^^^^^^^^^^^^^^^^^^^^^^^^^^^^^^^^^
    347 |           <Card elevation={0} sx={{ border: '1px solid #e0e0e0' }}>
    348 |             <CardContent>
    349 |               <Box display="flex" alignItems="center" justifyContent="space-between">

TS2769: No overload matches this call.
  Overload 1 of 2, '(props: { component: ElementType<any, keyof IntrinsicElements>; } & GridBaseProps & { sx?: SxProps<Theme> | undefined; } & SystemProps<...> & Omit<...>): Element | null', gave the following error.
    Property 'component' is missing in type '{ children: Element; item: true; xs: number; sm: number; md: number; }' but required in type '{ component: ElementType<any, keyof IntrinsicElements>; }'.
  Overload 2 of 2, '(props: DefaultComponentProps<GridTypeMap<{}, "div">>): Element | null', gave the following error.
    Type '{ children: Element; item: true; xs: number; sm: number; md: number; }' is not assignable to type 'IntrinsicAttributes & GridBaseProps & { sx?: SxProps<Theme> | undefined; } & SystemProps<Theme> & Omit<...>'.
      Property 'item' does not exist on type 'IntrinsicAttributes & GridBaseProps & { sx?: SxProps<Theme> | undefined; } & SystemProps<Theme> & Omit<...>'.
    367 |         </Grid>
    368 |
  > 369 |         <Grid item xs={12} sm={6} md={3}>
        |         ^^^^^^^^^^^^^^^^^^^^^^^^^^^^^^^^^
    370 |           <Card elevation={0} sx={{ border: '1px solid #e0e0e0' }}>
    371 |             <CardContent>
    372 |               <Box display="flex" alignItems="center" justifyContent="space-between">

TS2769: No overload matches this call.
  Overload 1 of 2, '(props: { component: ElementType<any, keyof IntrinsicElements>; } & GridBaseProps & { sx?: SxProps<Theme> | undefined; } & SystemProps<...> & Omit<...>): Element | null', gave the following error.
    Property 'component' is missing in type '{ children: Element; item: true; xs: number; md: number; }' but required in type '{ component: ElementType<any, keyof IntrinsicElements>; }'.
  Overload 2 of 2, '(props: DefaultComponentProps<GridTypeMap<{}, "div">>): Element | null', gave the following error.
    Type '{ children: Element; item: true; xs: number; md: number; }' is not assignable to type 'IntrinsicAttributes & GridBaseProps & { sx?: SxProps<Theme> | undefined; } & SystemProps<Theme> & Omit<...>'.
      Property 'item' does not exist on type 'IntrinsicAttributes & GridBaseProps & { sx?: SxProps<Theme> | undefined; } & SystemProps<Theme> & Omit<...>'.
    393 |       <Grid container spacing={3}>
    394 |         {/* Today's Schedule */}
  > 395 |         <Grid item xs={12} md={8}>
        |         ^^^^^^^^^^^^^^^^^^^^^^^^^^
    396 |           <Paper sx={{ p: 3, height: '100%' }}>
    397 |             <Box display="flex" justifyContent="space-between" alignItems="center" mb={2}>
    398 |               <Typography variant="h6" fontWeight="bold">

TS2769: No overload matches this call.
  Overload 1 of 2, '(props: { component: ElementType<any, keyof IntrinsicElements>; } & GridBaseProps & { sx?: SxProps<Theme> | undefined; } & SystemProps<...> & Omit<...>): Element | null', gave the following error.
    Property 'component' is missing in type '{ children: Element; item: true; xs: number; md: number; }' but required in type '{ component: ElementType<any, keyof IntrinsicElements>; }'.
  Overload 2 of 2, '(props: DefaultComponentProps<GridTypeMap<{}, "div">>): Element | null', gave the following error.
    Type '{ children: Element; item: true; xs: number; md: number; }' is not assignable to type 'IntrinsicAttributes & GridBaseProps & { sx?: SxProps<Theme> | undefined; } & SystemProps<Theme> & Omit<...>'.
      Property 'item' does not exist on type 'IntrinsicAttributes & GridBaseProps & { sx?: SxProps<Theme> | undefined; } & SystemProps<Theme> & Omit<...>'.
    465 |
    466 |         {/* Recent Activity */}
  > 467 |         <Grid item xs={12} md={4}>
        |         ^^^^^^^^^^^^^^^^^^^^^^^^^^
    468 |           <Paper sx={{ p: 3, height: '100%' }}>
    469 |             <Typography variant="h6" fontWeight="bold" gutterBottom>
    470 |               Recent Activity

TS2769: No overload matches this call.
  Overload 1 of 2, '(props: { component: ElementType<any, keyof IntrinsicElements>; } & GridBaseProps & { sx?: SxProps<Theme> | undefined; } & SystemProps<...> & Omit<...>): Element | null', gave the following error.
    Property 'component' is missing in type '{ children: Element; item: true; xs: number; }' but required in type '{ component: ElementType<any, keyof IntrinsicElements>; }'.
  Overload 2 of 2, '(props: DefaultComponentProps<GridTypeMap<{}, "div">>): Element | null', gave the following error.
    Type '{ children: Element; item: true; xs: number; }' is not assignable to type 'IntrinsicAttributes & GridBaseProps & { sx?: SxProps<Theme> | undefined; } & SystemProps<Theme> & Omit<...>'.
      Property 'item' does not exist on type 'IntrinsicAttributes & GridBaseProps & { sx?: SxProps<Theme> | undefined; } & SystemProps<Theme> & Omit<...>'.
    511 |
    512 |         {/* Earnings Chart */}
  > 513 |         <Grid item xs={12}>
        |         ^^^^^^^^^^^^^^^^^^^
    514 |           <Paper sx={{ p: 3 }}>
    515 |             <Box display="flex" justifyContent="space-between" alignItems="center" mb={2}>
    516 |               <Typography variant="h6" fontWeight="bold">

TS2307: Cannot find module './professionals' or its corresponding type declarations.
     5 |  */
     6 |
  >  7 | export { Professionals } from './professionals'
       |                               ^^^^^^^^^^^^^^^^^
     8 | export { ProfessionalsManagement } from './professionals-management'
     9 |
    10 |

TS2307: Cannot find module './professionals-management' or its corresponding type declarations.
     6 |
     7 | export { Professionals } from './professionals'
  >  8 | export { ProfessionalsManagement } from './professionals-management'
       |                                         ^^^^^^^^^^^^^^^^^^^^^^^^^^^^
     9 |
    10 |

TS2339: Property 'bookings' does not exist on type 'ApiResponse<BookingsResponse>'.
    92 |       
    93 |       const response = await BookingsService.getProviderBookings(query)
  > 94 |       setBookings(response.bookings || [])
       |                            ^^^^^^^^
    95 |       if (response.pagination) {
    96 |         setPagination(response.pagination)
    97 |       }

TS2339: Property 'pagination' does not exist on type 'ApiResponse<BookingsResponse>'.
    93 |       const response = await BookingsService.getProviderBookings(query)
    94 |       setBookings(response.bookings || [])
  > 95 |       if (response.pagination) {
       |                    ^^^^^^^^^^
    96 |         setPagination(response.pagination)
    97 |       }
    98 |

TS2339: Property 'pagination' does not exist on type 'ApiResponse<BookingsResponse>'.
    94 |       setBookings(response.bookings || [])
    95 |       if (response.pagination) {
  > 96 |         setPagination(response.pagination)
       |                                ^^^^^^^^^^
    97 |       }
    98 |       
    99 |     } catch (err: any) {

TS2322: Type '"accepted"' is not assignable to type '"in_progress" | "completed" | "cancelled" | "scheduled"'.
    165 |     if (!actionBooking) return
    166 |     try {
  > 167 |       await BookingsService.updateBookingStatus(actionBooking.id, { status: 'accepted' })
        |                                                                     ^^^^^^
    168 |       fetchBookings() // Refresh list
    169 |       handleActionMenuClose()
    170 |     } catch (err: any) {

TS2339: Property 'booking_number' does not exist on type 'Booking'.
    304 |                       <TableCell>
    305 |                         <Typography variant="body2" sx={{ fontWeight: 600 }}>
  > 306 |                           {booking.booking_number || `BK-${booking.id.slice(0, 8)}`}
        |                                    ^^^^^^^^^^^^^^
    307 |                         </Typography>
    308 |                       </TableCell>
    309 |                       <TableCell>

TS2339: Property 'customer_name' does not exist on type 'Booking'.
    310 |                         <Box sx={{ display: 'flex', alignItems: 'center', gap: 1 }}>
    311 |                           <Avatar sx={{ width: 32, height: 32 }}>
  > 312 |                             {booking.customer_name?.charAt(0) || 'C'}
        |                                      ^^^^^^^^^^^^^
    313 |                           </Avatar>
    314 |                           <Box>
    315 |                             <Typography variant="body2" sx={{ fontWeight: 500 }}>

TS2339: Property 'customer_name' does not exist on type 'Booking'.
    314 |                           <Box>
    315 |                             <Typography variant="body2" sx={{ fontWeight: 500 }}>
  > 316 |                               {booking.customer_name || 'N/A'}
        |                                        ^^^^^^^^^^^^^
    317 |                             </Typography>
    318 |                             <Typography variant="caption" color="text.secondary">
    319 |                               {booking.customer_phone || booking.customer?.phone || ''}

TS2339: Property 'customer_phone' does not exist on type 'Booking'.
    317 |                             </Typography>
    318 |                             <Typography variant="caption" color="text.secondary">
  > 319 |                               {booking.customer_phone || booking.customer?.phone || ''}
        |                                        ^^^^^^^^^^^^^^
    320 |                             </Typography>
    321 |                           </Box>
    322 |                         </Box>

TS2339: Property 'service_name' does not exist on type 'Booking'.
    323 |                       </TableCell>
    324 |                       <TableCell>
  > 325 |                         <Typography variant="body2">{booking.service_name || booking.service_request?.service_name || 'N/A'}</Typography>
        |                                                              ^^^^^^^^^^^^
    326 |                         <Typography variant="caption" color="text.secondary">
    327 |                           {booking.category || ''}
    328 |                         </Typography>

TS2551: Property 'service_request' does not exist on type 'Booking'. Did you mean 'serviceRequest'?
    323 |                       </TableCell>
    324 |                       <TableCell>
  > 325 |                         <Typography variant="body2">{booking.service_name || booking.service_request?.service_name || 'N/A'}</Typography>
        |                                                                                      ^^^^^^^^^^^^^^^
    326 |                         <Typography variant="caption" color="text.secondary">
    327 |                           {booking.category || ''}
    328 |                         </Typography>

TS2339: Property 'category' does not exist on type 'Booking'.
    325 |                         <Typography variant="body2">{booking.service_name || booking.service_request?.service_name || 'N/A'}</Typography>
    326 |                         <Typography variant="caption" color="text.secondary">
  > 327 |                           {booking.category || ''}
        |                                    ^^^^^^^^
    328 |                         </Typography>
    329 |                       </TableCell>
    330 |                       <TableCell>

TS2551: Property 'scheduled_date' does not exist on type 'Booking'. Did you mean 'scheduledDate'?
    329 |                       </TableCell>
    330 |                       <TableCell>
  > 331 |                         <Typography variant="body2">{booking.scheduled_date || 'N/A'}</Typography>
        |                                                              ^^^^^^^^^^^^^^
    332 |                         <Typography variant="caption" color="text.secondary">
    333 |                           {booking.scheduled_time || ''}
    334 |                         </Typography>

TS2551: Property 'scheduled_time' does not exist on type 'Booking'. Did you mean 'scheduledTime'?
    331 |                         <Typography variant="body2">{booking.scheduled_date || 'N/A'}</Typography>
    332 |                         <Typography variant="caption" color="text.secondary">
  > 333 |                           {booking.scheduled_time || ''}
        |                                    ^^^^^^^^^^^^^^
    334 |                         </Typography>
    335 |                       </TableCell>
    336 |                       <TableCell>

TS2339: Property 'service_address' does not exist on type 'Booking'.
    336 |                       <TableCell>
    337 |                         <Typography variant="body2" sx={{ maxWidth: 150, overflow: 'hidden', textOverflow: 'ellipsis', whiteSpace: 'nowrap' }}>
  > 338 |                           {booking.service_address || booking.address || 'N/A'}
        |                                    ^^^^^^^^^^^^^^^
    339 |                         </Typography>
    340 |                         <Typography variant="caption" color="text.secondary">
    341 |                           {booking.city || ''}

TS2339: Property 'address' does not exist on type 'Booking'.
    336 |                       <TableCell>
    337 |                         <Typography variant="body2" sx={{ maxWidth: 150, overflow: 'hidden', textOverflow: 'ellipsis', whiteSpace: 'nowrap' }}>
  > 338 |                           {booking.service_address || booking.address || 'N/A'}
        |                                                               ^^^^^^^
    339 |                         </Typography>
    340 |                         <Typography variant="caption" color="text.secondary">
    341 |                           {booking.city || ''}

TS2339: Property 'city' does not exist on type 'Booking'.
    339 |                         </Typography>
    340 |                         <Typography variant="caption" color="text.secondary">
  > 341 |                           {booking.city || ''}
        |                                    ^^^^
    342 |                         </Typography>
    343 |                       </TableCell>
    344 |                       <TableCell>

TS2551: Property 'total_amount' does not exist on type 'Booking'. Did you mean 'totalAmount'?
    344 |                       <TableCell>
    345 |                         <Typography variant="body2" sx={{ fontWeight: 600 }}>
  > 346 |                           ${booking.total_amount || booking.estimated_cost || 0}
        |                                     ^^^^^^^^^^^^
    347 |                         </Typography>
    348 |                       </TableCell>
    349 |                       <TableCell>

TS2339: Property 'estimated_cost' does not exist on type 'Booking'.
    344 |                       <TableCell>
    345 |                         <Typography variant="body2" sx={{ fontWeight: 600 }}>
  > 346 |                           ${booking.total_amount || booking.estimated_cost || 0}
        |                                                             ^^^^^^^^^^^^^^
    347 |                         </Typography>
    348 |                       </TableCell>
    349 |                       <TableCell>

TS2367: This comparison appears to be unintentional because the types '"in_progress" | "completed" | "cancelled" | "scheduled" | undefined' and '"pending"' have no overlap.
    382 |           View Details
    383 |         </MenuItem>
  > 384 |         {actionBooking?.status === 'pending' && (
        |          ^^^^^^^^^^^^^^^^^^^^^^^^^^^^^^^^^^^
    385 |           <MenuItem onClick={handleAcceptBooking}>Accept Booking</MenuItem>
    386 |         )}
    387 |         {actionBooking?.status === 'accepted' && (

TS2367: This comparison appears to be unintentional because the types '"in_progress" | "completed" | "cancelled" | "scheduled" | undefined' and '"accepted"' have no overlap.
    385 |           <MenuItem onClick={handleAcceptBooking}>Accept Booking</MenuItem>
    386 |         )}
  > 387 |         {actionBooking?.status === 'accepted' && (
        |          ^^^^^^^^^^^^^^^^^^^^^^^^^^^^^^^^^^^^
    388 |           <MenuItem onClick={handleStartJob}>Start Job</MenuItem>
    389 |         )}
    390 |         {actionBooking?.status === 'in-progress' && (

TS2367: This comparison appears to be unintentional because the types '"in_progress" | "completed" | "cancelled" | "scheduled" | undefined' and '"in-progress"' have no overlap.
    388 |           <MenuItem onClick={handleStartJob}>Start Job</MenuItem>
    389 |         )}
  > 390 |         {actionBooking?.status === 'in-progress' && (
        |          ^^^^^^^^^^^^^^^^^^^^^^^^^^^^^^^^^^^^^^^
    391 |           <MenuItem onClick={handleCompleteJob}>Complete Job</MenuItem>
    392 |         )}
    393 |         <Divider />

TS2769: No overload matches this call.
  Overload 1 of 2, '(props: { component: ElementType<any, keyof IntrinsicElements>; } & GridBaseProps & { sx?: SxProps<Theme> | undefined; } & SystemProps<...> & Omit<...>): Element | null', gave the following error.
    Property 'component' is missing in type '{ children: Element; item: true; xs: number; }' but required in type '{ component: ElementType<any, keyof IntrinsicElements>; }'.
  Overload 2 of 2, '(props: DefaultComponentProps<GridTypeMap<{}, "div">>): Element | null', gave the following error.
    Type '{ children: Element; item: true; xs: number; }' is not assignable to type 'IntrinsicAttributes & GridBaseProps & { sx?: SxProps<Theme> | undefined; } & SystemProps<Theme> & Omit<...>'.
      Property 'item' does not exist on type 'IntrinsicAttributes & GridBaseProps & { sx?: SxProps<Theme> | undefined; } & SystemProps<Theme> & Omit<...>'.
    412 |           {selectedBooking && (
    413 |             <Grid container spacing={3}>
  > 414 |               <Grid item xs={12}>
        |               ^^^^^^^^^^^^^^^^^^^
    415 |                 <Paper sx={{ p: 2, bgcolor: 'primary.main', color: 'white' }}>
    416 |                   <Typography variant="h5" sx={{ fontWeight: 700, mb: 0.5 }}>
    417 |                     {selectedBooking.booking_number || `BK-${selectedBooking.id.slice(0, 8)}`}

TS2339: Property 'booking_number' does not exist on type 'Booking'.
    415 |                 <Paper sx={{ p: 2, bgcolor: 'primary.main', color: 'white' }}>
    416 |                   <Typography variant="h5" sx={{ fontWeight: 700, mb: 0.5 }}>
  > 417 |                     {selectedBooking.booking_number || `BK-${selectedBooking.id.slice(0, 8)}`}
        |                                      ^^^^^^^^^^^^^^
    418 |                   </Typography>
    419 |                   <Chip
    420 |                     label={selectedBooking.status}

TS2769: No overload matches this call.
  Overload 1 of 2, '(props: { component: ElementType<any, keyof IntrinsicElements>; } & GridBaseProps & { sx?: SxProps<Theme> | undefined; } & SystemProps<...> & Omit<...>): Element | null', gave the following error.
    Property 'component' is missing in type '{ children: Element[]; item: true; xs: number; md: number; }' but required in type '{ component: ElementType<any, keyof IntrinsicElements>; }'.
  Overload 2 of 2, '(props: DefaultComponentProps<GridTypeMap<{}, "div">>): Element | null', gave the following error.
    Type '{ children: Element[]; item: true; xs: number; md: number; }' is not assignable to type 'IntrinsicAttributes & GridBaseProps & { sx?: SxProps<Theme> | undefined; } & SystemProps<Theme> & Omit<...>'.
      Property 'item' does not exist on type 'IntrinsicAttributes & GridBaseProps & { sx?: SxProps<Theme> | undefined; } & SystemProps<Theme> & Omit<...>'.
    430 |               </Grid>
    431 |
  > 432 |               <Grid item xs={12} md={6}>
        |               ^^^^^^^^^^^^^^^^^^^^^^^^^^
    433 |                 <Typography variant="subtitle2" color="text.secondary" gutterBottom>
    434 |                   Customer Information
    435 |                 </Typography>

TS2339: Property 'customer_name' does not exist on type 'Booking'.
    437 |                   <Box sx={{ display: 'flex', alignItems: 'center', gap: 1 }}>
    438 |                     <PersonIcon fontSize="small" color="action" />
  > 439 |                     <Typography variant="body2">{selectedBooking.customer_name || 'N/A'}</Typography>
        |                                                                  ^^^^^^^^^^^^^
    440 |                   </Box>
    441 |                   <Box sx={{ display: 'flex', alignItems: 'center', gap: 1 }}>
    442 |                     <PhoneIcon fontSize="small" color="action" />

TS2339: Property 'customer_phone' does not exist on type 'Booking'.
    441 |                   <Box sx={{ display: 'flex', alignItems: 'center', gap: 1 }}>
    442 |                     <PhoneIcon fontSize="small" color="action" />
  > 443 |                     <Typography variant="body2">{selectedBooking.customer_phone || selectedBooking.customer?.phone || 'N/A'}</Typography>
        |                                                                  ^^^^^^^^^^^^^^
    444 |                   </Box>
    445 |                   <Box sx={{ display: 'flex', alignItems: 'center', gap: 1 }}>
    446 |                     <LocationIcon fontSize="small" color="action" />

TS2339: Property 'service_address' does not exist on type 'Booking'.
    446 |                     <LocationIcon fontSize="small" color="action" />
    447 |                     <Typography variant="body2">
  > 448 |                       {selectedBooking.service_address || selectedBooking.address || 'N/A'}
        |                                        ^^^^^^^^^^^^^^^
    449 |                     </Typography>
    450 |                   </Box>
    451 |                 </Stack>

TS2339: Property 'address' does not exist on type 'Booking'.
    446 |                     <LocationIcon fontSize="small" color="action" />
    447 |                     <Typography variant="body2">
  > 448 |                       {selectedBooking.service_address || selectedBooking.address || 'N/A'}
        |                                                                           ^^^^^^^
    449 |                     </Typography>
    450 |                   </Box>
    451 |                 </Stack>

TS2769: No overload matches this call.
  Overload 1 of 2, '(props: { component: ElementType<any, keyof IntrinsicElements>; } & GridBaseProps & { sx?: SxProps<Theme> | undefined; } & SystemProps<...> & Omit<...>): Element | null', gave the following error.
    Property 'component' is missing in type '{ children: Element[]; item: true; xs: number; md: number; }' but required in type '{ component: ElementType<any, keyof IntrinsicElements>; }'.
  Overload 2 of 2, '(props: DefaultComponentProps<GridTypeMap<{}, "div">>): Element | null', gave the following error.
    Type '{ children: Element[]; item: true; xs: number; md: number; }' is not assignable to type 'IntrinsicAttributes & GridBaseProps & { sx?: SxProps<Theme> | undefined; } & SystemProps<Theme> & Omit<...>'.
      Property 'item' does not exist on type 'IntrinsicAttributes & GridBaseProps & { sx?: SxProps<Theme> | undefined; } & SystemProps<Theme> & Omit<...>'.
    452 |               </Grid>
    453 |
  > 454 |               <Grid item xs={12} md={6}>
        |               ^^^^^^^^^^^^^^^^^^^^^^^^^^
    455 |                 <Typography variant="subtitle2" color="text.secondary" gutterBottom>
    456 |                   Service Details
    457 |                 </Typography>

TS2339: Property 'service_name' does not exist on type 'Booking'.
    459 |                   <Box>
    460 |                     <Typography variant="body2" sx={{ fontWeight: 600 }}>
  > 461 |                       {selectedBooking.service_name || selectedBooking.service_request?.service_name || 'N/A'}
        |                                        ^^^^^^^^^^^^
    462 |                     </Typography>
    463 |                     <Typography variant="caption" color="text.secondary">
    464 |                       {selectedBooking.category || ''}

TS2551: Property 'service_request' does not exist on type 'Booking'. Did you mean 'serviceRequest'?
    459 |                   <Box>
    460 |                     <Typography variant="body2" sx={{ fontWeight: 600 }}>
  > 461 |                       {selectedBooking.service_name || selectedBooking.service_request?.service_name || 'N/A'}
        |                                                                        ^^^^^^^^^^^^^^^
    462 |                     </Typography>
    463 |                     <Typography variant="caption" color="text.secondary">
    464 |                       {selectedBooking.category || ''}

TS2339: Property 'category' does not exist on type 'Booking'.
    462 |                     </Typography>
    463 |                     <Typography variant="caption" color="text.secondary">
  > 464 |                       {selectedBooking.category || ''}
        |                                        ^^^^^^^^
    465 |                     </Typography>
    466 |                   </Box>
    467 |                   <Box sx={{ display: 'flex', alignItems: 'center', gap: 1 }}>

TS2551: Property 'scheduled_date' does not exist on type 'Booking'. Did you mean 'scheduledDate'?
    468 |                     <CalendarIcon fontSize="small" color="action" />
    469 |                     <Typography variant="body2">
  > 470 |                       {selectedBooking.scheduled_date} at {selectedBooking.scheduled_time}
        |                                        ^^^^^^^^^^^^^^
    471 |                     </Typography>
    472 |                   </Box>
    473 |                   <Box sx={{ display: 'flex', alignItems: 'center', gap: 1 }}>

TS2551: Property 'scheduled_time' does not exist on type 'Booking'. Did you mean 'scheduledTime'?
    468 |                     <CalendarIcon fontSize="small" color="action" />
    469 |                     <Typography variant="body2">
  > 470 |                       {selectedBooking.scheduled_date} at {selectedBooking.scheduled_time}
        |                                                                            ^^^^^^^^^^^^^^
    471 |                     </Typography>
    472 |                   </Box>
    473 |                   <Box sx={{ display: 'flex', alignItems: 'center', gap: 1 }}>

TS2551: Property 'total_amount' does not exist on type 'Booking'. Did you mean 'totalAmount'?
    474 |                     <MoneyIcon fontSize="small" color="action" />
    475 |                     <Typography variant="body2" sx={{ fontWeight: 600 }}>
  > 476 |                       ${selectedBooking.total_amount || selectedBooking.estimated_cost || 0}
        |                                         ^^^^^^^^^^^^
    477 |                     </Typography>
    478 |                   </Box>
    479 |                 </Stack>

TS2339: Property 'estimated_cost' does not exist on type 'Booking'.
    474 |                     <MoneyIcon fontSize="small" color="action" />
    475 |                     <Typography variant="body2" sx={{ fontWeight: 600 }}>
  > 476 |                       ${selectedBooking.total_amount || selectedBooking.estimated_cost || 0}
        |                                                                         ^^^^^^^^^^^^^^
    477 |                     </Typography>
    478 |                   </Box>
    479 |                 </Stack>

TS2769: No overload matches this call.
  Overload 1 of 2, '(props: { component: ElementType<any, keyof IntrinsicElements>; } & GridBaseProps & { sx?: SxProps<Theme> | undefined; } & SystemProps<...> & Omit<...>): Element | null', gave the following error.
    Property 'component' is missing in type '{ children: Element[]; item: true; xs: number; }' but required in type '{ component: ElementType<any, keyof IntrinsicElements>; }'.
  Overload 2 of 2, '(props: DefaultComponentProps<GridTypeMap<{}, "div">>): Element | null', gave the following error.
    Type '{ children: Element[]; item: true; xs: number; }' is not assignable to type 'IntrinsicAttributes & GridBaseProps & { sx?: SxProps<Theme> | undefined; } & SystemProps<Theme> & Omit<...>'.
      Property 'item' does not exist on type 'IntrinsicAttributes & GridBaseProps & { sx?: SxProps<Theme> | undefined; } & SystemProps<Theme> & Omit<...>'.
    481 |
    482 |               {selectedBooking.notes && (
  > 483 |                 <Grid item xs={12}>
        |                 ^^^^^^^^^^^^^^^^^^^
    484 |                   <Typography variant="subtitle2" color="text.secondary" gutterBottom>
    485 |                     Notes
    486 |                   </Typography>

TS2367: This comparison appears to be unintentional because the types '"in_progress" | "completed" | "cancelled" | "scheduled" | undefined' and '"pending"' have no overlap.
    495 |         <DialogActions>
    496 |           <Button onClick={() => setDetailsOpen(false)}>Close</Button>
  > 497 |           {selectedBooking?.status === 'pending' && (
        |            ^^^^^^^^^^^^^^^^^^^^^^^^^^^^^^^^^^^^^
    498 |             <Button variant="contained" onClick={handleAcceptBooking}>
    499 |               Accept Booking
    500 |             </Button>

TS2367: This comparison appears to be unintentional because the types '"in_progress" | "completed" | "cancelled" | "scheduled" | undefined' and '"accepted"' have no overlap.
    500 |             </Button>
    501 |           )}
  > 502 |           {selectedBooking?.status === 'accepted' && (
        |            ^^^^^^^^^^^^^^^^^^^^^^^^^^^^^^^^^^^^^^
    503 |             <Button variant="contained" onClick={handleStartJob}>
    504 |               Start Job
    505 |             </Button>

TS2339: Property 'user' does not exist on type 'AuthState | undefined'.
    46 | export function ProviderDashboard() {
    47 |   const navigate = useNavigate()
  > 48 |   const { user } = useAppSelector((state) => state.auth)
       |           ^^^^
    49 |   const [loading, setLoading] = useState(true)
    50 |   const [error, setError] = useState<string | null>(null)
    51 |

TS2345: Argument of type 'ApiResponse<{ totalBookings: number; pendingBookings: number; acceptedBookings: number; inProgressBookings: number; completedBookings: number; cancelledBookings: number; totalEarnings: number; averageRating: number; totalReviews: number; responseRate: number; }>' is not assignable to parameter of type 'SetStateAction<{ totalBookings: number; completedBookings: number; pendingBookings: number; cancelledBookings: number; totalEarnings: number; averageRating: number; totalReviews: number; responseRate: number; }>'.
    76 |       // Fetch provider stats
    77 |       const statsData = await BookingsService.getProviderBookingStats()
  > 78 |       setStats(statsData)
       |                ^^^^^^^^^
    79 |       
    80 |       // Fetch recent bookings (limit 3 for dashboard)
    81 |       const bookingsData = await BookingsService.getProviderBookings({

TS2339: Property 'bookings' does not exist on type 'ApiResponse<BookingsResponse>'.
    83 |         page: 1 
    84 |       })
  > 85 |       setRecentBookings(bookingsData.bookings || [])
       |                                      ^^^^^^^^
    86 |       
    87 |     } catch (err: any) {
    88 |       console.error('Error fetching dashboard data:', err)

TS2769: No overload matches this call.
  Overload 1 of 2, '(props: { component: ElementType<any, keyof IntrinsicElements>; } & GridBaseProps & { sx?: SxProps<Theme> | undefined; } & SystemProps<...> & Omit<...>): Element | null', gave the following error.
    Property 'component' is missing in type '{ children: Element; item: true; xs: number; sm: number; md: number; }' but required in type '{ component: ElementType<any, keyof IntrinsicElements>; }'.
  Overload 2 of 2, '(props: DefaultComponentProps<GridTypeMap<{}, "div">>): Element | null', gave the following error.
    Type '{ children: Element; item: true; xs: number; sm: number; md: number; }' is not assignable to type 'IntrinsicAttributes & GridBaseProps & { sx?: SxProps<Theme> | undefined; } & SystemProps<Theme> & Omit<...>'.
      Property 'item' does not exist on type 'IntrinsicAttributes & GridBaseProps & { sx?: SxProps<Theme> | undefined; } & SystemProps<Theme> & Omit<...>'.
    173 |       {/* Stats Cards */}
    174 |       <Grid container spacing={3} sx={{ mb: 4 }}>
  > 175 |         <Grid item xs={12} sm={6} md={3}>
        |         ^^^^^^^^^^^^^^^^^^^^^^^^^^^^^^^^^
    176 |           <Card sx={{ height: '100%', borderRadius: 2 }}>
    177 |             <CardContent>
    178 |               <Box sx={{ display: 'flex', alignItems: 'center', justifyContent: 'space-between', mb: 2 }}>

TS2769: No overload matches this call.
  Overload 1 of 2, '(props: { component: ElementType<any, keyof IntrinsicElements>; } & GridBaseProps & { sx?: SxProps<Theme> | undefined; } & SystemProps<...> & Omit<...>): Element | null', gave the following error.
    Property 'component' is missing in type '{ children: Element; item: true; xs: number; sm: number; md: number; }' but required in type '{ component: ElementType<any, keyof IntrinsicElements>; }'.
  Overload 2 of 2, '(props: DefaultComponentProps<GridTypeMap<{}, "div">>): Element | null', gave the following error.
    Type '{ children: Element; item: true; xs: number; sm: number; md: number; }' is not assignable to type 'IntrinsicAttributes & GridBaseProps & { sx?: SxProps<Theme> | undefined; } & SystemProps<Theme> & Omit<...>'.
      Property 'item' does not exist on type 'IntrinsicAttributes & GridBaseProps & { sx?: SxProps<Theme> | undefined; } & SystemProps<Theme> & Omit<...>'.
    202 |         </Grid>
    203 |
  > 204 |         <Grid item xs={12} sm={6} md={3}>
        |         ^^^^^^^^^^^^^^^^^^^^^^^^^^^^^^^^^
    205 |           <Card sx={{ height: '100%', borderRadius: 2 }}>
    206 |             <CardContent>
    207 |               <Box sx={{ display: 'flex', alignItems: 'center', justifyContent: 'space-between', mb: 2 }}>

TS2769: No overload matches this call.
  Overload 1 of 2, '(props: { component: ElementType<any, keyof IntrinsicElements>; } & GridBaseProps & { sx?: SxProps<Theme> | undefined; } & SystemProps<...> & Omit<...>): Element | null', gave the following error.
    Property 'component' is missing in type '{ children: Element; item: true; xs: number; sm: number; md: number; }' but required in type '{ component: ElementType<any, keyof IntrinsicElements>; }'.
  Overload 2 of 2, '(props: DefaultComponentProps<GridTypeMap<{}, "div">>): Element | null', gave the following error.
    Type '{ children: Element; item: true; xs: number; sm: number; md: number; }' is not assignable to type 'IntrinsicAttributes & GridBaseProps & { sx?: SxProps<Theme> | undefined; } & SystemProps<Theme> & Omit<...>'.
      Property 'item' does not exist on type 'IntrinsicAttributes & GridBaseProps & { sx?: SxProps<Theme> | undefined; } & SystemProps<Theme> & Omit<...>'.
    231 |         </Grid>
    232 |
  > 233 |         <Grid item xs={12} sm={6} md={3}>
        |         ^^^^^^^^^^^^^^^^^^^^^^^^^^^^^^^^^
    234 |           <Card sx={{ height: '100%', borderRadius: 2 }}>
    235 |             <CardContent>
    236 |               <Box sx={{ display: 'flex', alignItems: 'center', justifyContent: 'space-between', mb: 2 }}>

TS2769: No overload matches this call.
  Overload 1 of 2, '(props: { component: ElementType<any, keyof IntrinsicElements>; } & GridBaseProps & { sx?: SxProps<Theme> | undefined; } & SystemProps<...> & Omit<...>): Element | null', gave the following error.
    Property 'component' is missing in type '{ children: Element; item: true; xs: number; sm: number; md: number; }' but required in type '{ component: ElementType<any, keyof IntrinsicElements>; }'.
  Overload 2 of 2, '(props: DefaultComponentProps<GridTypeMap<{}, "div">>): Element | null', gave the following error.
    Type '{ children: Element; item: true; xs: number; sm: number; md: number; }' is not assignable to type 'IntrinsicAttributes & GridBaseProps & { sx?: SxProps<Theme> | undefined; } & SystemProps<Theme> & Omit<...>'.
      Property 'item' does not exist on type 'IntrinsicAttributes & GridBaseProps & { sx?: SxProps<Theme> | undefined; } & SystemProps<Theme> & Omit<...>'.
    260 |         </Grid>
    261 |
  > 262 |         <Grid item xs={12} sm={6} md={3}>
        |         ^^^^^^^^^^^^^^^^^^^^^^^^^^^^^^^^^
    263 |           <Card sx={{ height: '100%', borderRadius: 2 }}>
    264 |             <CardContent>
    265 |               <Box sx={{ display: 'flex', alignItems: 'center', justifyContent: 'space-between', mb: 2 }}>

TS2769: No overload matches this call.
  Overload 1 of 2, '(props: { component: ElementType<any, keyof IntrinsicElements>; } & GridBaseProps & { sx?: SxProps<Theme> | undefined; } & SystemProps<...> & Omit<...>): Element | null', gave the following error.
    Property 'component' is missing in type '{ children: Element; item: true; xs: number; lg: number; }' but required in type '{ component: ElementType<any, keyof IntrinsicElements>; }'.
  Overload 2 of 2, '(props: DefaultComponentProps<GridTypeMap<{}, "div">>): Element | null', gave the following error.
    Type '{ children: Element; item: true; xs: number; lg: number; }' is not assignable to type 'IntrinsicAttributes & GridBaseProps & { sx?: SxProps<Theme> | undefined; } & SystemProps<Theme> & Omit<...>'.
      Property 'item' does not exist on type 'IntrinsicAttributes & GridBaseProps & { sx?: SxProps<Theme> | undefined; } & SystemProps<Theme> & Omit<...>'.
    292 |       <Grid container spacing={3}>
    293 |         {/* Recent Bookings */}
  > 294 |         <Grid item xs={12} lg={8}>
        |         ^^^^^^^^^^^^^^^^^^^^^^^^^^
    295 |           <Card sx={{ borderRadius: 2 }}>
    296 |             <CardContent>
    297 |               <Box sx={{ display: 'flex', justifyContent: 'space-between', alignItems: 'center', mb: 3 }}>

TS2339: Property 'customer_name' does not exist on type 'Booking'.
    327 |                           <Box sx={{ display: 'flex', alignItems: 'center', gap: 1 }}>
    328 |                             <Avatar sx={{ width: 32, height: 32 }}>
  > 329 |                               {booking.customer_name?.charAt(0) || 'C'}
        |                                        ^^^^^^^^^^^^^
    330 |                             </Avatar>
    331 |                             <Typography variant="body2" sx={{ fontWeight: 500 }}>
    332 |                               {booking.customer_name || 'N/A'}

TS2339: Property 'customer_name' does not exist on type 'Booking'.
    330 |                             </Avatar>
    331 |                             <Typography variant="body2" sx={{ fontWeight: 500 }}>
  > 332 |                               {booking.customer_name || 'N/A'}
        |                                        ^^^^^^^^^^^^^
    333 |                             </Typography>
    334 |                           </Box>
    335 |                         </TableCell>

TS2339: Property 'service_name' does not exist on type 'Booking'.
    334 |                           </Box>
    335 |                         </TableCell>
  > 336 |                         <TableCell>{booking.service_name || booking.service_request?.service_name || 'N/A'}</TableCell>
        |                                             ^^^^^^^^^^^^
    337 |                         <TableCell>
    338 |                           <Typography variant="body2">{booking.scheduled_date || 'N/A'}</Typography>
    339 |                           <Typography variant="caption" color="text.secondary">

TS2551: Property 'service_request' does not exist on type 'Booking'. Did you mean 'serviceRequest'?
    334 |                           </Box>
    335 |                         </TableCell>
  > 336 |                         <TableCell>{booking.service_name || booking.service_request?.service_name || 'N/A'}</TableCell>
        |                                                                     ^^^^^^^^^^^^^^^
    337 |                         <TableCell>
    338 |                           <Typography variant="body2">{booking.scheduled_date || 'N/A'}</Typography>
    339 |                           <Typography variant="caption" color="text.secondary">

TS2551: Property 'scheduled_date' does not exist on type 'Booking'. Did you mean 'scheduledDate'?
    336 |                         <TableCell>{booking.service_name || booking.service_request?.service_name || 'N/A'}</TableCell>
    337 |                         <TableCell>
  > 338 |                           <Typography variant="body2">{booking.scheduled_date || 'N/A'}</Typography>
        |                                                                ^^^^^^^^^^^^^^
    339 |                           <Typography variant="caption" color="text.secondary">
    340 |                             {booking.scheduled_time || ''}
    341 |                           </Typography>

TS2551: Property 'scheduled_time' does not exist on type 'Booking'. Did you mean 'scheduledTime'?
    338 |                           <Typography variant="body2">{booking.scheduled_date || 'N/A'}</Typography>
    339 |                           <Typography variant="caption" color="text.secondary">
  > 340 |                             {booking.scheduled_time || ''}
        |                                      ^^^^^^^^^^^^^^
    341 |                           </Typography>
    342 |                         </TableCell>
    343 |                         <TableCell>

TS2551: Property 'total_amount' does not exist on type 'Booking'. Did you mean 'totalAmount'?
    343 |                         <TableCell>
    344 |                           <Typography variant="body2" sx={{ fontWeight: 600 }}>
  > 345 |                             ${booking.total_amount || booking.estimated_cost || 0}
        |                                       ^^^^^^^^^^^^
    346 |                           </Typography>
    347 |                         </TableCell>
    348 |                         <TableCell>

TS2339: Property 'estimated_cost' does not exist on type 'Booking'.
    343 |                         <TableCell>
    344 |                           <Typography variant="body2" sx={{ fontWeight: 600 }}>
  > 345 |                             ${booking.total_amount || booking.estimated_cost || 0}
        |                                                               ^^^^^^^^^^^^^^
    346 |                           </Typography>
    347 |                         </TableCell>
    348 |                         <TableCell>

TS2769: No overload matches this call.
  Overload 1 of 2, '(props: { component: ElementType<any, keyof IntrinsicElements>; } & GridBaseProps & { sx?: SxProps<Theme> | undefined; } & SystemProps<...> & Omit<...>): Element | null', gave the following error.
    Property 'component' is missing in type '{ children: Element; item: true; xs: number; lg: number; }' but required in type '{ component: ElementType<any, keyof IntrinsicElements>; }'.
  Overload 2 of 2, '(props: DefaultComponentProps<GridTypeMap<{}, "div">>): Element | null', gave the following error.
    Type '{ children: Element; item: true; xs: number; lg: number; }' is not assignable to type 'IntrinsicAttributes & GridBaseProps & { sx?: SxProps<Theme> | undefined; } & SystemProps<Theme> & Omit<...>'.
      Property 'item' does not exist on type 'IntrinsicAttributes & GridBaseProps & { sx?: SxProps<Theme> | undefined; } & SystemProps<Theme> & Omit<...>'.
    379 |
    380 |         {/* Provider Info & Performance */}
  > 381 |         <Grid item xs={12} lg={4}>
        |         ^^^^^^^^^^^^^^^^^^^^^^^^^^
    382 |           <Stack spacing={3}>
    383 |             {/* Provider Info Card */}
    384 |             <Card sx={{ borderRadius: 2 }}>

TS2345: Argument of type 'ApiResponse<{ totalEarnings: number; pendingPayouts: number; completedPayouts: number; thisMonth: number; lastMonth: number; averagePerJob: number; totalJobs: number; platformFeeTotal: number; monthlyStats: { ...; }[]; }>' is not assignable to parameter of type 'SetStateAction<{ totalEarnings: number; pendingPayouts: number; completedPayouts: number; thisMonth: number; lastMonth: number; averagePerJob: number; totalJobs: number; }>'.
    67 |       // Get earnings summary
    68 |       const statsData = await PaymentsService.getProviderPaymentStats()
  > 69 |       setEarnings(statsData)
       |                   ^^^^^^^^^
    70 |       
    71 |       // Get transactions (limit 10 for page)
    72 |       const transactionsData = await PaymentsService.getProviderTransactions({

TS2339: Property 'payments' does not exist on type 'ApiResponse<{ payments: Payment[]; pagination: { page: number; limit: number; total: number; totalPages: number; }; }>'.
    74 |         limit: 10 
    75 |       })
  > 76 |       setTransactions(transactionsData.payments || [])
       |                                        ^^^^^^^^
    77 |       
    78 |     } catch (err: any) {
    79 |       console.error('Error fetching earnings data:', err)

TS2769: No overload matches this call.
  Overload 1 of 2, '(props: { component: ElementType<any, keyof IntrinsicElements>; } & GridBaseProps & { sx?: SxProps<Theme> | undefined; } & SystemProps<...> & Omit<...>): Element | null', gave the following error.
    Property 'component' is missing in type '{ children: Element; item: true; xs: number; md: number; lg: number; }' but required in type '{ component: ElementType<any, keyof IntrinsicElements>; }'.
  Overload 2 of 2, '(props: DefaultComponentProps<GridTypeMap<{}, "div">>): Element | null', gave the following error.
    Type '{ children: Element; item: true; xs: number; md: number; lg: number; }' is not assignable to type 'IntrinsicAttributes & GridBaseProps & { sx?: SxProps<Theme> | undefined; } & SystemProps<Theme> & Omit<...>'.
      Property 'item' does not exist on type 'IntrinsicAttributes & GridBaseProps & { sx?: SxProps<Theme> | undefined; } & SystemProps<Theme> & Omit<...>'.
    158 |       {/* Stats Cards */}
    159 |       <Grid container spacing={3} sx={{ mb: 4 }}>
  > 160 |         <Grid item xs={12} md={6} lg={3}>
        |         ^^^^^^^^^^^^^^^^^^^^^^^^^^^^^^^^^
    161 |           <Card sx={{ height: '100%', borderRadius: 2, background: 'linear-gradient(135deg, #667eea 0%, #764ba2 100%)', color: 'white' }}>
    162 |             <CardContent>
    163 |               <Box sx={{ display: 'flex', alignItems: 'center', justifyContent: 'space-between', mb: 2 }}>

TS2769: No overload matches this call.
  Overload 1 of 2, '(props: { component: ElementType<any, keyof IntrinsicElements>; } & GridBaseProps & { sx?: SxProps<Theme> | undefined; } & SystemProps<...> & Omit<...>): Element | null', gave the following error.
    Property 'component' is missing in type '{ children: Element; item: true; xs: number; md: number; lg: number; }' but required in type '{ component: ElementType<any, keyof IntrinsicElements>; }'.
  Overload 2 of 2, '(props: DefaultComponentProps<GridTypeMap<{}, "div">>): Element | null', gave the following error.
    Type '{ children: Element; item: true; xs: number; md: number; lg: number; }' is not assignable to type 'IntrinsicAttributes & GridBaseProps & { sx?: SxProps<Theme> | undefined; } & SystemProps<Theme> & Omit<...>'.
      Property 'item' does not exist on type 'IntrinsicAttributes & GridBaseProps & { sx?: SxProps<Theme> | undefined; } & SystemProps<Theme> & Omit<...>'.
    189 |         </Grid>
    190 |
  > 191 |         <Grid item xs={12} md={6} lg={3}>
        |         ^^^^^^^^^^^^^^^^^^^^^^^^^^^^^^^^^
    192 |           <Card sx={{ height: '100%', borderRadius: 2 }}>
    193 |             <CardContent>
    194 |               <Box sx={{ display: 'flex', alignItems: 'center', justifyContent: 'space-between', mb: 2 }}>

TS2769: No overload matches this call.
  Overload 1 of 2, '(props: { component: ElementType<any, keyof IntrinsicElements>; } & GridBaseProps & { sx?: SxProps<Theme> | undefined; } & SystemProps<...> & Omit<...>): Element | null', gave the following error.
    Property 'component' is missing in type '{ children: Element; item: true; xs: number; md: number; lg: number; }' but required in type '{ component: ElementType<any, keyof IntrinsicElements>; }'.
  Overload 2 of 2, '(props: DefaultComponentProps<GridTypeMap<{}, "div">>): Element | null', gave the following error.
    Type '{ children: Element; item: true; xs: number; md: number; lg: number; }' is not assignable to type 'IntrinsicAttributes & GridBaseProps & { sx?: SxProps<Theme> | undefined; } & SystemProps<Theme> & Omit<...>'.
      Property 'item' does not exist on type 'IntrinsicAttributes & GridBaseProps & { sx?: SxProps<Theme> | undefined; } & SystemProps<Theme> & Omit<...>'.
    220 |         </Grid>
    221 |
  > 222 |         <Grid item xs={12} md={6} lg={3}>
        |         ^^^^^^^^^^^^^^^^^^^^^^^^^^^^^^^^^
    223 |           <Card sx={{ height: '100%', borderRadius: 2 }}>
    224 |             <CardContent>
    225 |               <Box sx={{ display: 'flex', alignItems: 'center', justifyContent: 'space-between', mb: 2 }}>

TS2769: No overload matches this call.
  Overload 1 of 2, '(props: { component: ElementType<any, keyof IntrinsicElements>; } & GridBaseProps & { sx?: SxProps<Theme> | undefined; } & SystemProps<...> & Omit<...>): Element | null', gave the following error.
    Property 'component' is missing in type '{ children: Element; item: true; xs: number; md: number; lg: number; }' but required in type '{ component: ElementType<any, keyof IntrinsicElements>; }'.
  Overload 2 of 2, '(props: DefaultComponentProps<GridTypeMap<{}, "div">>): Element | null', gave the following error.
    Type '{ children: Element; item: true; xs: number; md: number; lg: number; }' is not assignable to type 'IntrinsicAttributes & GridBaseProps & { sx?: SxProps<Theme> | undefined; } & SystemProps<Theme> & Omit<...>'.
      Property 'item' does not exist on type 'IntrinsicAttributes & GridBaseProps & { sx?: SxProps<Theme> | undefined; } & SystemProps<Theme> & Omit<...>'.
    251 |         </Grid>
    252 |
  > 253 |         <Grid item xs={12} md={6} lg={3}>
        |         ^^^^^^^^^^^^^^^^^^^^^^^^^^^^^^^^^
    254 |           <Card sx={{ height: '100%', borderRadius: 2 }}>
    255 |             <CardContent>
    256 |               <Box sx={{ display: 'flex', alignItems: 'center', justifyContent: 'space-between', mb: 2 }}>

TS2769: No overload matches this call.
  Overload 1 of 2, '(props: { component: ElementType<any, keyof IntrinsicElements>; } & GridBaseProps & { sx?: SxProps<Theme> | undefined; } & SystemProps<...> & Omit<...>): Element | null', gave the following error.
    Property 'component' is missing in type '{ children: Element; item: true; xs: number; lg: number; }' but required in type '{ component: ElementType<any, keyof IntrinsicElements>; }'.
  Overload 2 of 2, '(props: DefaultComponentProps<GridTypeMap<{}, "div">>): Element | null', gave the following error.
    Type '{ children: Element; item: true; xs: number; lg: number; }' is not assignable to type 'IntrinsicAttributes & GridBaseProps & { sx?: SxProps<Theme> | undefined; } & SystemProps<Theme> & Omit<...>'.
      Property 'item' does not exist on type 'IntrinsicAttributes & GridBaseProps & { sx?: SxProps<Theme> | undefined; } & SystemProps<Theme> & Omit<...>'.
    294 |       <Grid container spacing={3}>
    295 |         {/* Transaction History */}
  > 296 |         <Grid item xs={12} lg={8}>
        |         ^^^^^^^^^^^^^^^^^^^^^^^^^^
    297 |           <Card sx={{ borderRadius: 2 }}>
    298 |             <CardContent>
    299 |               <Box sx={{ display: 'flex', justifyContent: 'space-between', alignItems: 'center', mb: 3 }}>

TS2551: Property 'booking_id' does not exist on type 'Payment'. Did you mean 'bookingId'?
    325 |                         <TableCell>
    326 |                           <Typography variant="body2" sx={{ fontWeight: 600 }}>
  > 327 |                             {transaction.booking_id || `BK-${transaction.id.slice(0, 8)}`}
        |                                          ^^^^^^^^^^
    328 |                           </Typography>
    329 |                         </TableCell>
    330 |                         <TableCell>{transaction.customer_name || transaction.customer?.name || 'N/A'}</TableCell>

TS2339: Property 'customer_name' does not exist on type 'Payment'.
    328 |                           </Typography>
    329 |                         </TableCell>
  > 330 |                         <TableCell>{transaction.customer_name || transaction.customer?.name || 'N/A'}</TableCell>
        |                                                 ^^^^^^^^^^^^^
    331 |                         <TableCell>{transaction.service_name || 'N/A'}</TableCell>
    332 |                         <TableCell>
    333 |                           <Typography variant="body2" sx={{ fontWeight: 600 }}>

TS2339: Property 'customer' does not exist on type 'Payment'.
    328 |                           </Typography>
    329 |                         </TableCell>
  > 330 |                         <TableCell>{transaction.customer_name || transaction.customer?.name || 'N/A'}</TableCell>
        |                                                                              ^^^^^^^^
    331 |                         <TableCell>{transaction.service_name || 'N/A'}</TableCell>
    332 |                         <TableCell>
    333 |                           <Typography variant="body2" sx={{ fontWeight: 600 }}>

TS2339: Property 'service_name' does not exist on type 'Payment'.
    329 |                         </TableCell>
    330 |                         <TableCell>{transaction.customer_name || transaction.customer?.name || 'N/A'}</TableCell>
  > 331 |                         <TableCell>{transaction.service_name || 'N/A'}</TableCell>
        |                                                 ^^^^^^^^^^^^
    332 |                         <TableCell>
    333 |                           <Typography variant="body2" sx={{ fontWeight: 600 }}>
    334 |                             ${transaction.amount || 0}

TS2339: Property 'platform_fee' does not exist on type 'Payment'.
    337 |                         <TableCell>
    338 |                           <Typography variant="body2" color="text.secondary">
  > 339 |                             -${transaction.platform_fee || transaction.fee || 0}
        |                                            ^^^^^^^^^^^^
    340 |                           </Typography>
    341 |                         </TableCell>
    342 |                         <TableCell>

TS2339: Property 'fee' does not exist on type 'Payment'.
    337 |                         <TableCell>
    338 |                           <Typography variant="body2" color="text.secondary">
  > 339 |                             -${transaction.platform_fee || transaction.fee || 0}
        |                                                                        ^^^
    340 |                           </Typography>
    341 |                         </TableCell>
    342 |                         <TableCell>

TS2339: Property 'provider_amount' does not exist on type 'Payment'.
    342 |                         <TableCell>
    343 |                           <Typography variant="body2" sx={{ fontWeight: 600, color: 'success.main' }}>
  > 344 |                             ${transaction.provider_amount || transaction.net_amount || 0}
        |                                           ^^^^^^^^^^^^^^^
    345 |                           </Typography>
    346 |                         </TableCell>
    347 |                         <TableCell>

TS2339: Property 'net_amount' does not exist on type 'Payment'.
    342 |                         <TableCell>
    343 |                           <Typography variant="body2" sx={{ fontWeight: 600, color: 'success.main' }}>
  > 344 |                             ${transaction.provider_amount || transaction.net_amount || 0}
        |                                                                          ^^^^^^^^^^
    345 |                           </Typography>
    346 |                         </TableCell>
    347 |                         <TableCell>

TS2551: Property 'created_at' does not exist on type 'Payment'. Did you mean 'createdAt'?
    355 |                         </TableCell>
    356 |                         <TableCell>
  > 357 |                           <Typography variant="body2">{transaction.created_at || transaction.createdAt || 'N/A'}</Typography>
        |                                                                    ^^^^^^^^^^
    358 |                           {transaction.payout_date && (
    359 |                             <Typography variant="caption" color="text.secondary">
    360 |                               Paid: {transaction.payout_date}

TS2339: Property 'payout_date' does not exist on type 'Payment'.
    356 |                         <TableCell>
    357 |                           <Typography variant="body2">{transaction.created_at || transaction.createdAt || 'N/A'}</Typography>
  > 358 |                           {transaction.payout_date && (
        |                                        ^^^^^^^^^^^
    359 |                             <Typography variant="caption" color="text.secondary">
    360 |                               Paid: {transaction.payout_date}
    361 |                             </Typography>

TS2339: Property 'payout_date' does not exist on type 'Payment'.
    358 |                           {transaction.payout_date && (
    359 |                             <Typography variant="caption" color="text.secondary">
  > 360 |                               Paid: {transaction.payout_date}
        |                                                  ^^^^^^^^^^^
    361 |                             </Typography>
    362 |                           )}
    363 |                         </TableCell>

TS2769: No overload matches this call.
  Overload 1 of 2, '(props: { component: ElementType<any, keyof IntrinsicElements>; } & GridBaseProps & { sx?: SxProps<Theme> | undefined; } & SystemProps<...> & Omit<...>): Element | null', gave the following error.
    Property 'component' is missing in type '{ children: Element; item: true; xs: number; lg: number; }' but required in type '{ component: ElementType<any, keyof IntrinsicElements>; }'.
  Overload 2 of 2, '(props: DefaultComponentProps<GridTypeMap<{}, "div">>): Element | null', gave the following error.
    Type '{ children: Element; item: true; xs: number; lg: number; }' is not assignable to type 'IntrinsicAttributes & GridBaseProps & { sx?: SxProps<Theme> | undefined; } & SystemProps<Theme> & Omit<...>'.
      Property 'item' does not exist on type 'IntrinsicAttributes & GridBaseProps & { sx?: SxProps<Theme> | undefined; } & SystemProps<Theme> & Omit<...>'.
    381 |
    382 |         {/* Earnings Summary & Bank Info */}
  > 383 |         <Grid item xs={12} lg={4}>
        |         ^^^^^^^^^^^^^^^^^^^^^^^^^^
    384 |           <Stack spacing={3}>
    385 |             {/* Earnings Breakdown */}
    386 |             <Card sx={{ borderRadius: 2 }}>

TS2339: Property 'user' does not exist on type 'AuthState | undefined'.
    25 |
    26 | export function ProviderProfile() {
  > 27 |   const { user } = useAppSelector((state) => state.auth)
       |           ^^^^
    28 |   const [isEditing, setIsEditing] = useState(false)
    29 |   const [loading, setLoading] = useState(true)
    30 |   const [error, setError] = useState<string | null>(null)

TS2551: Property 'getServiceProviderByUserId' does not exist on type 'typeof ProvidersService'. Did you mean 'getProviderByUserId'?
    63 |       
    64 |       // Get provider profile by user ID
  > 65 |       const profile = await ProvidersService.getServiceProviderByUserId(user.id)
       |                                              ^^^^^^^^^^^^^^^^^^^^^^^^^^
    66 |       setProviderId(profile.id)
    67 |       
    68 |       setFormData({

TS2551: Property 'updateServiceProvider' does not exist on type 'typeof ProvidersService'. Did you mean 'updateProvider'?
    107 |       setError(null)
    108 |       
  > 109 |       await ProvidersService.updateServiceProvider(providerId, {
        |                              ^^^^^^^^^^^^^^^^^^^^^
    110 |         business_name: formData.businessName,
    111 |         business_address: formData.businessAddress,
    112 |         years_experience: parseInt(formData.yearsExperience) || 0,

TS2769: No overload matches this call.
  Overload 1 of 2, '(props: { component: ElementType<any, keyof IntrinsicElements>; } & GridBaseProps & { sx?: SxProps<Theme> | undefined; } & SystemProps<...> & Omit<...>): Element | null', gave the following error.
    Property 'component' is missing in type '{ children: Element; item: true; xs: number; md: number; }' but required in type '{ component: ElementType<any, keyof IntrinsicElements>; }'.
  Overload 2 of 2, '(props: DefaultComponentProps<GridTypeMap<{}, "div">>): Element | null', gave the following error.
    Type '{ children: Element; item: true; xs: number; md: number; }' is not assignable to type 'IntrinsicAttributes & GridBaseProps & { sx?: SxProps<Theme> | undefined; } & SystemProps<Theme> & Omit<...>'.
      Property 'item' does not exist on type 'IntrinsicAttributes & GridBaseProps & { sx?: SxProps<Theme> | undefined; } & SystemProps<Theme> & Omit<...>'.
    208 |       <Grid container spacing={3}>
    209 |         {/* Profile Picture & Basic Info */}
  > 210 |         <Grid item xs={12} md={4}>
        |         ^^^^^^^^^^^^^^^^^^^^^^^^^^
    211 |           <Card sx={{ borderRadius: 2 }}>
    212 |             <CardContent>
    213 |               <Box sx={{ textAlign: 'center', mb: 3 }}>

TS2769: No overload matches this call.
  Overload 1 of 2, '(props: { component: ElementType<any, keyof IntrinsicElements>; } & GridBaseProps & { sx?: SxProps<Theme> | undefined; } & SystemProps<...> & Omit<...>): Element | null', gave the following error.
    Property 'component' is missing in type '{ children: Element; item: true; xs: number; md: number; }' but required in type '{ component: ElementType<any, keyof IntrinsicElements>; }'.
  Overload 2 of 2, '(props: DefaultComponentProps<GridTypeMap<{}, "div">>): Element | null', gave the following error.
    Type '{ children: Element; item: true; xs: number; md: number; }' is not assignable to type 'IntrinsicAttributes & GridBaseProps & { sx?: SxProps<Theme> | undefined; } & SystemProps<Theme> & Omit<...>'.
      Property 'item' does not exist on type 'IntrinsicAttributes & GridBaseProps & { sx?: SxProps<Theme> | undefined; } & SystemProps<Theme> & Omit<...>'.
    286 |
    287 |         {/* Profile Form */}
  > 288 |         <Grid item xs={12} md={8}>
        |         ^^^^^^^^^^^^^^^^^^^^^^^^^^
    289 |           <Stack spacing={3}>
    290 |             {/* Personal Information */}
    291 |             <Card sx={{ borderRadius: 2 }}>

TS2769: No overload matches this call.
  Overload 1 of 2, '(props: { component: ElementType<any, keyof IntrinsicElements>; } & GridBaseProps & { sx?: SxProps<Theme> | undefined; } & SystemProps<...> & Omit<...>): Element | null', gave the following error.
    Property 'component' is missing in type '{ children: Element; item: true; xs: number; sm: number; }' but required in type '{ component: ElementType<any, keyof IntrinsicElements>; }'.
  Overload 2 of 2, '(props: DefaultComponentProps<GridTypeMap<{}, "div">>): Element | null', gave the following error.
    Type '{ children: Element; item: true; xs: number; sm: number; }' is not assignable to type 'IntrinsicAttributes & GridBaseProps & { sx?: SxProps<Theme> | undefined; } & SystemProps<Theme> & Omit<...>'.
      Property 'item' does not exist on type 'IntrinsicAttributes & GridBaseProps & { sx?: SxProps<Theme> | undefined; } & SystemProps<Theme> & Omit<...>'.
    295 |                 </Typography>
    296 |                 <Grid container spacing={2}>
  > 297 |                   <Grid item xs={12} sm={6}>
        |                   ^^^^^^^^^^^^^^^^^^^^^^^^^^
    298 |                     <TextField
    299 |                       fullWidth
    300 |                       label="First Name"

TS2769: No overload matches this call.
  Overload 1 of 2, '(props: { component: ElementType<any, keyof IntrinsicElements>; } & GridBaseProps & { sx?: SxProps<Theme> | undefined; } & SystemProps<...> & Omit<...>): Element | null', gave the following error.
    Property 'component' is missing in type '{ children: Element; item: true; xs: number; sm: number; }' but required in type '{ component: ElementType<any, keyof IntrinsicElements>; }'.
  Overload 2 of 2, '(props: DefaultComponentProps<GridTypeMap<{}, "div">>): Element | null', gave the following error.
    Type '{ children: Element; item: true; xs: number; sm: number; }' is not assignable to type 'IntrinsicAttributes & GridBaseProps & { sx?: SxProps<Theme> | undefined; } & SystemProps<Theme> & Omit<...>'.
      Property 'item' does not exist on type 'IntrinsicAttributes & GridBaseProps & { sx?: SxProps<Theme> | undefined; } & SystemProps<Theme> & Omit<...>'.
    304 |                     />
    305 |                   </Grid>
  > 306 |                   <Grid item xs={12} sm={6}>
        |                   ^^^^^^^^^^^^^^^^^^^^^^^^^^
    307 |                     <TextField
    308 |                       fullWidth
    309 |                       label="Last Name"

TS2769: No overload matches this call.
  Overload 1 of 2, '(props: { component: ElementType<any, keyof IntrinsicElements>; } & GridBaseProps & { sx?: SxProps<Theme> | undefined; } & SystemProps<...> & Omit<...>): Element | null', gave the following error.
    Property 'component' is missing in type '{ children: Element; item: true; xs: number; sm: number; }' but required in type '{ component: ElementType<any, keyof IntrinsicElements>; }'.
  Overload 2 of 2, '(props: DefaultComponentProps<GridTypeMap<{}, "div">>): Element | null', gave the following error.
    Type '{ children: Element; item: true; xs: number; sm: number; }' is not assignable to type 'IntrinsicAttributes & GridBaseProps & { sx?: SxProps<Theme> | undefined; } & SystemProps<Theme> & Omit<...>'.
      Property 'item' does not exist on type 'IntrinsicAttributes & GridBaseProps & { sx?: SxProps<Theme> | undefined; } & SystemProps<Theme> & Omit<...>'.
    313 |                     />
    314 |                   </Grid>
  > 315 |                   <Grid item xs={12} sm={6}>
        |                   ^^^^^^^^^^^^^^^^^^^^^^^^^^
    316 |                     <TextField
    317 |                       fullWidth
    318 |                       label="Email"

TS2769: No overload matches this call.
  Overload 1 of 2, '(props: { component: ElementType<any, keyof IntrinsicElements>; } & GridBaseProps & { sx?: SxProps<Theme> | undefined; } & SystemProps<...> & Omit<...>): Element | null', gave the following error.
    Property 'component' is missing in type '{ children: Element; item: true; xs: number; sm: number; }' but required in type '{ component: ElementType<any, keyof IntrinsicElements>; }'.
  Overload 2 of 2, '(props: DefaultComponentProps<GridTypeMap<{}, "div">>): Element | null', gave the following error.
    Type '{ children: Element; item: true; xs: number; sm: number; }' is not assignable to type 'IntrinsicAttributes & GridBaseProps & { sx?: SxProps<Theme> | undefined; } & SystemProps<Theme> & Omit<...>'.
      Property 'item' does not exist on type 'IntrinsicAttributes & GridBaseProps & { sx?: SxProps<Theme> | undefined; } & SystemProps<Theme> & Omit<...>'.
    323 |                     />
    324 |                   </Grid>
  > 325 |                   <Grid item xs={12} sm={6}>
        |                   ^^^^^^^^^^^^^^^^^^^^^^^^^^
    326 |                     <TextField
    327 |                       fullWidth
    328 |                       label="Phone"

TS2769: No overload matches this call.
  Overload 1 of 2, '(props: { component: ElementType<any, keyof IntrinsicElements>; } & GridBaseProps & { sx?: SxProps<Theme> | undefined; } & SystemProps<...> & Omit<...>): Element | null', gave the following error.
    Property 'component' is missing in type '{ children: Element; item: true; xs: number; }' but required in type '{ component: ElementType<any, keyof IntrinsicElements>; }'.
  Overload 2 of 2, '(props: DefaultComponentProps<GridTypeMap<{}, "div">>): Element | null', gave the following error.
    Type '{ children: Element; item: true; xs: number; }' is not assignable to type 'IntrinsicAttributes & GridBaseProps & { sx?: SxProps<Theme> | undefined; } & SystemProps<Theme> & Omit<...>'.
      Property 'item' does not exist on type 'IntrinsicAttributes & GridBaseProps & { sx?: SxProps<Theme> | undefined; } & SystemProps<Theme> & Omit<...>'.
    343 |                 </Typography>
    344 |                 <Grid container spacing={2}>
  > 345 |                   <Grid item xs={12}>
        |                   ^^^^^^^^^^^^^^^^^^^
    346 |                     <TextField
    347 |                       fullWidth
    348 |                       label="Business Name"

TS2769: No overload matches this call.
  Overload 1 of 2, '(props: { component: ElementType<any, keyof IntrinsicElements>; } & GridBaseProps & { sx?: SxProps<Theme> | undefined; } & SystemProps<...> & Omit<...>): Element | null', gave the following error.
    Property 'component' is missing in type '{ children: Element; item: true; xs: number; }' but required in type '{ component: ElementType<any, keyof IntrinsicElements>; }'.
  Overload 2 of 2, '(props: DefaultComponentProps<GridTypeMap<{}, "div">>): Element | null', gave the following error.
    Type '{ children: Element; item: true; xs: number; }' is not assignable to type 'IntrinsicAttributes & GridBaseProps & { sx?: SxProps<Theme> | undefined; } & SystemProps<Theme> & Omit<...>'.
      Property 'item' does not exist on type 'IntrinsicAttributes & GridBaseProps & { sx?: SxProps<Theme> | undefined; } & SystemProps<Theme> & Omit<...>'.
    352 |                     />
    353 |                   </Grid>
  > 354 |                   <Grid item xs={12}>
        |                   ^^^^^^^^^^^^^^^^^^^
    355 |                     <TextField
    356 |                       fullWidth
    357 |                       label="Business Address"

TS2769: No overload matches this call.
  Overload 1 of 2, '(props: { component: ElementType<any, keyof IntrinsicElements>; } & GridBaseProps & { sx?: SxProps<Theme> | undefined; } & SystemProps<...> & Omit<...>): Element | null', gave the following error.
    Property 'component' is missing in type '{ children: Element; item: true; xs: number; sm: number; }' but required in type '{ component: ElementType<any, keyof IntrinsicElements>; }'.
  Overload 2 of 2, '(props: DefaultComponentProps<GridTypeMap<{}, "div">>): Element | null', gave the following error.
    Type '{ children: Element; item: true; xs: number; sm: number; }' is not assignable to type 'IntrinsicAttributes & GridBaseProps & { sx?: SxProps<Theme> | undefined; } & SystemProps<Theme> & Omit<...>'.
      Property 'item' does not exist on type 'IntrinsicAttributes & GridBaseProps & { sx?: SxProps<Theme> | undefined; } & SystemProps<Theme> & Omit<...>'.
    361 |                     />
    362 |                   </Grid>
  > 363 |                   <Grid item xs={12} sm={6}>
        |                   ^^^^^^^^^^^^^^^^^^^^^^^^^^
    364 |                     <TextField
    365 |                       fullWidth
    366 |                       label="Years of Experience"

TS2769: No overload matches this call.
  Overload 1 of 2, '(props: { component: ElementType<any, keyof IntrinsicElements>; } & GridBaseProps & { sx?: SxProps<Theme> | undefined; } & SystemProps<...> & Omit<...>): Element | null', gave the following error.
    Property 'component' is missing in type '{ children: Element; item: true; xs: number; sm: number; }' but required in type '{ component: ElementType<any, keyof IntrinsicElements>; }'.
  Overload 2 of 2, '(props: DefaultComponentProps<GridTypeMap<{}, "div">>): Element | null', gave the following error.
    Type '{ children: Element; item: true; xs: number; sm: number; }' is not assignable to type 'IntrinsicAttributes & GridBaseProps & { sx?: SxProps<Theme> | undefined; } & SystemProps<Theme> & Omit<...>'.
      Property 'item' does not exist on type 'IntrinsicAttributes & GridBaseProps & { sx?: SxProps<Theme> | undefined; } & SystemProps<Theme> & Omit<...>'.
    371 |                     />
    372 |                   </Grid>
  > 373 |                   <Grid item xs={12} sm={6}>
        |                   ^^^^^^^^^^^^^^^^^^^^^^^^^^
    374 |                     <TextField
    375 |                       fullWidth
    376 |                       label="Hourly Rate ($)"

TS2769: No overload matches this call.
  Overload 1 of 2, '(props: { component: ElementType<any, keyof IntrinsicElements>; } & GridBaseProps & { sx?: SxProps<Theme> | undefined; } & SystemProps<...> & Omit<...>): Element | null', gave the following error.
    Property 'component' is missing in type '{ children: Element; item: true; xs: number; }' but required in type '{ component: ElementType<any, keyof IntrinsicElements>; }'.
  Overload 2 of 2, '(props: DefaultComponentProps<GridTypeMap<{}, "div">>): Element | null', gave the following error.
    Type '{ children: Element; item: true; xs: number; }' is not assignable to type 'IntrinsicAttributes & GridBaseProps & { sx?: SxProps<Theme> | undefined; } & SystemProps<Theme> & Omit<...>'.
      Property 'item' does not exist on type 'IntrinsicAttributes & GridBaseProps & { sx?: SxProps<Theme> | undefined; } & SystemProps<Theme> & Omit<...>'.
    381 |                     />
    382 |                   </Grid>
  > 383 |                   <Grid item xs={12}>
        |                   ^^^^^^^^^^^^^^^^^^^
    384 |                     <TextField
    385 |                       fullWidth
    386 |                       label="Bio"

TS2322: Type 'import("/Users/faizan/Desktop/Homeservice/fixer-admin/src/types/index").ServiceProvider | null' is not assignable to type 'ServiceProvider | null'.
  Type 'import("/Users/faizan/Desktop/Homeservice/fixer-admin/src/types/index").ServiceProvider' is not assignable to type 'ServiceProvider'.
    Types of property 'business_name' are incompatible.
      Type 'string | undefined' is not assignable to type 'string'.
        Type 'undefined' is not assignable to type 'string'.
    285 |         open={detailsDialogOpen}
    286 |         onClose={() => setDetailsDialogOpen(false)}
  > 287 |         provider={selectedProvider}
        |         ^^^^^^^^
    288 |       />
    289 |
    290 |       {/* Verification Status Dialog */}

TS2322: Type 'ServiceProvider | null' is not assignable to type '{ id: string; business_name: string; verification_status: "pending" | "verified" | "rejected"; } | null'.
  Type 'ServiceProvider' is not assignable to type '{ id: string; business_name: string; verification_status: "pending" | "verified" | "rejected"; }'.
    Types of property 'business_name' are incompatible.
      Type 'string | undefined' is not assignable to type 'string'.
        Type 'undefined' is not assignable to type 'string'.
    292 |         open={verificationDialogOpen}
    293 |         onClose={() => setVerificationDialogOpen(false)}
  > 294 |         provider={selectedProvider}
        |         ^^^^^^^^
    295 |         onSuccess={handleSuccess}
    296 |       />
    297 |

TS2322: Type 'ServiceProvider | null' is not assignable to type '{ id: string; business_name: string; verification_status: string; services_offered?: string[] | undefined; } | null'.
  Type 'ServiceProvider' is not assignable to type '{ id: string; business_name: string; verification_status: string; services_offered?: string[] | undefined; }'.
    Types of property 'business_name' are incompatible.
      Type 'string | undefined' is not assignable to type 'string'.
        Type 'undefined' is not assignable to type 'string'.
    300 |         open={deleteDialogOpen}
    301 |         onClose={() => setDeleteDialogOpen(false)}
  > 302 |         provider={selectedProvider}
        |         ^^^^^^^^
    303 |         onSuccess={handleSuccess}
    304 |       />
    305 |

TS2339: Property 'notes' does not exist on type 'Quote'.
    142 |               </Box>
    143 |               <Typography variant="body2" color="text.secondary" sx={{ mb: 2 }}>
  > 144 |                 {quote.notes}
        |                        ^^^^^
    145 |               </Typography>
    146 |             </Box>
    147 |             <Box sx={{ display: 'flex', alignItems: 'center', gap: 1 }}>

TS2769: No overload matches this call.
  Overload 1 of 2, '(props: { component: ElementType<any, keyof IntrinsicElements>; } & GridBaseProps & { sx?: SxProps<Theme> | undefined; } & SystemProps<...> & Omit<...>): Element | null', gave the following error.
    Property 'component' is missing in type '{ children: Element; item: true; xs: number; sm: number; md: number; }' but required in type '{ component: ElementType<any, keyof IntrinsicElements>; }'.
  Overload 2 of 2, '(props: DefaultComponentProps<GridTypeMap<{}, "div">>): Element | null', gave the following error.
    Type '{ children: Element; item: true; xs: number; sm: number; md: number; }' is not assignable to type 'IntrinsicAttributes & GridBaseProps & { sx?: SxProps<Theme> | undefined; } & SystemProps<Theme> & Omit<...>'.
      Property 'item' does not exist on type 'IntrinsicAttributes & GridBaseProps & { sx?: SxProps<Theme> | undefined; } & SystemProps<Theme> & Omit<...>'.
    170 |
    171 |           <Grid container spacing={2} sx={{ mb: 2 }}>
  > 172 |             <Grid item xs={12} sm={6} md={3}>
        |             ^^^^^^^^^^^^^^^^^^^^^^^^^^^^^^^^^
    173 |               <Box sx={{ display: 'flex', alignItems: 'center', gap: 1 }}>
    174 |                 <DollarIcon sx={{ color: 'text.secondary', fontSize: 20 }} />
    175 |                 <Box>

TS2769: No overload matches this call.
  Overload 1 of 2, '(props: { component: ElementType<any, keyof IntrinsicElements>; } & GridBaseProps & { sx?: SxProps<Theme> | undefined; } & SystemProps<...> & Omit<...>): Element | null', gave the following error.
    Property 'component' is missing in type '{ children: Element; item: true; xs: number; sm: number; md: number; }' but required in type '{ component: ElementType<any, keyof IntrinsicElements>; }'.
  Overload 2 of 2, '(props: DefaultComponentProps<GridTypeMap<{}, "div">>): Element | null', gave the following error.
    Type '{ children: Element; item: true; xs: number; sm: number; md: number; }' is not assignable to type 'IntrinsicAttributes & GridBaseProps & { sx?: SxProps<Theme> | undefined; } & SystemProps<Theme> & Omit<...>'.
      Property 'item' does not exist on type 'IntrinsicAttributes & GridBaseProps & { sx?: SxProps<Theme> | undefined; } & SystemProps<Theme> & Omit<...>'.
    184 |             </Grid>
    185 |             
  > 186 |             <Grid item xs={12} sm={6} md={3}>
        |             ^^^^^^^^^^^^^^^^^^^^^^^^^^^^^^^^^
    187 |               <Box sx={{ display: 'flex', alignItems: 'center', gap: 1 }}>
    188 |                 <AssignmentIcon sx={{ color: 'text.secondary', fontSize: 20 }} />
    189 |                 <Box>

TS2551: Property 'service_request_id' does not exist on type 'Quote'. Did you mean 'serviceRequestId'?
    189 |                 <Box>
    190 |                   <Typography variant="body2" sx={{ fontWeight: 500 }}>
  > 191 |                     Request #{quote.service_request_id}
        |                                     ^^^^^^^^^^^^^^^^^^
    192 |                   </Typography>
    193 |                   <Typography variant="caption" color="text.secondary">
    194 |                     Service request

TS2769: No overload matches this call.
  Overload 1 of 2, '(props: { component: ElementType<any, keyof IntrinsicElements>; } & GridBaseProps & { sx?: SxProps<Theme> | undefined; } & SystemProps<...> & Omit<...>): Element | null', gave the following error.
    Property 'component' is missing in type '{ children: Element; item: true; xs: number; sm: number; md: number; }' but required in type '{ component: ElementType<any, keyof IntrinsicElements>; }'.
  Overload 2 of 2, '(props: DefaultComponentProps<GridTypeMap<{}, "div">>): Element | null', gave the following error.
    Type '{ children: Element; item: true; xs: number; sm: number; md: number; }' is not assignable to type 'IntrinsicAttributes & GridBaseProps & { sx?: SxProps<Theme> | undefined; } & SystemProps<Theme> & Omit<...>'.
      Property 'item' does not exist on type 'IntrinsicAttributes & GridBaseProps & { sx?: SxProps<Theme> | undefined; } & SystemProps<Theme> & Omit<...>'.
    198 |             </Grid>
    199 |             
  > 200 |             <Grid item xs={12} sm={6} md={3}>
        |             ^^^^^^^^^^^^^^^^^^^^^^^^^^^^^^^^^
    201 |               <Box sx={{ display: 'flex', alignItems: 'center', gap: 1 }}>
    202 |                 <PersonIcon sx={{ color: 'text.secondary', fontSize: 20 }} />
    203 |                 <Box>

TS2551: Property 'provider_id' does not exist on type 'Quote'. Did you mean 'providerId'?
    203 |                 <Box>
    204 |                   <Typography variant="body2" sx={{ fontWeight: 500 }}>
  > 205 |                     Provider #{quote.provider_id}
        |                                      ^^^^^^^^^^^
    206 |                   </Typography>
    207 |                   <Typography variant="caption" color="text.secondary">
    208 |                     Service provider

TS2769: No overload matches this call.
  Overload 1 of 2, '(props: { component: ElementType<any, keyof IntrinsicElements>; } & GridBaseProps & { sx?: SxProps<Theme> | undefined; } & SystemProps<...> & Omit<...>): Element | null', gave the following error.
    Property 'component' is missing in type '{ children: Element; item: true; xs: number; sm: number; md: number; }' but required in type '{ component: ElementType<any, keyof IntrinsicElements>; }'.
  Overload 2 of 2, '(props: DefaultComponentProps<GridTypeMap<{}, "div">>): Element | null', gave the following error.
    Type '{ children: Element; item: true; xs: number; sm: number; md: number; }' is not assignable to type 'IntrinsicAttributes & GridBaseProps & { sx?: SxProps<Theme> | undefined; } & SystemProps<Theme> & Omit<...>'.
      Property 'item' does not exist on type 'IntrinsicAttributes & GridBaseProps & { sx?: SxProps<Theme> | undefined; } & SystemProps<Theme> & Omit<...>'.
    212 |             </Grid>
    213 |             
  > 214 |             <Grid item xs={12} sm={6} md={3}>
        |             ^^^^^^^^^^^^^^^^^^^^^^^^^^^^^^^^^
    215 |               <Box sx={{ display: 'flex', alignItems: 'center', gap: 1 }}>
    216 |                 <TimeIcon sx={{ color: 'text.secondary', fontSize: 20 }} />
    217 |                 <Box>

TS2551: Property 'valid_until' does not exist on type 'Quote'. Did you mean 'validUntil'?
    217 |                 <Box>
    218 |                   <Typography variant="body2" sx={{ fontWeight: 500 }}>
  > 219 |                     {formatDate(quote.valid_until)}
        |                                       ^^^^^^^^^^^
    220 |                   </Typography>
    221 |                   <Typography variant="caption" color="text.secondary">
    222 |                     Valid until

TS2551: Property 'created_at' does not exist on type 'Quote'. Did you mean 'createdAt'?
    246 |             <Stack direction="row" spacing={1}>
    247 |               <Chip
  > 248 |                 label={formatDate(quote.created_at)}
        |                                         ^^^^^^^^^^
    249 |                 size="small"
    250 |                 variant="outlined"
    251 |               />

TS2769: No overload matches this call.
  Overload 1 of 2, '(props: { component: ElementType<any, keyof IntrinsicElements>; } & GridBaseProps & { sx?: SxProps<Theme> | undefined; } & SystemProps<...> & Omit<...>): Element | null', gave the following error.
    Property 'component' is missing in type '{ children: Element; item: true; xs: number; sm: number; }' but required in type '{ component: ElementType<any, keyof IntrinsicElements>; }'.
  Overload 2 of 2, '(props: DefaultComponentProps<GridTypeMap<{}, "div">>): Element | null', gave the following error.
    Type '{ children: Element; item: true; xs: number; sm: number; }' is not assignable to type 'IntrinsicAttributes & GridBaseProps & { sx?: SxProps<Theme> | undefined; } & SystemProps<Theme> & Omit<...>'.
      Property 'item' does not exist on type 'IntrinsicAttributes & GridBaseProps & { sx?: SxProps<Theme> | undefined; } & SystemProps<Theme> & Omit<...>'.
    281 |       {/* Stats */}
    282 |       <Grid container spacing={2} sx={{ mb: 4 }}>
  > 283 |         <Grid item xs={6} sm={3}>
        |         ^^^^^^^^^^^^^^^^^^^^^^^^^
    284 |           <StatCard title="Pending" value={quoteStats.pending} color="warning" />
    285 |         </Grid>
    286 |         <Grid item xs={6} sm={3}>

TS2769: No overload matches this call.
  Overload 1 of 2, '(props: { component: ElementType<any, keyof IntrinsicElements>; } & GridBaseProps & { sx?: SxProps<Theme> | undefined; } & SystemProps<...> & Omit<...>): Element | null', gave the following error.
    Property 'component' is missing in type '{ children: Element; item: true; xs: number; sm: number; }' but required in type '{ component: ElementType<any, keyof IntrinsicElements>; }'.
  Overload 2 of 2, '(props: DefaultComponentProps<GridTypeMap<{}, "div">>): Element | null', gave the following error.
    Type '{ children: Element; item: true; xs: number; sm: number; }' is not assignable to type 'IntrinsicAttributes & GridBaseProps & { sx?: SxProps<Theme> | undefined; } & SystemProps<Theme> & Omit<...>'.
      Property 'item' does not exist on type 'IntrinsicAttributes & GridBaseProps & { sx?: SxProps<Theme> | undefined; } & SystemProps<Theme> & Omit<...>'.
    284 |           <StatCard title="Pending" value={quoteStats.pending} color="warning" />
    285 |         </Grid>
  > 286 |         <Grid item xs={6} sm={3}>
        |         ^^^^^^^^^^^^^^^^^^^^^^^^^
    287 |           <StatCard title="Accepted" value={quoteStats.accepted} color="success" />
    288 |         </Grid>
    289 |         <Grid item xs={6} sm={3}>

TS2769: No overload matches this call.
  Overload 1 of 2, '(props: { component: ElementType<any, keyof IntrinsicElements>; } & GridBaseProps & { sx?: SxProps<Theme> | undefined; } & SystemProps<...> & Omit<...>): Element | null', gave the following error.
    Property 'component' is missing in type '{ children: Element; item: true; xs: number; sm: number; }' but required in type '{ component: ElementType<any, keyof IntrinsicElements>; }'.
  Overload 2 of 2, '(props: DefaultComponentProps<GridTypeMap<{}, "div">>): Element | null', gave the following error.
    Type '{ children: Element; item: true; xs: number; sm: number; }' is not assignable to type 'IntrinsicAttributes & GridBaseProps & { sx?: SxProps<Theme> | undefined; } & SystemProps<Theme> & Omit<...>'.
      Property 'item' does not exist on type 'IntrinsicAttributes & GridBaseProps & { sx?: SxProps<Theme> | undefined; } & SystemProps<Theme> & Omit<...>'.
    287 |           <StatCard title="Accepted" value={quoteStats.accepted} color="success" />
    288 |         </Grid>
  > 289 |         <Grid item xs={6} sm={3}>
        |         ^^^^^^^^^^^^^^^^^^^^^^^^^
    290 |           <StatCard title="Rejected" value={quoteStats.rejected} color="error" />
    291 |         </Grid>
    292 |         <Grid item xs={6} sm={3}>

TS2769: No overload matches this call.
  Overload 1 of 2, '(props: { component: ElementType<any, keyof IntrinsicElements>; } & GridBaseProps & { sx?: SxProps<Theme> | undefined; } & SystemProps<...> & Omit<...>): Element | null', gave the following error.
    Property 'component' is missing in type '{ children: Element; item: true; xs: number; sm: number; }' but required in type '{ component: ElementType<any, keyof IntrinsicElements>; }'.
  Overload 2 of 2, '(props: DefaultComponentProps<GridTypeMap<{}, "div">>): Element | null', gave the following error.
    Type '{ children: Element; item: true; xs: number; sm: number; }' is not assignable to type 'IntrinsicAttributes & GridBaseProps & { sx?: SxProps<Theme> | undefined; } & SystemProps<Theme> & Omit<...>'.
      Property 'item' does not exist on type 'IntrinsicAttributes & GridBaseProps & { sx?: SxProps<Theme> | undefined; } & SystemProps<Theme> & Omit<...>'.
    290 |           <StatCard title="Rejected" value={quoteStats.rejected} color="error" />
    291 |         </Grid>
  > 292 |         <Grid item xs={6} sm={3}>
        |         ^^^^^^^^^^^^^^^^^^^^^^^^^
    293 |           <StatCard title="Expired" value={quoteStats.expired} color="default" />
    294 |         </Grid>
    295 |       </Grid>

TS2769: No overload matches this call.
  Overload 1 of 2, '(props: { component: ElementType<any, keyof IntrinsicElements>; } & GridBaseProps & { sx?: SxProps<Theme> | undefined; } & SystemProps<...> & Omit<...>): Element | null', gave the following error.
    Property 'component' is missing in type '{ children: Element; item: true; xs: number; md: number; }' but required in type '{ component: ElementType<any, keyof IntrinsicElements>; }'.
  Overload 2 of 2, '(props: DefaultComponentProps<GridTypeMap<{}, "div">>): Element | null', gave the following error.
    Type '{ children: Element; item: true; xs: number; md: number; }' is not assignable to type 'IntrinsicAttributes & GridBaseProps & { sx?: SxProps<Theme> | undefined; } & SystemProps<Theme> & Omit<...>'.
      Property 'item' does not exist on type 'IntrinsicAttributes & GridBaseProps & { sx?: SxProps<Theme> | undefined; } & SystemProps<Theme> & Omit<...>'.
    299 |         <CardContent>
    300 |           <Grid container spacing={2} alignItems="center">
  > 301 |             <Grid item xs={12} md={6}>
        |             ^^^^^^^^^^^^^^^^^^^^^^^^^^
    302 |               <TextField
    303 |                 fullWidth
    304 |                 placeholder="Search quotes..."

TS2769: No overload matches this call.
  Overload 1 of 2, '(props: { component: ElementType<any, keyof IntrinsicElements>; } & GridBaseProps & { sx?: SxProps<Theme> | undefined; } & SystemProps<...> & Omit<...>): Element | null', gave the following error.
    Property 'component' is missing in type '{ children: Element; item: true; xs: number; md: number; }' but required in type '{ component: ElementType<any, keyof IntrinsicElements>; }'.
  Overload 2 of 2, '(props: DefaultComponentProps<GridTypeMap<{}, "div">>): Element | null', gave the following error.
    Type '{ children: Element; item: true; xs: number; md: number; }' is not assignable to type 'IntrinsicAttributes & GridBaseProps & { sx?: SxProps<Theme> | undefined; } & SystemProps<Theme> & Omit<...>'.
      Property 'item' does not exist on type 'IntrinsicAttributes & GridBaseProps & { sx?: SxProps<Theme> | undefined; } & SystemProps<Theme> & Omit<...>'.
    314 |               />
    315 |             </Grid>
  > 316 |             <Grid item xs={12} md={3}>
        |             ^^^^^^^^^^^^^^^^^^^^^^^^^^
    317 |               <FormControl fullWidth>
    318 |                 <InputLabel>Status</InputLabel>
    319 |                 <Select

TS2769: No overload matches this call.
  Overload 1 of 2, '(props: { component: ElementType<any, keyof IntrinsicElements>; } & GridBaseProps & { sx?: SxProps<Theme> | undefined; } & SystemProps<...> & Omit<...>): Element | null', gave the following error.
    Property 'component' is missing in type '{ children: Element; item: true; xs: number; md: number; }' but required in type '{ component: ElementType<any, keyof IntrinsicElements>; }'.
  Overload 2 of 2, '(props: DefaultComponentProps<GridTypeMap<{}, "div">>): Element | null', gave the following error.
    Type '{ children: Element; item: true; xs: number; md: number; }' is not assignable to type 'IntrinsicAttributes & GridBaseProps & { sx?: SxProps<Theme> | undefined; } & SystemProps<Theme> & Omit<...>'.
      Property 'item' does not exist on type 'IntrinsicAttributes & GridBaseProps & { sx?: SxProps<Theme> | undefined; } & SystemProps<Theme> & Omit<...>'.
    330 |               </FormControl>
    331 |             </Grid>
  > 332 |             <Grid item xs={12} md={3}>
        |             ^^^^^^^^^^^^^^^^^^^^^^^^^^
    333 |               <Button
    334 |                 variant="outlined"
    335 |                 startIcon={<FilterIcon />}

TS2739: Type '{ id: number; service_request_id: number; provider_id: number; amount: number; notes: string; status: string; valid_until: string; created_at: string; }' is missing the following properties from type 'Quote': serviceRequestId, providerId, description, provider, createdAt
    348 |         <Stack spacing={2}>
    349 |           {filteredQuotes.map((quote) => (
  > 350 |             <QuoteCard key={quote.id} quote={quote} />
        |                                       ^^^^^
    351 |           ))}
    352 |         </Stack>
    353 |       ) : (

TS2322: Type '{ title: string; subtitle: string; icon: Element; }' is not assignable to type 'IntrinsicAttributes & PageHeaderProps'.
  Property 'icon' does not exist on type 'IntrinsicAttributes & PageHeaderProps'.
    217 |         title="Reports & Analytics"
    218 |         subtitle="Generate and manage business reports"
  > 219 |         icon={<AssessmentIcon />}
        |         ^^^^
    220 |       />
    221 |
    222 |       <Grid container spacing={3}>

TS2769: No overload matches this call.
  Overload 1 of 2, '(props: { component: ElementType<any, keyof IntrinsicElements>; } & GridBaseProps & { sx?: SxProps<Theme> | undefined; } & SystemProps<...> & Omit<...>): Element | null', gave the following error.
    Property 'component' is missing in type '{ children: Element; item: true; xs: number; md: number; }' but required in type '{ component: ElementType<any, keyof IntrinsicElements>; }'.
  Overload 2 of 2, '(props: DefaultComponentProps<GridTypeMap<{}, "div">>): Element | null', gave the following error.
    Type '{ children: Element; item: true; xs: number; md: number; }' is not assignable to type 'IntrinsicAttributes & GridBaseProps & { sx?: SxProps<Theme> | undefined; } & SystemProps<Theme> & Omit<...>'.
      Property 'item' does not exist on type 'IntrinsicAttributes & GridBaseProps & { sx?: SxProps<Theme> | undefined; } & SystemProps<Theme> & Omit<...>'.
    222 |       <Grid container spacing={3}>
    223 |         {/* Report Generation */}
  > 224 |         <Grid item xs={12} md={8}>
        |         ^^^^^^^^^^^^^^^^^^^^^^^^^^
    225 |           <Card>
    226 |             <CardContent>
    227 |               <Typography variant="h6" sx={{ mb: 3 }}>

TS2769: No overload matches this call.
  Overload 1 of 2, '(props: { component: ElementType<any, keyof IntrinsicElements>; } & GridBaseProps & { sx?: SxProps<Theme> | undefined; } & SystemProps<...> & Omit<...>): Element | null', gave the following error.
    Property 'component' is missing in type '{ children: Element; item: true; xs: number; sm: number; }' but required in type '{ component: ElementType<any, keyof IntrinsicElements>; }'.
  Overload 2 of 2, '(props: DefaultComponentProps<GridTypeMap<{}, "div">>): Element | null', gave the following error.
    Type '{ children: Element; item: true; xs: number; sm: number; }' is not assignable to type 'IntrinsicAttributes & GridBaseProps & { sx?: SxProps<Theme> | undefined; } & SystemProps<Theme> & Omit<...>'.
      Property 'item' does not exist on type 'IntrinsicAttributes & GridBaseProps & { sx?: SxProps<Theme> | undefined; } & SystemProps<Theme> & Omit<...>'.
    230 |               
    231 |               <Grid container spacing={3}>
  > 232 |                 <Grid item xs={12} sm={6}>
        |                 ^^^^^^^^^^^^^^^^^^^^^^^^^^
    233 |                   <FormControl fullWidth>
    234 |                     <InputLabel>Report Type</InputLabel>
    235 |                     <Select

TS2769: No overload matches this call.
  Overload 1 of 2, '(props: { component: ElementType<any, keyof IntrinsicElements>; } & GridBaseProps & { sx?: SxProps<Theme> | undefined; } & SystemProps<...> & Omit<...>): Element | null', gave the following error.
    Property 'component' is missing in type '{ children: Element; item: true; xs: number; sm: number; }' but required in type '{ component: ElementType<any, keyof IntrinsicElements>; }'.
  Overload 2 of 2, '(props: DefaultComponentProps<GridTypeMap<{}, "div">>): Element | null', gave the following error.
    Type '{ children: Element; item: true; xs: number; sm: number; }' is not assignable to type 'IntrinsicAttributes & GridBaseProps & { sx?: SxProps<Theme> | undefined; } & SystemProps<Theme> & Omit<...>'.
      Property 'item' does not exist on type 'IntrinsicAttributes & GridBaseProps & { sx?: SxProps<Theme> | undefined; } & SystemProps<Theme> & Omit<...>'.
    255 |                 </Grid>
    256 |                 
  > 257 |                 <Grid item xs={12} sm={3}>
        |                 ^^^^^^^^^^^^^^^^^^^^^^^^^^
    258 |                   <FormControl fullWidth>
    259 |                     <InputLabel>Date Range</InputLabel>
    260 |                     <Select

TS2769: No overload matches this call.
  Overload 1 of 2, '(props: { component: ElementType<any, keyof IntrinsicElements>; } & GridBaseProps & { sx?: SxProps<Theme> | undefined; } & SystemProps<...> & Omit<...>): Element | null', gave the following error.
    Property 'component' is missing in type '{ children: Element; item: true; xs: number; sm: number; }' but required in type '{ component: ElementType<any, keyof IntrinsicElements>; }'.
  Overload 2 of 2, '(props: DefaultComponentProps<GridTypeMap<{}, "div">>): Element | null', gave the following error.
    Type '{ children: Element; item: true; xs: number; sm: number; }' is not assignable to type 'IntrinsicAttributes & GridBaseProps & { sx?: SxProps<Theme> | undefined; } & SystemProps<Theme> & Omit<...>'.
      Property 'item' does not exist on type 'IntrinsicAttributes & GridBaseProps & { sx?: SxProps<Theme> | undefined; } & SystemProps<Theme> & Omit<...>'.
    273 |                 </Grid>
    274 |                 
  > 275 |                 <Grid item xs={12} sm={3}>
        |                 ^^^^^^^^^^^^^^^^^^^^^^^^^^
    276 |                   <FormControl fullWidth>
    277 |                     <InputLabel>Format</InputLabel>
    278 |                     <Select

TS2769: No overload matches this call.
  Overload 1 of 2, '(props: { component: ElementType<any, keyof IntrinsicElements>; } & GridBaseProps & { sx?: SxProps<Theme> | undefined; } & SystemProps<...> & Omit<...>): Element | null', gave the following error.
    Property 'component' is missing in type '{ children: Element; item: true; xs: number; md: number; }' but required in type '{ component: ElementType<any, keyof IntrinsicElements>; }'.
  Overload 2 of 2, '(props: DefaultComponentProps<GridTypeMap<{}, "div">>): Element | null', gave the following error.
    Type '{ children: Element; item: true; xs: number; md: number; }' is not assignable to type 'IntrinsicAttributes & GridBaseProps & { sx?: SxProps<Theme> | undefined; } & SystemProps<Theme> & Omit<...>'.
      Property 'item' does not exist on type 'IntrinsicAttributes & GridBaseProps & { sx?: SxProps<Theme> | undefined; } & SystemProps<Theme> & Omit<...>'.
    310 |
    311 |         {/* Quick Stats */}
  > 312 |         <Grid item xs={12} md={4}>
        |         ^^^^^^^^^^^^^^^^^^^^^^^^^^
    313 |           <Card>
    314 |             <CardContent>
    315 |               <Typography variant="h6" sx={{ mb: 3 }}>

TS2769: No overload matches this call.
  Overload 1 of 2, '(props: { component: ElementType<any, keyof IntrinsicElements>; } & GridBaseProps & { sx?: SxProps<Theme> | undefined; } & SystemProps<...> & Omit<...>): Element | null', gave the following error.
    Property 'component' is missing in type '{ children: Element; item: true; xs: number; }' but required in type '{ component: ElementType<any, keyof IntrinsicElements>; }'.
  Overload 2 of 2, '(props: DefaultComponentProps<GridTypeMap<{}, "div">>): Element | null', gave the following error.
    Type '{ children: Element; item: true; xs: number; }' is not assignable to type 'IntrinsicAttributes & GridBaseProps & { sx?: SxProps<Theme> | undefined; } & SystemProps<Theme> & Omit<...>'.
      Property 'item' does not exist on type 'IntrinsicAttributes & GridBaseProps & { sx?: SxProps<Theme> | undefined; } & SystemProps<Theme> & Omit<...>'.
    339 |
    340 |         {/* Report Types Grid */}
  > 341 |         <Grid item xs={12}>
        |         ^^^^^^^^^^^^^^^^^^^
    342 |           <Card>
    343 |             <CardContent>
    344 |               <Typography variant="h6" sx={{ mb: 3 }}>

TS2769: No overload matches this call.
  Overload 1 of 2, '(props: { component: ElementType<any, keyof IntrinsicElements>; } & GridBaseProps & { sx?: SxProps<Theme> | undefined; } & SystemProps<...> & Omit<...>): Element | null', gave the following error.
    Property 'component' is missing in type '{ children: Element; item: true; xs: number; sm: number; md: number; key: string; }' but required in type '{ component: ElementType<any, keyof IntrinsicElements>; }'.
  Overload 2 of 2, '(props: DefaultComponentProps<GridTypeMap<{}, "div">>): Element | null', gave the following error.
    Type '{ children: Element; item: true; xs: number; sm: number; md: number; key: string; }' is not assignable to type 'IntrinsicAttributes & GridBaseProps & { sx?: SxProps<Theme> | undefined; } & SystemProps<Theme> & Omit<...>'.
      Property 'item' does not exist on type 'IntrinsicAttributes & GridBaseProps & { sx?: SxProps<Theme> | undefined; } & SystemProps<Theme> & Omit<...>'.
    347 |               <Grid container spacing={2}>
    348 |                 {reportTypes.map((report) => (
  > 349 |                   <Grid item xs={12} sm={6} md={4} key={report.id}>
        |                   ^^^^^^^^^^^^^^^^^^^^^^^^^^^^^^^^^^^^^^^^^^^^^^^^^
    350 |                     <Paper
    351 |                       sx={{
    352 |                         p: 2,

TS2769: No overload matches this call.
  Overload 1 of 2, '(props: { component: ElementType<any, keyof IntrinsicElements>; } & GridBaseProps & { sx?: SxProps<Theme> | undefined; } & SystemProps<...> & Omit<...>): Element | null', gave the following error.
    Property 'component' is missing in type '{ children: Element; item: true; xs: number; }' but required in type '{ component: ElementType<any, keyof IntrinsicElements>; }'.
  Overload 2 of 2, '(props: DefaultComponentProps<GridTypeMap<{}, "div">>): Element | null', gave the following error.
    Type '{ children: Element; item: true; xs: number; }' is not assignable to type 'IntrinsicAttributes & GridBaseProps & { sx?: SxProps<Theme> | undefined; } & SystemProps<Theme> & Omit<...>'.
      Property 'item' does not exist on type 'IntrinsicAttributes & GridBaseProps & { sx?: SxProps<Theme> | undefined; } & SystemProps<Theme> & Omit<...>'.
    403 |
    404 |         {/* Recent Reports */}
  > 405 |         <Grid item xs={12}>
        |         ^^^^^^^^^^^^^^^^^^^
    406 |           <Card>
    407 |             <CardContent>
    408 |               <Box sx={{ display: 'flex', justifyContent: 'space-between', alignItems: 'center', mb: 3 }}>

TS2345: Argument of type '{ id: number; customer_id: number; service_type: string; title: string; description: string; location: { address: string; city: string; state: string; zip_code: string; coordinates: { lat: number; lng: number; }; }; ... 7 more ...; quotes_count: number; }[]' is not assignable to parameter of type 'ServiceRequest[] | (() => ServiceRequest[])'.
  Type '{ id: number; customer_id: number; service_type: string; title: string; description: string; location: { address: string; city: string; state: string; zip_code: string; coordinates: { lat: number; lng: number; }; }; ... 7 more ...; quotes_count: number; }[]' is not assignable to type 'ServiceRequest[]'.
    Type '{ id: number; customer_id: number; service_type: string; title: string; description: string; location: { address: string; city: string; state: string; zip_code: string; coordinates: { lat: number; lng: number; }; }; ... 7 more ...; quotes_count: number; }' is missing the following properties from type 'ServiceRequest': serviceType, customerId, createdAt
    63 |   const [selectedStatus, setSelectedStatus] = useState('all')
    64 |   const [selectedUrgency, setSelectedUrgency] = useState('all')
  > 65 |   const [serviceRequests] = useState<ServiceRequest[]>(staticData.serviceRequests)
       |                                                        ^^^^^^^^^^^^^^^^^^^^^^^^^^
    66 |
    67 |   const theme = useTheme()
    68 |

TS2367: This comparison appears to be unintentional because the types '"open" | "in_progress" | "completed" | "cancelled"' and '"quoted"' have no overlap.
    78 |   const requestStats = {
    79 |     open: serviceRequests.filter(r => r.status === 'open').length,
  > 80 |     quoted: serviceRequests.filter(r => r.status === 'quoted').length,
       |                                         ^^^^^^^^^^^^^^^^^^^^^
    81 |     booked: serviceRequests.filter(r => r.status === 'booked').length,
    82 |     in_progress: serviceRequests.filter(r => r.status === 'in_progress').length,
    83 |   }

TS2367: This comparison appears to be unintentional because the types '"open" | "in_progress" | "completed" | "cancelled"' and '"booked"' have no overlap.
    79 |     open: serviceRequests.filter(r => r.status === 'open').length,
    80 |     quoted: serviceRequests.filter(r => r.status === 'quoted').length,
  > 81 |     booked: serviceRequests.filter(r => r.status === 'booked').length,
       |                                         ^^^^^^^^^^^^^^^^^^^^^
    82 |     in_progress: serviceRequests.filter(r => r.status === 'in_progress').length,
    83 |   }
    84 |

TS2769: No overload matches this call.
  Overload 1 of 2, '(props: { component: ElementType<any, keyof IntrinsicElements>; } & GridBaseProps & { sx?: SxProps<Theme> | undefined; } & SystemProps<...> & Omit<...>): Element | null', gave the following error.
    Property 'component' is missing in type '{ children: Element; item: true; xs: number; sm: number; md: number; }' but required in type '{ component: ElementType<any, keyof IntrinsicElements>; }'.
  Overload 2 of 2, '(props: DefaultComponentProps<GridTypeMap<{}, "div">>): Element | null', gave the following error.
    Type '{ children: Element; item: true; xs: number; sm: number; md: number; }' is not assignable to type 'IntrinsicAttributes & GridBaseProps & { sx?: SxProps<Theme> | undefined; } & SystemProps<Theme> & Omit<...>'.
      Property 'item' does not exist on type 'IntrinsicAttributes & GridBaseProps & { sx?: SxProps<Theme> | undefined; } & SystemProps<Theme> & Omit<...>'.
    163 |
    164 |         <Grid container spacing={2} sx={{ mb: 2 }}>
  > 165 |           <Grid item xs={12} sm={6} md={3}>
        |           ^^^^^^^^^^^^^^^^^^^^^^^^^^^^^^^^^
    166 |             <Box sx={{ display: 'flex', alignItems: 'center', gap: 1 }}>
    167 |               <LocationIcon sx={{ color: 'text.secondary', fontSize: 20 }} />
    168 |               <Box>

TS2769: No overload matches this call.
  Overload 1 of 2, '(props: { component: ElementType<any, keyof IntrinsicElements>; } & GridBaseProps & { sx?: SxProps<Theme> | undefined; } & SystemProps<...> & Omit<...>): Element | null', gave the following error.
    Property 'component' is missing in type '{ children: Element; item: true; xs: number; sm: number; md: number; }' but required in type '{ component: ElementType<any, keyof IntrinsicElements>; }'.
  Overload 2 of 2, '(props: DefaultComponentProps<GridTypeMap<{}, "div">>): Element | null', gave the following error.
    Type '{ children: Element; item: true; xs: number; sm: number; md: number; }' is not assignable to type 'IntrinsicAttributes & GridBaseProps & { sx?: SxProps<Theme> | undefined; } & SystemProps<Theme> & Omit<...>'.
      Property 'item' does not exist on type 'IntrinsicAttributes & GridBaseProps & { sx?: SxProps<Theme> | undefined; } & SystemProps<Theme> & Omit<...>'.
    177 |           </Grid>
    178 |           
  > 179 |           <Grid item xs={12} sm={6} md={3}>
        |           ^^^^^^^^^^^^^^^^^^^^^^^^^^^^^^^^^
    180 |             <Box sx={{ display: 'flex', alignItems: 'center', gap: 1 }}>
    181 |               <DollarIcon sx={{ color: 'text.secondary', fontSize: 20 }} />
    182 |               <Box>

TS2551: Property 'budget_min' does not exist on type 'ServiceRequest'. Did you mean 'budgetMin'?
    182 |               <Box>
    183 |                 <Typography variant="body2" sx={{ fontWeight: 500 }}>
  > 184 |                   {formatCurrency(request.budget_min)} - {formatCurrency(request.budget_max)}
        |                                           ^^^^^^^^^^
    185 |                 </Typography>
    186 |                 <Typography variant="caption" color="text.secondary">
    187 |                   Budget range

TS2551: Property 'budget_max' does not exist on type 'ServiceRequest'. Did you mean 'budgetMax'?
    182 |               <Box>
    183 |                 <Typography variant="body2" sx={{ fontWeight: 500 }}>
  > 184 |                   {formatCurrency(request.budget_min)} - {formatCurrency(request.budget_max)}
        |                                                                                  ^^^^^^^^^^
    185 |                 </Typography>
    186 |                 <Typography variant="caption" color="text.secondary">
    187 |                   Budget range

TS2769: No overload matches this call.
  Overload 1 of 2, '(props: { component: ElementType<any, keyof IntrinsicElements>; } & GridBaseProps & { sx?: SxProps<Theme> | undefined; } & SystemProps<...> & Omit<...>): Element | null', gave the following error.
    Property 'component' is missing in type '{ children: Element; item: true; xs: number; sm: number; md: number; }' but required in type '{ component: ElementType<any, keyof IntrinsicElements>; }'.
  Overload 2 of 2, '(props: DefaultComponentProps<GridTypeMap<{}, "div">>): Element | null', gave the following error.
    Type '{ children: Element; item: true; xs: number; sm: number; md: number; }' is not assignable to type 'IntrinsicAttributes & GridBaseProps & { sx?: SxProps<Theme> | undefined; } & SystemProps<Theme> & Omit<...>'.
      Property 'item' does not exist on type 'IntrinsicAttributes & GridBaseProps & { sx?: SxProps<Theme> | undefined; } & SystemProps<Theme> & Omit<...>'.
    191 |           </Grid>
    192 |           
  > 193 |           <Grid item xs={12} sm={6} md={3}>
        |           ^^^^^^^^^^^^^^^^^^^^^^^^^^^^^^^^^
    194 |             <Box sx={{ display: 'flex', alignItems: 'center', gap: 1 }}>
    195 |               <CalendarIcon sx={{ color: 'text.secondary', fontSize: 20 }} />
    196 |               <Box>

TS2551: Property 'preferred_date' does not exist on type 'ServiceRequest'. Did you mean 'preferredDate'?
    196 |               <Box>
    197 |                 <Typography variant="body2" sx={{ fontWeight: 500 }}>
  > 198 |                   {formatDate(request.preferred_date)}
        |                                       ^^^^^^^^^^^^^^
    199 |                 </Typography>
    200 |                 <Typography variant="caption" color="text.secondary">
    201 |                   Preferred date

TS2769: No overload matches this call.
  Overload 1 of 2, '(props: { component: ElementType<any, keyof IntrinsicElements>; } & GridBaseProps & { sx?: SxProps<Theme> | undefined; } & SystemProps<...> & Omit<...>): Element | null', gave the following error.
    Property 'component' is missing in type '{ children: Element; item: true; xs: number; sm: number; md: number; }' but required in type '{ component: ElementType<any, keyof IntrinsicElements>; }'.
  Overload 2 of 2, '(props: DefaultComponentProps<GridTypeMap<{}, "div">>): Element | null', gave the following error.
    Type '{ children: Element; item: true; xs: number; sm: number; md: number; }' is not assignable to type 'IntrinsicAttributes & GridBaseProps & { sx?: SxProps<Theme> | undefined; } & SystemProps<Theme> & Omit<...>'.
      Property 'item' does not exist on type 'IntrinsicAttributes & GridBaseProps & { sx?: SxProps<Theme> | undefined; } & SystemProps<Theme> & Omit<...>'.
    205 |           </Grid>
    206 |           
  > 207 |           <Grid item xs={12} sm={6} md={3}>
        |           ^^^^^^^^^^^^^^^^^^^^^^^^^^^^^^^^^
    208 |             <Box sx={{ display: 'flex', alignItems: 'center', gap: 1 }}>
    209 |               <TimeIcon sx={{ color: 'text.secondary', fontSize: 20 }} />
    210 |               <Box>

TS2551: Property 'created_at' does not exist on type 'ServiceRequest'. Did you mean 'createdAt'?
    210 |               <Box>
    211 |                 <Typography variant="body2" sx={{ fontWeight: 500 }}>
  > 212 |                   {formatDate(request.created_at)}
        |                                       ^^^^^^^^^^
    213 |                 </Typography>
    214 |                 <Typography variant="caption" color="text.secondary">
    215 |                   Created

TS2339: Property 'quotes_count' does not exist on type 'ServiceRequest'.
    239 |           <Stack direction="row" spacing={1}>
    240 |             <Chip
  > 241 |               label={`${request.quotes_count} quotes`}
        |                                 ^^^^^^^^^^^^
    242 |               size="small"
    243 |               variant="outlined"
    244 |             />

TS2551: Property 'service_type' does not exist on type 'ServiceRequest'. Did you mean 'serviceType'?
    244 |             />
    245 |             <Chip
  > 246 |               label={request.service_type}
        |                              ^^^^^^^^^^^^
    247 |               size="small"
    248 |               variant="outlined"
    249 |             />

TS2769: No overload matches this call.
  Overload 1 of 2, '(props: { component: ElementType<any, keyof IntrinsicElements>; } & GridBaseProps & { sx?: SxProps<Theme> | undefined; } & SystemProps<...> & Omit<...>): Element | null', gave the following error.
    Property 'component' is missing in type '{ children: Element; item: true; xs: number; sm: number; }' but required in type '{ component: ElementType<any, keyof IntrinsicElements>; }'.
  Overload 2 of 2, '(props: DefaultComponentProps<GridTypeMap<{}, "div">>): Element | null', gave the following error.
    Type '{ children: Element; item: true; xs: number; sm: number; }' is not assignable to type 'IntrinsicAttributes & GridBaseProps & { sx?: SxProps<Theme> | undefined; } & SystemProps<Theme> & Omit<...>'.
      Property 'item' does not exist on type 'IntrinsicAttributes & GridBaseProps & { sx?: SxProps<Theme> | undefined; } & SystemProps<Theme> & Omit<...>'.
    278 |       {/* Stats */}
    279 |       <Grid container spacing={2} sx={{ mb: 4 }}>
  > 280 |         <Grid item xs={6} sm={3}>
        |         ^^^^^^^^^^^^^^^^^^^^^^^^^
    281 |           <StatCard title="Open Requests" value={requestStats.open} color="default" />
    282 |         </Grid>
    283 |         <Grid item xs={6} sm={3}>

TS2769: No overload matches this call.
  Overload 1 of 2, '(props: { component: ElementType<any, keyof IntrinsicElements>; } & GridBaseProps & { sx?: SxProps<Theme> | undefined; } & SystemProps<...> & Omit<...>): Element | null', gave the following error.
    Property 'component' is missing in type '{ children: Element; item: true; xs: number; sm: number; }' but required in type '{ component: ElementType<any, keyof IntrinsicElements>; }'.
  Overload 2 of 2, '(props: DefaultComponentProps<GridTypeMap<{}, "div">>): Element | null', gave the following error.
    Type '{ children: Element; item: true; xs: number; sm: number; }' is not assignable to type 'IntrinsicAttributes & GridBaseProps & { sx?: SxProps<Theme> | undefined; } & SystemProps<Theme> & Omit<...>'.
      Property 'item' does not exist on type 'IntrinsicAttributes & GridBaseProps & { sx?: SxProps<Theme> | undefined; } & SystemProps<Theme> & Omit<...>'.
    281 |           <StatCard title="Open Requests" value={requestStats.open} color="default" />
    282 |         </Grid>
  > 283 |         <Grid item xs={6} sm={3}>
        |         ^^^^^^^^^^^^^^^^^^^^^^^^^
    284 |           <StatCard title="Quoted" value={requestStats.quoted} color="info" />
    285 |         </Grid>
    286 |         <Grid item xs={6} sm={3}>

TS2769: No overload matches this call.
  Overload 1 of 2, '(props: { component: ElementType<any, keyof IntrinsicElements>; } & GridBaseProps & { sx?: SxProps<Theme> | undefined; } & SystemProps<...> & Omit<...>): Element | null', gave the following error.
    Property 'component' is missing in type '{ children: Element; item: true; xs: number; sm: number; }' but required in type '{ component: ElementType<any, keyof IntrinsicElements>; }'.
  Overload 2 of 2, '(props: DefaultComponentProps<GridTypeMap<{}, "div">>): Element | null', gave the following error.
    Type '{ children: Element; item: true; xs: number; sm: number; }' is not assignable to type 'IntrinsicAttributes & GridBaseProps & { sx?: SxProps<Theme> | undefined; } & SystemProps<Theme> & Omit<...>'.
      Property 'item' does not exist on type 'IntrinsicAttributes & GridBaseProps & { sx?: SxProps<Theme> | undefined; } & SystemProps<Theme> & Omit<...>'.
    284 |           <StatCard title="Quoted" value={requestStats.quoted} color="info" />
    285 |         </Grid>
  > 286 |         <Grid item xs={6} sm={3}>
        |         ^^^^^^^^^^^^^^^^^^^^^^^^^
    287 |           <StatCard title="Booked" value={requestStats.booked} color="success" />
    288 |         </Grid>
    289 |         <Grid item xs={6} sm={3}>

TS2769: No overload matches this call.
  Overload 1 of 2, '(props: { component: ElementType<any, keyof IntrinsicElements>; } & GridBaseProps & { sx?: SxProps<Theme> | undefined; } & SystemProps<...> & Omit<...>): Element | null', gave the following error.
    Property 'component' is missing in type '{ children: Element; item: true; xs: number; sm: number; }' but required in type '{ component: ElementType<any, keyof IntrinsicElements>; }'.
  Overload 2 of 2, '(props: DefaultComponentProps<GridTypeMap<{}, "div">>): Element | null', gave the following error.
    Type '{ children: Element; item: true; xs: number; sm: number; }' is not assignable to type 'IntrinsicAttributes & GridBaseProps & { sx?: SxProps<Theme> | undefined; } & SystemProps<Theme> & Omit<...>'.
      Property 'item' does not exist on type 'IntrinsicAttributes & GridBaseProps & { sx?: SxProps<Theme> | undefined; } & SystemProps<Theme> & Omit<...>'.
    287 |           <StatCard title="Booked" value={requestStats.booked} color="success" />
    288 |         </Grid>
  > 289 |         <Grid item xs={6} sm={3}>
        |         ^^^^^^^^^^^^^^^^^^^^^^^^^
    290 |           <StatCard title="In Progress" value={requestStats.in_progress} color="warning" />
    291 |         </Grid>
    292 |       </Grid>

TS2769: No overload matches this call.
  Overload 1 of 2, '(props: { component: ElementType<any, keyof IntrinsicElements>; } & GridBaseProps & { sx?: SxProps<Theme> | undefined; } & SystemProps<...> & Omit<...>): Element | null', gave the following error.
    Property 'component' is missing in type '{ children: Element; item: true; xs: number; md: number; }' but required in type '{ component: ElementType<any, keyof IntrinsicElements>; }'.
  Overload 2 of 2, '(props: DefaultComponentProps<GridTypeMap<{}, "div">>): Element | null', gave the following error.
    Type '{ children: Element; item: true; xs: number; md: number; }' is not assignable to type 'IntrinsicAttributes & GridBaseProps & { sx?: SxProps<Theme> | undefined; } & SystemProps<Theme> & Omit<...>'.
      Property 'item' does not exist on type 'IntrinsicAttributes & GridBaseProps & { sx?: SxProps<Theme> | undefined; } & SystemProps<Theme> & Omit<...>'.
    296 |         <CardContent>
    297 |           <Grid container spacing={2} alignItems="center">
  > 298 |             <Grid item xs={12} md={4}>
        |             ^^^^^^^^^^^^^^^^^^^^^^^^^^
    299 |               <TextField
    300 |                 fullWidth
    301 |                 placeholder="Search requests..."

TS2769: No overload matches this call.
  Overload 1 of 2, '(props: { component: ElementType<any, keyof IntrinsicElements>; } & GridBaseProps & { sx?: SxProps<Theme> | undefined; } & SystemProps<...> & Omit<...>): Element | null', gave the following error.
    Property 'component' is missing in type '{ children: Element; item: true; xs: number; md: number; }' but required in type '{ component: ElementType<any, keyof IntrinsicElements>; }'.
  Overload 2 of 2, '(props: DefaultComponentProps<GridTypeMap<{}, "div">>): Element | null', gave the following error.
    Type '{ children: Element; item: true; xs: number; md: number; }' is not assignable to type 'IntrinsicAttributes & GridBaseProps & { sx?: SxProps<Theme> | undefined; } & SystemProps<Theme> & Omit<...>'.
      Property 'item' does not exist on type 'IntrinsicAttributes & GridBaseProps & { sx?: SxProps<Theme> | undefined; } & SystemProps<Theme> & Omit<...>'.
    311 |               />
    312 |             </Grid>
  > 313 |             <Grid item xs={12} md={3}>
        |             ^^^^^^^^^^^^^^^^^^^^^^^^^^
    314 |               <FormControl fullWidth>
    315 |                 <InputLabel>Status</InputLabel>
    316 |                 <Select

TS2769: No overload matches this call.
  Overload 1 of 2, '(props: { component: ElementType<any, keyof IntrinsicElements>; } & GridBaseProps & { sx?: SxProps<Theme> | undefined; } & SystemProps<...> & Omit<...>): Element | null', gave the following error.
    Property 'component' is missing in type '{ children: Element; item: true; xs: number; md: number; }' but required in type '{ component: ElementType<any, keyof IntrinsicElements>; }'.
  Overload 2 of 2, '(props: DefaultComponentProps<GridTypeMap<{}, "div">>): Element | null', gave the following error.
    Type '{ children: Element; item: true; xs: number; md: number; }' is not assignable to type 'IntrinsicAttributes & GridBaseProps & { sx?: SxProps<Theme> | undefined; } & SystemProps<Theme> & Omit<...>'.
      Property 'item' does not exist on type 'IntrinsicAttributes & GridBaseProps & { sx?: SxProps<Theme> | undefined; } & SystemProps<Theme> & Omit<...>'.
    329 |               </FormControl>
    330 |             </Grid>
  > 331 |             <Grid item xs={12} md={3}>
        |             ^^^^^^^^^^^^^^^^^^^^^^^^^^
    332 |               <FormControl fullWidth>
    333 |                 <InputLabel>Urgency</InputLabel>
    334 |                 <Select

TS2769: No overload matches this call.
  Overload 1 of 2, '(props: { component: ElementType<any, keyof IntrinsicElements>; } & GridBaseProps & { sx?: SxProps<Theme> | undefined; } & SystemProps<...> & Omit<...>): Element | null', gave the following error.
    Property 'component' is missing in type '{ children: Element; item: true; xs: number; md: number; }' but required in type '{ component: ElementType<any, keyof IntrinsicElements>; }'.
  Overload 2 of 2, '(props: DefaultComponentProps<GridTypeMap<{}, "div">>): Element | null', gave the following error.
    Type '{ children: Element; item: true; xs: number; md: number; }' is not assignable to type 'IntrinsicAttributes & GridBaseProps & { sx?: SxProps<Theme> | undefined; } & SystemProps<Theme> & Omit<...>'.
      Property 'item' does not exist on type 'IntrinsicAttributes & GridBaseProps & { sx?: SxProps<Theme> | undefined; } & SystemProps<Theme> & Omit<...>'.
    345 |               </FormControl>
    346 |             </Grid>
  > 347 |             <Grid item xs={12} md={2}>
        |             ^^^^^^^^^^^^^^^^^^^^^^^^^^
    348 |               <Button
    349 |                 variant="outlined"
    350 |                 startIcon={<FilterIcon />}

TS2305: Module '"../services/api/services.service"' has no exported member 'ServiceProvider'.
    46 | import { ServiceDetailsDialog } from '../components/services/ServiceDetailsDialog'
    47 | import { ConfirmDialog } from '../components/common/ConfirmDialog'
  > 48 | import { servicesService, ServiceProvider } from '../services/api/services.service'
       |                           ^^^^^^^^^^^^^^^
    49 |
    50 | interface ServiceStats {
    51 |   total: number

TS2339: Property 'serviceProviders' does not exist on type 'GetServicesResponse'.
    112 |       setLoading(true)
    113 |       const response = await servicesService.getServices({ page: 1, limit: 100 })
  > 114 |       setServices(response.serviceProviders)
        |                            ^^^^^^^^^^^^^^^^
    115 |       calculateStats(response.serviceProviders)
    116 |     } catch (error) {
    117 |       showSnackbar('Failed to load services', 'error')

TS2339: Property 'serviceProviders' does not exist on type 'GetServicesResponse'.
    113 |       const response = await servicesService.getServices({ page: 1, limit: 100 })
    114 |       setServices(response.serviceProviders)
  > 115 |       calculateStats(response.serviceProviders)
        |                               ^^^^^^^^^^^^^^^^
    116 |     } catch (error) {
    117 |       showSnackbar('Failed to load services', 'error')
    118 |       console.error('Error fetching services:', error)

TS7006: Parameter 's' implicitly has an 'any' type.
    136 |     const matchesSearch = 
    137 |       service.businessName.toLowerCase().includes(searchTerm.toLowerCase()) ||
  > 138 |       service.servicesOffered.some(s => s.toLowerCase().includes(searchTerm.toLowerCase())) ||
        |                                    ^
    139 |       service.serviceAreas.some(a => a.toLowerCase().includes(searchTerm.toLowerCase()))
    140 |     
    141 |     const matchesStatus =

TS7006: Parameter 'a' implicitly has an 'any' type.
    137 |       service.businessName.toLowerCase().includes(searchTerm.toLowerCase()) ||
    138 |       service.servicesOffered.some(s => s.toLowerCase().includes(searchTerm.toLowerCase())) ||
  > 139 |       service.serviceAreas.some(a => a.toLowerCase().includes(searchTerm.toLowerCase()))
        |                                 ^
    140 |     
    141 |     const matchesStatus = 
    142 |       selectedStatus === 'all' ||

TS2339: Property 'updateVerificationStatus' does not exist on type '{ getServices(params?: GetServicesParams | undefined): Promise<GetServicesResponse>; getServiceById(serviceId: string): Promise<...>; ... 4 more ...; getServiceStats(): Promise<...>; }'.
    202 |   const handleVerifyService = async (service: ServiceProvider, status: 'verified' | 'rejected') => {
    203 |     try {
  > 204 |       await servicesService.updateVerificationStatus(service.id, status)
        |                             ^^^^^^^^^^^^^^^^^^^^^^^^
    205 |       showSnackbar(`Service ${status} successfully`, 'success')
    206 |       fetchServices()
    207 |       handleMenuClose()

TS2345: Argument of type '{ business_name: any; business_license: any; services_offered: any; service_areas: any; years_experience: any; bio: any; }' is not assignable to parameter of type 'CreateServiceRequest'.
  Object literal may only specify known properties, and 'business_name' does not exist in type 'CreateServiceRequest'.
    229 |       if (formMode === 'create') {
    230 |         await servicesService.createService({
  > 231 |           business_name: serviceData.businessName!,
        |           ^^^^^^^^^^^^^^^^^^^^^^^^^^^^^^^^^^^^^^^^
    232 |           business_license: serviceData.businessLicense,
    233 |           services_offered: serviceData.servicesOffered!,
    234 |           service_areas: serviceData.serviceAreas!,

TS2345: Argument of type '{ business_name: any; business_license: any; services_offered: any; service_areas: any; years_experience: any; bio: any; }' is not assignable to parameter of type 'UpdateServiceRequest'.
  Object literal may only specify known properties, and 'business_name' does not exist in type 'UpdateServiceRequest'.
    239 |       } else if (selectedService) {
    240 |         await servicesService.updateService(selectedService.id, {
  > 241 |           business_name: serviceData.businessName,
        |           ^^^^^^^^^^^^^^^^^^^^^^^^^^^^^^^^^^^^^^^
    242 |           business_license: serviceData.businessLicense,
    243 |           services_offered: serviceData.servicesOffered,
    244 |           service_areas: serviceData.serviceAreas,

TS2769: No overload matches this call.
  Overload 1 of 2, '(props: { component: ElementType<any, keyof IntrinsicElements>; } & GridBaseProps & { sx?: SxProps<Theme> | undefined; } & SystemProps<...> & Omit<...>): Element | null', gave the following error.
    Property 'component' is missing in type '{ children: Element; item: true; xs: number; md: number; }' but required in type '{ component: ElementType<any, keyof IntrinsicElements>; }'.
  Overload 2 of 2, '(props: DefaultComponentProps<GridTypeMap<{}, "div">>): Element | null', gave the following error.
    Type '{ children: Element; item: true; xs: number; md: number; }' is not assignable to type 'IntrinsicAttributes & GridBaseProps & { sx?: SxProps<Theme> | undefined; } & SystemProps<Theme> & Omit<...>'.
      Property 'item' does not exist on type 'IntrinsicAttributes & GridBaseProps & { sx?: SxProps<Theme> | undefined; } & SystemProps<Theme> & Omit<...>'.
    343 |         <CardContent>
    344 |           <Grid container spacing={2} alignItems="center">
  > 345 |             <Grid item xs={12} md={6}>
        |             ^^^^^^^^^^^^^^^^^^^^^^^^^^
    346 |               <TextField
    347 |                 fullWidth
    348 |                 placeholder="Search by business name, services, or areas..."

TS2769: No overload matches this call.
  Overload 1 of 2, '(props: { component: ElementType<any, keyof IntrinsicElements>; } & GridBaseProps & { sx?: SxProps<Theme> | undefined; } & SystemProps<...> & Omit<...>): Element | null', gave the following error.
    Property 'component' is missing in type '{ children: Element; item: true; xs: number; md: number; }' but required in type '{ component: ElementType<any, keyof IntrinsicElements>; }'.
  Overload 2 of 2, '(props: DefaultComponentProps<GridTypeMap<{}, "div">>): Element | null', gave the following error.
    Type '{ children: Element; item: true; xs: number; md: number; }' is not assignable to type 'IntrinsicAttributes & GridBaseProps & { sx?: SxProps<Theme> | undefined; } & SystemProps<Theme> & Omit<...>'.
      Property 'item' does not exist on type 'IntrinsicAttributes & GridBaseProps & { sx?: SxProps<Theme> | undefined; } & SystemProps<Theme> & Omit<...>'.
    358 |               />
    359 |             </Grid>
  > 360 |             <Grid item xs={12} md={4}>
        |             ^^^^^^^^^^^^^^^^^^^^^^^^^^
    361 |               <FormControl fullWidth>
    362 |                 <InputLabel>Verification Status</InputLabel>
    363 |                 <Select

TS2769: No overload matches this call.
  Overload 1 of 2, '(props: { component: ElementType<any, keyof IntrinsicElements>; } & GridBaseProps & { sx?: SxProps<Theme> | undefined; } & SystemProps<...> & Omit<...>): Element | null', gave the following error.
    Property 'component' is missing in type '{ children: Element; item: true; xs: number; md: number; }' but required in type '{ component: ElementType<any, keyof IntrinsicElements>; }'.
  Overload 2 of 2, '(props: DefaultComponentProps<GridTypeMap<{}, "div">>): Element | null', gave the following error.
    Type '{ children: Element; item: true; xs: number; md: number; }' is not assignable to type 'IntrinsicAttributes & GridBaseProps & { sx?: SxProps<Theme> | undefined; } & SystemProps<Theme> & Omit<...>'.
      Property 'item' does not exist on type 'IntrinsicAttributes & GridBaseProps & { sx?: SxProps<Theme> | undefined; } & SystemProps<Theme> & Omit<...>'.
    373 |               </FormControl>
    374 |             </Grid>
  > 375 |             <Grid item xs={12} md={2}>
        |             ^^^^^^^^^^^^^^^^^^^^^^^^^^
    376 |               <Button
    377 |                 variant="outlined"
    378 |                 fullWidth

TS7006: Parameter 'serv' implicitly has an 'any' type.
    436 |                   <TableCell>
    437 |                     <Stack direction="row" spacing={0.5} sx={{ flexWrap: 'wrap', gap: 0.5 }}>
  > 438 |                       {service.servicesOffered.slice(0, 2).map((serv) => (
        |                                                                 ^^^^
    439 |                         <Chip key={serv} label={serv} size="small" />
    440 |                       ))}
    441 |                       {service.servicesOffered.length > 2 && (

TS7006: Parameter 'area' implicitly has an 'any' type.
    446 |                   <TableCell>
    447 |                     <Stack direction="row" spacing={0.5} sx={{ flexWrap: 'wrap', gap: 0.5 }}>
  > 448 |                       {service.serviceAreas.slice(0, 2).map((area) => (
        |                                                              ^^^^
    449 |                         <Chip key={area} label={area} size="small" variant="outlined" />
    450 |                       ))}
    451 |                       {service.serviceAreas.length > 2 && (

TS2322: Type '{ open: boolean; onClose: () => void; onSubmit: (serviceData: ServiceProvider) => Promise<void>; service: any; mode: "edit" | "create"; }' is not assignable to type 'IntrinsicAttributes & ServiceFormDialogProps'.
  Property 'service' does not exist on type 'IntrinsicAttributes & ServiceFormDialogProps'.
    544 |         }}
    545 |         onSubmit={handleFormSubmit}
  > 546 |         service={selectedService}
        |         ^^^^^^^
    547 |         mode={formMode}
    548 |       />
    549 |

TS2769: No overload matches this call.
  Overload 1 of 2, '(props: { component: ElementType<any, keyof IntrinsicElements>; } & GridBaseProps & { sx?: SxProps<Theme> | undefined; } & SystemProps<...> & Omit<...>): Element | null', gave the following error.
    Property 'component' is missing in type '{ children: Element; item: true; xs: number; sm: number; md: number; }' but required in type '{ component: ElementType<any, keyof IntrinsicElements>; }'.
  Overload 2 of 2, '(props: DefaultComponentProps<GridTypeMap<{}, "div">>): Element | null', gave the following error.
    Type '{ children: Element; item: true; xs: number; sm: number; md: number; }' is not assignable to type 'IntrinsicAttributes & GridBaseProps & { sx?: SxProps<Theme> | undefined; } & SystemProps<Theme> & Omit<...>'.
      Property 'item' does not exist on type 'IntrinsicAttributes & GridBaseProps & { sx?: SxProps<Theme> | undefined; } & SystemProps<Theme> & Omit<...>'.
    298 |       {/* Statistics Cards */}
    299 |       <Grid container spacing={3} sx={{ mb: 3 }}>
  > 300 |         <Grid item xs={12} sm={6} md={2}>
        |         ^^^^^^^^^^^^^^^^^^^^^^^^^^^^^^^^^
    301 |           <Card>
    302 |             <CardContent>
    303 |               <Typography color="textSecondary" gutterBottom variant="body2">

TS2769: No overload matches this call.
  Overload 1 of 2, '(props: { component: ElementType<any, keyof IntrinsicElements>; } & GridBaseProps & { sx?: SxProps<Theme> | undefined; } & SystemProps<...> & Omit<...>): Element | null', gave the following error.
    Property 'component' is missing in type '{ children: Element; item: true; xs: number; sm: number; md: number; }' but required in type '{ component: ElementType<any, keyof IntrinsicElements>; }'.
  Overload 2 of 2, '(props: DefaultComponentProps<GridTypeMap<{}, "div">>): Element | null', gave the following error.
    Type '{ children: Element; item: true; xs: number; sm: number; md: number; }' is not assignable to type 'IntrinsicAttributes & GridBaseProps & { sx?: SxProps<Theme> | undefined; } & SystemProps<Theme> & Omit<...>'.
      Property 'item' does not exist on type 'IntrinsicAttributes & GridBaseProps & { sx?: SxProps<Theme> | undefined; } & SystemProps<Theme> & Omit<...>'.
    308 |           </Card>
    309 |         </Grid>
  > 310 |         <Grid item xs={12} sm={6} md={2}>
        |         ^^^^^^^^^^^^^^^^^^^^^^^^^^^^^^^^^
    311 |           <Card sx={{ bgcolor: 'info.light' }}>
    312 |             <CardContent>
    313 |               <Typography color="white" gutterBottom variant="body2">

TS2769: No overload matches this call.
  Overload 1 of 2, '(props: { component: ElementType<any, keyof IntrinsicElements>; } & GridBaseProps & { sx?: SxProps<Theme> | undefined; } & SystemProps<...> & Omit<...>): Element | null', gave the following error.
    Property 'component' is missing in type '{ children: Element; item: true; xs: number; sm: number; md: number; }' but required in type '{ component: ElementType<any, keyof IntrinsicElements>; }'.
  Overload 2 of 2, '(props: DefaultComponentProps<GridTypeMap<{}, "div">>): Element | null', gave the following error.
    Type '{ children: Element; item: true; xs: number; sm: number; md: number; }' is not assignable to type 'IntrinsicAttributes & GridBaseProps & { sx?: SxProps<Theme> | undefined; } & SystemProps<Theme> & Omit<...>'.
      Property 'item' does not exist on type 'IntrinsicAttributes & GridBaseProps & { sx?: SxProps<Theme> | undefined; } & SystemProps<Theme> & Omit<...>'.
    318 |           </Card>
    319 |         </Grid>
  > 320 |         <Grid item xs={12} sm={6} md={2}>
        |         ^^^^^^^^^^^^^^^^^^^^^^^^^^^^^^^^^
    321 |           <Card sx={{ bgcolor: 'warning.light' }}>
    322 |             <CardContent>
    323 |               <Typography color="white" gutterBottom variant="body2">

TS2769: No overload matches this call.
  Overload 1 of 2, '(props: { component: ElementType<any, keyof IntrinsicElements>; } & GridBaseProps & { sx?: SxProps<Theme> | undefined; } & SystemProps<...> & Omit<...>): Element | null', gave the following error.
    Property 'component' is missing in type '{ children: Element; item: true; xs: number; sm: number; md: number; }' but required in type '{ component: ElementType<any, keyof IntrinsicElements>; }'.
  Overload 2 of 2, '(props: DefaultComponentProps<GridTypeMap<{}, "div">>): Element | null', gave the following error.
    Type '{ children: Element; item: true; xs: number; sm: number; md: number; }' is not assignable to type 'IntrinsicAttributes & GridBaseProps & { sx?: SxProps<Theme> | undefined; } & SystemProps<Theme> & Omit<...>'.
      Property 'item' does not exist on type 'IntrinsicAttributes & GridBaseProps & { sx?: SxProps<Theme> | undefined; } & SystemProps<Theme> & Omit<...>'.
    328 |           </Card>
    329 |         </Grid>
  > 330 |         <Grid item xs={12} sm={6} md={2}>
        |         ^^^^^^^^^^^^^^^^^^^^^^^^^^^^^^^^^
    331 |           <Card sx={{ bgcolor: 'primary.light' }}>
    332 |             <CardContent>
    333 |               <Typography color="white" gutterBottom variant="body2">

TS2769: No overload matches this call.
  Overload 1 of 2, '(props: { component: ElementType<any, keyof IntrinsicElements>; } & GridBaseProps & { sx?: SxProps<Theme> | undefined; } & SystemProps<...> & Omit<...>): Element | null', gave the following error.
    Property 'component' is missing in type '{ children: Element; item: true; xs: number; sm: number; md: number; }' but required in type '{ component: ElementType<any, keyof IntrinsicElements>; }'.
  Overload 2 of 2, '(props: DefaultComponentProps<GridTypeMap<{}, "div">>): Element | null', gave the following error.
    Type '{ children: Element; item: true; xs: number; sm: number; md: number; }' is not assignable to type 'IntrinsicAttributes & GridBaseProps & { sx?: SxProps<Theme> | undefined; } & SystemProps<Theme> & Omit<...>'.
      Property 'item' does not exist on type 'IntrinsicAttributes & GridBaseProps & { sx?: SxProps<Theme> | undefined; } & SystemProps<Theme> & Omit<...>'.
    338 |           </Card>
    339 |         </Grid>
  > 340 |         <Grid item xs={12} sm={6} md={2}>
        |         ^^^^^^^^^^^^^^^^^^^^^^^^^^^^^^^^^
    341 |           <Card sx={{ bgcolor: 'success.light' }}>
    342 |             <CardContent>
    343 |               <Typography color="white" gutterBottom variant="body2">

TS2769: No overload matches this call.
  Overload 1 of 2, '(props: { component: ElementType<any, keyof IntrinsicElements>; } & GridBaseProps & { sx?: SxProps<Theme> | undefined; } & SystemProps<...> & Omit<...>): Element | null', gave the following error.
    Property 'component' is missing in type '{ children: Element; item: true; xs: number; sm: number; md: number; }' but required in type '{ component: ElementType<any, keyof IntrinsicElements>; }'.
  Overload 2 of 2, '(props: DefaultComponentProps<GridTypeMap<{}, "div">>): Element | null', gave the following error.
    Type '{ children: Element; item: true; xs: number; sm: number; md: number; }' is not assignable to type 'IntrinsicAttributes & GridBaseProps & { sx?: SxProps<Theme> | undefined; } & SystemProps<Theme> & Omit<...>'.
      Property 'item' does not exist on type 'IntrinsicAttributes & GridBaseProps & { sx?: SxProps<Theme> | undefined; } & SystemProps<Theme> & Omit<...>'.
    348 |           </Card>
    349 |         </Grid>
  > 350 |         <Grid item xs={12} sm={6} md={2}>
        |         ^^^^^^^^^^^^^^^^^^^^^^^^^^^^^^^^^
    351 |           <Card sx={{ bgcolor: 'error.light' }}>
    352 |             <CardContent>
    353 |               <Typography color="white" gutterBottom variant="body2">

TS2769: No overload matches this call.
  Overload 1 of 2, '(props: { component: ElementType<any, keyof IntrinsicElements>; } & GridBaseProps & { sx?: SxProps<Theme> | undefined; } & SystemProps<...> & Omit<...>): Element | null', gave the following error.
    Property 'component' is missing in type '{ children: Element; item: true; xs: number; md: number; }' but required in type '{ component: ElementType<any, keyof IntrinsicElements>; }'.
  Overload 2 of 2, '(props: DefaultComponentProps<GridTypeMap<{}, "div">>): Element | null', gave the following error.
    Type '{ children: Element; item: true; xs: number; md: number; }' is not assignable to type 'IntrinsicAttributes & GridBaseProps & { sx?: SxProps<Theme> | undefined; } & SystemProps<Theme> & Omit<...>'.
      Property 'item' does not exist on type 'IntrinsicAttributes & GridBaseProps & { sx?: SxProps<Theme> | undefined; } & SystemProps<Theme> & Omit<...>'.
    364 |         <CardContent>
    365 |           <Grid container spacing={2} alignItems="center">
  > 366 |             <Grid item xs={12} md={4}>
        |             ^^^^^^^^^^^^^^^^^^^^^^^^^^
    367 |               <TextField
    368 |                 fullWidth
    369 |                 placeholder="Search by title, description, or location..."

TS2769: No overload matches this call.
  Overload 1 of 2, '(props: { component: ElementType<any, keyof IntrinsicElements>; } & GridBaseProps & { sx?: SxProps<Theme> | undefined; } & SystemProps<...> & Omit<...>): Element | null', gave the following error.
    Property 'component' is missing in type '{ children: Element; item: true; xs: number; sm: number; md: number; }' but required in type '{ component: ElementType<any, keyof IntrinsicElements>; }'.
  Overload 2 of 2, '(props: DefaultComponentProps<GridTypeMap<{}, "div">>): Element | null', gave the following error.
    Type '{ children: Element; item: true; xs: number; sm: number; md: number; }' is not assignable to type 'IntrinsicAttributes & GridBaseProps & { sx?: SxProps<Theme> | undefined; } & SystemProps<Theme> & Omit<...>'.
      Property 'item' does not exist on type 'IntrinsicAttributes & GridBaseProps & { sx?: SxProps<Theme> | undefined; } & SystemProps<Theme> & Omit<...>'.
    379 |               />
    380 |             </Grid>
  > 381 |             <Grid item xs={12} sm={6} md={3}>
        |             ^^^^^^^^^^^^^^^^^^^^^^^^^^^^^^^^^
    382 |               <FormControl fullWidth>
    383 |                 <InputLabel>Status</InputLabel>
    384 |                 <Select

TS2769: No overload matches this call.
  Overload 1 of 2, '(props: { component: ElementType<any, keyof IntrinsicElements>; } & GridBaseProps & { sx?: SxProps<Theme> | undefined; } & SystemProps<...> & Omit<...>): Element | null', gave the following error.
    Property 'component' is missing in type '{ children: Element; item: true; xs: number; sm: number; md: number; }' but required in type '{ component: ElementType<any, keyof IntrinsicElements>; }'.
  Overload 2 of 2, '(props: DefaultComponentProps<GridTypeMap<{}, "div">>): Element | null', gave the following error.
    Type '{ children: Element; item: true; xs: number; sm: number; md: number; }' is not assignable to type 'IntrinsicAttributes & GridBaseProps & { sx?: SxProps<Theme> | undefined; } & SystemProps<Theme> & Omit<...>'.
      Property 'item' does not exist on type 'IntrinsicAttributes & GridBaseProps & { sx?: SxProps<Theme> | undefined; } & SystemProps<Theme> & Omit<...>'.
    396 |               </FormControl>
    397 |             </Grid>
  > 398 |             <Grid item xs={12} sm={6} md={3}>
        |             ^^^^^^^^^^^^^^^^^^^^^^^^^^^^^^^^^
    399 |               <FormControl fullWidth>
    400 |                 <InputLabel>Urgency</InputLabel>
    401 |                 <Select

TS2769: No overload matches this call.
  Overload 1 of 2, '(props: { component: ElementType<any, keyof IntrinsicElements>; } & GridBaseProps & { sx?: SxProps<Theme> | undefined; } & SystemProps<...> & Omit<...>): Element | null', gave the following error.
    Property 'component' is missing in type '{ children: Element; item: true; xs: number; md: number; }' but required in type '{ component: ElementType<any, keyof IntrinsicElements>; }'.
  Overload 2 of 2, '(props: DefaultComponentProps<GridTypeMap<{}, "div">>): Element | null', gave the following error.
    Type '{ children: Element; item: true; xs: number; md: number; }' is not assignable to type 'IntrinsicAttributes & GridBaseProps & { sx?: SxProps<Theme> | undefined; } & SystemProps<Theme> & Omit<...>'.
      Property 'item' does not exist on type 'IntrinsicAttributes & GridBaseProps & { sx?: SxProps<Theme> | undefined; } & SystemProps<Theme> & Omit<...>'.
    411 |               </FormControl>
    412 |             </Grid>
  > 413 |             <Grid item xs={12} md={2}>
        |             ^^^^^^^^^^^^^^^^^^^^^^^^^^
    414 |               <Button
    415 |                 fullWidth
    416 |                 variant="outlined"

TS2322: Type '{ signupEnabled: true; maintenanceMode: false; bookingEnabled: true; paymentGateway: string; }' is not assignable to type 'ClientControlSettings'.
  Object literal may only specify known properties, and 'signupEnabled' does not exist in type 'ClientControlSettings'.
    88 |     },
    89 |     clientControls: {
  > 90 |       signupEnabled: true,
       |       ^^^^^^^^^^^^^^^^^^^
    91 |       maintenanceMode: false,
    92 |       bookingEnabled: true,
    93 |       paymentGateway: 'stripe',

TS2345: Argument of type 'SettingsResponse' is not assignable to parameter of type 'SetStateAction<Settings>'.
    103 |       setIsLoading(true)
    104 |       const data = await settingsService.getSettings()
  > 105 |       setSettings(data)
        |                   ^^^^
    106 |     } catch (error) {
    107 |       toast({
    108 |         title: "Error",

TS2322: Type '{ children: string; htmlFor: string; }' is not assignable to type 'IntrinsicAttributes & Omit<LabelProps & RefAttributes<HTMLLabelElement>, "ref"> & VariantProps<(props?: ClassProp | undefined) => string> & RefAttributes<...>'.
  Property 'children' does not exist on type 'IntrinsicAttributes & Omit<LabelProps & RefAttributes<HTMLLabelElement>, "ref"> & VariantProps<(props?: ClassProp | undefined) => string> & RefAttributes<...>'.
    181 |                 <VStack spacing={4}>
    182 |                   <div className="w-full space-y-2">
  > 183 |                     <Label htmlFor="businessName">Business Name</Label>
        |                      ^^^^^
    184 |                     <Input
    185 |                       id="businessName"
    186 |                       value={settings.general.businessName}

TS2322: Type '{ children: string; htmlFor: string; }' is not assignable to type 'IntrinsicAttributes & Omit<LabelProps & RefAttributes<HTMLLabelElement>, "ref"> & VariantProps<(props?: ClassProp | undefined) => string> & RefAttributes<...>'.
  Property 'children' does not exist on type 'IntrinsicAttributes & Omit<LabelProps & RefAttributes<HTMLLabelElement>, "ref"> & VariantProps<(props?: ClassProp | undefined) => string> & RefAttributes<...>'.
    195 |
    196 |                   <div className="w-full space-y-2">
  > 197 |                     <Label htmlFor="businessEmail">Business Email</Label>
        |                      ^^^^^
    198 |                     <Input
    199 |                       id="businessEmail"
    200 |                       type="email"

TS2322: Type '{ children: string; htmlFor: string; }' is not assignable to type 'IntrinsicAttributes & Omit<LabelProps & RefAttributes<HTMLLabelElement>, "ref"> & VariantProps<(props?: ClassProp | undefined) => string> & RefAttributes<...>'.
  Property 'children' does not exist on type 'IntrinsicAttributes & Omit<LabelProps & RefAttributes<HTMLLabelElement>, "ref"> & VariantProps<(props?: ClassProp | undefined) => string> & RefAttributes<...>'.
    210 |
    211 |                   <div className="w-full space-y-2">
  > 212 |                     <Label htmlFor="businessPhone">Business Phone</Label>
        |                      ^^^^^
    213 |                     <Input
    214 |                       id="businessPhone"
    215 |                       value={settings.general.businessPhone}

TS2322: Type '{ children: string; htmlFor: string; }' is not assignable to type 'IntrinsicAttributes & Omit<LabelProps & RefAttributes<HTMLLabelElement>, "ref"> & VariantProps<(props?: ClassProp | undefined) => string> & RefAttributes<...>'.
  Property 'children' does not exist on type 'IntrinsicAttributes & Omit<LabelProps & RefAttributes<HTMLLabelElement>, "ref"> & VariantProps<(props?: ClassProp | undefined) => string> & RefAttributes<...>'.
    224 |
    225 |                   <div className="w-full space-y-2">
  > 226 |                     <Label htmlFor="businessAddress">Business Address</Label>
        |                      ^^^^^
    227 |                     <Input
    228 |                       id="businessAddress"
    229 |                       value={settings.general.businessAddress}

TS2322: Type '{ children: string; htmlFor: string; }' is not assignable to type 'IntrinsicAttributes & Omit<LabelProps & RefAttributes<HTMLLabelElement>, "ref"> & VariantProps<(props?: ClassProp | undefined) => string> & RefAttributes<...>'.
  Property 'children' does not exist on type 'IntrinsicAttributes & Omit<LabelProps & RefAttributes<HTMLLabelElement>, "ref"> & VariantProps<(props?: ClassProp | undefined) => string> & RefAttributes<...>'.
    266 |
    267 |                   <div className="w-full space-y-2">
  > 268 |                     <Label htmlFor="sessionTimeout">Session Timeout (minutes)</Label>
        |                      ^^^^^
    269 |                     <Input
    270 |                       id="sessionTimeout"
    271 |                       type="number"

TS2322: Type '{ children: string; htmlFor: string; }' is not assignable to type 'IntrinsicAttributes & Omit<LabelProps & RefAttributes<HTMLLabelElement>, "ref"> & VariantProps<(props?: ClassProp | undefined) => string> & RefAttributes<...>'.
  Property 'children' does not exist on type 'IntrinsicAttributes & Omit<LabelProps & RefAttributes<HTMLLabelElement>, "ref"> & VariantProps<(props?: ClassProp | undefined) => string> & RefAttributes<...>'.
    281 |
    282 |                   <div className="w-full space-y-2">
  > 283 |                     <Label htmlFor="passwordExpiry">Password Expiry (days)</Label>
        |                      ^^^^^
    284 |                     <Input
    285 |                       id="passwordExpiry"
    286 |                       type="number"

TS2339: Property 'signupEnabled' does not exist on type 'ClientControlSettings'.
    416 |                     </div>
    417 |                     <Switch
  > 418 |                       checked={settings.clientControls.signupEnabled}
        |                                                        ^^^^^^^^^^^^^
    419 |                       onCheckedChange={(checked) =>
    420 |                         setSettings({
    421 |                           ...settings,

TS2322: Type '{ signupEnabled: boolean; serviceRadius: number; maxServicePrice: number; responseTime: number; serviceQuality: number; availabilityHours: [number, number]; notificationVolume: number; autoAcceptThreshold: number; priorityBoost: number; }' is not assignable to type 'ClientControlSettings'.
  Object literal may only specify known properties, and 'signupEnabled' does not exist in type 'ClientControlSettings'.
    420 |                         setSettings({
    421 |                           ...settings,
  > 422 |                           clientControls: { ...settings.clientControls, signupEnabled: checked },
        |                                                                         ^^^^^^^^^^^^^^^^^^^^^^
    423 |                         })
    424 |                       }
    425 |                     />

TS2339: Property 'bookingEnabled' does not exist on type 'ClientControlSettings'.
    434 |                     </div>
    435 |                     <Switch
  > 436 |                       checked={settings.clientControls.bookingEnabled}
        |                                                        ^^^^^^^^^^^^^^
    437 |                       onCheckedChange={(checked) =>
    438 |                         setSettings({
    439 |                           ...settings,

TS2322: Type '{ bookingEnabled: boolean; serviceRadius: number; maxServicePrice: number; responseTime: number; serviceQuality: number; availabilityHours: [number, number]; notificationVolume: number; autoAcceptThreshold: number; priorityBoost: number; }' is not assignable to type 'ClientControlSettings'.
  Object literal may only specify known properties, and 'bookingEnabled' does not exist in type 'ClientControlSettings'.
    438 |                         setSettings({
    439 |                           ...settings,
  > 440 |                           clientControls: { ...settings.clientControls, bookingEnabled: checked },
        |                                                                         ^^^^^^^^^^^^^^^^^^^^^^^
    441 |                         })
    442 |                       }
    443 |                     />

TS2339: Property 'maintenanceMode' does not exist on type 'ClientControlSettings'.
    452 |                     </div>
    453 |                     <Switch
  > 454 |                       checked={settings.clientControls.maintenanceMode}
        |                                                        ^^^^^^^^^^^^^^^
    455 |                       onCheckedChange={(checked) =>
    456 |                         setSettings({
    457 |                           ...settings,

TS2322: Type '{ maintenanceMode: boolean; serviceRadius: number; maxServicePrice: number; responseTime: number; serviceQuality: number; availabilityHours: [number, number]; notificationVolume: number; autoAcceptThreshold: number; priorityBoost: number; }' is not assignable to type 'ClientControlSettings'.
  Object literal may only specify known properties, and 'maintenanceMode' does not exist in type 'ClientControlSettings'.
    456 |                         setSettings({
    457 |                           ...settings,
  > 458 |                           clientControls: { ...settings.clientControls, maintenanceMode: checked },
        |                                                                         ^^^^^^^^^^^^^^^^^^^^^^^^
    459 |                         })
    460 |                       }
    461 |                     />

TS2339: Property 'isAuthenticated' does not exist on type 'AuthState | undefined'.
    19 |   const dispatch = useAppDispatch()
    20 |   const navigate = useNavigate()
  > 21 |   const { isAuthenticated, isLoading } = useAppSelector((state) => state.auth)
       |           ^^^^^^^^^^^^^^^
    22 |   const [error, setError] = useState<string>('')
    23 |   const location = useLocation()
    24 |

TS2339: Property 'isLoading' does not exist on type 'AuthState | undefined'.
    19 |   const dispatch = useAppDispatch()
    20 |   const navigate = useNavigate()
  > 21 |   const { isAuthenticated, isLoading } = useAppSelector((state) => state.auth)
       |                            ^^^^^^^^^
    22 |   const [error, setError] = useState<string>('')
    23 |   const location = useLocation()
    24 |

TS7006: Parameter 's' implicitly has an 'any' type.
    124 |       if (response.data?.sliders) {
    125 |         const allSliders = response.data.sliders
  > 126 |         const active = allSliders.filter(s => s.is_active).length
        |                                          ^
    127 |         const inactive = allSliders.filter(s => !s.is_active).length
    128 |         const scheduled = allSliders.filter(s => s.start_date && new Date(s.start_date) > new Date()).length
    129 |

TS7006: Parameter 's' implicitly has an 'any' type.
    125 |         const allSliders = response.data.sliders
    126 |         const active = allSliders.filter(s => s.is_active).length
  > 127 |         const inactive = allSliders.filter(s => !s.is_active).length
        |                                            ^
    128 |         const scheduled = allSliders.filter(s => s.start_date && new Date(s.start_date) > new Date()).length
    129 |
    130 |         setStats({

TS7006: Parameter 's' implicitly has an 'any' type.
    126 |         const active = allSliders.filter(s => s.is_active).length
    127 |         const inactive = allSliders.filter(s => !s.is_active).length
  > 128 |         const scheduled = allSliders.filter(s => s.start_date && new Date(s.start_date) > new Date()).length
        |                                             ^
    129 |
    130 |         setStats({
    131 |           total_sliders: allSliders.length,

TS2769: No overload matches this call.
  Overload 1 of 2, '(props: { component: ElementType<any, keyof IntrinsicElements>; } & GridBaseProps & { sx?: SxProps<Theme> | undefined; } & SystemProps<...> & Omit<...>): Element | null', gave the following error.
    Property 'component' is missing in type '{ children: Element; item: true; xs: number; sm: number; md: number; }' but required in type '{ component: ElementType<any, keyof IntrinsicElements>; }'.
  Overload 2 of 2, '(props: DefaultComponentProps<GridTypeMap<{}, "div">>): Element | null', gave the following error.
    Type '{ children: Element; item: true; xs: number; sm: number; md: number; }' is not assignable to type 'IntrinsicAttributes & GridBaseProps & { sx?: SxProps<Theme> | undefined; } & SystemProps<Theme> & Omit<...>'.
      Property 'item' does not exist on type 'IntrinsicAttributes & GridBaseProps & { sx?: SxProps<Theme> | undefined; } & SystemProps<Theme> & Omit<...>'.
    268 |       {/* Stats Cards */}
    269 |       <Grid container spacing={3} sx={{ mb: 3 }}>
  > 270 |         <Grid item xs={12} sm={6} md={3}>
        |         ^^^^^^^^^^^^^^^^^^^^^^^^^^^^^^^^^
    271 |           <Card sx={{ borderRadius: 2 }}>
    272 |             <CardContent>
    273 |               <Box sx={{ display: 'flex', alignItems: 'center', gap: 2 }}>

TS2769: No overload matches this call.
  Overload 1 of 2, '(props: { component: ElementType<any, keyof IntrinsicElements>; } & GridBaseProps & { sx?: SxProps<Theme> | undefined; } & SystemProps<...> & Omit<...>): Element | null', gave the following error.
    Property 'component' is missing in type '{ children: Element; item: true; xs: number; sm: number; md: number; }' but required in type '{ component: ElementType<any, keyof IntrinsicElements>; }'.
  Overload 2 of 2, '(props: DefaultComponentProps<GridTypeMap<{}, "div">>): Element | null', gave the following error.
    Type '{ children: Element; item: true; xs: number; sm: number; md: number; }' is not assignable to type 'IntrinsicAttributes & GridBaseProps & { sx?: SxProps<Theme> | undefined; } & SystemProps<Theme> & Omit<...>'.
      Property 'item' does not exist on type 'IntrinsicAttributes & GridBaseProps & { sx?: SxProps<Theme> | undefined; } & SystemProps<Theme> & Omit<...>'.
    295 |         </Grid>
    296 |
  > 297 |         <Grid item xs={12} sm={6} md={3}>
        |         ^^^^^^^^^^^^^^^^^^^^^^^^^^^^^^^^^
    298 |           <Card sx={{ borderRadius: 2 }}>
    299 |             <CardContent>
    300 |               <Box sx={{ display: 'flex', alignItems: 'center', gap: 2 }}>

TS2769: No overload matches this call.
  Overload 1 of 2, '(props: { component: ElementType<any, keyof IntrinsicElements>; } & GridBaseProps & { sx?: SxProps<Theme> | undefined; } & SystemProps<...> & Omit<...>): Element | null', gave the following error.
    Property 'component' is missing in type '{ children: Element; item: true; xs: number; sm: number; md: number; }' but required in type '{ component: ElementType<any, keyof IntrinsicElements>; }'.
  Overload 2 of 2, '(props: DefaultComponentProps<GridTypeMap<{}, "div">>): Element | null', gave the following error.
    Type '{ children: Element; item: true; xs: number; sm: number; md: number; }' is not assignable to type 'IntrinsicAttributes & GridBaseProps & { sx?: SxProps<Theme> | undefined; } & SystemProps<Theme> & Omit<...>'.
      Property 'item' does not exist on type 'IntrinsicAttributes & GridBaseProps & { sx?: SxProps<Theme> | undefined; } & SystemProps<Theme> & Omit<...>'.
    322 |         </Grid>
    323 |
  > 324 |         <Grid item xs={12} sm={6} md={3}>
        |         ^^^^^^^^^^^^^^^^^^^^^^^^^^^^^^^^^
    325 |           <Card sx={{ borderRadius: 2 }}>
    326 |             <CardContent>
    327 |               <Box sx={{ display: 'flex', alignItems: 'center', gap: 2 }}>

TS2769: No overload matches this call.
  Overload 1 of 2, '(props: { component: ElementType<any, keyof IntrinsicElements>; } & GridBaseProps & { sx?: SxProps<Theme> | undefined; } & SystemProps<...> & Omit<...>): Element | null', gave the following error.
    Property 'component' is missing in type '{ children: Element; item: true; xs: number; sm: number; md: number; }' but required in type '{ component: ElementType<any, keyof IntrinsicElements>; }'.
  Overload 2 of 2, '(props: DefaultComponentProps<GridTypeMap<{}, "div">>): Element | null', gave the following error.
    Type '{ children: Element; item: true; xs: number; sm: number; md: number; }' is not assignable to type 'IntrinsicAttributes & GridBaseProps & { sx?: SxProps<Theme> | undefined; } & SystemProps<Theme> & Omit<...>'.
      Property 'item' does not exist on type 'IntrinsicAttributes & GridBaseProps & { sx?: SxProps<Theme> | undefined; } & SystemProps<Theme> & Omit<...>'.
    349 |         </Grid>
    350 |
  > 351 |         <Grid item xs={12} sm={6} md={3}>
        |         ^^^^^^^^^^^^^^^^^^^^^^^^^^^^^^^^^
    352 |           <Card sx={{ borderRadius: 2 }}>
    353 |             <CardContent>
    354 |               <Box sx={{ display: 'flex', alignItems: 'center', gap: 2 }}>

TS2339: Property 'user' does not exist on type 'AuthState | undefined'.
    12 | export function SmartDashboard() {
    13 |   const navigate = useNavigate()
  > 14 |   const { user, isAuthenticated, isLoading } = useAppSelector((state) => state.auth)
       |           ^^^^
    15 |   
    16 |   // Show loading while auth state is being determined
    17 |   if (isLoading || !user) {

TS2339: Property 'isAuthenticated' does not exist on type 'AuthState | undefined'.
    12 | export function SmartDashboard() {
    13 |   const navigate = useNavigate()
  > 14 |   const { user, isAuthenticated, isLoading } = useAppSelector((state) => state.auth)
       |                 ^^^^^^^^^^^^^^^
    15 |   
    16 |   // Show loading while auth state is being determined
    17 |   if (isLoading || !user) {

TS2339: Property 'isLoading' does not exist on type 'AuthState | undefined'.
    12 | export function SmartDashboard() {
    13 |   const navigate = useNavigate()
  > 14 |   const { user, isAuthenticated, isLoading } = useAppSelector((state) => state.auth)
       |                                  ^^^^^^^^^
    15 |   
    16 |   // Show loading while auth state is being determined
    17 |   if (isLoading || !user) {

TS2322: Type '{ title: string; subtitle: string; icon: Element; }' is not assignable to type 'IntrinsicAttributes & PageHeaderProps'.
  Property 'icon' does not exist on type 'IntrinsicAttributes & PageHeaderProps'.
    183 |         title="Help & Support"
    184 |         subtitle="Get assistance and find answers to common questions"
  > 185 |         icon={<SupportIcon />}
        |         ^^^^
    186 |       />
    187 |
    188 |       <Grid container spacing={3}>

TS2769: No overload matches this call.
  Overload 1 of 2, '(props: { component: ElementType<any, keyof IntrinsicElements>; } & GridBaseProps & { sx?: SxProps<Theme> | undefined; } & SystemProps<...> & Omit<...>): Element | null', gave the following error.
    Property 'component' is missing in type '{ children: Element; item: true; xs: number; md: number; }' but required in type '{ component: ElementType<any, keyof IntrinsicElements>; }'.
  Overload 2 of 2, '(props: DefaultComponentProps<GridTypeMap<{}, "div">>): Element | null', gave the following error.
    Type '{ children: Element; item: true; xs: number; md: number; }' is not assignable to type 'IntrinsicAttributes & GridBaseProps & { sx?: SxProps<Theme> | undefined; } & SystemProps<Theme> & Omit<...>'.
      Property 'item' does not exist on type 'IntrinsicAttributes & GridBaseProps & { sx?: SxProps<Theme> | undefined; } & SystemProps<Theme> & Omit<...>'.
    188 |       <Grid container spacing={3}>
    189 |         {/* Support Options */}
  > 190 |         <Grid item xs={12} md={8}>
        |         ^^^^^^^^^^^^^^^^^^^^^^^^^^
    191 |           <Card>
    192 |             <CardContent>
    193 |               <Typography variant="h6" sx={{ mb: 3, display: 'flex', alignItems: 'center', gap: 1 }}>

TS2769: No overload matches this call.
  Overload 1 of 2, '(props: { component: ElementType<any, keyof IntrinsicElements>; } & GridBaseProps & { sx?: SxProps<Theme> | undefined; } & SystemProps<...> & Omit<...>): Element | null', gave the following error.
    Property 'component' is missing in type '{ children: Element; item: true; xs: number; sm: number; key: string; }' but required in type '{ component: ElementType<any, keyof IntrinsicElements>; }'.
  Overload 2 of 2, '(props: DefaultComponentProps<GridTypeMap<{}, "div">>): Element | null', gave the following error.
    Type '{ children: Element; item: true; xs: number; sm: number; key: string; }' is not assignable to type 'IntrinsicAttributes & GridBaseProps & { sx?: SxProps<Theme> | undefined; } & SystemProps<Theme> & Omit<...>'.
      Property 'item' does not exist on type 'IntrinsicAttributes & GridBaseProps & { sx?: SxProps<Theme> | undefined; } & SystemProps<Theme> & Omit<...>'.
    197 |               <Grid container spacing={2}>
    198 |                 {supportOptions.map((option) => (
  > 199 |                   <Grid item xs={12} sm={6} key={option.id}>
        |                   ^^^^^^^^^^^^^^^^^^^^^^^^^^^^^^^^^^^^^^^^^^
    200 |                     <Paper
    201 |                       sx={{
    202 |                         p: 2,

TS2769: No overload matches this call.
  Overload 1 of 2, '(props: { component: ElementType<any, keyof IntrinsicElements>; } & GridBaseProps & { sx?: SxProps<Theme> | undefined; } & SystemProps<...> & Omit<...>): Element | null', gave the following error.
    Property 'component' is missing in type '{ children: Element; item: true; xs: number; md: number; }' but required in type '{ component: ElementType<any, keyof IntrinsicElements>; }'.
  Overload 2 of 2, '(props: DefaultComponentProps<GridTypeMap<{}, "div">>): Element | null', gave the following error.
    Type '{ children: Element; item: true; xs: number; md: number; }' is not assignable to type 'IntrinsicAttributes & GridBaseProps & { sx?: SxProps<Theme> | undefined; } & SystemProps<Theme> & Omit<...>'.
      Property 'item' does not exist on type 'IntrinsicAttributes & GridBaseProps & { sx?: SxProps<Theme> | undefined; } & SystemProps<Theme> & Omit<...>'.
    245 |
    246 |         {/* Quick Stats */}
  > 247 |         <Grid item xs={12} md={4}>
        |         ^^^^^^^^^^^^^^^^^^^^^^^^^^
    248 |           <Card>
    249 |             <CardContent>
    250 |               <Typography variant="h6" sx={{ mb: 3, display: 'flex', alignItems: 'center', gap: 1 }}>

TS2769: No overload matches this call.
  Overload 1 of 2, '(props: { component: ElementType<any, keyof IntrinsicElements>; } & GridBaseProps & { sx?: SxProps<Theme> | undefined; } & SystemProps<...> & Omit<...>): Element | null', gave the following error.
    Property 'component' is missing in type '{ children: Element; item: true; xs: number; }' but required in type '{ component: ElementType<any, keyof IntrinsicElements>; }'.
  Overload 2 of 2, '(props: DefaultComponentProps<GridTypeMap<{}, "div">>): Element | null', gave the following error.
    Type '{ children: Element; item: true; xs: number; }' is not assignable to type 'IntrinsicAttributes & GridBaseProps & { sx?: SxProps<Theme> | undefined; } & SystemProps<Theme> & Omit<...>'.
      Property 'item' does not exist on type 'IntrinsicAttributes & GridBaseProps & { sx?: SxProps<Theme> | undefined; } & SystemProps<Theme> & Omit<...>'.
    286 |
    287 |         {/* FAQ Section */}
  > 288 |         <Grid item xs={12}>
        |         ^^^^^^^^^^^^^^^^^^^
    289 |           <Card>
    290 |             <CardContent>
    291 |               <Box sx={{ display: 'flex', alignItems: 'center', gap: 1, mb: 3 }}>

TS2769: No overload matches this call.
  Overload 1 of 2, '(props: { component: ElementType<any, keyof IntrinsicElements>; } & GridBaseProps & { sx?: SxProps<Theme> | undefined; } & SystemProps<...> & Omit<...>): Element | null', gave the following error.
    Property 'component' is missing in type '{ children: Element; item: true; xs: number; }' but required in type '{ component: ElementType<any, keyof IntrinsicElements>; }'.
  Overload 2 of 2, '(props: DefaultComponentProps<GridTypeMap<{}, "div">>): Element | null', gave the following error.
    Type '{ children: Element; item: true; xs: number; }' is not assignable to type 'IntrinsicAttributes & GridBaseProps & { sx?: SxProps<Theme> | undefined; } & SystemProps<Theme> & Omit<...>'.
      Property 'item' does not exist on type 'IntrinsicAttributes & GridBaseProps & { sx?: SxProps<Theme> | undefined; } & SystemProps<Theme> & Omit<...>'.
    332 |
    333 |         {/* Resources */}
  > 334 |         <Grid item xs={12}>
        |         ^^^^^^^^^^^^^^^^^^^
    335 |           <Card>
    336 |             <CardContent>
    337 |               <Typography variant="h6" sx={{ mb: 3, display: 'flex', alignItems: 'center', gap: 1 }}>

TS2769: No overload matches this call.
  Overload 1 of 2, '(props: { component: ElementType<any, keyof IntrinsicElements>; } & GridBaseProps & { sx?: SxProps<Theme> | undefined; } & SystemProps<...> & Omit<...>): Element | null', gave the following error.
    Property 'component' is missing in type '{ children: Element; item: true; xs: number; sm: number; md: number; key: number; }' but required in type '{ component: ElementType<any, keyof IntrinsicElements>; }'.
  Overload 2 of 2, '(props: DefaultComponentProps<GridTypeMap<{}, "div">>): Element | null', gave the following error.
    Type '{ children: Element; item: true; xs: number; sm: number; md: number; key: number; }' is not assignable to type 'IntrinsicAttributes & GridBaseProps & { sx?: SxProps<Theme> | undefined; } & SystemProps<Theme> & Omit<...>'.
      Property 'item' does not exist on type 'IntrinsicAttributes & GridBaseProps & { sx?: SxProps<Theme> | undefined; } & SystemProps<Theme> & Omit<...>'.
    341 |               <Grid container spacing={2}>
    342 |                 {resources.map((resource, index) => (
  > 343 |                   <Grid item xs={12} sm={6} md={3} key={index}>
        |                   ^^^^^^^^^^^^^^^^^^^^^^^^^^^^^^^^^^^^^^^^^^^^^
    344 |                     <Paper
    345 |                       sx={{
    346 |                         p: 2,

TS2724: '"@mui/icons-material"' has no exported member named 'Database'. Did you mean 'Dataset'?
    25 |   Refresh as RefreshIcon,
    26 |   Cloud as CloudIcon,
  > 27 |   Database as DatabaseIcon,
       |   ^^^^^^^^
    28 |   Security as SecurityIcon,
    29 |   Speed as SpeedIcon,
    30 |   Storage as StorageIcon,

TS2305: Module '"@mui/icons-material"' has no exported member 'Cpu'.
    31 |   NetworkCheck as NetworkIcon,
    32 |   Memory as MemoryIcon,
  > 33 |   Cpu as CpuIcon,
       |   ^^^
    34 | } from '@mui/icons-material'
    35 | import { PageHeader } from '../components/common/PageHeader'
    36 |

TS2322: Type '{ title: string; subtitle: string; icon: Element; action: Element; }' is not assignable to type 'IntrinsicAttributes & PageHeaderProps'.
  Property 'icon' does not exist on type 'IntrinsicAttributes & PageHeaderProps'.
    243 |         title="System Status"
    244 |         subtitle="Monitor system health and performance"
  > 245 |         icon={<CloudIcon />}
        |         ^^^^
    246 |         action={
    247 |           <Button
    248 |             variant="outlined"

TS2769: No overload matches this call.
  Overload 1 of 2, '(props: { component: ElementType<any, keyof IntrinsicElements>; } & GridBaseProps & { sx?: SxProps<Theme> | undefined; } & SystemProps<...> & Omit<...>): Element | null', gave the following error.
    Property 'component' is missing in type '{ children: Element; item: true; xs: number; md: number; }' but required in type '{ component: ElementType<any, keyof IntrinsicElements>; }'.
  Overload 2 of 2, '(props: DefaultComponentProps<GridTypeMap<{}, "div">>): Element | null', gave the following error.
    Type '{ children: Element; item: true; xs: number; md: number; }' is not assignable to type 'IntrinsicAttributes & GridBaseProps & { sx?: SxProps<Theme> | undefined; } & SystemProps<Theme> & Omit<...>'.
      Property 'item' does not exist on type 'IntrinsicAttributes & GridBaseProps & { sx?: SxProps<Theme> | undefined; } & SystemProps<Theme> & Omit<...>'.
    271 |       <Grid container spacing={3}>
    272 |         {/* System Components */}
  > 273 |         <Grid item xs={12} md={8}>
        |         ^^^^^^^^^^^^^^^^^^^^^^^^^^
    274 |           <Card>
    275 |             <CardContent>
    276 |               <Typography variant="h6" sx={{ mb: 3 }}>

TS2769: No overload matches this call.
  Overload 1 of 2, '(props: { component: ElementType<any, keyof IntrinsicElements>; } & GridBaseProps & { sx?: SxProps<Theme> | undefined; } & SystemProps<...> & Omit<...>): Element | null', gave the following error.
    Property 'component' is missing in type '{ children: Element; item: true; xs: number; md: number; }' but required in type '{ component: ElementType<any, keyof IntrinsicElements>; }'.
  Overload 2 of 2, '(props: DefaultComponentProps<GridTypeMap<{}, "div">>): Element | null', gave the following error.
    Type '{ children: Element; item: true; xs: number; md: number; }' is not assignable to type 'IntrinsicAttributes & GridBaseProps & { sx?: SxProps<Theme> | undefined; } & SystemProps<Theme> & Omit<...>'.
      Property 'item' does not exist on type 'IntrinsicAttributes & GridBaseProps & { sx?: SxProps<Theme> | undefined; } & SystemProps<Theme> & Omit<...>'.
    338 |
    339 |         {/* System Metrics */}
  > 340 |         <Grid item xs={12} md={4}>
        |         ^^^^^^^^^^^^^^^^^^^^^^^^^^
    341 |           <Card>
    342 |             <CardContent>
    343 |               <Typography variant="h6" sx={{ mb: 3 }}>

TS2769: No overload matches this call.
  Overload 1 of 2, '(props: { component: ElementType<any, keyof IntrinsicElements>; } & GridBaseProps & { sx?: SxProps<Theme> | undefined; } & SystemProps<...> & Omit<...>): Element | null', gave the following error.
    Property 'component' is missing in type '{ children: Element; item: true; xs: number; }' but required in type '{ component: ElementType<any, keyof IntrinsicElements>; }'.
  Overload 2 of 2, '(props: DefaultComponentProps<GridTypeMap<{}, "div">>): Element | null', gave the following error.
    Type '{ children: Element; item: true; xs: number; }' is not assignable to type 'IntrinsicAttributes & GridBaseProps & { sx?: SxProps<Theme> | undefined; } & SystemProps<Theme> & Omit<...>'.
      Property 'item' does not exist on type 'IntrinsicAttributes & GridBaseProps & { sx?: SxProps<Theme> | undefined; } & SystemProps<Theme> & Omit<...>'.
    375 |
    376 |         {/* Recent Incidents */}
  > 377 |         <Grid item xs={12}>
        |         ^^^^^^^^^^^^^^^^^^^
    378 |           <Card>
    379 |             <CardContent>
    380 |               <Typography variant="h6" sx={{ mb: 3 }}>

TS2769: No overload matches this call.
  Overload 1 of 2, '(props: { component: ElementType<any, keyof IntrinsicElements>; } & GridBaseProps & { sx?: SxProps<Theme> | undefined; } & SystemProps<...> & Omit<...>): Element | null', gave the following error.
    Property 'component' is missing in type '{ children: Element; item: true; xs: number; sm: number; md: number; }' but required in type '{ component: ElementType<any, keyof IntrinsicElements>; }'.
  Overload 2 of 2, '(props: DefaultComponentProps<GridTypeMap<{}, "div">>): Element | null', gave the following error.
    Type '{ children: Element; item: true; xs: number; sm: number; md: number; }' is not assignable to type 'IntrinsicAttributes & GridBaseProps & { sx?: SxProps<Theme> | undefined; } & SystemProps<Theme> & Omit<...>'.
      Property 'item' does not exist on type 'IntrinsicAttributes & GridBaseProps & { sx?: SxProps<Theme> | undefined; } & SystemProps<Theme> & Omit<...>'.
    275 |       {/* Stats */}
    276 |       <Grid container spacing={2} sx={{ mb: 4 }}>
  > 277 |         <Grid item xs={6} sm={4} md={2}>
        |         ^^^^^^^^^^^^^^^^^^^^^^^^^^^^^^^^
    278 |           <StatCard title="Total Users" value={stats.total} icon={PeopleIcon} color="primary" />
    279 |         </Grid>
    280 |         <Grid item xs={6} sm={4} md={2}>

TS2769: No overload matches this call.
  Overload 1 of 2, '(props: { component: ElementType<any, keyof IntrinsicElements>; } & GridBaseProps & { sx?: SxProps<Theme> | undefined; } & SystemProps<...> & Omit<...>): Element | null', gave the following error.
    Property 'component' is missing in type '{ children: Element; item: true; xs: number; sm: number; md: number; }' but required in type '{ component: ElementType<any, keyof IntrinsicElements>; }'.
  Overload 2 of 2, '(props: DefaultComponentProps<GridTypeMap<{}, "div">>): Element | null', gave the following error.
    Type '{ children: Element; item: true; xs: number; sm: number; md: number; }' is not assignable to type 'IntrinsicAttributes & GridBaseProps & { sx?: SxProps<Theme> | undefined; } & SystemProps<Theme> & Omit<...>'.
      Property 'item' does not exist on type 'IntrinsicAttributes & GridBaseProps & { sx?: SxProps<Theme> | undefined; } & SystemProps<Theme> & Omit<...>'.
    278 |           <StatCard title="Total Users" value={stats.total} icon={PeopleIcon} color="primary" />
    279 |         </Grid>
  > 280 |         <Grid item xs={6} sm={4} md={2}>
        |         ^^^^^^^^^^^^^^^^^^^^^^^^^^^^^^^^
    281 |           <StatCard title="Admins" value={stats.admins} icon={AdminIcon} color="error" />
    282 |         </Grid>
    283 |         <Grid item xs={6} sm={4} md={2}>

TS2769: No overload matches this call.
  Overload 1 of 2, '(props: { component: ElementType<any, keyof IntrinsicElements>; } & GridBaseProps & { sx?: SxProps<Theme> | undefined; } & SystemProps<...> & Omit<...>): Element | null', gave the following error.
    Property 'component' is missing in type '{ children: Element; item: true; xs: number; sm: number; md: number; }' but required in type '{ component: ElementType<any, keyof IntrinsicElements>; }'.
  Overload 2 of 2, '(props: DefaultComponentProps<GridTypeMap<{}, "div">>): Element | null', gave the following error.
    Type '{ children: Element; item: true; xs: number; sm: number; md: number; }' is not assignable to type 'IntrinsicAttributes & GridBaseProps & { sx?: SxProps<Theme> | undefined; } & SystemProps<Theme> & Omit<...>'.
      Property 'item' does not exist on type 'IntrinsicAttributes & GridBaseProps & { sx?: SxProps<Theme> | undefined; } & SystemProps<Theme> & Omit<...>'.
    281 |           <StatCard title="Admins" value={stats.admins} icon={AdminIcon} color="error" />
    282 |         </Grid>
  > 283 |         <Grid item xs={6} sm={4} md={2}>
        |         ^^^^^^^^^^^^^^^^^^^^^^^^^^^^^^^^
    284 |           <StatCard title="Providers" value={stats.providers} icon={ProviderIcon} color="info" />
    285 |         </Grid>
    286 |         <Grid item xs={6} sm={4} md={2}>

TS2769: No overload matches this call.
  Overload 1 of 2, '(props: { component: ElementType<any, keyof IntrinsicElements>; } & GridBaseProps & { sx?: SxProps<Theme> | undefined; } & SystemProps<...> & Omit<...>): Element | null', gave the following error.
    Property 'component' is missing in type '{ children: Element; item: true; xs: number; sm: number; md: number; }' but required in type '{ component: ElementType<any, keyof IntrinsicElements>; }'.
  Overload 2 of 2, '(props: DefaultComponentProps<GridTypeMap<{}, "div">>): Element | null', gave the following error.
    Type '{ children: Element; item: true; xs: number; sm: number; md: number; }' is not assignable to type 'IntrinsicAttributes & GridBaseProps & { sx?: SxProps<Theme> | undefined; } & SystemProps<Theme> & Omit<...>'.
      Property 'item' does not exist on type 'IntrinsicAttributes & GridBaseProps & { sx?: SxProps<Theme> | undefined; } & SystemProps<Theme> & Omit<...>'.
    284 |           <StatCard title="Providers" value={stats.providers} icon={ProviderIcon} color="info" />
    285 |         </Grid>
  > 286 |         <Grid item xs={6} sm={4} md={2}>
        |         ^^^^^^^^^^^^^^^^^^^^^^^^^^^^^^^^
    287 |           <StatCard title="Customers" value={stats.customers} icon={CustomerIcon} color="success" />
    288 |         </Grid>
    289 |         <Grid item xs={6} sm={4} md={2}>

TS2769: No overload matches this call.
  Overload 1 of 2, '(props: { component: ElementType<any, keyof IntrinsicElements>; } & GridBaseProps & { sx?: SxProps<Theme> | undefined; } & SystemProps<...> & Omit<...>): Element | null', gave the following error.
    Property 'component' is missing in type '{ children: Element; item: true; xs: number; sm: number; md: number; }' but required in type '{ component: ElementType<any, keyof IntrinsicElements>; }'.
  Overload 2 of 2, '(props: DefaultComponentProps<GridTypeMap<{}, "div">>): Element | null', gave the following error.
    Type '{ children: Element; item: true; xs: number; sm: number; md: number; }' is not assignable to type 'IntrinsicAttributes & GridBaseProps & { sx?: SxProps<Theme> | undefined; } & SystemProps<Theme> & Omit<...>'.
      Property 'item' does not exist on type 'IntrinsicAttributes & GridBaseProps & { sx?: SxProps<Theme> | undefined; } & SystemProps<Theme> & Omit<...>'.
    287 |           <StatCard title="Customers" value={stats.customers} icon={CustomerIcon} color="success" />
    288 |         </Grid>
  > 289 |         <Grid item xs={6} sm={4} md={2}>
        |         ^^^^^^^^^^^^^^^^^^^^^^^^^^^^^^^^
    290 |           <StatCard title="Verified" value={stats.verified} icon={VerifiedIcon} color="success" />
    291 |         </Grid>
    292 |         <Grid item xs={6} sm={4} md={2}>

TS2769: No overload matches this call.
  Overload 1 of 2, '(props: { component: ElementType<any, keyof IntrinsicElements>; } & GridBaseProps & { sx?: SxProps<Theme> | undefined; } & SystemProps<...> & Omit<...>): Element | null', gave the following error.
    Property 'component' is missing in type '{ children: Element; item: true; xs: number; sm: number; md: number; }' but required in type '{ component: ElementType<any, keyof IntrinsicElements>; }'.
  Overload 2 of 2, '(props: DefaultComponentProps<GridTypeMap<{}, "div">>): Element | null', gave the following error.
    Type '{ children: Element; item: true; xs: number; sm: number; md: number; }' is not assignable to type 'IntrinsicAttributes & GridBaseProps & { sx?: SxProps<Theme> | undefined; } & SystemProps<Theme> & Omit<...>'.
      Property 'item' does not exist on type 'IntrinsicAttributes & GridBaseProps & { sx?: SxProps<Theme> | undefined; } & SystemProps<Theme> & Omit<...>'.
    290 |           <StatCard title="Verified" value={stats.verified} icon={VerifiedIcon} color="success" />
    291 |         </Grid>
  > 292 |         <Grid item xs={6} sm={4} md={2}>
        |         ^^^^^^^^^^^^^^^^^^^^^^^^^^^^^^^^
    293 |           <StatCard title="Unverified" value={stats.unverified} icon={UnverifiedIcon} color="warning" />
    294 |         </Grid>
    295 |       </Grid>

TS2322: Type '{ open: boolean; title: string; message: string; confirmText: string; confirmColor: string; onConfirm: () => Promise<void>; onCancel: () => void; }' is not assignable to type 'IntrinsicAttributes & ConfirmDialogProps'.
  Property 'confirmColor' does not exist on type 'IntrinsicAttributes & ConfirmDialogProps'.
    361 |         message={`Are you sure you want to delete ${selectedUser?.firstName} ${selectedUser?.lastName}? This action cannot be undone.`}
    362 |         confirmText="Delete"
  > 363 |         confirmColor="error"
        |         ^^^^^^^^^^^^
    364 |         onConfirm={confirmDeleteUser}
    365 |         onCancel={() => {
    366 |           setDeleteDialogOpen(false)

TS18048: 'state.auth' is possibly 'undefined'.
    65 |   private getAuthToken(): string | null {
    66 |     const state = store.getState()
  > 67 |     return state.auth.token
       |            ^^^^^^^^^^
    68 |   }
    69 |
    70 |   /**

TS18048: 'state.auth' is possibly 'undefined'.
    73 |   private getRefreshToken(): string | null {
    74 |     const state = store.getState()
  > 75 |     return state.auth.refreshToken
       |            ^^^^^^^^^^
    76 |   }
    77 |
    78 |   /**

TS2554: Expected 3 arguments, but got 1.
    377 |       })
    378 |
  > 379 |       const result = await this.handleResponse<T>(response)
        |                                 ^^^^^^^^^^^^^^^^^^^^^^^^^^^
    380 |
    381 |       if (showSuccessToast) {
    382 |         this.showSuccessToast(successMessage)

TS2345: Argument of type '{ params: CouponFilters | undefined; }' is not assignable to parameter of type 'Omit<RequestConfig, "method" | "body">'.
  Object literal may only specify known properties, and 'params' does not exist in type 'Omit<RequestConfig, "method" | "body">'.
    41 |    */
    42 |   static async getCoupons(filters?: CouponFilters) {
  > 43 |     const response = await api.get('/coupons', { params: filters });
       |                                                  ^^^^^^^^^^^^^^^
    44 |     return response.data;
    45 |   }
    46 |

TS1383: Only named exports may use 'export type'.
    41 |
    42 | // Export all types from types directory
  > 43 | export type * from '../../types'
       | ^^^^^^^^^^^^^^^^^^^^^^^^^^^^^^^^
    44 |

TS2345: Argument of type '{ params: OfferFilters | undefined; }' is not assignable to parameter of type 'Omit<RequestConfig, "method" | "body">'.
  Object literal may only specify known properties, and 'params' does not exist in type 'Omit<RequestConfig, "method" | "body">'.
    43 |    */
    44 |   static async getOffers(filters?: OfferFilters) {
  > 45 |     const response = await api.get('/offers', { params: filters });
       |                                                 ^^^^^^^^^^^^^^^
    46 |     return response.data;
    47 |   }
    48 |

TS2345: Argument of type '{ params: OfferFilters | undefined; }' is not assignable to parameter of type 'Omit<RequestConfig, "method" | "body">'.
  Object literal may only specify known properties, and 'params' does not exist in type 'Omit<RequestConfig, "method" | "body">'.
    51 |    */
    52 |   static async getActiveOffers(filters?: OfferFilters) {
  > 53 |     const response = await api.get('/offers/active', { params: filters });
       |                                                        ^^^^^^^^^^^^^^^
    54 |     return response.data;
    55 |   }
    56 |

TS2345: Argument of type '{ params: { userId: string; } | { userId?: undefined; }; }' is not assignable to parameter of type 'Omit<ApiRequestConfig, "method" | "body">'.
  Object literal may only specify known properties, and 'params' does not exist in type 'Omit<ApiRequestConfig, "method" | "body">'.
    86 |     try {
    87 |       const params = userId ? { userId } : {}
  > 88 |       const response = await apiClient.get(this.baseUrl, { params })
       |                                                            ^^^^^^
    89 |       return response.data
    90 |     } catch (error: any) {
    91 |       console.error('Error getting settings:', error)

TS18046: 'response' is of type 'unknown'.
    87 |       const params = userId ? { userId } : {}
    88 |       const response = await apiClient.get(this.baseUrl, { params })
  > 89 |       return response.data
       |              ^^^^^^^^
    90 |     } catch (error: any) {
    91 |       console.error('Error getting settings:', error)
    92 |       return {

TS18046: 'response' is of type 'unknown'.
    101 |     try {
    102 |       const response = await apiClient.get(`${this.baseUrl}/global`)
  > 103 |       return response.data
        |              ^^^^^^^^
    104 |     } catch (error: any) {
    105 |       console.error('Error getting global settings:', error)
    106 |       return {

TS2345: Argument of type '{ params: { userId: string; } | { userId?: undefined; }; }' is not assignable to parameter of type 'Omit<ApiRequestConfig, "method" | "body">'.
  Object literal may only specify known properties, and 'params' does not exist in type 'Omit<ApiRequestConfig, "method" | "body">'.
    118 |     try {
    119 |       const params = userId ? { userId } : {}
  > 120 |       const response = await apiClient.put(this.baseUrl, settingsUpdate, { params })
        |                                                                            ^^^^^^
    121 |       return response.data
    122 |     } catch (error: any) {
    123 |       console.error('Error updating settings:', error)

TS18046: 'response' is of type 'unknown'.
    119 |       const params = userId ? { userId } : {}
    120 |       const response = await apiClient.put(this.baseUrl, settingsUpdate, { params })
  > 121 |       return response.data
        |              ^^^^^^^^
    122 |     } catch (error: any) {
    123 |       console.error('Error updating settings:', error)
    124 |       return {

TS2345: Argument of type '{ params: { userId: string; } | { userId?: undefined; }; }' is not assignable to parameter of type 'Omit<ApiRequestConfig, "method" | "body">'.
  Object literal may only specify known properties, and 'params' does not exist in type 'Omit<ApiRequestConfig, "method" | "body">'.
    133 |     try {
    134 |       const params = userId ? { userId } : {}
  > 135 |       const response = await apiClient.post(`${this.baseUrl}/reset`, {}, { params })
        |                                                                            ^^^^^^
    136 |       return response.data
    137 |     } catch (error: any) {
    138 |       console.error('Error resetting settings:', error)

TS18046: 'response' is of type 'unknown'.
    134 |       const params = userId ? { userId } : {}
    135 |       const response = await apiClient.post(`${this.baseUrl}/reset`, {}, { params })
  > 136 |       return response.data
        |              ^^^^^^^^
    137 |     } catch (error: any) {
    138 |       console.error('Error resetting settings:', error)
    139 |       return {

TS18046: 'response' is of type 'unknown'.
    148 |     try {
    149 |       const response = await apiClient.get(`${this.baseUrl}/all`)
  > 150 |       return response.data
        |              ^^^^^^^^
    151 |     } catch (error: any) {
    152 |       console.error('Error getting all settings:', error)
    153 |       return {

TS2345: Argument of type '{ params: { userId: string; } | { userId?: undefined; }; }' is not assignable to parameter of type 'Omit<ApiRequestConfig, "method" | "body">'.
  Object literal may only specify known properties, and 'params' does not exist in type 'Omit<ApiRequestConfig, "method" | "body">'.
    162 |     try {
    163 |       const params = userId ? { userId } : {}
  > 164 |       const response = await apiClient.delete(this.baseUrl, { params })
        |                                                               ^^^^^^
    165 |       return response.data
    166 |     } catch (error: any) {
    167 |       console.error('Error deleting settings:', error)

TS18046: 'response' is of type 'unknown'.
    163 |       const params = userId ? { userId } : {}
    164 |       const response = await apiClient.delete(this.baseUrl, { params })
  > 165 |       return response.data
        |              ^^^^^^^^
    166 |     } catch (error: any) {
    167 |       console.error('Error deleting settings:', error)
    168 |       return {

TS18048: 'state.auth' is possibly 'undefined'.
    48 |       // Get token from Redux store
    49 |       const state = store.getState()
  > 50 |       const token = state.auth.token
       |                     ^^^^^^^^^^
    51 |
    52 |       const response = await fetch(`${this.baseURL}${endpoint}`, {
    53 |         method,

TS18048: 'state.auth' is possibly 'undefined'.
    133 |     try {
    134 |       const state = store.getState()
  > 135 |       const token = state.auth.token
        |                     ^^^^^^^^^^
    136 |
    137 |       const response = await fetch(`${this.baseURL}${endpoint}`, {
    138 |         method: 'POST',

TS2345: Argument of type 'Reducer<{ auth: AuthState; ui: UIState; data: DataStates; }, UnknownAction, Partial<{ auth: AuthState | undefined; ui: UIState | undefined; data: DataStates | undefined; }>>' is not assignable to parameter of type 'Reducer<Partial<{ auth: AuthState | undefined; ui: UIState | undefined; data: DataStates | undefined; }>, UnknownAction, Partial<...>>'.
  Type 'AuthState | undefined' is not assignable to type 'AuthState'.
    Type 'undefined' is not assignable to type 'AuthState'.
    60 |
    61 | // Create persisted reducer
  > 62 | const persistedReducer = persistReducer(persistConfig, rootReducer)
       |                                                        ^^^^^^^^^^^
    63 |
    64 | export const store = configureStore({
    65 |   reducer: persistedReducer,

TS18048: 'state.auth' is possibly 'undefined'.
    4 | // Auth selectors
    5 | export const selectAuth = (state: RootState) => state.auth
  > 6 | export const selectUser = (state: RootState) => state.auth.user
      |                                                 ^^^^^^^^^^
    7 | export const selectIsAuthenticated = (state: RootState) => state.auth.isAuthenticated
    8 | export const selectToken = (state: RootState) => state.auth.token
    9 | export const selectRefreshToken = (state: RootState) => state.auth.refreshToken

TS18048: 'state.auth' is possibly 'undefined'.
     5 | export const selectAuth = (state: RootState) => state.auth
     6 | export const selectUser = (state: RootState) => state.auth.user
  >  7 | export const selectIsAuthenticated = (state: RootState) => state.auth.isAuthenticated
       |                                                            ^^^^^^^^^^
     8 | export const selectToken = (state: RootState) => state.auth.token
     9 | export const selectRefreshToken = (state: RootState) => state.auth.refreshToken
    10 | export const selectAuthLoading = (state: RootState) => state.auth.isLoading

TS18048: 'state.auth' is possibly 'undefined'.
     6 | export const selectUser = (state: RootState) => state.auth.user
     7 | export const selectIsAuthenticated = (state: RootState) => state.auth.isAuthenticated
  >  8 | export const selectToken = (state: RootState) => state.auth.token
       |                                                  ^^^^^^^^^^
     9 | export const selectRefreshToken = (state: RootState) => state.auth.refreshToken
    10 | export const selectAuthLoading = (state: RootState) => state.auth.isLoading
    11 | export const selectAuthError = (state: RootState) => state.auth.error

TS18048: 'state.auth' is possibly 'undefined'.
     7 | export const selectIsAuthenticated = (state: RootState) => state.auth.isAuthenticated
     8 | export const selectToken = (state: RootState) => state.auth.token
  >  9 | export const selectRefreshToken = (state: RootState) => state.auth.refreshToken
       |                                                         ^^^^^^^^^^
    10 | export const selectAuthLoading = (state: RootState) => state.auth.isLoading
    11 | export const selectAuthError = (state: RootState) => state.auth.error
    12 | export const selectIsTokenExpired = (state: RootState) => {

TS18048: 'state.auth' is possibly 'undefined'.
     8 | export const selectToken = (state: RootState) => state.auth.token
     9 | export const selectRefreshToken = (state: RootState) => state.auth.refreshToken
  > 10 | export const selectAuthLoading = (state: RootState) => state.auth.isLoading
       |                                                        ^^^^^^^^^^
    11 | export const selectAuthError = (state: RootState) => state.auth.error
    12 | export const selectIsTokenExpired = (state: RootState) => {
    13 |   if (!state.auth.tokenExpiry) return false

TS18048: 'state.auth' is possibly 'undefined'.
     9 | export const selectRefreshToken = (state: RootState) => state.auth.refreshToken
    10 | export const selectAuthLoading = (state: RootState) => state.auth.isLoading
  > 11 | export const selectAuthError = (state: RootState) => state.auth.error
       |                                                      ^^^^^^^^^^
    12 | export const selectIsTokenExpired = (state: RootState) => {
    13 |   if (!state.auth.tokenExpiry) return false
    14 |   return Date.now() > state.auth.tokenExpiry

TS18048: 'state.auth' is possibly 'undefined'.
    11 | export const selectAuthError = (state: RootState) => state.auth.error
    12 | export const selectIsTokenExpired = (state: RootState) => {
  > 13 |   if (!state.auth.tokenExpiry) return false
       |        ^^^^^^^^^^
    14 |   return Date.now() > state.auth.tokenExpiry
    15 | }
    16 |

TS18048: 'state.auth' is possibly 'undefined'.
    12 | export const selectIsTokenExpired = (state: RootState) => {
    13 |   if (!state.auth.tokenExpiry) return false
  > 14 |   return Date.now() > state.auth.tokenExpiry
       |                       ^^^^^^^^^^
    15 | }
    16 |
    17 | // User role and permissions

TS18048: 'state.auth' is possibly 'undefined'.
    16 |
    17 | // User role and permissions
  > 18 | export const selectUserRole = (state: RootState) => state.auth.user?.userType
       |                                                     ^^^^^^^^^^
    19 | export const selectIsAdmin = (state: RootState) => state.auth.user?.userType === 'admin'
    20 | export const selectIsProvider = (state: RootState) => state.auth.user?.userType === 'provider'
    21 | export const selectIsCustomer = (state: RootState) => state.auth.user?.userType === 'customer'

TS18048: 'state.auth' is possibly 'undefined'.
    17 | // User role and permissions
    18 | export const selectUserRole = (state: RootState) => state.auth.user?.userType
  > 19 | export const selectIsAdmin = (state: RootState) => state.auth.user?.userType === 'admin'
       |                                                    ^^^^^^^^^^
    20 | export const selectIsProvider = (state: RootState) => state.auth.user?.userType === 'provider'
    21 | export const selectIsCustomer = (state: RootState) => state.auth.user?.userType === 'customer'
    22 |

TS18048: 'state.auth' is possibly 'undefined'.
    18 | export const selectUserRole = (state: RootState) => state.auth.user?.userType
    19 | export const selectIsAdmin = (state: RootState) => state.auth.user?.userType === 'admin'
  > 20 | export const selectIsProvider = (state: RootState) => state.auth.user?.userType === 'provider'
       |                                                       ^^^^^^^^^^
    21 | export const selectIsCustomer = (state: RootState) => state.auth.user?.userType === 'customer'
    22 |
    23 | // UI selectors

TS18048: 'state.auth' is possibly 'undefined'.
    19 | export const selectIsAdmin = (state: RootState) => state.auth.user?.userType === 'admin'
    20 | export const selectIsProvider = (state: RootState) => state.auth.user?.userType === 'provider'
  > 21 | export const selectIsCustomer = (state: RootState) => state.auth.user?.userType === 'customer'
       |                                                       ^^^^^^^^^^
    22 |
    23 | // UI selectors
    24 | export const selectUI = (state: RootState) => state.ui

TS18048: 'state.ui' is possibly 'undefined'.
    23 | // UI selectors
    24 | export const selectUI = (state: RootState) => state.ui
  > 25 | export const selectIsLoading = (state: RootState) => state.ui.isLoading
       |                                                      ^^^^^^^^
    26 | export const selectLoadingMessage = (state: RootState) => state.ui.loadingMessage
    27 | export const selectToasts = (state: RootState) => state.ui.toasts
    28 | export const selectSidebarOpen = (state: RootState) => state.ui.sidebarOpen

TS18048: 'state.ui' is possibly 'undefined'.
    24 | export const selectUI = (state: RootState) => state.ui
    25 | export const selectIsLoading = (state: RootState) => state.ui.isLoading
  > 26 | export const selectLoadingMessage = (state: RootState) => state.ui.loadingMessage
       |                                                           ^^^^^^^^
    27 | export const selectToasts = (state: RootState) => state.ui.toasts
    28 | export const selectSidebarOpen = (state: RootState) => state.ui.sidebarOpen
    29 | export const selectTheme = (state: RootState) => state.ui.theme

TS18048: 'state.ui' is possibly 'undefined'.
    25 | export const selectIsLoading = (state: RootState) => state.ui.isLoading
    26 | export const selectLoadingMessage = (state: RootState) => state.ui.loadingMessage
  > 27 | export const selectToasts = (state: RootState) => state.ui.toasts
       |                                                   ^^^^^^^^
    28 | export const selectSidebarOpen = (state: RootState) => state.ui.sidebarOpen
    29 | export const selectTheme = (state: RootState) => state.ui.theme
    30 | export const selectModals = (state: RootState) => state.ui.modals

TS18048: 'state.ui' is possibly 'undefined'.
    26 | export const selectLoadingMessage = (state: RootState) => state.ui.loadingMessage
    27 | export const selectToasts = (state: RootState) => state.ui.toasts
  > 28 | export const selectSidebarOpen = (state: RootState) => state.ui.sidebarOpen
       |                                                        ^^^^^^^^
    29 | export const selectTheme = (state: RootState) => state.ui.theme
    30 | export const selectModals = (state: RootState) => state.ui.modals
    31 | export const selectPagination = (state: RootState) => state.ui.pagination

TS18048: 'state.ui' is possibly 'undefined'.
    27 | export const selectToasts = (state: RootState) => state.ui.toasts
    28 | export const selectSidebarOpen = (state: RootState) => state.ui.sidebarOpen
  > 29 | export const selectTheme = (state: RootState) => state.ui.theme
       |                                                  ^^^^^^^^
    30 | export const selectModals = (state: RootState) => state.ui.modals
    31 | export const selectPagination = (state: RootState) => state.ui.pagination
    32 | export const selectFilters = (state: RootState) => state.ui.filters

TS18048: 'state.ui' is possibly 'undefined'.
    28 | export const selectSidebarOpen = (state: RootState) => state.ui.sidebarOpen
    29 | export const selectTheme = (state: RootState) => state.ui.theme
  > 30 | export const selectModals = (state: RootState) => state.ui.modals
       |                                                   ^^^^^^^^
    31 | export const selectPagination = (state: RootState) => state.ui.pagination
    32 | export const selectFilters = (state: RootState) => state.ui.filters
    33 | export const selectSort = (state: RootState) => state.ui.sort

TS18048: 'state.ui' is possibly 'undefined'.
    29 | export const selectTheme = (state: RootState) => state.ui.theme
    30 | export const selectModals = (state: RootState) => state.ui.modals
  > 31 | export const selectPagination = (state: RootState) => state.ui.pagination
       |                                                       ^^^^^^^^
    32 | export const selectFilters = (state: RootState) => state.ui.filters
    33 | export const selectSort = (state: RootState) => state.ui.sort
    34 | export const selectSearchQuery = (state: RootState) => state.ui.searchQuery

TS18048: 'state.ui' is possibly 'undefined'.
    30 | export const selectModals = (state: RootState) => state.ui.modals
    31 | export const selectPagination = (state: RootState) => state.ui.pagination
  > 32 | export const selectFilters = (state: RootState) => state.ui.filters
       |                                                    ^^^^^^^^
    33 | export const selectSort = (state: RootState) => state.ui.sort
    34 | export const selectSearchQuery = (state: RootState) => state.ui.searchQuery
    35 | export const selectSelectedItems = (state: RootState) => state.ui.selectedItems

TS18048: 'state.ui' is possibly 'undefined'.
    31 | export const selectPagination = (state: RootState) => state.ui.pagination
    32 | export const selectFilters = (state: RootState) => state.ui.filters
  > 33 | export const selectSort = (state: RootState) => state.ui.sort
       |                                                 ^^^^^^^^
    34 | export const selectSearchQuery = (state: RootState) => state.ui.searchQuery
    35 | export const selectSelectedItems = (state: RootState) => state.ui.selectedItems
    36 | export const selectIsOnline = (state: RootState) => state.ui.isOnline

TS18048: 'state.ui' is possibly 'undefined'.
    32 | export const selectFilters = (state: RootState) => state.ui.filters
    33 | export const selectSort = (state: RootState) => state.ui.sort
  > 34 | export const selectSearchQuery = (state: RootState) => state.ui.searchQuery
       |                                                        ^^^^^^^^
    35 | export const selectSelectedItems = (state: RootState) => state.ui.selectedItems
    36 | export const selectIsOnline = (state: RootState) => state.ui.isOnline
    37 |

TS18048: 'state.ui' is possibly 'undefined'.
    33 | export const selectSort = (state: RootState) => state.ui.sort
    34 | export const selectSearchQuery = (state: RootState) => state.ui.searchQuery
  > 35 | export const selectSelectedItems = (state: RootState) => state.ui.selectedItems
       |                                                          ^^^^^^^^
    36 | export const selectIsOnline = (state: RootState) => state.ui.isOnline
    37 |
    38 | // Modal selectors

TS18048: 'state.ui' is possibly 'undefined'.
    34 | export const selectSearchQuery = (state: RootState) => state.ui.searchQuery
    35 | export const selectSelectedItems = (state: RootState) => state.ui.selectedItems
  > 36 | export const selectIsOnline = (state: RootState) => state.ui.isOnline
       |                                                     ^^^^^^^^
    37 |
    38 | // Modal selectors
    39 | export const selectModalByType = (modalType: string) =>

TS18048: 'state.data' is possibly 'undefined'.
    53 |
    54 | // Service Requests selectors
  > 55 | export const selectServiceRequests = (state: RootState) => state.data.serviceRequests
       |                                                            ^^^^^^^^^^
    56 | export const selectServiceRequestsItems = (state: RootState) => state.data.serviceRequests.items
    57 | export const selectServiceRequestsLoading = (state: RootState) => state.data.serviceRequests.loading
    58 | export const selectServiceRequestsError = (state: RootState) => state.data.serviceRequests.error

TS18048: 'state.data' is possibly 'undefined'.
    54 | // Service Requests selectors
    55 | export const selectServiceRequests = (state: RootState) => state.data.serviceRequests
  > 56 | export const selectServiceRequestsItems = (state: RootState) => state.data.serviceRequests.items
       |                                                                 ^^^^^^^^^^
    57 | export const selectServiceRequestsLoading = (state: RootState) => state.data.serviceRequests.loading
    58 | export const selectServiceRequestsError = (state: RootState) => state.data.serviceRequests.error
    59 | export const selectServiceRequestsPagination = (state: RootState) => state.data.serviceRequests.pagination

TS18048: 'state.data' is possibly 'undefined'.
    55 | export const selectServiceRequests = (state: RootState) => state.data.serviceRequests
    56 | export const selectServiceRequestsItems = (state: RootState) => state.data.serviceRequests.items
  > 57 | export const selectServiceRequestsLoading = (state: RootState) => state.data.serviceRequests.loading
       |                                                                   ^^^^^^^^^^
    58 | export const selectServiceRequestsError = (state: RootState) => state.data.serviceRequests.error
    59 | export const selectServiceRequestsPagination = (state: RootState) => state.data.serviceRequests.pagination
    60 |

TS18048: 'state.data' is possibly 'undefined'.
    56 | export const selectServiceRequestsItems = (state: RootState) => state.data.serviceRequests.items
    57 | export const selectServiceRequestsLoading = (state: RootState) => state.data.serviceRequests.loading
  > 58 | export const selectServiceRequestsError = (state: RootState) => state.data.serviceRequests.error
       |                                                                 ^^^^^^^^^^
    59 | export const selectServiceRequestsPagination = (state: RootState) => state.data.serviceRequests.pagination
    60 |
    61 | export const selectServiceRequestById = (id: string) =>

TS18048: 'state.data' is possibly 'undefined'.
    57 | export const selectServiceRequestsLoading = (state: RootState) => state.data.serviceRequests.loading
    58 | export const selectServiceRequestsError = (state: RootState) => state.data.serviceRequests.error
  > 59 | export const selectServiceRequestsPagination = (state: RootState) => state.data.serviceRequests.pagination
       |                                                                      ^^^^^^^^^^
    60 |
    61 | export const selectServiceRequestById = (id: string) =>
    62 |   createSelector(

TS18048: 'state.data' is possibly 'undefined'.
    72 |
    73 | // Providers selectors
  > 74 | export const selectProviders = (state: RootState) => state.data.providers
       |                                                      ^^^^^^^^^^
    75 | export const selectProvidersItems = (state: RootState) => state.data.providers.items
    76 | export const selectProvidersLoading = (state: RootState) => state.data.providers.loading
    77 | export const selectProvidersError = (state: RootState) => state.data.providers.error

TS18048: 'state.data' is possibly 'undefined'.
    73 | // Providers selectors
    74 | export const selectProviders = (state: RootState) => state.data.providers
  > 75 | export const selectProvidersItems = (state: RootState) => state.data.providers.items
       |                                                           ^^^^^^^^^^
    76 | export const selectProvidersLoading = (state: RootState) => state.data.providers.loading
    77 | export const selectProvidersError = (state: RootState) => state.data.providers.error
    78 | export const selectProvidersPagination = (state: RootState) => state.data.providers.pagination

TS18048: 'state.data' is possibly 'undefined'.
    74 | export const selectProviders = (state: RootState) => state.data.providers
    75 | export const selectProvidersItems = (state: RootState) => state.data.providers.items
  > 76 | export const selectProvidersLoading = (state: RootState) => state.data.providers.loading
       |                                                             ^^^^^^^^^^
    77 | export const selectProvidersError = (state: RootState) => state.data.providers.error
    78 | export const selectProvidersPagination = (state: RootState) => state.data.providers.pagination
    79 |

TS18048: 'state.data' is possibly 'undefined'.
    75 | export const selectProvidersItems = (state: RootState) => state.data.providers.items
    76 | export const selectProvidersLoading = (state: RootState) => state.data.providers.loading
  > 77 | export const selectProvidersError = (state: RootState) => state.data.providers.error
       |                                                           ^^^^^^^^^^
    78 | export const selectProvidersPagination = (state: RootState) => state.data.providers.pagination
    79 |
    80 | export const selectProviderById = (id: string) =>

TS18048: 'state.data' is possibly 'undefined'.
    76 | export const selectProvidersLoading = (state: RootState) => state.data.providers.loading
    77 | export const selectProvidersError = (state: RootState) => state.data.providers.error
  > 78 | export const selectProvidersPagination = (state: RootState) => state.data.providers.pagination
       |                                                                ^^^^^^^^^^
    79 |
    80 | export const selectProviderById = (id: string) =>
    81 |   createSelector(

TS18048: 'state.data' is possibly 'undefined'.
     96 |
     97 | // Quotes selectors
  >  98 | export const selectQuotes = (state: RootState) => state.data.quotes
        |                                                   ^^^^^^^^^^
     99 | export const selectQuotesItems = (state: RootState) => state.data.quotes.items
    100 | export const selectQuotesLoading = (state: RootState) => state.data.quotes.loading
    101 | export const selectQuotesError = (state: RootState) => state.data.quotes.error

TS18048: 'state.data' is possibly 'undefined'.
     97 | // Quotes selectors
     98 | export const selectQuotes = (state: RootState) => state.data.quotes
  >  99 | export const selectQuotesItems = (state: RootState) => state.data.quotes.items
        |                                                        ^^^^^^^^^^
    100 | export const selectQuotesLoading = (state: RootState) => state.data.quotes.loading
    101 | export const selectQuotesError = (state: RootState) => state.data.quotes.error
    102 | export const selectQuotesPagination = (state: RootState) => state.data.quotes.pagination

TS18048: 'state.data' is possibly 'undefined'.
     98 | export const selectQuotes = (state: RootState) => state.data.quotes
     99 | export const selectQuotesItems = (state: RootState) => state.data.quotes.items
  > 100 | export const selectQuotesLoading = (state: RootState) => state.data.quotes.loading
        |                                                          ^^^^^^^^^^
    101 | export const selectQuotesError = (state: RootState) => state.data.quotes.error
    102 | export const selectQuotesPagination = (state: RootState) => state.data.quotes.pagination
    103 |

TS18048: 'state.data' is possibly 'undefined'.
     99 | export const selectQuotesItems = (state: RootState) => state.data.quotes.items
    100 | export const selectQuotesLoading = (state: RootState) => state.data.quotes.loading
  > 101 | export const selectQuotesError = (state: RootState) => state.data.quotes.error
        |                                                        ^^^^^^^^^^
    102 | export const selectQuotesPagination = (state: RootState) => state.data.quotes.pagination
    103 |
    104 | export const selectQuoteById = (id: string) =>

TS18048: 'state.data' is possibly 'undefined'.
    100 | export const selectQuotesLoading = (state: RootState) => state.data.quotes.loading
    101 | export const selectQuotesError = (state: RootState) => state.data.quotes.error
  > 102 | export const selectQuotesPagination = (state: RootState) => state.data.quotes.pagination
        |                                                             ^^^^^^^^^^
    103 |
    104 | export const selectQuoteById = (id: string) =>
    105 |   createSelector(

TS18048: 'state.data' is possibly 'undefined'.
    119 |
    120 | // Bookings selectors
  > 121 | export const selectBookings = (state: RootState) => state.data.bookings
        |                                                     ^^^^^^^^^^
    122 | export const selectBookingsItems = (state: RootState) => state.data.bookings.items
    123 | export const selectBookingsLoading = (state: RootState) => state.data.bookings.loading
    124 | export const selectBookingsError = (state: RootState) => state.data.bookings.error

TS18048: 'state.data' is possibly 'undefined'.
    120 | // Bookings selectors
    121 | export const selectBookings = (state: RootState) => state.data.bookings
  > 122 | export const selectBookingsItems = (state: RootState) => state.data.bookings.items
        |                                                          ^^^^^^^^^^
    123 | export const selectBookingsLoading = (state: RootState) => state.data.bookings.loading
    124 | export const selectBookingsError = (state: RootState) => state.data.bookings.error
    125 | export const selectBookingsPagination = (state: RootState) => state.data.bookings.pagination

TS18048: 'state.data' is possibly 'undefined'.
    121 | export const selectBookings = (state: RootState) => state.data.bookings
    122 | export const selectBookingsItems = (state: RootState) => state.data.bookings.items
  > 123 | export const selectBookingsLoading = (state: RootState) => state.data.bookings.loading
        |                                                            ^^^^^^^^^^
    124 | export const selectBookingsError = (state: RootState) => state.data.bookings.error
    125 | export const selectBookingsPagination = (state: RootState) => state.data.bookings.pagination
    126 |

TS18048: 'state.data' is possibly 'undefined'.
    122 | export const selectBookingsItems = (state: RootState) => state.data.bookings.items
    123 | export const selectBookingsLoading = (state: RootState) => state.data.bookings.loading
  > 124 | export const selectBookingsError = (state: RootState) => state.data.bookings.error
        |                                                          ^^^^^^^^^^
    125 | export const selectBookingsPagination = (state: RootState) => state.data.bookings.pagination
    126 |
    127 | export const selectBookingById = (id: string) =>

TS18048: 'state.data' is possibly 'undefined'.
    123 | export const selectBookingsLoading = (state: RootState) => state.data.bookings.loading
    124 | export const selectBookingsError = (state: RootState) => state.data.bookings.error
  > 125 | export const selectBookingsPagination = (state: RootState) => state.data.bookings.pagination
        |                                                               ^^^^^^^^^^
    126 |
    127 | export const selectBookingById = (id: string) =>
    128 |   createSelector(

TS18048: 'state.data' is possibly 'undefined'.
    146 |
    147 | // Products selectors
  > 148 | export const selectProducts = (state: RootState) => state.data.products
        |                                                     ^^^^^^^^^^
    149 | export const selectProductsItems = (state: RootState) => state.data.products.items
    150 | export const selectProductsLoading = (state: RootState) => state.data.products.loading
    151 | export const selectProductsError = (state: RootState) => state.data.products.error

TS18048: 'state.data' is possibly 'undefined'.
    147 | // Products selectors
    148 | export const selectProducts = (state: RootState) => state.data.products
  > 149 | export const selectProductsItems = (state: RootState) => state.data.products.items
        |                                                          ^^^^^^^^^^
    150 | export const selectProductsLoading = (state: RootState) => state.data.products.loading
    151 | export const selectProductsError = (state: RootState) => state.data.products.error
    152 | export const selectProductsPagination = (state: RootState) => state.data.products.pagination

TS18048: 'state.data' is possibly 'undefined'.
    148 | export const selectProducts = (state: RootState) => state.data.products
    149 | export const selectProductsItems = (state: RootState) => state.data.products.items
  > 150 | export const selectProductsLoading = (state: RootState) => state.data.products.loading
        |                                                            ^^^^^^^^^^
    151 | export const selectProductsError = (state: RootState) => state.data.products.error
    152 | export const selectProductsPagination = (state: RootState) => state.data.products.pagination
    153 |

TS18048: 'state.data' is possibly 'undefined'.
    149 | export const selectProductsItems = (state: RootState) => state.data.products.items
    150 | export const selectProductsLoading = (state: RootState) => state.data.products.loading
  > 151 | export const selectProductsError = (state: RootState) => state.data.products.error
        |                                                          ^^^^^^^^^^
    152 | export const selectProductsPagination = (state: RootState) => state.data.products.pagination
    153 |
    154 | export const selectProductById = (id: string) =>

TS18048: 'state.data' is possibly 'undefined'.
    150 | export const selectProductsLoading = (state: RootState) => state.data.products.loading
    151 | export const selectProductsError = (state: RootState) => state.data.products.error
  > 152 | export const selectProductsPagination = (state: RootState) => state.data.products.pagination
        |                                                               ^^^^^^^^^^
    153 |
    154 | export const selectProductById = (id: string) =>
    155 |   createSelector(

TS18048: 'state.data' is possibly 'undefined'.
    170 |
    171 | // Categories selectors
  > 172 | export const selectCategories = (state: RootState) => state.data.categories
        |                                                       ^^^^^^^^^^
    173 | export const selectCategoriesItems = (state: RootState) => state.data.categories.items
    174 | export const selectCategoriesLoading = (state: RootState) => state.data.categories.loading
    175 | export const selectCategoriesError = (state: RootState) => state.data.categories.error

TS18048: 'state.data' is possibly 'undefined'.
    171 | // Categories selectors
    172 | export const selectCategories = (state: RootState) => state.data.categories
  > 173 | export const selectCategoriesItems = (state: RootState) => state.data.categories.items
        |                                                            ^^^^^^^^^^
    174 | export const selectCategoriesLoading = (state: RootState) => state.data.categories.loading
    175 | export const selectCategoriesError = (state: RootState) => state.data.categories.error
    176 |

TS18048: 'state.data' is possibly 'undefined'.
    172 | export const selectCategories = (state: RootState) => state.data.categories
    173 | export const selectCategoriesItems = (state: RootState) => state.data.categories.items
  > 174 | export const selectCategoriesLoading = (state: RootState) => state.data.categories.loading
        |                                                              ^^^^^^^^^^
    175 | export const selectCategoriesError = (state: RootState) => state.data.categories.error
    176 |
    177 | export const selectCategoryById = (id: string) =>

TS18048: 'state.data' is possibly 'undefined'.
    173 | export const selectCategoriesItems = (state: RootState) => state.data.categories.items
    174 | export const selectCategoriesLoading = (state: RootState) => state.data.categories.loading
  > 175 | export const selectCategoriesError = (state: RootState) => state.data.categories.error
        |                                                            ^^^^^^^^^^
    176 |
    177 | export const selectCategoryById = (id: string) =>
    178 |   createSelector(

TS2551: Property 'first_name' does not exist on type '{ id: number; email: string; firstName: string; lastName: string; role: "admin" | "user"; avatar?: string | undefined; }'. Did you mean 'firstName'?
    132 |           id: backendUser.id,
    133 |           email: backendUser.email,
  > 134 |           firstName: backendUser.first_name || backendUser.firstName,
        |                                  ^^^^^^^^^^
    135 |           lastName: backendUser.last_name || backendUser.lastName,
    136 |           phone: backendUser.phone,
    137 |           userType: backendUser.user_type || backendUser.userType, // Transform snake_case to camelCase

TS2551: Property 'last_name' does not exist on type '{ id: number; email: string; firstName: string; lastName: string; role: "admin" | "user"; avatar?: string | undefined; }'. Did you mean 'lastName'?
    133 |           email: backendUser.email,
    134 |           firstName: backendUser.first_name || backendUser.firstName,
  > 135 |           lastName: backendUser.last_name || backendUser.lastName,
        |                                 ^^^^^^^^^
    136 |           phone: backendUser.phone,
    137 |           userType: backendUser.user_type || backendUser.userType, // Transform snake_case to camelCase
    138 |           isVerified: backendUser.is_verified || backendUser.isVerified,

TS2339: Property 'phone' does not exist on type '{ id: number; email: string; firstName: string; lastName: string; role: "admin" | "user"; avatar?: string | undefined; }'.
    134 |           firstName: backendUser.first_name || backendUser.firstName,
    135 |           lastName: backendUser.last_name || backendUser.lastName,
  > 136 |           phone: backendUser.phone,
        |                              ^^^^^
    137 |           userType: backendUser.user_type || backendUser.userType, // Transform snake_case to camelCase
    138 |           isVerified: backendUser.is_verified || backendUser.isVerified,
    139 |           profilePicture: backendUser.profile_picture || backendUser.profilePicture,

TS2339: Property 'user_type' does not exist on type '{ id: number; email: string; firstName: string; lastName: string; role: "admin" | "user"; avatar?: string | undefined; }'.
    135 |           lastName: backendUser.last_name || backendUser.lastName,
    136 |           phone: backendUser.phone,
  > 137 |           userType: backendUser.user_type || backendUser.userType, // Transform snake_case to camelCase
        |                                 ^^^^^^^^^
    138 |           isVerified: backendUser.is_verified || backendUser.isVerified,
    139 |           profilePicture: backendUser.profile_picture || backendUser.profilePicture,
    140 |           createdAt: backendUser.created_at || backendUser.createdAt || new Date().toISOString(),

TS2339: Property 'userType' does not exist on type '{ id: number; email: string; firstName: string; lastName: string; role: "admin" | "user"; avatar?: string | undefined; }'.
    135 |           lastName: backendUser.last_name || backendUser.lastName,
    136 |           phone: backendUser.phone,
  > 137 |           userType: backendUser.user_type || backendUser.userType, // Transform snake_case to camelCase
        |                                                          ^^^^^^^^
    138 |           isVerified: backendUser.is_verified || backendUser.isVerified,
    139 |           profilePicture: backendUser.profile_picture || backendUser.profilePicture,
    140 |           createdAt: backendUser.created_at || backendUser.createdAt || new Date().toISOString(),

TS2339: Property 'is_verified' does not exist on type '{ id: number; email: string; firstName: string; lastName: string; role: "admin" | "user"; avatar?: string | undefined; }'.
    136 |           phone: backendUser.phone,
    137 |           userType: backendUser.user_type || backendUser.userType, // Transform snake_case to camelCase
  > 138 |           isVerified: backendUser.is_verified || backendUser.isVerified,
        |                                   ^^^^^^^^^^^
    139 |           profilePicture: backendUser.profile_picture || backendUser.profilePicture,
    140 |           createdAt: backendUser.created_at || backendUser.createdAt || new Date().toISOString(),
    141 |           updatedAt: backendUser.updated_at || backendUser.updatedAt,

TS2339: Property 'isVerified' does not exist on type '{ id: number; email: string; firstName: string; lastName: string; role: "admin" | "user"; avatar?: string | undefined; }'.
    136 |           phone: backendUser.phone,
    137 |           userType: backendUser.user_type || backendUser.userType, // Transform snake_case to camelCase
  > 138 |           isVerified: backendUser.is_verified || backendUser.isVerified,
        |                                                              ^^^^^^^^^^
    139 |           profilePicture: backendUser.profile_picture || backendUser.profilePicture,
    140 |           createdAt: backendUser.created_at || backendUser.createdAt || new Date().toISOString(),
    141 |           updatedAt: backendUser.updated_at || backendUser.updatedAt,

TS2339: Property 'profile_picture' does not exist on type '{ id: number; email: string; firstName: string; lastName: string; role: "admin" | "user"; avatar?: string | undefined; }'.
    137 |           userType: backendUser.user_type || backendUser.userType, // Transform snake_case to camelCase
    138 |           isVerified: backendUser.is_verified || backendUser.isVerified,
  > 139 |           profilePicture: backendUser.profile_picture || backendUser.profilePicture,
        |                                       ^^^^^^^^^^^^^^^
    140 |           createdAt: backendUser.created_at || backendUser.createdAt || new Date().toISOString(),
    141 |           updatedAt: backendUser.updated_at || backendUser.updatedAt,
    142 |         } as any

TS2339: Property 'profilePicture' does not exist on type '{ id: number; email: string; firstName: string; lastName: string; role: "admin" | "user"; avatar?: string | undefined; }'.
    137 |           userType: backendUser.user_type || backendUser.userType, // Transform snake_case to camelCase
    138 |           isVerified: backendUser.is_verified || backendUser.isVerified,
  > 139 |           profilePicture: backendUser.profile_picture || backendUser.profilePicture,
        |                                                                      ^^^^^^^^^^^^^^
    140 |           createdAt: backendUser.created_at || backendUser.createdAt || new Date().toISOString(),
    141 |           updatedAt: backendUser.updated_at || backendUser.updatedAt,
    142 |         } as any

TS2339: Property 'created_at' does not exist on type '{ id: number; email: string; firstName: string; lastName: string; role: "admin" | "user"; avatar?: string | undefined; }'.
    138 |           isVerified: backendUser.is_verified || backendUser.isVerified,
    139 |           profilePicture: backendUser.profile_picture || backendUser.profilePicture,
  > 140 |           createdAt: backendUser.created_at || backendUser.createdAt || new Date().toISOString(),
        |                                  ^^^^^^^^^^
    141 |           updatedAt: backendUser.updated_at || backendUser.updatedAt,
    142 |         } as any
    143 |

TS2339: Property 'createdAt' does not exist on type '{ id: number; email: string; firstName: string; lastName: string; role: "admin" | "user"; avatar?: string | undefined; }'.
    138 |           isVerified: backendUser.is_verified || backendUser.isVerified,
    139 |           profilePicture: backendUser.profile_picture || backendUser.profilePicture,
  > 140 |           createdAt: backendUser.created_at || backendUser.createdAt || new Date().toISOString(),
        |                                                            ^^^^^^^^^
    141 |           updatedAt: backendUser.updated_at || backendUser.updatedAt,
    142 |         } as any
    143 |

TS2339: Property 'updated_at' does not exist on type '{ id: number; email: string; firstName: string; lastName: string; role: "admin" | "user"; avatar?: string | undefined; }'.
    139 |           profilePicture: backendUser.profile_picture || backendUser.profilePicture,
    140 |           createdAt: backendUser.created_at || backendUser.createdAt || new Date().toISOString(),
  > 141 |           updatedAt: backendUser.updated_at || backendUser.updatedAt,
        |                                  ^^^^^^^^^^
    142 |         } as any
    143 |         
    144 |         // Handle tokens from nested tokens object

TS2339: Property 'updatedAt' does not exist on type '{ id: number; email: string; firstName: string; lastName: string; role: "admin" | "user"; avatar?: string | undefined; }'.
    139 |           profilePicture: backendUser.profile_picture || backendUser.profilePicture,
    140 |           createdAt: backendUser.created_at || backendUser.createdAt || new Date().toISOString(),
  > 141 |           updatedAt: backendUser.updated_at || backendUser.updatedAt,
        |                                                            ^^^^^^^^^
    142 |         } as any
    143 |         
    144 |         // Handle tokens from nested tokens object

TS18047: 'state.user' is possibly 'null'.
    151 |         
    152 |         console.log('✅ Auth State Updated:', {
  > 153 |           userType: state.user.userType,
        |                     ^^^^^^^^^^
    154 |           email: state.user.email,
    155 |           isAuthenticated: state.isAuthenticated
    156 |         })

TS18047: 'state.user' is possibly 'null'.
    152 |         console.log('✅ Auth State Updated:', {
    153 |           userType: state.user.userType,
  > 154 |           email: state.user.email,
        |                  ^^^^^^^^^^
    155 |           isAuthenticated: state.isAuthenticated
    156 |         })
    157 |       })

TS2551: Property 'first_name' does not exist on type '{ id: number; email: string; firstName: string; lastName: string; role: "admin" | "user"; avatar?: string | undefined; }'. Did you mean 'firstName'?
    174 |           id: backendUser.id,
    175 |           email: backendUser.email,
  > 176 |           firstName: backendUser.first_name || backendUser.firstName,
        |                                  ^^^^^^^^^^
    177 |           lastName: backendUser.last_name || backendUser.lastName,
    178 |           phone: backendUser.phone,
    179 |           userType: backendUser.user_type || backendUser.userType,

TS2551: Property 'last_name' does not exist on type '{ id: number; email: string; firstName: string; lastName: string; role: "admin" | "user"; avatar?: string | undefined; }'. Did you mean 'lastName'?
    175 |           email: backendUser.email,
    176 |           firstName: backendUser.first_name || backendUser.firstName,
  > 177 |           lastName: backendUser.last_name || backendUser.lastName,
        |                                 ^^^^^^^^^
    178 |           phone: backendUser.phone,
    179 |           userType: backendUser.user_type || backendUser.userType,
    180 |           isVerified: backendUser.is_verified || backendUser.isVerified,

TS2339: Property 'phone' does not exist on type '{ id: number; email: string; firstName: string; lastName: string; role: "admin" | "user"; avatar?: string | undefined; }'.
    176 |           firstName: backendUser.first_name || backendUser.firstName,
    177 |           lastName: backendUser.last_name || backendUser.lastName,
  > 178 |           phone: backendUser.phone,
        |                              ^^^^^
    179 |           userType: backendUser.user_type || backendUser.userType,
    180 |           isVerified: backendUser.is_verified || backendUser.isVerified,
    181 |           profilePicture: backendUser.profile_picture || backendUser.profilePicture,

TS2339: Property 'user_type' does not exist on type '{ id: number; email: string; firstName: string; lastName: string; role: "admin" | "user"; avatar?: string | undefined; }'.
    177 |           lastName: backendUser.last_name || backendUser.lastName,
    178 |           phone: backendUser.phone,
  > 179 |           userType: backendUser.user_type || backendUser.userType,
        |                                 ^^^^^^^^^
    180 |           isVerified: backendUser.is_verified || backendUser.isVerified,
    181 |           profilePicture: backendUser.profile_picture || backendUser.profilePicture,
    182 |           createdAt: backendUser.created_at || backendUser.createdAt || new Date().toISOString(),

TS2339: Property 'userType' does not exist on type '{ id: number; email: string; firstName: string; lastName: string; role: "admin" | "user"; avatar?: string | undefined; }'.
    177 |           lastName: backendUser.last_name || backendUser.lastName,
    178 |           phone: backendUser.phone,
  > 179 |           userType: backendUser.user_type || backendUser.userType,
        |                                                          ^^^^^^^^
    180 |           isVerified: backendUser.is_verified || backendUser.isVerified,
    181 |           profilePicture: backendUser.profile_picture || backendUser.profilePicture,
    182 |           createdAt: backendUser.created_at || backendUser.createdAt || new Date().toISOString(),

TS2339: Property 'is_verified' does not exist on type '{ id: number; email: string; firstName: string; lastName: string; role: "admin" | "user"; avatar?: string | undefined; }'.
    178 |           phone: backendUser.phone,
    179 |           userType: backendUser.user_type || backendUser.userType,
  > 180 |           isVerified: backendUser.is_verified || backendUser.isVerified,
        |                                   ^^^^^^^^^^^
    181 |           profilePicture: backendUser.profile_picture || backendUser.profilePicture,
    182 |           createdAt: backendUser.created_at || backendUser.createdAt || new Date().toISOString(),
    183 |           updatedAt: backendUser.updated_at || backendUser.updatedAt,

TS2339: Property 'isVerified' does not exist on type '{ id: number; email: string; firstName: string; lastName: string; role: "admin" | "user"; avatar?: string | undefined; }'.
    178 |           phone: backendUser.phone,
    179 |           userType: backendUser.user_type || backendUser.userType,
  > 180 |           isVerified: backendUser.is_verified || backendUser.isVerified,
        |                                                              ^^^^^^^^^^
    181 |           profilePicture: backendUser.profile_picture || backendUser.profilePicture,
    182 |           createdAt: backendUser.created_at || backendUser.createdAt || new Date().toISOString(),
    183 |           updatedAt: backendUser.updated_at || backendUser.updatedAt,

TS2339: Property 'profile_picture' does not exist on type '{ id: number; email: string; firstName: string; lastName: string; role: "admin" | "user"; avatar?: string | undefined; }'.
    179 |           userType: backendUser.user_type || backendUser.userType,
    180 |           isVerified: backendUser.is_verified || backendUser.isVerified,
  > 181 |           profilePicture: backendUser.profile_picture || backendUser.profilePicture,
        |                                       ^^^^^^^^^^^^^^^
    182 |           createdAt: backendUser.created_at || backendUser.createdAt || new Date().toISOString(),
    183 |           updatedAt: backendUser.updated_at || backendUser.updatedAt,
    184 |         } as any

TS2339: Property 'profilePicture' does not exist on type '{ id: number; email: string; firstName: string; lastName: string; role: "admin" | "user"; avatar?: string | undefined; }'.
    179 |           userType: backendUser.user_type || backendUser.userType,
    180 |           isVerified: backendUser.is_verified || backendUser.isVerified,
  > 181 |           profilePicture: backendUser.profile_picture || backendUser.profilePicture,
        |                                                                      ^^^^^^^^^^^^^^
    182 |           createdAt: backendUser.created_at || backendUser.createdAt || new Date().toISOString(),
    183 |           updatedAt: backendUser.updated_at || backendUser.updatedAt,
    184 |         } as any

TS2339: Property 'created_at' does not exist on type '{ id: number; email: string; firstName: string; lastName: string; role: "admin" | "user"; avatar?: string | undefined; }'.
    180 |           isVerified: backendUser.is_verified || backendUser.isVerified,
    181 |           profilePicture: backendUser.profile_picture || backendUser.profilePicture,
  > 182 |           createdAt: backendUser.created_at || backendUser.createdAt || new Date().toISOString(),
        |                                  ^^^^^^^^^^
    183 |           updatedAt: backendUser.updated_at || backendUser.updatedAt,
    184 |         } as any
    185 |

TS2339: Property 'createdAt' does not exist on type '{ id: number; email: string; firstName: string; lastName: string; role: "admin" | "user"; avatar?: string | undefined; }'.
    180 |           isVerified: backendUser.is_verified || backendUser.isVerified,
    181 |           profilePicture: backendUser.profile_picture || backendUser.profilePicture,
  > 182 |           createdAt: backendUser.created_at || backendUser.createdAt || new Date().toISOString(),
        |                                                            ^^^^^^^^^
    183 |           updatedAt: backendUser.updated_at || backendUser.updatedAt,
    184 |         } as any
    185 |

TS2339: Property 'updated_at' does not exist on type '{ id: number; email: string; firstName: string; lastName: string; role: "admin" | "user"; avatar?: string | undefined; }'.
    181 |           profilePicture: backendUser.profile_picture || backendUser.profilePicture,
    182 |           createdAt: backendUser.created_at || backendUser.createdAt || new Date().toISOString(),
  > 183 |           updatedAt: backendUser.updated_at || backendUser.updatedAt,
        |                                  ^^^^^^^^^^
    184 |         } as any
    185 |         
    186 |         // Handle tokens from nested tokens object

TS2339: Property 'updatedAt' does not exist on type '{ id: number; email: string; firstName: string; lastName: string; role: "admin" | "user"; avatar?: string | undefined; }'.
    181 |           profilePicture: backendUser.profile_picture || backendUser.profilePicture,
    182 |           createdAt: backendUser.created_at || backendUser.createdAt || new Date().toISOString(),
  > 183 |           updatedAt: backendUser.updated_at || backendUser.updatedAt,
        |                                                            ^^^^^^^^^
    184 |         } as any
    185 |         
    186 |         // Handle tokens from nested tokens object

TS2349: This expression is not callable.
  Each member of the union type '{ <S extends WritableDraft<Provider>>(predicate: (this: void, value: WritableDraft<Provider>, index: number, obj: WritableDraft<Provider>[]) => value is S, thisArg?: any): S | undefined; (predicate: (value: WritableDraft<...>, index: number, obj: WritableDraft<...>[]) => unknown, thisArg?: any): WritableDraft<...> |...' has signatures, but none of those signatures are compatible with each other.
    305 |     updateItem: (state, action: PayloadAction<{ entity: keyof DataStates; id: string; updates: any }>) => {
    306 |       const { entity, id, updates } = action.payload
  > 307 |       const item = state[entity].items.find((item: any) => item.id === id)
        |                                        ^^^^
    308 |       if (item) {
    309 |         Object.assign(item, updates)
    310 |       }

TS2740: Type 'CategoriesResponse' is missing the following properties from type 'WritableDraft<Category>[]': length, pop, push, concat, and 29 more.
    414 |         state.categories.error = null
    415 |         state.categories.lastFetch = new Date().toISOString()
  > 416 |         state.categories.items = action.payload
        |         ^^^^^^^^^^^^^^^^^^^^^^
    417 |       })
    418 |       .addCase(fetchCategories.rejected, (state, action) => {
    419 |         state.categories.loading = false

Search for the keywords to learn more about each warning.
To ignore, add // eslint-disable-next-line to the line before.

File sizes after gzip:

  773.67 kB  build/static/js/main.26bcb20a.js
  10.92 kB   build/static/css/main.4e71fce3.css
  1.73 kB    build/static/js/206.b01ed986.chunk.js

The bundle size is significantly larger than recommended.
Consider reducing it with code splitting: https://goo.gl/9VhYWB
You can also analyze the project dependencies: https://goo.gl/LeUzfb

The project was built assuming it is hosted at /.
You can control this with the homepage field in your package.json.

The build folder is ready to be deployed.
You may serve it with a static server:

  npm install -g serve
  serve -s build

Find out more about deployment here:

  https://cra.link/deployment

